AESK_Data_Pack_lib.c:33:6:AESK_UINT16toUINT8_LE	24	static
AESK_Data_Pack_lib.c:56:6:AESK_UINT16toUINT8_BE	24	static
AESK_Data_Pack_lib.c:79:6:AESK_INT16toUINT8_LE	24	static
AESK_Data_Pack_lib.c:102:6:AESK_INT16toUINT8_BE	24	static
AESK_Data_Pack_lib.c:129:6:AESK_UINT32toUINT8_LE	24	static
AESK_Data_Pack_lib.c:155:6:AESK_UINT32toUINT8_BE	24	static
AESK_Data_Pack_lib.c:184:6:AESK_INT32toUINT8_LE	24	static
AESK_Data_Pack_lib.c:210:6:AESK_INT32toUINT8_BE	24	static
AESK_Data_Pack_lib.c:224:6:AESK_FLOAT32toUINT8_LE	24	static
AESK_Data_Pack_lib.c:234:6:AESK_FLOAT32toUINT8_BE	24	static
AESK_Data_Pack_lib.c:246:6:AESK_FLOAT64toUINT8_LE	24	static
AESK_Data_Pack_lib.c:260:6:AESK_FLOAT64toUINT8_BE	24	static
AESK_Data_Pack_lib.c:278:6:AESK_UINT8toUINT8CODE	24	static
AESK_Data_Pack_lib.c:285:6:AESK_INT8toUINT8CODE	24	static
AESK_Data_Pack_lib.c:312:6:AESK_UINT8toINT16_LE	24	static
AESK_Data_Pack_lib.c:336:6:AESK_UINT8toINT16_BE	24	static
AESK_Data_Pack_lib.c:363:6:AESK_UINT8toUINT16_LE	24	static
AESK_Data_Pack_lib.c:385:6:AESK_UINT8toUINT16_BE	24	static
AESK_Data_Pack_lib.c:396:6:AESK_UINT8toINT32_LE	24	static
AESK_Data_Pack_lib.c:406:6:AESK_UINT8toINT32_BE	24	static
AESK_Data_Pack_lib.c:418:6:AESK_UINT8toUINT32_BE	24	static
AESK_Data_Pack_lib.c:428:6:AESK_UINT8toUINT32_LE	24	static
AESK_Data_Pack_lib.c:442:6:AESK_UINT8toUINT8ENCODE	24	static
AESK_Data_Pack_lib.c:449:6:AESK_UINT8toINT8ENCODE	24	static
AESK_Data_Pack_lib.c:458:6:AESK_UINT8toFLOAT32_LE	24	static
AESK_Data_Pack_lib.c:468:6:AESK_UINT8toFLOAT32_BE	24	static
AESK_Data_Pack_lib.c:480:6:AESK_UINT8toFLOAT64_LE	24	static
AESK_Data_Pack_lib.c:493:6:AESK_UINT8toFLOAT64_BE	24	static
AESK_Data_Pack_lib.c:521:6:AESK_UINT16toFLOAT_BE	32	static
AESK_Data_Pack_lib.c:543:6:AESK_UINT16toFLOAT_LE	32	static
AESK_Data_Pack_lib.c:565:6:AESK_INT16toFLOAT_BE	32	static
AESK_Data_Pack_lib.c:587:6:AESK_INT16toFLOAT_LE	32	static
