main.c:118:5:main	400	static
main.c:277:6:SystemClock_Config	152	static
main.c:332:13:MX_CAN1_Init	8	static
main.c:369:13:MX_CAN2_Init	8	static
main.c:406:13:MX_RTC_Init	8	static
main.c:440:13:MX_SDIO_SD_Init	4	static
main.c:468:13:MX_TIM6_Init	16	static
main.c:506:13:MX_USART1_UART_Init	8	static
main.c:539:13:MX_USART2_UART_Init	8	static
main.c:572:13:MX_USART3_UART_Init	8	static
main.c:603:13:MX_DMA_Init	16	static
main.c:628:13:MX_GPIO_Init	48	static
main.c:685:6:HAL_TIM_PeriodElapsedCallback	16	static
main.c:720:6:HAL_UART_RxCpltCallback	16	static
main.c:832:6:Gsm_Calibration	320	static
main.c:985:6:createMQTTPackage	64	static
main.c:1100:6:HAL_CAN_RxFifo0MsgPendingCallback	48	static
main.c:1280:6:HAL_CAN_RxFifo1MsgPendingCallback	48	static
main.c:1470:6:RTC_Set_Time_Date	8	static
main.c:1484:6:vars_to_str	28	static
main.c:1492:6:createXBEEPackage	64	static
main.c:1545:10:aeskCRCCalculator	24	static
main.c:1557:6:Can_Error_Control	4	static
main.c:1624:6:Error_Handler	4	static
