Archive member included to satisfy reference by file (symbol)

c:/st/stm32cubeide_1.5.0/stm32cubeide/plugins/com.st.stm32cube.ide.mcu.externaltools.gnu-tools-for-stm32.7-2018-q2-update.win32_1.5.0.202011040924/tools/bin/../lib/gcc/arm-none-eabi/7.3.1/../../../../arm-none-eabi/lib/thumb/v7e-m/fpv4-sp/hard\libc_nano.a(lib_a-errno.o)
                              Core/Src/syscalls.o (__errno)
c:/st/stm32cubeide_1.5.0/stm32cubeide/plugins/com.st.stm32cube.ide.mcu.externaltools.gnu-tools-for-stm32.7-2018-q2-update.win32_1.5.0.202011040924/tools/bin/../lib/gcc/arm-none-eabi/7.3.1/../../../../arm-none-eabi/lib/thumb/v7e-m/fpv4-sp/hard\libc_nano.a(lib_a-exit.o)
                              c:/st/stm32cubeide_1.5.0/stm32cubeide/plugins/com.st.stm32cube.ide.mcu.externaltools.gnu-tools-for-stm32.7-2018-q2-update.win32_1.5.0.202011040924/tools/bin/../lib/gcc/arm-none-eabi/7.3.1/../../../../arm-none-eabi/lib/thumb/v7e-m/fpv4-sp/hard/crt0.o (exit)
c:/st/stm32cubeide_1.5.0/stm32cubeide/plugins/com.st.stm32cube.ide.mcu.externaltools.gnu-tools-for-stm32.7-2018-q2-update.win32_1.5.0.202011040924/tools/bin/../lib/gcc/arm-none-eabi/7.3.1/../../../../arm-none-eabi/lib/thumb/v7e-m/fpv4-sp/hard\libc_nano.a(lib_a-impure.o)
                              c:/st/stm32cubeide_1.5.0/stm32cubeide/plugins/com.st.stm32cube.ide.mcu.externaltools.gnu-tools-for-stm32.7-2018-q2-update.win32_1.5.0.202011040924/tools/bin/../lib/gcc/arm-none-eabi/7.3.1/../../../../arm-none-eabi/lib/thumb/v7e-m/fpv4-sp/hard\libc_nano.a(lib_a-exit.o) (_global_impure_ptr)
c:/st/stm32cubeide_1.5.0/stm32cubeide/plugins/com.st.stm32cube.ide.mcu.externaltools.gnu-tools-for-stm32.7-2018-q2-update.win32_1.5.0.202011040924/tools/bin/../lib/gcc/arm-none-eabi/7.3.1/../../../../arm-none-eabi/lib/thumb/v7e-m/fpv4-sp/hard\libc_nano.a(lib_a-init.o)
                              c:/st/stm32cubeide_1.5.0/stm32cubeide/plugins/com.st.stm32cube.ide.mcu.externaltools.gnu-tools-for-stm32.7-2018-q2-update.win32_1.5.0.202011040924/tools/bin/../lib/gcc/arm-none-eabi/7.3.1/../../../../arm-none-eabi/lib/thumb/v7e-m/fpv4-sp/hard/crt0.o (__libc_init_array)
c:/st/stm32cubeide_1.5.0/stm32cubeide/plugins/com.st.stm32cube.ide.mcu.externaltools.gnu-tools-for-stm32.7-2018-q2-update.win32_1.5.0.202011040924/tools/bin/../lib/gcc/arm-none-eabi/7.3.1/../../../../arm-none-eabi/lib/thumb/v7e-m/fpv4-sp/hard\libc_nano.a(lib_a-malloc.o)
                              Core/Src/File_Handling.o (malloc)
c:/st/stm32cubeide_1.5.0/stm32cubeide/plugins/com.st.stm32cube.ide.mcu.externaltools.gnu-tools-for-stm32.7-2018-q2-update.win32_1.5.0.202011040924/tools/bin/../lib/gcc/arm-none-eabi/7.3.1/../../../../arm-none-eabi/lib/thumb/v7e-m/fpv4-sp/hard\libc_nano.a(lib_a-memcpy-stub.o)
                              Core/Src/AESK_Gps_lib.o (memcpy)
c:/st/stm32cubeide_1.5.0/stm32cubeide/plugins/com.st.stm32cube.ide.mcu.externaltools.gnu-tools-for-stm32.7-2018-q2-update.win32_1.5.0.202011040924/tools/bin/../lib/gcc/arm-none-eabi/7.3.1/../../../../arm-none-eabi/lib/thumb/v7e-m/fpv4-sp/hard\libc_nano.a(lib_a-memset.o)
                              c:/st/stm32cubeide_1.5.0/stm32cubeide/plugins/com.st.stm32cube.ide.mcu.externaltools.gnu-tools-for-stm32.7-2018-q2-update.win32_1.5.0.202011040924/tools/bin/../lib/gcc/arm-none-eabi/7.3.1/../../../../arm-none-eabi/lib/thumb/v7e-m/fpv4-sp/hard/crt0.o (memset)
c:/st/stm32cubeide_1.5.0/stm32cubeide/plugins/com.st.stm32cube.ide.mcu.externaltools.gnu-tools-for-stm32.7-2018-q2-update.win32_1.5.0.202011040924/tools/bin/../lib/gcc/arm-none-eabi/7.3.1/../../../../arm-none-eabi/lib/thumb/v7e-m/fpv4-sp/hard\libc_nano.a(lib_a-nano-freer.o)
                              c:/st/stm32cubeide_1.5.0/stm32cubeide/plugins/com.st.stm32cube.ide.mcu.externaltools.gnu-tools-for-stm32.7-2018-q2-update.win32_1.5.0.202011040924/tools/bin/../lib/gcc/arm-none-eabi/7.3.1/../../../../arm-none-eabi/lib/thumb/v7e-m/fpv4-sp/hard\libc_nano.a(lib_a-malloc.o) (_free_r)
c:/st/stm32cubeide_1.5.0/stm32cubeide/plugins/com.st.stm32cube.ide.mcu.externaltools.gnu-tools-for-stm32.7-2018-q2-update.win32_1.5.0.202011040924/tools/bin/../lib/gcc/arm-none-eabi/7.3.1/../../../../arm-none-eabi/lib/thumb/v7e-m/fpv4-sp/hard\libc_nano.a(lib_a-nano-mallocr.o)
                              c:/st/stm32cubeide_1.5.0/stm32cubeide/plugins/com.st.stm32cube.ide.mcu.externaltools.gnu-tools-for-stm32.7-2018-q2-update.win32_1.5.0.202011040924/tools/bin/../lib/gcc/arm-none-eabi/7.3.1/../../../../arm-none-eabi/lib/thumb/v7e-m/fpv4-sp/hard\libc_nano.a(lib_a-malloc.o) (_malloc_r)
c:/st/stm32cubeide_1.5.0/stm32cubeide/plugins/com.st.stm32cube.ide.mcu.externaltools.gnu-tools-for-stm32.7-2018-q2-update.win32_1.5.0.202011040924/tools/bin/../lib/gcc/arm-none-eabi/7.3.1/../../../../arm-none-eabi/lib/thumb/v7e-m/fpv4-sp/hard\libc_nano.a(lib_a-sbrkr.o)
[...]
Memory Configuration

Name             Origin             Length             Attributes
RAM              0x0000000020000000 0x0000000000040000 xrw
FLASH            0x0000000008000000 0x0000000000080000 xr
*default*        0x0000000000000000 0xffffffffffffffff

Linker script and memory map

LOAD c:/st/stm32cubeide_1.5.0/stm32cubeide/plugins/com.st.stm32cube.ide.mcu.externaltools.gnu-tools-for-stm32.7-2018-q2-update.win32_1.5.0.202011040924/tools/bin/../lib/gcc/arm-none-eabi/7.3.1/thumb/v7e-m/fpv4-sp/hard/crti.o
LOAD c:/st/stm32cubeide_1.5.0/stm32cubeide/plugins/com.st.stm32cube.ide.mcu.externaltools.gnu-tools-for-stm32.7-2018-q2-update.win32_1.5.0.202011040924/tools/bin/../lib/gcc/arm-none-eabi/7.3.1/thumb/v7e-m/fpv4-sp/hard/crtbegin.o
LOAD c:/st/stm32cubeide_1.5.0/stm32cubeide/plugins/com.st.stm32cube.ide.mcu.externaltools.gnu-tools-for-stm32.7-2018-q2-update.win32_1.5.0.202011040924/tools/bin/../lib/gcc/arm-none-eabi/7.3.1/../../../../arm-none-eabi/lib/thumb/v7e-m/fpv4-sp/hard/crt0.o
LOAD Core/Src/AESK_CAN_Library.o
LOAD Core/Src/AESK_Data_Pack_lib.o
LOAD Core/Src/AESK_Gps_lib.o
LOAD Core/Src/File_Handling.o
LOAD Core/Src/SIM800MQTT.o
LOAD Core/Src/main.o
LOAD Core/Src/stm32f4xx_hal_msp.o
LOAD Core/Src/stm32f4xx_it.o
LOAD Core/Src/syscalls.o
LOAD Core/Src/sysmem.o
LOAD Core/Src/system_stm32f4xx.o
LOAD Core/Startup/startup_stm32f412retx.o
LOAD Drivers/STM32F4xx_HAL_Driver/Src/stm32f4xx_hal.o
LOAD Drivers/STM32F4xx_HAL_Driver/Src/stm32f4xx_hal_can.o
LOAD Drivers/STM32F4xx_HAL_Driver/Src/stm32f4xx_hal_cortex.o
LOAD Drivers/STM32F4xx_HAL_Driver/Src/stm32f4xx_hal_dma.o
LOAD Drivers/STM32F4xx_HAL_Driver/Src/stm32f4xx_hal_dma_ex.o
LOAD Drivers/STM32F4xx_HAL_Driver/Src/stm32f4xx_hal_exti.o
LOAD Drivers/STM32F4xx_HAL_Driver/Src/stm32f4xx_hal_flash.o
LOAD Drivers/STM32F4xx_HAL_Driver/Src/stm32f4xx_hal_flash_ex.o
LOAD Drivers/STM32F4xx_HAL_Driver/Src/stm32f4xx_hal_flash_ramfunc.o
LOAD Drivers/STM32F4xx_HAL_Driver/Src/stm32f4xx_hal_gpio.o
LOAD Drivers/STM32F4xx_HAL_Driver/Src/stm32f4xx_hal_pwr.o
LOAD Drivers/STM32F4xx_HAL_Driver/Src/stm32f4xx_hal_pwr_ex.o
LOAD Drivers/STM32F4xx_HAL_Driver/Src/stm32f4xx_hal_rcc.o
LOAD Drivers/STM32F4xx_HAL_Driver/Src/stm32f4xx_hal_rcc_ex.o
LOAD Drivers/STM32F4xx_HAL_Driver/Src/stm32f4xx_hal_rtc.o
LOAD Drivers/STM32F4xx_HAL_Driver/Src/stm32f4xx_hal_rtc_ex.o
LOAD Drivers/STM32F4xx_HAL_Driver/Src/stm32f4xx_hal_sd.o
LOAD Drivers/STM32F4xx_HAL_Driver/Src/stm32f4xx_hal_tim.o
LOAD Drivers/STM32F4xx_HAL_Driver/Src/stm32f4xx_hal_tim_ex.o
LOAD Drivers/STM32F4xx_HAL_Driver/Src/stm32f4xx_hal_uart.o
LOAD Drivers/STM32F4xx_HAL_Driver/Src/stm32f4xx_ll_sdmmc.o
LOAD FATFS/App/fatfs.o
LOAD FATFS/Target/bsp_driver_sd.o
LOAD FATFS/Target/sd_diskio.o
LOAD Middlewares/Third_Party/FatFs/src/diskio.o
LOAD Middlewares/Third_Party/FatFs/src/ff.o
LOAD Middlewares/Third_Party/FatFs/src/ff_gen_drv.o
LOAD Middlewares/Third_Party/FatFs/src/option/ccsbcs.o
LOAD Middlewares/Third_Party/FatFs/src/option/syscall.o
START GROUP
LOAD c:/st/stm32cubeide_1.5.0/stm32cubeide/plugins/com.st.stm32cube.ide.mcu.externaltools.gnu-tools-for-stm32.7-2018-q2-update.win32_1.5.0.202011040924/tools/bin/../lib/gcc/arm-none-eabi/7.3.1/../../../../arm-none-eabi/lib/thumb/v7e-m/fpv4-sp/hard\libc_nano.a
LOAD c:/st/stm32cubeide_1.5.0/stm32cubeide/plugins/com.st.stm32cube.ide.mcu.externaltools.gnu-tools-for-stm32.7-2018-q2-update.win32_1.5.0.202011040924/tools/bin/../lib/gcc/arm-none-eabi/7.3.1/../../../../arm-none-eabi/lib/thumb/v7e-m/fpv4-sp/hard\libm.a
END GROUP
START GROUP
LOAD c:/st/stm32cubeide_1.5.0/stm32cubeide/plugins/com.st.stm32cube.ide.mcu.externaltools.gnu-tools-for-stm32.7-2018-q2-update.win32_1.5.0.202011040924/tools/bin/../lib/gcc/arm-none-eabi/7.3.1/thumb/v7e-m/fpv4-sp/hard\libgcc.a
LOAD c:/st/stm32cubeide_1.5.0/stm32cubeide/plugins/com.st.stm32cube.ide.mcu.externaltools.gnu-tools-for-stm32.7-2018-q2-update.win32_1.5.0.202011040924/tools/bin/../lib/gcc/arm-none-eabi/7.3.1/../../../../arm-none-eabi/lib/thumb/v7e-m/fpv4-sp/hard\libc_nano.a
END GROUP
START GROUP
LOAD c:/st/stm32cubeide_1.5.0/stm32cubeide/plugins/com.st.stm32cube.ide.mcu.externaltools.gnu-tools-for-stm32.7-2018-q2-update.win32_1.5.0.202011040924/tools/bin/../lib/gcc/arm-none-eabi/7.3.1/thumb/v7e-m/fpv4-sp/hard\libgcc.a
LOAD c:/st/stm32cubeide_1.5.0/stm32cubeide/plugins/com.st.stm32cube.ide.mcu.externaltools.gnu-tools-for-stm32.7-2018-q2-update.win32_1.5.0.202011040924/tools/bin/../lib/gcc/arm-none-eabi/7.3.1/../../../../arm-none-eabi/lib/thumb/v7e-m/fpv4-sp/hard\libc_nano.a
LOAD c:/st/stm32cubeide_1.5.0/stm32cubeide/plugins/com.st.stm32cube.ide.mcu.externaltools.gnu-tools-for-stm32.7-2018-q2-update.win32_1.5.0.202011040924/tools/bin/../lib/gcc/arm-none-eabi/7.3.1/../../../../arm-none-eabi/lib/thumb/v7e-m/fpv4-sp/hard\libnosys.a
END GROUP
START GROUP
LOAD c:/st/stm32cubeide_1.5.0/stm32cubeide/plugins/com.st.stm32cube.ide.mcu.externaltools.gnu-tools-for-stm32.7-2018-q2-update.win32_1.5.0.202011040924/tools/bin/../lib/gcc/arm-none-eabi/7.3.1/thumb/v7e-m/fpv4-sp/hard\libgcc.a
LOAD c:/st/stm32cubeide_1.5.0/stm32cubeide/plugins/com.st.stm32cube.ide.mcu.externaltools.gnu-tools-for-stm32.7-2018-q2-update.win32_1.5.0.202011040924/tools/bin/../lib/gcc/arm-none-eabi/7.3.1/../../../../arm-none-eabi/lib/thumb/v7e-m/fpv4-sp/hard\libc_nano.a
LOAD c:/st/stm32cubeide_1.5.0/stm32cubeide/plugins/com.st.stm32cube.ide.mcu.externaltools.gnu-tools-for-stm32.7-2018-q2-update.win32_1.5.0.202011040924/tools/bin/../lib/gcc/arm-none-eabi/7.3.1/../../../../arm-none-eabi/lib/thumb/v7e-m/fpv4-sp/hard\libnosys.a
END GROUP
LOAD c:/st/stm32cubeide_1.5.0/stm32cubeide/plugins/com.st.stm32cube.ide.mcu.externaltools.gnu-tools-for-stm32.7-2018-q2-update.win32_1.5.0.202011040924/tools/bin/../lib/gcc/arm-none-eabi/7.3.1/thumb/v7e-m/fpv4-sp/hard/crtend.o
LOAD c:/st/stm32cubeide_1.5.0/stm32cubeide/plugins/com.st.stm32cube.ide.mcu.externaltools.gnu-tools-for-stm32.7-2018-q2-update.win32_1.5.0.202011040924/tools/bin/../lib/gcc/arm-none-eabi/7.3.1/thumb/v7e-m/fpv4-sp/hard/crtn.o
                0x0000000020040000                _estack = (ORIGIN (RAM) + LENGTH (RAM))
                0x0000000000000200                _Min_Heap_Size = 0x200
                0x0000000000000400                _Min_Stack_Size = 0x400

.isr_vector     0x0000000008000000      0x1c4
                0x0000000008000000                . = ALIGN (0x4)
 *(.isr_vector)
 .isr_vector    0x0000000008000000      0x1c4 Core/Startup/startup_stm32f412retx.o
                0x0000000008000000                g_pfnVectors
                0x00000000080001c4                . = ALIGN (0x4)

.text           0x00000000080001d0     0xf490
                0x00000000080001d0                . = ALIGN (0x4)
 *(.text)
 .text          0x00000000080001d0       0x40 c:/st/stm32cubeide_1.5.0/stm32cubeide/plugins/com.st.stm32cube.ide.mcu.externaltools.gnu-tools-for-stm32.7-2018-q2-update.win32_1.5.0.202011040924/tools/bin/../lib/gcc/arm-none-eabi/7.3.1/thumb/v7e-m/fpv4-sp/hard/crtbegin.o
 .text          0x0000000008000210       0x10 c:/st/stm32cubeide_1.5.0/stm32cubeide/plugins/com.st.stm32cube.ide.mcu.externaltools.gnu-tools-for-stm32.7-2018-q2-update.win32_1.5.0.202011040924/tools/bin/../lib/gcc/arm-none-eabi/7.3.1/../../../../arm-none-eabi/lib/thumb/v7e-m/fpv4-sp/hard\libc_nano.a(lib_a-strlen.o)
                0x0000000008000210                strlen
 .text          0x0000000008000220       0xa0 c:/st/stm32cubeide_1.5.0/stm32cubeide/plugins/com.st.stm32cube.ide.mcu.externaltools.gnu-tools-for-stm32.7-2018-q2-update.win32_1.5.0.202011040924/tools/bin/../lib/gcc/arm-none-eabi/7.3.1/../../../../arm-none-eabi/lib/thumb/v7e-m/fpv4-sp/hard\libc_nano.a(lib_a-memchr.o)
                0x0000000008000220                memchr
 .text          0x00000000080002c0      0x378 c:/st/stm32cubeide_1.5.0/stm32cubeide/plugins/com.st.stm32cube.ide.mcu.externaltools.gnu-tools-for-stm32.7-2018-q2-update.win32_1.5.0.202011040924/tools/bin/../lib/gcc/arm-none-eabi/7.3.1/thumb/v7e-m/fpv4-sp/hard\libgcc.a(_arm_addsubdf3.o)
                0x00000000080002c0                __aeabi_drsub
                0x00000000080002c8                __aeabi_dsub
                0x00000000080002c8                __subdf3
                0x00000000080002cc                __aeabi_dadd
                0x00000000080002cc                __adddf3
                0x0000000008000544                __floatunsidf
                0x0000000008000544                __aeabi_ui2d
                0x0000000008000564                __floatsidf
                0x0000000008000564                __aeabi_i2d
                0x0000000008000588                __aeabi_f2d
                0x0000000008000588                __extendsfdf2
                0x00000000080005cc                __floatundidf
                0x00000000080005cc                __aeabi_ul2d
                0x00000000080005dc                __floatdidf
                0x00000000080005dc                __aeabi_l2d
 .text          0x0000000008000638      0x424 c:/st/stm32cubeide_1.5.0/stm32cubeide/plugins/com.st.stm32cube.ide.mcu.externaltools.gnu-tools-for-stm32.7-2018-q2-update.win32_1.5.0.202011040924/tools/bin/../lib/gcc/arm-none-eabi/7.3.1/thumb/v7e-m/fpv4-sp/hard\libgcc.a(_arm_muldivdf3.o)
                0x0000000008000638                __aeabi_dmul
                0x0000000008000638                __muldf3
                0x000000000800088c                __divdf3
                0x000000000800088c                __aeabi_ddiv
 .text          0x0000000008000a5c      0x110 c:/st/stm32cubeide_1.5.0/stm32cubeide/plugins/com.st.stm32cube.ide.mcu.externaltools.gnu-tools-for-stm32.7-2018-q2-update.win32_1.5.0.202011040924/tools/bin/../lib/gcc/arm-none-eabi/7.3.1/thumb/v7e-m/fpv4-sp/hard\libgcc.a(_arm_cmpdf2.o)
                0x0000000008000a5c                __gtdf2
                0x0000000008000a5c                __gedf2
                0x0000000008000a64                __ltdf2
                0x0000000008000a64                __ledf2
                0x0000000008000a6c                __nedf2
                0x0000000008000a6c                __eqdf2
                0x0000000008000a6c                __cmpdf2
                0x0000000008000ae8                __aeabi_cdrcmple
                0x0000000008000af8                __aeabi_cdcmpeq
                0x0000000008000af8                __aeabi_cdcmple
                0x0000000008000b08                __aeabi_dcmpeq
                0x0000000008000b1c                __aeabi_dcmplt
                0x0000000008000b30                __aeabi_dcmple
                0x0000000008000b44                __aeabi_dcmpge
                0x0000000008000b58                __aeabi_dcmpgt
 .text          0x0000000008000b6c       0x2c c:/st/stm32cubeide_1.5.0/stm32cubeide/plugins/com.st.stm32cube.ide.mcu.externaltools.gnu-tools-for-stm32.7-2018-q2-update.win32_1.5.0.202011040924/tools/bin/../lib/gcc/arm-none-eabi/7.3.1/thumb/v7e-m/fpv4-sp/hard\libgcc.a(_arm_unorddf2.o)
                0x0000000008000b6c                __unorddf2
                0x0000000008000b6c                __aeabi_dcmpun
 .text          0x0000000008000b98       0x40 c:/st/stm32cubeide_1.5.0/stm32cubeide/plugins/com.st.stm32cube.ide.mcu.externaltools.gnu-tools-for-stm32.7-2018-q2-update.win32_1.5.0.202011040924/tools/bin/../lib/gcc/arm-none-eabi/7.3.1/thumb/v7e-m/fpv4-sp/hard\libgcc.a(_arm_fixunsdfsi.o)
                0x0000000008000b98                __aeabi_d2uiz
                0x0000000008000b98                __fixunsdfsi
 .text          0x0000000008000bd8       0xa0 c:/st/stm32cubeide_1.5.0/stm32cubeide/plugins/com.st.stm32cube.ide.mcu.externaltools.gnu-tools-for-stm32.7-2018-q2-update.win32_1.5.0.202011040924/tools/bin/../lib/gcc/arm-none-eabi/7.3.1/thumb/v7e-m/fpv4-sp/hard\libgcc.a(_arm_truncdfsf2.o)
                0x0000000008000bd8                __truncdfsf2
                0x0000000008000bd8                __aeabi_d2f
 .text          0x0000000008000c78       0x30 c:/st/stm32cubeide_1.5.0/stm32cubeide/plugins/com.st.stm32cube.ide.mcu.externaltools.gnu-tools-for-stm32.7-2018-q2-update.win32_1.5.0.202011040924/tools/bin/../lib/gcc/arm-none-eabi/7.3.1/thumb/v7e-m/fpv4-sp/hard\libgcc.a(_aeabi_uldivmod.o)
                0x0000000008000c78                __aeabi_uldivmod
 .text          0x0000000008000ca8      0x2cc c:/st/stm32cubeide_1.5.0/stm32cubeide/plugins/com.st.stm32cube.ide.mcu.externaltools.gnu-tools-for-stm32.7-2018-q2-update.win32_1.5.0.202011040924/tools/bin/../lib/gcc/arm-none-eabi/7.3.1/thumb/v7e-m/fpv4-sp/hard\libgcc.a(_udivmoddi4.o)
                0x0000000008000ca8                __udivmoddi4
 .text          0x0000000008000f74        0x4 c:/st/stm32cubeide_1.5.0/stm32cubeide/plugins/com.st.stm32cube.ide.mcu.externaltools.gnu-tools-for-stm32.7-2018-q2-update.win32_1.5.0.202011040924/tools/bin/../lib/gcc/arm-none-eabi/7.3.1/thumb/v7e-m/fpv4-sp/hard\libgcc.a(_dvmd_tls.o)
                0x0000000008000f74                __aeabi_idiv0
                0x0000000008000f74                __aeabi_ldiv0
 *(.text*)
 .text.AESK_CAN_Init
                0x0000000008000f78       0x3a Core/Src/AESK_CAN_Library.o
                0x0000000008000f78                AESK_CAN_Init
 .text.AESK_CAN_ExtIDMaskFilterConfiguration
                0x0000000008000fb2       0x8e Core/Src/AESK_CAN_Library.o
                0x0000000008000fb2                AESK_CAN_ExtIDMaskFilterConfiguration
 .text.AESK_CAN_ReadExtIDMessage
                0x0000000008001040       0x30 Core/Src/AESK_CAN_Library.o
                0x0000000008001040                AESK_CAN_ReadExtIDMessage
 .text.AESK_UINT16toUINT8_LE
                0x0000000008001070       0x44 Core/Src/AESK_Data_Pack_lib.o
                0x0000000008001070                AESK_UINT16toUINT8_LE
 .text.AESK_INT16toUINT8_LE
                0x00000000080010b4       0x44 Core/Src/AESK_Data_Pack_lib.o
                0x00000000080010b4                AESK_INT16toUINT8_LE
 .text.AESK_UINT32toUINT8_LE
                0x00000000080010f8       0x64 Core/Src/AESK_Data_Pack_lib.o
                0x00000000080010f8                AESK_UINT32toUINT8_LE
 .text.AESK_UINT8toUINT8CODE
                0x000000000800115c       0x34 Core/Src/AESK_Data_Pack_lib.o
                0x000000000800115c                AESK_UINT8toUINT8CODE
 .text.AESK_INT8toUINT8CODE
                0x0000000008001190       0x34 Core/Src/AESK_Data_Pack_lib.o
                0x0000000008001190                AESK_INT8toUINT8CODE
 .text.AESK_UINT8toUINT32_LE
                0x00000000080011c4       0x6a Core/Src/AESK_Data_Pack_lib.o
                0x00000000080011c4                AESK_UINT8toUINT32_LE
 .text.AESK_UINT8toUINT8ENCODE
                0x000000000800122e       0x34 Core/Src/AESK_Data_Pack_lib.o
                0x000000000800122e                AESK_UINT8toUINT8ENCODE
 .text.AESK_UINT8toINT8ENCODE
                0x0000000008001262       0x34 Core/Src/AESK_Data_Pack_lib.o
                0x0000000008001262                AESK_UINT8toINT8ENCODE
 .text.AESK_UINT16toFLOAT_LE
                0x0000000008001296       0x6c Core/Src/AESK_Data_Pack_lib.o
                0x0000000008001296                AESK_UINT16toFLOAT_LE
 .text.AESK_INT16toFLOAT_LE
                0x0000000008001302       0x6e Core/Src/AESK_Data_Pack_lib.o
                0x0000000008001302                AESK_INT16toFLOAT_LE
 .text.CHECKSUM_Find
                0x0000000008001370       0x4a Core/Src/AESK_Gps_lib.o
                0x0000000008001370                CHECKSUM_Find
 .text.NMEA_CheckSum
                0x00000000080013ba       0x3e Core/Src/AESK_Gps_lib.o
                0x00000000080013ba                NMEA_CheckSum
 .text.Hex2Int  0x00000000080013f8       0x52 Core/Src/AESK_Gps_lib.o
                0x00000000080013f8                Hex2Int
 .text.Find_Comma_Address
                0x000000000800144a       0x42 Core/Src/AESK_Gps_lib.o
                0x000000000800144a                Find_Comma_Address
 *fill*         0x000000000800148c        0x4 
 .text.convertDegMinToDecDeg
                0x0000000008001490       0xa8 Core/Src/AESK_Gps_lib.o
                0x0000000008001490                convertDegMinToDecDeg
 .text.GPS_Control
                0x0000000008001538       0x68 Core/Src/AESK_Gps_lib.o
                0x0000000008001538                GPS_Control
 .text.GPRMC_Parser
                0x00000000080015a0      0x3ec Core/Src/AESK_Gps_lib.o
                0x00000000080015a0                GPRMC_Parser
 .text.my_getnbr
                0x000000000800198c       0x78 Core/Src/AESK_Gps_lib.o
                0x000000000800198c                my_getnbr
 .text.stof     0x0000000008001a04       0xb0 Core/Src/AESK_Gps_lib.o
                0x0000000008001a04                stof
 .text.SendATCommand
                0x0000000008001ab4       0x36 Core/Src/SIM800MQTT.o
                0x0000000008001ab4                SendATCommand
 .text.writeChar
                0x0000000008001aea       0x2a Core/Src/SIM800MQTT.o
                0x0000000008001aea                writeChar
 .text.writeInt
                0x0000000008001b14       0x52 Core/Src/SIM800MQTT.o
                0x0000000008001b14                writeInt
 .text.writeCString
                0x0000000008001b66       0x3e Core/Src/SIM800MQTT.o
                0x0000000008001b66                writeCString
 .text.MQTTPacket_encode
                0x0000000008001ba4       0x5e Core/Src/SIM800MQTT.o
                0x0000000008001ba4                MQTTPacket_encode
 .text.MQTTstrlen
                0x0000000008001c02       0x32 Core/Src/SIM800MQTT.o
                0x0000000008001c02                MQTTstrlen
 .text.MQTTSerialize_connectLength
                0x0000000008001c34       0xc2 Core/Src/SIM800MQTT.o
                0x0000000008001c34                MQTTSerialize_connectLength
 *fill*         0x0000000008001cf6        0x2 
 .text.MQTTPacket_len
                0x0000000008001cf8       0x54 Core/Src/SIM800MQTT.o
                0x0000000008001cf8                MQTTPacket_len
 .text.writeMQTTString
                0x0000000008001d4c       0x5c Core/Src/SIM800MQTT.o
                0x0000000008001d4c                writeMQTTString
 .text.MQTTSerialize_connect
                0x0000000008001da8      0x1dc Core/Src/SIM800MQTT.o
                0x0000000008001da8                MQTTSerialize_connect
 .text.MQTTSerialize_publishLength
                0x0000000008001f84       0x40 Core/Src/SIM800MQTT.o
                0x0000000008001f84                MQTTSerialize_publishLength
 .text.MQTTSerialize_publish
                0x0000000008001fc4       0xee Core/Src/SIM800MQTT.o
                0x0000000008001fc4                MQTTSerialize_publish
 *fill*         0x00000000080020b2        0x2 
 .text.main     0x00000000080020b4      0x5b0 Core/Src/main.o
                0x00000000080020b4                main
 .text.SystemClock_Config
                0x0000000008002664      0x114 Core/Src/main.o
                0x0000000008002664                SystemClock_Config
 .text.MX_CAN1_Init
                0x0000000008002778       0x6c Core/Src/main.o
 .text.MX_CAN2_Init
                0x00000000080027e4       0x6c Core/Src/main.o
 .text.MX_RTC_Init
                0x0000000008002850       0x4c Core/Src/main.o
 .text.MX_SDIO_SD_Init
                0x000000000800289c       0x40 Core/Src/main.o
 .text.MX_TIM6_Init
                0x00000000080028dc       0x6c Core/Src/main.o
 .text.MX_USART1_UART_Init
                0x0000000008002948       0x54 Core/Src/main.o
 .text.MX_USART2_UART_Init
                0x000000000800299c       0x54 Core/Src/main.o
 .text.MX_USART3_UART_Init
                0x00000000080029f0       0x54 Core/Src/main.o
 .text.MX_DMA_Init
                0x0000000008002a44       0x7c Core/Src/main.o
 .text.MX_GPIO_Init
                0x0000000008002ac0      0x16c Core/Src/main.o
 .text.HAL_TIM_PeriodElapsedCallback
                0x0000000008002c2c       0xb8 Core/Src/main.o
                0x0000000008002c2c                HAL_TIM_PeriodElapsedCallback
 .text.HAL_UART_RxCpltCallback
                0x0000000008002ce4      0x214 Core/Src/main.o
                0x0000000008002ce4                HAL_UART_RxCpltCallback
 .text.Gsm_Calibration
                0x0000000008002ef8      0x3d8 Core/Src/main.o
                0x0000000008002ef8                Gsm_Calibration
 .text.createMQTTPackage
                0x00000000080032d0      0x6e0 Core/Src/main.o
                0x00000000080032d0                createMQTTPackage
 .text.HAL_CAN_RxFifo0MsgPendingCallback
                0x00000000080039b0      0x760 Core/Src/main.o
                0x00000000080039b0                HAL_CAN_RxFifo0MsgPendingCallback
 .text.HAL_CAN_RxFifo1MsgPendingCallback
                0x0000000008004110      0x7f8 Core/Src/main.o
                0x0000000008004110                HAL_CAN_RxFifo1MsgPendingCallback
 .text.RTC_Set_Time_Date
                0x0000000008004908       0x4c Core/Src/main.o
                0x0000000008004908                RTC_Set_Time_Date
 .text.vars_to_str
                0x0000000008004954       0x28 Core/Src/main.o
                0x0000000008004954                vars_to_str
 .text.createXBEEPackage
                0x000000000800497c      0x388 Core/Src/main.o
                0x000000000800497c                createXBEEPackage
 .text.aeskCRCCalculator
                0x0000000008004d04       0x7e Core/Src/main.o
                0x0000000008004d04                aeskCRCCalculator
 *fill*         0x0000000008004d82        0x2 
 .text.Can_Error_Control
                0x0000000008004d84      0x184 Core/Src/main.o
                0x0000000008004d84                Can_Error_Control
 .text.Error_Handler
                0x0000000008004f08        0xe Core/Src/main.o
                0x0000000008004f08                Error_Handler
 *fill*         0x0000000008004f16        0x2 
 .text.HAL_MspInit
                0x0000000008004f18       0x50 Core/Src/stm32f4xx_hal_msp.o
                0x0000000008004f18                HAL_MspInit
 .text.HAL_CAN_MspInit
                0x0000000008004f68      0x184 Core/Src/stm32f4xx_hal_msp.o
                0x0000000008004f68                HAL_CAN_MspInit
 .text.HAL_RTC_MspInit
                0x00000000080050ec       0x2c Core/Src/stm32f4xx_hal_msp.o
                0x00000000080050ec                HAL_RTC_MspInit
 .text.HAL_SD_MspInit
                0x0000000008005118      0x220 Core/Src/stm32f4xx_hal_msp.o
                0x0000000008005118                HAL_SD_MspInit
 .text.HAL_TIM_Base_MspInit
                0x0000000008005338       0x50 Core/Src/stm32f4xx_hal_msp.o
                0x0000000008005338                HAL_TIM_Base_MspInit
 .text.HAL_UART_MspInit
                0x0000000008005388      0x23c Core/Src/stm32f4xx_hal_msp.o
                0x0000000008005388                HAL_UART_MspInit
 .text.NMI_Handler
                0x00000000080055c4        0xe Core/Src/stm32f4xx_it.o
                0x00000000080055c4                NMI_Handler
 .text.HardFault_Handler
                0x00000000080055d2        0x6 Core/Src/stm32f4xx_it.o
                0x00000000080055d2                HardFault_Handler
 .text.MemManage_Handler
                0x00000000080055d8        0x6 Core/Src/stm32f4xx_it.o
                0x00000000080055d8                MemManage_Handler
 .text.BusFault_Handler
                0x00000000080055de        0x6 Core/Src/stm32f4xx_it.o
                0x00000000080055de                BusFault_Handler
 .text.UsageFault_Handler
                0x00000000080055e4        0x6 Core/Src/stm32f4xx_it.o
                0x00000000080055e4                UsageFault_Handler
 .text.SVC_Handler
                0x00000000080055ea        0xe Core/Src/stm32f4xx_it.o
                0x00000000080055ea                SVC_Handler
 .text.DebugMon_Handler
                0x00000000080055f8        0xe Core/Src/stm32f4xx_it.o
                0x00000000080055f8                DebugMon_Handler
 .text.PendSV_Handler
                0x0000000008005606        0xe Core/Src/stm32f4xx_it.o
                0x0000000008005606                PendSV_Handler
 .text.SysTick_Handler
                0x0000000008005614        0xc Core/Src/stm32f4xx_it.o
                0x0000000008005614                SysTick_Handler
 .text.DMA1_Stream5_IRQHandler
                0x0000000008005620       0x14 Core/Src/stm32f4xx_it.o
                0x0000000008005620                DMA1_Stream5_IRQHandler
 .text.CAN1_RX0_IRQHandler
                0x0000000008005634       0x14 Core/Src/stm32f4xx_it.o
                0x0000000008005634                CAN1_RX0_IRQHandler
 .text.CAN1_RX1_IRQHandler
                0x0000000008005648       0x14 Core/Src/stm32f4xx_it.o
                0x0000000008005648                CAN1_RX1_IRQHandler
 .text.USART1_IRQHandler
                0x000000000800565c       0x14 Core/Src/stm32f4xx_it.o
                0x000000000800565c                USART1_IRQHandler
 .text.USART2_IRQHandler
                0x0000000008005670       0x14 Core/Src/stm32f4xx_it.o
                0x0000000008005670                USART2_IRQHandler
 .text.USART3_IRQHandler
                0x0000000008005684       0x14 Core/Src/stm32f4xx_it.o
                0x0000000008005684                USART3_IRQHandler
 .text.SDIO_IRQHandler
                0x0000000008005698       0x14 Core/Src/stm32f4xx_it.o
                0x0000000008005698                SDIO_IRQHandler
 .text.TIM6_IRQHandler
                0x00000000080056ac       0x14 Core/Src/stm32f4xx_it.o
                0x00000000080056ac                TIM6_IRQHandler
 .text.DMA2_Stream3_IRQHandler
                0x00000000080056c0       0x14 Core/Src/stm32f4xx_it.o
                0x00000000080056c0                DMA2_Stream3_IRQHandler
 .text.CAN2_RX0_IRQHandler
                0x00000000080056d4       0x14 Core/Src/stm32f4xx_it.o
                0x00000000080056d4                CAN2_RX0_IRQHandler
 .text.CAN2_RX1_IRQHandler
                0x00000000080056e8       0x14 Core/Src/stm32f4xx_it.o
                0x00000000080056e8                CAN2_RX1_IRQHandler
 .text.DMA2_Stream6_IRQHandler
                0x00000000080056fc       0x14 Core/Src/stm32f4xx_it.o
                0x00000000080056fc                DMA2_Stream6_IRQHandler
 .text._sbrk    0x0000000008005710       0x6c Core/Src/sysmem.o
                0x0000000008005710                _sbrk
 .text.SystemInit
                0x000000000800577c       0x2c Core/Src/system_stm32f4xx.o
                0x000000000800577c                SystemInit
 .text.Reset_Handler
                0x00000000080057a8       0x50 Core/Startup/startup_stm32f412retx.o
                0x00000000080057a8                Reset_Handler
 .text.Default_Handler
                0x00000000080057f8        0x2 Core/Startup/startup_stm32f412retx.o
                0x00000000080057f8                RTC_Alarm_IRQHandler
                0x00000000080057f8                EXTI2_IRQHandler
                0x00000000080057f8                TIM8_CC_IRQHandler
                0x00000000080057f8                FMPI2C1_EV_IRQHandler
                0x00000000080057f8                SPI4_IRQHandler
                0x00000000080057f8                TIM1_CC_IRQHandler
                0x00000000080057f8                DMA2_Stream5_IRQHandler
                0x00000000080057f8                PVD_IRQHandler
                0x00000000080057f8                TAMP_STAMP_IRQHandler
                0x00000000080057f8                EXTI3_IRQHandler
                0x00000000080057f8                TIM8_TRG_COM_TIM14_IRQHandler
                0x00000000080057f8                DFSDM1_FLT1_IRQHandler
                0x00000000080057f8                TIM1_UP_TIM10_IRQHandler
                0x00000000080057f8                TIM8_UP_TIM13_IRQHandler
                0x00000000080057f8                I2C3_ER_IRQHandler
                0x00000000080057f8                EXTI0_IRQHandler
                0x00000000080057f8                I2C2_EV_IRQHandler
                0x00000000080057f8                DMA1_Stream2_IRQHandler
                0x00000000080057f8                FPU_IRQHandler
                0x00000000080057f8                CAN2_SCE_IRQHandler
                0x00000000080057f8                DMA2_Stream2_IRQHandler
                0x00000000080057f8                SPI1_IRQHandler
                0x00000000080057f8                TIM1_BRK_TIM9_IRQHandler
                0x00000000080057f8                USART6_IRQHandler
                0x00000000080057f8                DMA2_Stream0_IRQHandler
                0x00000000080057f8                TIM4_IRQHandler
                0x00000000080057f8                QUADSPI_IRQHandler
                0x00000000080057f8                I2C1_EV_IRQHandler
                0x00000000080057f8                DMA1_Stream6_IRQHandler
                0x00000000080057f8                DMA1_Stream1_IRQHandler
                0x00000000080057f8                TIM3_IRQHandler
                0x00000000080057f8                RCC_IRQHandler
                0x00000000080057f8                TIM8_BRK_TIM12_IRQHandler
                0x00000000080057f8                Default_Handler
                0x00000000080057f8                EXTI15_10_IRQHandler
                0x00000000080057f8                ADC_IRQHandler
                0x00000000080057f8                DMA1_Stream7_IRQHandler
                0x00000000080057f8                SPI5_IRQHandler
                0x00000000080057f8                TIM7_IRQHandler
                0x00000000080057f8                CAN2_TX_IRQHandler
                0x00000000080057f8                TIM5_IRQHandler
                0x00000000080057f8                DMA2_Stream7_IRQHandler
                0x00000000080057f8                I2C3_EV_IRQHandler
                0x00000000080057f8                EXTI9_5_IRQHandler
                0x00000000080057f8                RTC_WKUP_IRQHandler
                0x00000000080057f8                SPI2_IRQHandler
                0x00000000080057f8                DMA1_Stream0_IRQHandler
                0x00000000080057f8                CAN1_TX_IRQHandler
                0x00000000080057f8                FMPI2C1_ER_IRQHandler
                0x00000000080057f8                EXTI4_IRQHandler
                0x00000000080057f8                RNG_IRQHandler
                0x00000000080057f8                WWDG_IRQHandler
                0x00000000080057f8                TIM2_IRQHandler
                0x00000000080057f8                OTG_FS_WKUP_IRQHandler
                0x00000000080057f8                TIM1_TRG_COM_TIM11_IRQHandler
                0x00000000080057f8                EXTI1_IRQHandler
                0x00000000080057f8                DFSDM1_FLT0_IRQHandler
                0x00000000080057f8                I2C2_ER_IRQHandler
                0x00000000080057f8                DMA2_Stream1_IRQHandler
                0x00000000080057f8                CAN1_SCE_IRQHandler
                0x00000000080057f8                FLASH_IRQHandler
                0x00000000080057f8                DMA2_Stream4_IRQHandler
                0x00000000080057f8                OTG_FS_IRQHandler
                0x00000000080057f8                SPI3_IRQHandler
                0x00000000080057f8                DMA1_Stream4_IRQHandler
                0x00000000080057f8                I2C1_ER_IRQHandler
                0x00000000080057f8                DMA1_Stream3_IRQHandler
 *fill*         0x00000000080057fa        0x2 
 .text.HAL_Init
                0x00000000080057fc       0x44 Drivers/STM32F4xx_HAL_Driver/Src/stm32f4xx_hal.o
                0x00000000080057fc                HAL_Init
 .text.HAL_InitTick
                0x0000000008005840       0x60 Drivers/STM32F4xx_HAL_Driver/Src/stm32f4xx_hal.o
                0x0000000008005840                HAL_InitTick
 .text.HAL_IncTick
                0x00000000080058a0       0x28 Drivers/STM32F4xx_HAL_Driver/Src/stm32f4xx_hal.o
                0x00000000080058a0                HAL_IncTick
 .text.HAL_GetTick
                0x00000000080058c8       0x18 Drivers/STM32F4xx_HAL_Driver/Src/stm32f4xx_hal.o
                0x00000000080058c8                HAL_GetTick
 .text.HAL_Delay
                0x00000000080058e0       0x44 Drivers/STM32F4xx_HAL_Driver/Src/stm32f4xx_hal.o
                0x00000000080058e0                HAL_Delay
 .text.HAL_CAN_Init
                0x0000000008005924      0x1f6 Drivers/STM32F4xx_HAL_Driver/Src/stm32f4xx_hal_can.o
                0x0000000008005924                HAL_CAN_Init
 *fill*         0x0000000008005b1a        0x2 
 .text.HAL_CAN_ConfigFilter
                0x0000000008005b1c      0x1c0 Drivers/STM32F4xx_HAL_Driver/Src/stm32f4xx_hal_can.o
                0x0000000008005b1c                HAL_CAN_ConfigFilter
 .text.HAL_CAN_Start
                0x0000000008005cdc       0x88 Drivers/STM32F4xx_HAL_Driver/Src/stm32f4xx_hal_can.o
                0x0000000008005cdc                HAL_CAN_Start
 .text.HAL_CAN_GetRxMessage
                0x0000000008005d64      0x224 Drivers/STM32F4xx_HAL_Driver/Src/stm32f4xx_hal_can.o
                0x0000000008005d64                HAL_CAN_GetRxMessage
 .text.HAL_CAN_ActivateNotification
                0x0000000008005f88       0x4c Drivers/STM32F4xx_HAL_Driver/Src/stm32f4xx_hal_can.o
                0x0000000008005f88                HAL_CAN_ActivateNotification
 .text.HAL_CAN_IRQHandler
                0x0000000008005fd4      0x362 Drivers/STM32F4xx_HAL_Driver/Src/stm32f4xx_hal_can.o
                0x0000000008005fd4                HAL_CAN_IRQHandler
 .text.HAL_CAN_TxMailbox0CompleteCallback
                0x0000000008006336       0x14 Drivers/STM32F4xx_HAL_Driver/Src/stm32f4xx_hal_can.o
                0x0000000008006336                HAL_CAN_TxMailbox0CompleteCallback
 .text.HAL_CAN_TxMailbox1CompleteCallback
                0x000000000800634a       0x14 Drivers/STM32F4xx_HAL_Driver/Src/stm32f4xx_hal_can.o
                0x000000000800634a                HAL_CAN_TxMailbox1CompleteCallback
 .text.HAL_CAN_TxMailbox2CompleteCallback
                0x000000000800635e       0x14 Drivers/STM32F4xx_HAL_Driver/Src/stm32f4xx_hal_can.o
                0x000000000800635e                HAL_CAN_TxMailbox2CompleteCallback
 .text.HAL_CAN_TxMailbox0AbortCallback
                0x0000000008006372       0x14 Drivers/STM32F4xx_HAL_Driver/Src/stm32f4xx_hal_can.o
                0x0000000008006372                HAL_CAN_TxMailbox0AbortCallback
 .text.HAL_CAN_TxMailbox1AbortCallback
                0x0000000008006386       0x14 Drivers/STM32F4xx_HAL_Driver/Src/stm32f4xx_hal_can.o
                0x0000000008006386                HAL_CAN_TxMailbox1AbortCallback
 .text.HAL_CAN_TxMailbox2AbortCallback
                0x000000000800639a       0x14 Drivers/STM32F4xx_HAL_Driver/Src/stm32f4xx_hal_can.o
                0x000000000800639a                HAL_CAN_TxMailbox2AbortCallback
 .text.HAL_CAN_RxFifo0FullCallback
                0x00000000080063ae       0x14 Drivers/STM32F4xx_HAL_Driver/Src/stm32f4xx_hal_can.o
                0x00000000080063ae                HAL_CAN_RxFifo0FullCallback
 .text.HAL_CAN_RxFifo1FullCallback
                0x00000000080063c2       0x14 Drivers/STM32F4xx_HAL_Driver/Src/stm32f4xx_hal_can.o
                0x00000000080063c2                HAL_CAN_RxFifo1FullCallback
 .text.HAL_CAN_SleepCallback
                0x00000000080063d6       0x14 Drivers/STM32F4xx_HAL_Driver/Src/stm32f4xx_hal_can.o
                0x00000000080063d6                HAL_CAN_SleepCallback
 .text.HAL_CAN_WakeUpFromRxMsgCallback
                0x00000000080063ea       0x14 Drivers/STM32F4xx_HAL_Driver/Src/stm32f4xx_hal_can.o
                0x00000000080063ea                HAL_CAN_WakeUpFromRxMsgCallback
 .text.HAL_CAN_ErrorCallback
                0x00000000080063fe       0x14 Drivers/STM32F4xx_HAL_Driver/Src/stm32f4xx_hal_can.o
                0x00000000080063fe                HAL_CAN_ErrorCallback
 *fill*         0x0000000008006412        0x2 
 .text.__NVIC_SetPriorityGrouping
                0x0000000008006414       0x48 Drivers/STM32F4xx_HAL_Driver/Src/stm32f4xx_hal_cortex.o
 .text.__NVIC_GetPriorityGrouping
                0x000000000800645c       0x1c Drivers/STM32F4xx_HAL_Driver/Src/stm32f4xx_hal_cortex.o
 .text.__NVIC_EnableIRQ
                0x0000000008006478       0x3c Drivers/STM32F4xx_HAL_Driver/Src/stm32f4xx_hal_cortex.o
 .text.__NVIC_SetPriority
                0x00000000080064b4       0x54 Drivers/STM32F4xx_HAL_Driver/Src/stm32f4xx_hal_cortex.o
 .text.NVIC_EncodePriority
                0x0000000008006508       0x66 Drivers/STM32F4xx_HAL_Driver/Src/stm32f4xx_hal_cortex.o
 *fill*         0x000000000800656e        0x2 
 .text.SysTick_Config
                0x0000000008006570       0x44 Drivers/STM32F4xx_HAL_Driver/Src/stm32f4xx_hal_cortex.o
 .text.HAL_NVIC_SetPriorityGrouping
                0x00000000080065b4       0x16 Drivers/STM32F4xx_HAL_Driver/Src/stm32f4xx_hal_cortex.o
                0x00000000080065b4                HAL_NVIC_SetPriorityGrouping
 .text.HAL_NVIC_SetPriority
                0x00000000080065ca       0x38 Drivers/STM32F4xx_HAL_Driver/Src/stm32f4xx_hal_cortex.o
                0x00000000080065ca                HAL_NVIC_SetPriority
 .text.HAL_NVIC_EnableIRQ
                0x0000000008006602       0x1c Drivers/STM32F4xx_HAL_Driver/Src/stm32f4xx_hal_cortex.o
                0x0000000008006602                HAL_NVIC_EnableIRQ
 .text.HAL_SYSTICK_Config
                0x000000000800661e       0x18 Drivers/STM32F4xx_HAL_Driver/Src/stm32f4xx_hal_cortex.o
                0x000000000800661e                HAL_SYSTICK_Config
 *fill*         0x0000000008006636        0x2 
 .text.HAL_DMA_Init
                0x0000000008006638      0x15c Drivers/STM32F4xx_HAL_Driver/Src/stm32f4xx_hal_dma.o
                0x0000000008006638                HAL_DMA_Init
 .text.HAL_DMA_Start_IT
                0x0000000008006794       0xb0 Drivers/STM32F4xx_HAL_Driver/Src/stm32f4xx_hal_dma.o
                0x0000000008006794                HAL_DMA_Start_IT
 .text.HAL_DMA_Abort_IT
                0x0000000008006844       0x44 Drivers/STM32F4xx_HAL_Driver/Src/stm32f4xx_hal_dma.o
                0x0000000008006844                HAL_DMA_Abort_IT
 .text.HAL_DMA_IRQHandler
                0x0000000008006888      0x314 Drivers/STM32F4xx_HAL_Driver/Src/stm32f4xx_hal_dma.o
                0x0000000008006888                HAL_DMA_IRQHandler
 .text.DMA_SetConfig
                0x0000000008006b9c       0x5c Drivers/STM32F4xx_HAL_Driver/Src/stm32f4xx_hal_dma.o
 .text.DMA_CalcBaseAndBitshift
                0x0000000008006bf8       0x6c Drivers/STM32F4xx_HAL_Driver/Src/stm32f4xx_hal_dma.o
 .text.DMA_CheckFifoParam
                0x0000000008006c64       0xf4 Drivers/STM32F4xx_HAL_Driver/Src/stm32f4xx_hal_dma.o
 .text.HAL_GPIO_Init
                0x0000000008006d58      0x2f4 Drivers/STM32F4xx_HAL_Driver/Src/stm32f4xx_hal_gpio.o
                0x0000000008006d58                HAL_GPIO_Init
 .text.HAL_GPIO_WritePin
                0x000000000800704c       0x32 Drivers/STM32F4xx_HAL_Driver/Src/stm32f4xx_hal_gpio.o
                0x000000000800704c                HAL_GPIO_WritePin
 *fill*         0x000000000800707e        0x2 
 .text.HAL_RCC_ClockConfig
                0x0000000008007080      0x1cc Drivers/STM32F4xx_HAL_Driver/Src/stm32f4xx_hal_rcc.o
                0x0000000008007080                HAL_RCC_ClockConfig
 .text.HAL_RCC_GetSysClockFreq
                0x000000000800724c      0x164 Drivers/STM32F4xx_HAL_Driver/Src/stm32f4xx_hal_rcc.o
                0x000000000800724c                HAL_RCC_GetSysClockFreq
 .text.HAL_RCC_GetHCLKFreq
                0x00000000080073b0       0x18 Drivers/STM32F4xx_HAL_Driver/Src/stm32f4xx_hal_rcc.o
                0x00000000080073b0                HAL_RCC_GetHCLKFreq
 .text.HAL_RCC_GetPCLK1Freq
                0x00000000080073c8       0x28 Drivers/STM32F4xx_HAL_Driver/Src/stm32f4xx_hal_rcc.o
                0x00000000080073c8                HAL_RCC_GetPCLK1Freq
 .text.HAL_RCC_GetPCLK2Freq
                0x00000000080073f0       0x28 Drivers/STM32F4xx_HAL_Driver/Src/stm32f4xx_hal_rcc.o
                0x00000000080073f0                HAL_RCC_GetPCLK2Freq
 .text.HAL_RCCEx_PeriphCLKConfig
                0x0000000008007418      0x39c Drivers/STM32F4xx_HAL_Driver/Src/stm32f4xx_hal_rcc_ex.o
                0x0000000008007418                HAL_RCCEx_PeriphCLKConfig
 .text.HAL_RCC_OscConfig
                0x00000000080077b4      0x484 Drivers/STM32F4xx_HAL_Driver/Src/stm32f4xx_hal_rcc_ex.o
                0x00000000080077b4                HAL_RCC_OscConfig
 .text.HAL_RTC_Init
                0x0000000008007c38      0x122 Drivers/STM32F4xx_HAL_Driver/Src/stm32f4xx_hal_rtc.o
                0x0000000008007c38                HAL_RTC_Init
 .text.HAL_RTC_SetTime
                0x0000000008007d5a      0x17a Drivers/STM32F4xx_HAL_Driver/Src/stm32f4xx_hal_rtc.o
                0x0000000008007d5a                HAL_RTC_SetTime
 .text.HAL_RTC_GetTime
                0x0000000008007ed4       0xbc Drivers/STM32F4xx_HAL_Driver/Src/stm32f4xx_hal_rtc.o
                0x0000000008007ed4                HAL_RTC_GetTime
 .text.HAL_RTC_SetDate
                0x0000000008007f90      0x14e Drivers/STM32F4xx_HAL_Driver/Src/stm32f4xx_hal_rtc.o
                0x0000000008007f90                HAL_RTC_SetDate
 .text.HAL_RTC_GetDate
                0x00000000080080de       0x9e Drivers/STM32F4xx_HAL_Driver/Src/stm32f4xx_hal_rtc.o
                0x00000000080080de                HAL_RTC_GetDate
 .text.HAL_RTC_WaitForSynchro
                0x000000000800817c       0x50 Drivers/STM32F4xx_HAL_Driver/Src/stm32f4xx_hal_rtc.o
                0x000000000800817c                HAL_RTC_WaitForSynchro
 .text.RTC_EnterInitMode
                0x00000000080081cc       0x58 Drivers/STM32F4xx_HAL_Driver/Src/stm32f4xx_hal_rtc.o
                0x00000000080081cc                RTC_EnterInitMode
 .text.RTC_ByteToBcd2
                0x0000000008008224       0x3c Drivers/STM32F4xx_HAL_Driver/Src/stm32f4xx_hal_rtc.o
                0x0000000008008224                RTC_ByteToBcd2
 .text.RTC_Bcd2ToByte
                0x0000000008008260       0x3c Drivers/STM32F4xx_HAL_Driver/Src/stm32f4xx_hal_rtc.o
                0x0000000008008260                RTC_Bcd2ToByte
 .text.HAL_SD_Init
                0x000000000800829c       0x60 Drivers/STM32F4xx_HAL_Driver/Src/stm32f4xx_hal_sd.o
                0x000000000800829c                HAL_SD_Init
 .text.HAL_SD_InitCard
                0x00000000080082fc       0xc0 Drivers/STM32F4xx_HAL_Driver/Src/stm32f4xx_hal_sd.o
                0x00000000080082fc                HAL_SD_InitCard
 .text.HAL_SD_ReadBlocks
                0x00000000080083bc      0x3f0 Drivers/STM32F4xx_HAL_Driver/Src/stm32f4xx_hal_sd.o
                0x00000000080083bc                HAL_SD_ReadBlocks
 .text.HAL_SD_WriteBlocks
                0x00000000080087ac      0x340 Drivers/STM32F4xx_HAL_Driver/Src/stm32f4xx_hal_sd.o
                0x00000000080087ac                HAL_SD_WriteBlocks
 .text.HAL_SD_IRQHandler
                0x0000000008008aec      0x2ec Drivers/STM32F4xx_HAL_Driver/Src/stm32f4xx_hal_sd.o
                0x0000000008008aec                HAL_SD_IRQHandler
 .text.HAL_SD_ErrorCallback
                0x0000000008008dd8       0x14 Drivers/STM32F4xx_HAL_Driver/Src/stm32f4xx_hal_sd.o
                0x0000000008008dd8                HAL_SD_ErrorCallback
 .text.HAL_SD_GetCardCSD
                0x0000000008008dec      0x348 Drivers/STM32F4xx_HAL_Driver/Src/stm32f4xx_hal_sd.o
                0x0000000008008dec                HAL_SD_GetCardCSD
 .text.HAL_SD_GetCardInfo
                0x0000000008009134       0x58 Drivers/STM32F4xx_HAL_Driver/Src/stm32f4xx_hal_sd.o
                0x0000000008009134                HAL_SD_GetCardInfo
 .text.HAL_SD_GetCardState
                0x000000000800918c       0x40 Drivers/STM32F4xx_HAL_Driver/Src/stm32f4xx_hal_sd.o
                0x000000000800918c                HAL_SD_GetCardState
 .text.SD_DMATxAbort
                0x00000000080091cc       0x6e Drivers/STM32F4xx_HAL_Driver/Src/stm32f4xx_hal_sd.o
 .text.SD_DMARxAbort
                0x000000000800923a       0x6e Drivers/STM32F4xx_HAL_Driver/Src/stm32f4xx_hal_sd.o
 .text.SD_InitCard
                0x00000000080092a8      0x19a Drivers/STM32F4xx_HAL_Driver/Src/stm32f4xx_hal_sd.o
 *fill*         0x0000000008009442        0x2 
 .text.SD_PowerON
                0x0000000008009444      0x11c Drivers/STM32F4xx_HAL_Driver/Src/stm32f4xx_hal_sd.o
 .text.SD_SendStatus
                0x0000000008009560       0x50 Drivers/STM32F4xx_HAL_Driver/Src/stm32f4xx_hal_sd.o
 .text.SD_Read_IT
                0x00000000080095b0       0xa2 Drivers/STM32F4xx_HAL_Driver/Src/stm32f4xx_hal_sd.o
 .text.SD_Write_IT
                0x0000000008009652       0xaa Drivers/STM32F4xx_HAL_Driver/Src/stm32f4xx_hal_sd.o
 .text.HAL_TIM_Base_Init
                0x00000000080096fc       0x56 Drivers/STM32F4xx_HAL_Driver/Src/stm32f4xx_hal_tim.o
                0x00000000080096fc                HAL_TIM_Base_Init
 .text.HAL_TIM_Base_Start_IT
                0x0000000008009752       0x48 Drivers/STM32F4xx_HAL_Driver/Src/stm32f4xx_hal_tim.o
                0x0000000008009752                HAL_TIM_Base_Start_IT
 .text.HAL_TIM_IRQHandler
                0x000000000800979a      0x210 Drivers/STM32F4xx_HAL_Driver/Src/stm32f4xx_hal_tim.o
                0x000000000800979a                HAL_TIM_IRQHandler
 .text.HAL_TIM_OC_DelayElapsedCallback
                0x00000000080099aa       0x14 Drivers/STM32F4xx_HAL_Driver/Src/stm32f4xx_hal_tim.o
                0x00000000080099aa                HAL_TIM_OC_DelayElapsedCallback
 .text.HAL_TIM_IC_CaptureCallback
                0x00000000080099be       0x14 Drivers/STM32F4xx_HAL_Driver/Src/stm32f4xx_hal_tim.o
                0x00000000080099be                HAL_TIM_IC_CaptureCallback
 .text.HAL_TIM_PWM_PulseFinishedCallback
                0x00000000080099d2       0x14 Drivers/STM32F4xx_HAL_Driver/Src/stm32f4xx_hal_tim.o
                0x00000000080099d2                HAL_TIM_PWM_PulseFinishedCallback
 .text.HAL_TIM_TriggerCallback
                0x00000000080099e6       0x14 Drivers/STM32F4xx_HAL_Driver/Src/stm32f4xx_hal_tim.o
                0x00000000080099e6                HAL_TIM_TriggerCallback
 *fill*         0x00000000080099fa        0x2 
 .text.TIM_Base_SetConfig
                0x00000000080099fc      0x140 Drivers/STM32F4xx_HAL_Driver/Src/stm32f4xx_hal_tim.o
                0x00000000080099fc                TIM_Base_SetConfig
 .text.HAL_TIMEx_MasterConfigSynchronization
                0x0000000008009b3c       0xf8 Drivers/STM32F4xx_HAL_Driver/Src/stm32f4xx_hal_tim_ex.o
                0x0000000008009b3c                HAL_TIMEx_MasterConfigSynchronization
 .text.HAL_TIMEx_CommutCallback
                0x0000000008009c34       0x14 Drivers/STM32F4xx_HAL_Driver/Src/stm32f4xx_hal_tim_ex.o
                0x0000000008009c34                HAL_TIMEx_CommutCallback
 .text.HAL_TIMEx_BreakCallback
                0x0000000008009c48       0x14 Drivers/STM32F4xx_HAL_Driver/Src/stm32f4xx_hal_tim_ex.o
                0x0000000008009c48                HAL_TIMEx_BreakCallback
 .text.HAL_UART_Init
                0x0000000008009c5c       0x9a Drivers/STM32F4xx_HAL_Driver/Src/stm32f4xx_hal_uart.o
                0x0000000008009c5c                HAL_UART_Init
 .text.HAL_UART_Transmit
                0x0000000008009cf6      0x132 Drivers/STM32F4xx_HAL_Driver/Src/stm32f4xx_hal_uart.o
                0x0000000008009cf6                HAL_UART_Transmit
 .text.HAL_UART_Receive_IT
                0x0000000008009e28       0xaa Drivers/STM32F4xx_HAL_Driver/Src/stm32f4xx_hal_uart.o
                0x0000000008009e28                HAL_UART_Receive_IT
 *fill*         0x0000000008009ed2        0x2 
 .text.HAL_UART_Receive_DMA
                0x0000000008009ed4      0x100 Drivers/STM32F4xx_HAL_Driver/Src/stm32f4xx_hal_uart.o
                0x0000000008009ed4                HAL_UART_Receive_DMA
 .text.HAL_UART_AbortReceive_IT
                0x0000000008009fd4       0xb0 Drivers/STM32F4xx_HAL_Driver/Src/stm32f4xx_hal_uart.o
                0x0000000008009fd4                HAL_UART_AbortReceive_IT
 .text.HAL_UART_IRQHandler
                0x000000000800a084      0x200 Drivers/STM32F4xx_HAL_Driver/Src/stm32f4xx_hal_uart.o
                0x000000000800a084                HAL_UART_IRQHandler
 .text.HAL_UART_TxCpltCallback
                0x000000000800a284       0x14 Drivers/STM32F4xx_HAL_Driver/Src/stm32f4xx_hal_uart.o
                0x000000000800a284                HAL_UART_TxCpltCallback
 .text.HAL_UART_RxHalfCpltCallback
                0x000000000800a298       0x14 Drivers/STM32F4xx_HAL_Driver/Src/stm32f4xx_hal_uart.o
                0x000000000800a298                HAL_UART_RxHalfCpltCallback
 .text.HAL_UART_ErrorCallback
                0x000000000800a2ac       0x14 Drivers/STM32F4xx_HAL_Driver/Src/stm32f4xx_hal_uart.o
                0x000000000800a2ac                HAL_UART_ErrorCallback
 .text.HAL_UART_AbortReceiveCpltCallback
                0x000000000800a2c0       0x14 Drivers/STM32F4xx_HAL_Driver/Src/stm32f4xx_hal_uart.o
                0x000000000800a2c0                HAL_UART_AbortReceiveCpltCallback
 .text.UART_DMAReceiveCplt
                0x000000000800a2d4       0x68 Drivers/STM32F4xx_HAL_Driver/Src/stm32f4xx_hal_uart.o
 .text.UART_DMARxHalfCplt
                0x000000000800a33c       0x1c Drivers/STM32F4xx_HAL_Driver/Src/stm32f4xx_hal_uart.o
 .text.UART_DMAError
                0x000000000800a358       0x94 Drivers/STM32F4xx_HAL_Driver/Src/stm32f4xx_hal_uart.o
 .text.UART_WaitOnFlagUntilTimeout
                0x000000000800a3ec       0x94 Drivers/STM32F4xx_HAL_Driver/Src/stm32f4xx_hal_uart.o
 .text.UART_EndTxTransfer
                0x000000000800a480       0x2c Drivers/STM32F4xx_HAL_Driver/Src/stm32f4xx_hal_uart.o
 .text.UART_EndRxTransfer
                0x000000000800a4ac       0x3c Drivers/STM32F4xx_HAL_Driver/Src/stm32f4xx_hal_uart.o
 .text.UART_DMAAbortOnError
                0x000000000800a4e8       0x28 Drivers/STM32F4xx_HAL_Driver/Src/stm32f4xx_hal_uart.o
 .text.UART_DMARxOnlyAbortCallback
                0x000000000800a510       0x2a Drivers/STM32F4xx_HAL_Driver/Src/stm32f4xx_hal_uart.o
 .text.UART_Transmit_IT
                0x000000000800a53a       0xac Drivers/STM32F4xx_HAL_Driver/Src/stm32f4xx_hal_uart.o
 .text.UART_EndTransmit_IT
                0x000000000800a5e6       0x30 Drivers/STM32F4xx_HAL_Driver/Src/stm32f4xx_hal_uart.o
 .text.UART_Receive_IT
                0x000000000800a616      0x102 Drivers/STM32F4xx_HAL_Driver/Src/stm32f4xx_hal_uart.o
 .text.UART_SetConfig
                0x000000000800a718      0x6f8 Drivers/STM32F4xx_HAL_Driver/Src/stm32f4xx_hal_uart.o
 .text.SDIO_Init
                0x000000000800ae10       0x56 Drivers/STM32F4xx_HAL_Driver/Src/stm32f4xx_ll_sdmmc.o
                0x000000000800ae10                SDIO_Init
 .text.SDIO_ReadFIFO
                0x000000000800ae66       0x1a Drivers/STM32F4xx_HAL_Driver/Src/stm32f4xx_ll_sdmmc.o
                0x000000000800ae66                SDIO_ReadFIFO
 .text.SDIO_WriteFIFO
                0x000000000800ae80       0x22 Drivers/STM32F4xx_HAL_Driver/Src/stm32f4xx_ll_sdmmc.o
                0x000000000800ae80                SDIO_WriteFIFO
 .text.SDIO_PowerState_ON
                0x000000000800aea2       0x1e Drivers/STM32F4xx_HAL_Driver/Src/stm32f4xx_ll_sdmmc.o
                0x000000000800aea2                SDIO_PowerState_ON
 .text.SDIO_GetPowerState
                0x000000000800aec0       0x1c Drivers/STM32F4xx_HAL_Driver/Src/stm32f4xx_ll_sdmmc.o
                0x000000000800aec0                SDIO_GetPowerState
 .text.SDIO_SendCommand
                0x000000000800aedc       0x54 Drivers/STM32F4xx_HAL_Driver/Src/stm32f4xx_ll_sdmmc.o
                0x000000000800aedc                SDIO_SendCommand
 .text.SDIO_GetCommandResponse
                0x000000000800af30       0x1a Drivers/STM32F4xx_HAL_Driver/Src/stm32f4xx_ll_sdmmc.o
                0x000000000800af30                SDIO_GetCommandResponse
 .text.SDIO_GetResponse
                0x000000000800af4a       0x26 Drivers/STM32F4xx_HAL_Driver/Src/stm32f4xx_ll_sdmmc.o
                0x000000000800af4a                SDIO_GetResponse
 .text.SDIO_ConfigData
                0x000000000800af70       0x58 Drivers/STM32F4xx_HAL_Driver/Src/stm32f4xx_ll_sdmmc.o
                0x000000000800af70                SDIO_ConfigData
 .text.SDMMC_CmdBlockLength
                0x000000000800afc8       0x44 Drivers/STM32F4xx_HAL_Driver/Src/stm32f4xx_ll_sdmmc.o
                0x000000000800afc8                SDMMC_CmdBlockLength
 .text.SDMMC_CmdReadSingleBlock
                0x000000000800b00c       0x44 Drivers/STM32F4xx_HAL_Driver/Src/stm32f4xx_ll_sdmmc.o
                0x000000000800b00c                SDMMC_CmdReadSingleBlock
 .text.SDMMC_CmdReadMultiBlock
                0x000000000800b050       0x44 Drivers/STM32F4xx_HAL_Driver/Src/stm32f4xx_ll_sdmmc.o
                0x000000000800b050                SDMMC_CmdReadMultiBlock
 .text.SDMMC_CmdWriteSingleBlock
                0x000000000800b094       0x44 Drivers/STM32F4xx_HAL_Driver/Src/stm32f4xx_ll_sdmmc.o
                0x000000000800b094                SDMMC_CmdWriteSingleBlock
 .text.SDMMC_CmdWriteMultiBlock
                0x000000000800b0d8       0x44 Drivers/STM32F4xx_HAL_Driver/Src/stm32f4xx_ll_sdmmc.o
                0x000000000800b0d8                SDMMC_CmdWriteMultiBlock
 .text.SDMMC_CmdStopTransfer
                0x000000000800b11c       0x44 Drivers/STM32F4xx_HAL_Driver/Src/stm32f4xx_ll_sdmmc.o
                0x000000000800b11c                SDMMC_CmdStopTransfer
 .text.SDMMC_CmdSelDesel
                0x000000000800b160       0x46 Drivers/STM32F4xx_HAL_Driver/Src/stm32f4xx_ll_sdmmc.o
                0x000000000800b160                SDMMC_CmdSelDesel
 .text.SDMMC_CmdGoIdleState
                0x000000000800b1a6       0x3c Drivers/STM32F4xx_HAL_Driver/Src/stm32f4xx_ll_sdmmc.o
                0x000000000800b1a6                SDMMC_CmdGoIdleState
 .text.SDMMC_CmdOperCond
                0x000000000800b1e2       0x3e Drivers/STM32F4xx_HAL_Driver/Src/stm32f4xx_ll_sdmmc.o
                0x000000000800b1e2                SDMMC_CmdOperCond
 .text.SDMMC_CmdAppCommand
                0x000000000800b220       0x44 Drivers/STM32F4xx_HAL_Driver/Src/stm32f4xx_ll_sdmmc.o
                0x000000000800b220                SDMMC_CmdAppCommand
 .text.SDMMC_CmdAppOperCommand
                0x000000000800b264       0x46 Drivers/STM32F4xx_HAL_Driver/Src/stm32f4xx_ll_sdmmc.o
                0x000000000800b264                SDMMC_CmdAppOperCommand
 .text.SDMMC_CmdSendCID
                0x000000000800b2aa       0x3c Drivers/STM32F4xx_HAL_Driver/Src/stm32f4xx_ll_sdmmc.o
                0x000000000800b2aa                SDMMC_CmdSendCID
 .text.SDMMC_CmdSendCSD
                0x000000000800b2e6       0x3e Drivers/STM32F4xx_HAL_Driver/Src/stm32f4xx_ll_sdmmc.o
                0x000000000800b2e6                SDMMC_CmdSendCSD
 .text.SDMMC_CmdSetRelAdd
                0x000000000800b324       0x42 Drivers/STM32F4xx_HAL_Driver/Src/stm32f4xx_ll_sdmmc.o
                0x000000000800b324                SDMMC_CmdSetRelAdd
 .text.SDMMC_CmdSendStatus
                0x000000000800b366       0x44 Drivers/STM32F4xx_HAL_Driver/Src/stm32f4xx_ll_sdmmc.o
                0x000000000800b366                SDMMC_CmdSendStatus
 *fill*         0x000000000800b3aa        0x2 
 .text.SDMMC_GetCmdError
                0x000000000800b3ac       0x50 Drivers/STM32F4xx_HAL_Driver/Src/stm32f4xx_ll_sdmmc.o
 .text.SDMMC_GetCmdResp1
                0x000000000800b3fc      0x1d8 Drivers/STM32F4xx_HAL_Driver/Src/stm32f4xx_ll_sdmmc.o
 .text.SDMMC_GetCmdResp2
                0x000000000800b5d4       0x8c Drivers/STM32F4xx_HAL_Driver/Src/stm32f4xx_ll_sdmmc.o
 .text.SDMMC_GetCmdResp3
                0x000000000800b660       0x74 Drivers/STM32F4xx_HAL_Driver/Src/stm32f4xx_ll_sdmmc.o
 .text.SDMMC_GetCmdResp6
                0x000000000800b6d4       0xe8 Drivers/STM32F4xx_HAL_Driver/Src/stm32f4xx_ll_sdmmc.o
 .text.SDMMC_GetCmdResp7
                0x000000000800b7bc       0x98 Drivers/STM32F4xx_HAL_Driver/Src/stm32f4xx_ll_sdmmc.o
 .text.MX_FATFS_Init
                0x000000000800b854       0x24 FATFS/App/fatfs.o
                0x000000000800b854                MX_FATFS_Init
 .text.get_fattime
                0x000000000800b878       0x10 FATFS/App/fatfs.o
                0x000000000800b878                get_fattime
 .text.BSP_SD_Init
                0x000000000800b888       0x30 FATFS/Target/bsp_driver_sd.o
                0x000000000800b888                BSP_SD_Init
 .text.BSP_SD_ReadBlocks
                0x000000000800b8b8       0x3c FATFS/Target/bsp_driver_sd.o
                0x000000000800b8b8                BSP_SD_ReadBlocks
 .text.BSP_SD_WriteBlocks
                0x000000000800b8f4       0x3c FATFS/Target/bsp_driver_sd.o
                0x000000000800b8f4                BSP_SD_WriteBlocks
 .text.BSP_SD_GetCardState
                0x000000000800b930       0x20 FATFS/Target/bsp_driver_sd.o
                0x000000000800b930                BSP_SD_GetCardState
 .text.BSP_SD_GetCardInfo
                0x000000000800b950       0x1c FATFS/Target/bsp_driver_sd.o
                0x000000000800b950                BSP_SD_GetCardInfo
 .text.HAL_SD_AbortCallback
                0x000000000800b96c       0x14 FATFS/Target/bsp_driver_sd.o
                0x000000000800b96c                HAL_SD_AbortCallback
 .text.HAL_SD_TxCpltCallback
                0x000000000800b980       0x14 FATFS/Target/bsp_driver_sd.o
                0x000000000800b980                HAL_SD_TxCpltCallback
 .text.HAL_SD_RxCpltCallback
                0x000000000800b994       0x14 FATFS/Target/bsp_driver_sd.o
                0x000000000800b994                HAL_SD_RxCpltCallback
 .text.BSP_SD_AbortCallback
                0x000000000800b9a8        0xe FATFS/Target/bsp_driver_sd.o
                0x000000000800b9a8                BSP_SD_AbortCallback
 .text.BSP_SD_WriteCpltCallback
                0x000000000800b9b6        0xe FATFS/Target/bsp_driver_sd.o
                0x000000000800b9b6                BSP_SD_WriteCpltCallback
 .text.BSP_SD_ReadCpltCallback
                0x000000000800b9c4        0xe FATFS/Target/bsp_driver_sd.o
                0x000000000800b9c4                BSP_SD_ReadCpltCallback
 .text.BSP_SD_IsDetected
                0x000000000800b9d2       0x1a FATFS/Target/bsp_driver_sd.o
                0x000000000800b9d2                BSP_SD_IsDetected
 .text.SD_CheckStatus
                0x000000000800b9ec       0x3c FATFS/Target/sd_diskio.o
 .text.SD_initialize
                0x000000000800ba28       0x3c FATFS/Target/sd_diskio.o
                0x000000000800ba28                SD_initialize
 .text.SD_status
                0x000000000800ba64       0x1c FATFS/Target/sd_diskio.o
                0x000000000800ba64                SD_status
 .text.SD_read  0x000000000800ba80       0x42 FATFS/Target/sd_diskio.o
                0x000000000800ba80                SD_read
 .text.SD_write
                0x000000000800bac2       0x42 FATFS/Target/sd_diskio.o
                0x000000000800bac2                SD_write
 .text.SD_ioctl
                0x000000000800bb04       0xb0 FATFS/Target/sd_diskio.o
                0x000000000800bb04                SD_ioctl
 .text.disk_status
                0x000000000800bbb4       0x34 Middlewares/Third_Party/FatFs/src/diskio.o
                0x000000000800bbb4                disk_status
 .text.disk_initialize
                0x000000000800bbe8       0x4c Middlewares/Third_Party/FatFs/src/diskio.o
                0x000000000800bbe8                disk_initialize
 .text.disk_read
                0x000000000800bc34       0x40 Middlewares/Third_Party/FatFs/src/diskio.o
                0x000000000800bc34                disk_read
 .text.disk_write
                0x000000000800bc74       0x40 Middlewares/Third_Party/FatFs/src/diskio.o
                0x000000000800bc74                disk_write
 .text.disk_ioctl
                0x000000000800bcb4       0x3c Middlewares/Third_Party/FatFs/src/diskio.o
                0x000000000800bcb4                disk_ioctl
 .text.ld_word  0x000000000800bcf0       0x30 Middlewares/Third_Party/FatFs/src/ff.o
 .text.ld_dword
                0x000000000800bd20       0x46 Middlewares/Third_Party/FatFs/src/ff.o
 .text.st_word  0x000000000800bd66       0x36 Middlewares/Third_Party/FatFs/src/ff.o
 .text.st_dword
                0x000000000800bd9c       0x58 Middlewares/Third_Party/FatFs/src/ff.o
 .text.mem_cpy  0x000000000800bdf4       0x42 Middlewares/Third_Party/FatFs/src/ff.o
 .text.mem_set  0x000000000800be36       0x34 Middlewares/Third_Party/FatFs/src/ff.o
 .text.mem_cmp  0x000000000800be6a       0x4e Middlewares/Third_Party/FatFs/src/ff.o
 .text.chk_chr  0x000000000800beb8       0x36 Middlewares/Third_Party/FatFs/src/ff.o
 *fill*         0x000000000800beee        0x2 
 .text.chk_lock
                0x000000000800bef0       0xb8 Middlewares/Third_Party/FatFs/src/ff.o
 .text.enq_lock
                0x000000000800bfa8       0x44 Middlewares/Third_Party/FatFs/src/ff.o
 .text.inc_lock
                0x000000000800bfec      0x11c Middlewares/Third_Party/FatFs/src/ff.o
 .text.dec_lock
                0x000000000800c108       0x78 Middlewares/Third_Party/FatFs/src/ff.o
 .text.clear_lock
                0x000000000800c180       0x48 Middlewares/Third_Party/FatFs/src/ff.o
 .text.sync_window
                0x000000000800c1c8       0x88 Middlewares/Third_Party/FatFs/src/ff.o
 .text.move_window
                0x000000000800c250       0x5a Middlewares/Third_Party/FatFs/src/ff.o
 *fill*         0x000000000800c2aa        0x2 
 .text.sync_fs  0x000000000800c2ac       0xe0 Middlewares/Third_Party/FatFs/src/ff.o
 .text.clust2sect
                0x000000000800c38c       0x3e Middlewares/Third_Party/FatFs/src/ff.o
 .text.get_fat  0x000000000800c3ca      0x1a0 Middlewares/Third_Party/FatFs/src/ff.o
 .text.put_fat  0x000000000800c56a      0x22e Middlewares/Third_Party/FatFs/src/ff.o
 .text.remove_chain
                0x000000000800c798       0xca Middlewares/Third_Party/FatFs/src/ff.o
 .text.create_chain
                0x000000000800c862      0x130 Middlewares/Third_Party/FatFs/src/ff.o
 .text.clmt_clust
                0x000000000800c992       0x70 Middlewares/Third_Party/FatFs/src/ff.o
 .text.dir_sdi  0x000000000800ca02      0x112 Middlewares/Third_Party/FatFs/src/ff.o
 .text.dir_next
                0x000000000800cb14      0x1ac Middlewares/Third_Party/FatFs/src/ff.o
 .text.dir_alloc
                0x000000000800ccc0       0x8e Middlewares/Third_Party/FatFs/src/ff.o
 .text.ld_clust
                0x000000000800cd4e       0x3e Middlewares/Third_Party/FatFs/src/ff.o
 .text.st_clust
                0x000000000800cd8c       0x40 Middlewares/Third_Party/FatFs/src/ff.o
 .text.cmp_lfn  0x000000000800cdcc       0xe0 Middlewares/Third_Party/FatFs/src/ff.o
 .text.put_lfn  0x000000000800ceac       0xd0 Middlewares/Third_Party/FatFs/src/ff.o
 .text.gen_numname
                0x000000000800cf7c      0x11e Middlewares/Third_Party/FatFs/src/ff.o
 .text.sum_sfn  0x000000000800d09a       0x42 Middlewares/Third_Party/FatFs/src/ff.o
 .text.dir_find
                0x000000000800d0dc      0x180 Middlewares/Third_Party/FatFs/src/ff.o
 .text.dir_register
                0x000000000800d25c      0x1f0 Middlewares/Third_Party/FatFs/src/ff.o
 .text.create_name
                0x000000000800d44c      0x370 Middlewares/Third_Party/FatFs/src/ff.o
 .text.follow_path
                0x000000000800d7bc       0xec Middlewares/Third_Party/FatFs/src/ff.o
 .text.get_ldnumber
                0x000000000800d8a8       0x88 Middlewares/Third_Party/FatFs/src/ff.o
 .text.check_fs
                0x000000000800d930       0xac Middlewares/Third_Party/FatFs/src/ff.o
 .text.find_volume
                0x000000000800d9dc      0x510 Middlewares/Third_Party/FatFs/src/ff.o
 .text.validate
                0x000000000800deec       0x6a Middlewares/Third_Party/FatFs/src/ff.o
 *fill*         0x000000000800df56        0x2 
 .text.f_mount  0x000000000800df58       0x8c Middlewares/Third_Party/FatFs/src/ff.o
                0x000000000800df58                f_mount
 .text.f_open   0x000000000800dfe4      0x398 Middlewares/Third_Party/FatFs/src/ff.o
                0x000000000800dfe4                f_open
 .text.f_write  0x000000000800e37c      0x328 Middlewares/Third_Party/FatFs/src/ff.o
                0x000000000800e37c                f_write
 .text.f_sync   0x000000000800e6a4       0xfc Middlewares/Third_Party/FatFs/src/ff.o
                0x000000000800e6a4                f_sync
 .text.f_close  0x000000000800e7a0       0x54 Middlewares/Third_Party/FatFs/src/ff.o
                0x000000000800e7a0                f_close
 .text.FATFS_LinkDriverEx
                0x000000000800e7f4       0x98 Middlewares/Third_Party/FatFs/src/ff_gen_drv.o
                0x000000000800e7f4                FATFS_LinkDriverEx
 .text.FATFS_LinkDriver
                0x000000000800e88c       0x1e Middlewares/Third_Party/FatFs/src/ff_gen_drv.o
                0x000000000800e88c                FATFS_LinkDriver
 *fill*         0x000000000800e8aa        0x2 
 .text.ff_convert
                0x000000000800e8ac       0x78 Middlewares/Third_Party/FatFs/src/option/ccsbcs.o
                0x000000000800e8ac                ff_convert
 .text.ff_wtoupper
                0x000000000800e924      0x114 Middlewares/Third_Party/FatFs/src/option/ccsbcs.o
                0x000000000800e924                ff_wtoupper
 .text.__errno  0x000000000800ea38        0xc c:/st/stm32cubeide_1.5.0/stm32cubeide/plugins/com.st.stm32cube.ide.mcu.externaltools.gnu-tools-for-stm32.7-2018-q2-update.win32_1.5.0.202011040924/tools/bin/../lib/gcc/arm-none-eabi/7.3.1/../../../../arm-none-eabi/lib/thumb/v7e-m/fpv4-sp/hard\libc_nano.a(lib_a-errno.o)
                0x000000000800ea38                __errno
 .text.__libc_init_array
                0x000000000800ea44       0x48 c:/st/stm32cubeide_1.5.0/stm32cubeide/plugins/com.st.stm32cube.ide.mcu.externaltools.gnu-tools-for-stm32.7-2018-q2-update.win32_1.5.0.202011040924/tools/bin/../lib/gcc/arm-none-eabi/7.3.1/../../../../arm-none-eabi/lib/thumb/v7e-m/fpv4-sp/hard\libc_nano.a(lib_a-init.o)
                0x000000000800ea44                __libc_init_array
 .text.memcpy   0x000000000800ea8c       0x16 c:/st/stm32cubeide_1.5.0/stm32cubeide/plugins/com.st.stm32cube.ide.mcu.externaltools.gnu-tools-for-stm32.7-2018-q2-update.win32_1.5.0.202011040924/tools/bin/../lib/gcc/arm-none-eabi/7.3.1/../../../../arm-none-eabi/lib/thumb/v7e-m/fpv4-sp/hard\libc_nano.a(lib_a-memcpy-stub.o)
                0x000000000800ea8c                memcpy
 .text.memset   0x000000000800eaa2       0x10 c:/st/stm32cubeide_1.5.0/stm32cubeide/plugins/com.st.stm32cube.ide.mcu.externaltools.gnu-tools-for-stm32.7-2018-q2-update.win32_1.5.0.202011040924/tools/bin/../lib/gcc/arm-none-eabi/7.3.1/../../../../arm-none-eabi/lib/thumb/v7e-m/fpv4-sp/hard\libc_nano.a(lib_a-memset.o)
                0x000000000800eaa2                memset
 *fill*         0x000000000800eab2        0x2 
 .text._free_r  0x000000000800eab4       0x9c c:/st/stm32cubeide_1.5.0/stm32cubeide/plugins/com.st.stm32cube.ide.mcu.externaltools.gnu-tools-for-stm32.7-2018-q2-update.win32_1.5.0.202011040924/tools/bin/../lib/gcc/arm-none-eabi/7.3.1/../../../../arm-none-eabi/lib/thumb/v7e-m/fpv4-sp/hard\libc_nano.a(lib_a-nano-freer.o)
                0x000000000800eab4                _free_r
 .text._malloc_r
                0x000000000800eb50       0xb4 c:/st/stm32cubeide_1.5.0/stm32cubeide/plugins/com.st.stm32cube.ide.mcu.externaltools.gnu-tools-for-stm32.7-2018-q2-update.win32_1.5.0.202011040924/tools/bin/../lib/gcc/arm-none-eabi/7.3.1/../../../../arm-none-eabi/lib/thumb/v7e-m/fpv4-sp/hard\libc_nano.a(lib_a-nano-mallocr.o)
                0x000000000800eb50                _malloc_r
 .text._sbrk_r  0x000000000800ec04       0x20 c:/st/stm32cubeide_1.5.0/stm32cubeide/plugins/com.st.stm32cube.ide.mcu.externaltools.gnu-tools-for-stm32.7-2018-q2-update.win32_1.5.0.202011040924/tools/bin/../lib/gcc/arm-none-eabi/7.3.1/../../../../arm-none-eabi/lib/thumb/v7e-m/fpv4-sp/hard\libc_nano.a(lib_a-sbrkr.o)
                0x000000000800ec04                _sbrk_r
 .text.sprintf  0x000000000800ec24       0x40 c:/st/stm32cubeide_1.5.0/stm32cubeide/plugins/com.st.stm32cube.ide.mcu.externaltools.gnu-tools-for-stm32.7-2018-q2-update.win32_1.5.0.202011040924/tools/bin/../lib/gcc/arm-none-eabi/7.3.1/../../../../arm-none-eabi/lib/thumb/v7e-m/fpv4-sp/hard\libc_nano.a(lib_a-sprintf.o)
                0x000000000800ec24                siprintf
                0x000000000800ec24                sprintf
 .text.strcat   0x000000000800ec64       0x1e c:/st/stm32cubeide_1.5.0/stm32cubeide/plugins/com.st.stm32cube.ide.mcu.externaltools.gnu-tools-for-stm32.7-2018-q2-update.win32_1.5.0.202011040924/tools/bin/../lib/gcc/arm-none-eabi/7.3.1/../../../../arm-none-eabi/lib/thumb/v7e-m/fpv4-sp/hard\libc_nano.a(lib_a-strcat.o)
                0x000000000800ec64                strcat
 .text.strchr   0x000000000800ec82       0x1a c:/st/stm32cubeide_1.5.0/stm32cubeide/plugins/com.st.stm32cube.ide.mcu.externaltools.gnu-tools-for-stm32.7-2018-q2-update.win32_1.5.0.202011040924/tools/bin/../lib/gcc/arm-none-eabi/7.3.1/../../../../arm-none-eabi/lib/thumb/v7e-m/fpv4-sp/hard\libc_nano.a(lib_a-strchr.o)
                0x000000000800ec82                strchr
 .text.strstr   0x000000000800ec9c       0x34 c:/st/stm32cubeide_1.5.0/stm32cubeide/plugins/com.st.stm32cube.ide.mcu.externaltools.gnu-tools-for-stm32.7-2018-q2-update.win32_1.5.0.202011040924/tools/bin/../lib/gcc/arm-none-eabi/7.3.1/../../../../arm-none-eabi/lib/thumb/v7e-m/fpv4-sp/hard\libc_nano.a(lib_a-strstr.o)
                0x000000000800ec9c                strstr
 .text._vsprintf_r
                0x000000000800ecd0       0x2c c:/st/stm32cubeide_1.5.0/stm32cubeide/plugins/com.st.stm32cube.ide.mcu.externaltools.gnu-tools-for-stm32.7-2018-q2-update.win32_1.5.0.202011040924/tools/bin/../lib/gcc/arm-none-eabi/7.3.1/../../../../arm-none-eabi/lib/thumb/v7e-m/fpv4-sp/hard\libc_nano.a(lib_a-vsprintf.o)
                0x000000000800ecd0                _vsprintf_r
                0x000000000800ecd0                _vsiprintf_r
 .text.vsprintf
                0x000000000800ecfc       0x14 c:/st/stm32cubeide_1.5.0/stm32cubeide/plugins/com.st.stm32cube.ide.mcu.externaltools.gnu-tools-for-stm32.7-2018-q2-update.win32_1.5.0.202011040924/tools/bin/../lib/gcc/arm-none-eabi/7.3.1/../../../../arm-none-eabi/lib/thumb/v7e-m/fpv4-sp/hard\libc_nano.a(lib_a-vsprintf.o)
                0x000000000800ecfc                vsiprintf
                0x000000000800ecfc                vsprintf
 .text.__malloc_lock
                0x000000000800ed10        0x2 c:/st/stm32cubeide_1.5.0/stm32cubeide/plugins/com.st.stm32cube.ide.mcu.externaltools.gnu-tools-for-stm32.7-2018-q2-update.win32_1.5.0.202011040924/tools/bin/../lib/gcc/arm-none-eabi/7.3.1/../../../../arm-none-eabi/lib/thumb/v7e-m/fpv4-sp/hard\libc_nano.a(lib_a-mlock.o)
                0x000000000800ed10                __malloc_lock
 .text.__malloc_unlock
                0x000000000800ed12        0x2 c:/st/stm32cubeide_1.5.0/stm32cubeide/plugins/com.st.stm32cube.ide.mcu.externaltools.gnu-tools-for-stm32.7-2018-q2-update.win32_1.5.0.202011040924/tools/bin/../lib/gcc/arm-none-eabi/7.3.1/../../../../arm-none-eabi/lib/thumb/v7e-m/fpv4-sp/hard\libc_nano.a(lib_a-mlock.o)
                0x000000000800ed12                __malloc_unlock
 .text.__ssputs_r
                0x000000000800ed14       0xb4 c:/st/stm32cubeide_1.5.0/stm32cubeide/plugins/com.st.stm32cube.ide.mcu.externaltools.gnu-tools-for-stm32.7-2018-q2-update.win32_1.5.0.202011040924/tools/bin/../lib/gcc/arm-none-eabi/7.3.1/../../../../arm-none-eabi/lib/thumb/v7e-m/fpv4-sp/hard\libc_nano.a(lib_a-nano-svfprintf.o)
                0x000000000800ed14                __ssputs_r
 .text._svfprintf_r
                0x000000000800edc8      0x1f0 c:/st/stm32cubeide_1.5.0/stm32cubeide/plugins/com.st.stm32cube.ide.mcu.externaltools.gnu-tools-for-stm32.7-2018-q2-update.win32_1.5.0.202011040924/tools/bin/../lib/gcc/arm-none-eabi/7.3.1/../../../../arm-none-eabi/lib/thumb/v7e-m/fpv4-sp/hard\libc_nano.a(lib_a-nano-svfprintf.o)
                0x000000000800edc8                _svfiprintf_r
                0x000000000800edc8                _svfprintf_r
 .text._printf_common
                0x000000000800efb8       0xea c:/st/stm32cubeide_1.5.0/stm32cubeide/plugins/com.st.stm32cube.ide.mcu.externaltools.gnu-tools-for-stm32.7-2018-q2-update.win32_1.5.0.202011040924/tools/bin/../lib/gcc/arm-none-eabi/7.3.1/../../../../arm-none-eabi/lib/thumb/v7e-m/fpv4-sp/hard\libc_nano.a(lib_a-nano-vfprintf_i.o)
                0x000000000800efb8                _printf_common
 *fill*         0x000000000800f0a2        0x2 
 .text._printf_i
                0x000000000800f0a4      0x224 c:/st/stm32cubeide_1.5.0/stm32cubeide/plugins/com.st.stm32cube.ide.mcu.externaltools.gnu-tools-for-stm32.7-2018-q2-update.win32_1.5.0.202011040924/tools/bin/../lib/gcc/arm-none-eabi/7.3.1/../../../../arm-none-eabi/lib/thumb/v7e-m/fpv4-sp/hard\libc_nano.a(lib_a-nano-vfprintf_i.o)
                0x000000000800f0a4                _printf_i
 .text.memmove  0x000000000800f2c8       0x32 c:/st/stm32cubeide_1.5.0/stm32cubeide/plugins/com.st.stm32cube.ide.mcu.externaltools.gnu-tools-for-stm32.7-2018-q2-update.win32_1.5.0.202011040924/tools/bin/../lib/gcc/arm-none-eabi/7.3.1/../../../../arm-none-eabi/lib/thumb/v7e-m/fpv4-sp/hard\libc_nano.a(lib_a-memmove.o)
                0x000000000800f2c8                memmove
 .text._realloc_r
                0x000000000800f2fa       0x4c c:/st/stm32cubeide_1.5.0/stm32cubeide/plugins/com.st.stm32cube.ide.mcu.externaltools.gnu-tools-for-stm32.7-2018-q2-update.win32_1.5.0.202011040924/tools/bin/../lib/gcc/arm-none-eabi/7.3.1/../../../../arm-none-eabi/lib/thumb/v7e-m/fpv4-sp/hard\libc_nano.a(lib_a-nano-reallocr.o)
                0x000000000800f2fa                _realloc_r
 .text._malloc_usable_size_r
                0x000000000800f346       0x10 c:/st/stm32cubeide_1.5.0/stm32cubeide/plugins/com.st.stm32cube.ide.mcu.externaltools.gnu-tools-for-stm32.7-2018-q2-update.win32_1.5.0.202011040924/tools/bin/../lib/gcc/arm-none-eabi/7.3.1/../../../../arm-none-eabi/lib/thumb/v7e-m/fpv4-sp/hard\libc_nano.a(lib_a-nano-msizer.o)
                0x000000000800f346                _malloc_usable_size_r
 *fill*         0x000000000800f356        0x2 
 .text.fmod     0x000000000800f358       0xc8 c:/st/stm32cubeide_1.5.0/stm32cubeide/plugins/com.st.stm32cube.ide.mcu.externaltools.gnu-tools-for-stm32.7-2018-q2-update.win32_1.5.0.202011040924/tools/bin/../lib/gcc/arm-none-eabi/7.3.1/../../../../arm-none-eabi/lib/thumb/v7e-m/fpv4-sp/hard\libm.a(lib_a-w_fmod.o)
                0x000000000800f358                fmod
 .text.__ieee754_fmod
                0x000000000800f420      0x224 c:/st/stm32cubeide_1.5.0/stm32cubeide/plugins/com.st.stm32cube.ide.mcu.externaltools.gnu-tools-for-stm32.7-2018-q2-update.win32_1.5.0.202011040924/tools/bin/../lib/gcc/arm-none-eabi/7.3.1/../../../../arm-none-eabi/lib/thumb/v7e-m/fpv4-sp/hard\libm.a(lib_a-e_fmod.o)
                0x000000000800f420                __ieee754_fmod
 .text.matherr  0x000000000800f644        0x4 c:/st/stm32cubeide_1.5.0/stm32cubeide/plugins/com.st.stm32cube.ide.mcu.externaltools.gnu-tools-for-stm32.7-2018-q2-update.win32_1.5.0.202011040924/tools/bin/../lib/gcc/arm-none-eabi/7.3.1/../../../../arm-none-eabi/lib/thumb/v7e-m/fpv4-sp/hard\libm.a(lib_a-s_matherr.o)
                0x000000000800f644                matherr
 *(.glue_7)
 .glue_7        0x000000000800f648        0x0 linker stubs
 *(.glue_7t)
 .glue_7t       0x000000000800f648        0x0 linker stubs
 *(.eh_frame)
 .eh_frame      0x000000000800f648        0x0 c:/st/stm32cubeide_1.5.0/stm32cubeide/plugins/com.st.stm32cube.ide.mcu.externaltools.gnu-tools-for-stm32.7-2018-q2-update.win32_1.5.0.202011040924/tools/bin/../lib/gcc/arm-none-eabi/7.3.1/thumb/v7e-m/fpv4-sp/hard/crtbegin.o
 *(.init)
 .init          0x000000000800f648        0x4 c:/st/stm32cubeide_1.5.0/stm32cubeide/plugins/com.st.stm32cube.ide.mcu.externaltools.gnu-tools-for-stm32.7-2018-q2-update.win32_1.5.0.202011040924/tools/bin/../lib/gcc/arm-none-eabi/7.3.1/thumb/v7e-m/fpv4-sp/hard/crti.o
                0x000000000800f648                _init
 .init          0x000000000800f64c        0x8 c:/st/stm32cubeide_1.5.0/stm32cubeide/plugins/com.st.stm32cube.ide.mcu.externaltools.gnu-tools-for-stm32.7-2018-q2-update.win32_1.5.0.202011040924/tools/bin/../lib/gcc/arm-none-eabi/7.3.1/thumb/v7e-m/fpv4-sp/hard/crtn.o
 *(.fini)
 .fini          0x000000000800f654        0x4 c:/st/stm32cubeide_1.5.0/stm32cubeide/plugins/com.st.stm32cube.ide.mcu.externaltools.gnu-tools-for-stm32.7-2018-q2-update.win32_1.5.0.202011040924/tools/bin/../lib/gcc/arm-none-eabi/7.3.1/thumb/v7e-m/fpv4-sp/hard/crti.o
                0x000000000800f654                _fini
 .fini          0x000000000800f658        0x8 c:/st/stm32cubeide_1.5.0/stm32cubeide/plugins/com.st.stm32cube.ide.mcu.externaltools.gnu-tools-for-stm32.7-2018-q2-update.win32_1.5.0.202011040924/tools/bin/../lib/gcc/arm-none-eabi/7.3.1/thumb/v7e-m/fpv4-sp/hard/crtn.o
                0x000000000800f660                . = ALIGN (0x4)
                0x000000000800f660                _etext = .

.vfp11_veneer   0x000000000800f660        0x0
 .vfp11_veneer  0x000000000800f660        0x0 linker stubs

.v4_bx          0x000000000800f660        0x0
 .v4_bx         0x000000000800f660        0x0 linker stubs

.iplt           0x000000000800f660        0x0
 .iplt          0x000000000800f660        0x0 c:/st/stm32cubeide_1.5.0/stm32cubeide/plugins/com.st.stm32cube.ide.mcu.externaltools.gnu-tools-for-stm32.7-2018-q2-update.win32_1.5.0.202011040924/tools/bin/../lib/gcc/arm-none-eabi/7.3.1/thumb/v7e-m/fpv4-sp/hard/crtbegin.o

.rodata         0x000000000800f660      0x880
                0x000000000800f660                . = ALIGN (0x4)
 *(.rodata)
 .rodata        0x000000000800f660        0xf Core/Src/AESK_Gps_lib.o
 *fill*         0x000000000800f66f        0x1 
 .rodata        0x000000000800f670        0xf Core/Src/SIM800MQTT.o
 *fill*         0x000000000800f67f        0x1 
 .rodata        0x000000000800f680      0x357 Core/Src/main.o
 *fill*         0x000000000800f9d7        0x1 
 .rodata        0x000000000800f9d8       0x48 Middlewares/Third_Party/FatFs/src/ff.o
 *(.rodata*)
 .rodata.AHBPrescTable
                0x000000000800fa20       0x10 Core/Src/system_stm32f4xx.o
                0x000000000800fa20                AHBPrescTable
 .rodata.APBPrescTable
                0x000000000800fa30        0x8 Core/Src/system_stm32f4xx.o
                0x000000000800fa30                APBPrescTable
 .rodata.flagBitshiftOffset.8764
                0x000000000800fa38        0x8 Drivers/STM32F4xx_HAL_Driver/Src/stm32f4xx_hal_dma.o
 .rodata.SD_Driver
                0x000000000800fa40       0x14 FATFS/Target/sd_diskio.o
                0x000000000800fa40                SD_Driver
 .rodata.ExCvt  0x000000000800fa54       0x80 Middlewares/Third_Party/FatFs/src/ff.o
 .rodata.LfnOfs
                0x000000000800fad4        0xd Middlewares/Third_Party/FatFs/src/ff.o
 *fill*         0x000000000800fae1        0x3 
 .rodata.Tbl    0x000000000800fae4      0x100 Middlewares/Third_Party/FatFs/src/option/ccsbcs.o
 .rodata.cvt1.9515
                0x000000000800fbe4      0x1f2 Middlewares/Third_Party/FatFs/src/option/ccsbcs.o
 *fill*         0x000000000800fdd6        0x2 
 .rodata.cvt2.9516
                0x000000000800fdd8       0xbc Middlewares/Third_Party/FatFs/src/option/ccsbcs.o
 .rodata._svfprintf_r.str1.1
                0x000000000800fe94       0x11 c:/st/stm32cubeide_1.5.0/stm32cubeide/plugins/com.st.stm32cube.ide.mcu.externaltools.gnu-tools-for-stm32.7-2018-q2-update.win32_1.5.0.202011040924/tools/bin/../lib/gcc/arm-none-eabi/7.3.1/../../../../arm-none-eabi/lib/thumb/v7e-m/fpv4-sp/hard\libc_nano.a(lib_a-nano-svfprintf.o)
 .rodata._printf_i.str1.1
                0x000000000800fea5       0x22 c:/st/stm32cubeide_1.5.0/stm32cubeide/plugins/com.st.stm32cube.ide.mcu.externaltools.gnu-tools-for-stm32.7-2018-q2-update.win32_1.5.0.202011040924/tools/bin/../lib/gcc/arm-none-eabi/7.3.1/../../../../arm-none-eabi/lib/thumb/v7e-m/fpv4-sp/hard\libc_nano.a(lib_a-nano-vfprintf_i.o)
 .rodata.fmod.str1.1
                0x000000000800fec7        0x5 c:/st/stm32cubeide_1.5.0/stm32cubeide/plugins/com.st.stm32cube.ide.mcu.externaltools.gnu-tools-for-stm32.7-2018-q2-update.win32_1.5.0.202011040924/tools/bin/../lib/gcc/arm-none-eabi/7.3.1/../../../../arm-none-eabi/lib/thumb/v7e-m/fpv4-sp/hard\libm.a(lib_a-w_fmod.o)
 *fill*         0x000000000800fecc        0x4 
 .rodata.Zero   0x000000000800fed0       0x10 c:/st/stm32cubeide_1.5.0/stm32cubeide/plugins/com.st.stm32cube.ide.mcu.externaltools.gnu-tools-for-stm32.7-2018-q2-update.win32_1.5.0.202011040924/tools/bin/../lib/gcc/arm-none-eabi/7.3.1/../../../../arm-none-eabi/lib/thumb/v7e-m/fpv4-sp/hard\libm.a(lib_a-e_fmod.o)
                0x000000000800fee0                . = ALIGN (0x4)

.ARM.extab      0x000000000800fee0        0x0
                0x000000000800fee0                . = ALIGN (0x4)
 *(.ARM.extab* .gnu.linkonce.armextab.*)
                0x000000000800fee0                . = ALIGN (0x4)

.ARM            0x000000000800fee0        0x8
                0x000000000800fee0                . = ALIGN (0x4)
                0x000000000800fee0                __exidx_start = .
 *(.ARM.exidx*)
 .ARM.exidx     0x000000000800fee0        0x8 c:/st/stm32cubeide_1.5.0/stm32cubeide/plugins/com.st.stm32cube.ide.mcu.externaltools.gnu-tools-for-stm32.7-2018-q2-update.win32_1.5.0.202011040924/tools/bin/../lib/gcc/arm-none-eabi/7.3.1/thumb/v7e-m/fpv4-sp/hard\libgcc.a(_udivmoddi4.o)
                0x000000000800fee8                __exidx_end = .
                0x000000000800fee8                . = ALIGN (0x4)

.rel.dyn        0x000000000800fee8        0x0
 .rel.iplt      0x000000000800fee8        0x0 c:/st/stm32cubeide_1.5.0/stm32cubeide/plugins/com.st.stm32cube.ide.mcu.externaltools.gnu-tools-for-stm32.7-2018-q2-update.win32_1.5.0.202011040924/tools/bin/../lib/gcc/arm-none-eabi/7.3.1/thumb/v7e-m/fpv4-sp/hard/crtbegin.o

.preinit_array  0x000000000800fee8        0x0
                0x000000000800fee8                . = ALIGN (0x4)
                0x000000000800fee8                PROVIDE (__preinit_array_start = .)
 *(.preinit_array*)
                0x000000000800fee8                PROVIDE (__preinit_array_end = .)
                0x000000000800fee8                . = ALIGN (0x4)

.init_array     0x000000000800fee8        0x4
                0x000000000800fee8                . = ALIGN (0x4)
                0x000000000800fee8                PROVIDE (__init_array_start = .)
 *(SORT_BY_NAME(.init_array.*))
 *(.init_array*)
 .init_array    0x000000000800fee8        0x4 c:/st/stm32cubeide_1.5.0/stm32cubeide/plugins/com.st.stm32cube.ide.mcu.externaltools.gnu-tools-for-stm32.7-2018-q2-update.win32_1.5.0.202011040924/tools/bin/../lib/gcc/arm-none-eabi/7.3.1/thumb/v7e-m/fpv4-sp/hard/crtbegin.o
                0x000000000800feec                PROVIDE (__init_array_end = .)
                0x000000000800feec                . = ALIGN (0x4)

.fini_array     0x000000000800feec        0x4
                0x000000000800feec                . = ALIGN (0x4)
                [!provide]                        PROVIDE (__fini_array_start = .)
 *(SORT_BY_NAME(.fini_array.*))
 *(.fini_array*)
 .fini_array    0x000000000800feec        0x4 c:/st/stm32cubeide_1.5.0/stm32cubeide/plugins/com.st.stm32cube.ide.mcu.externaltools.gnu-tools-for-stm32.7-2018-q2-update.win32_1.5.0.202011040924/tools/bin/../lib/gcc/arm-none-eabi/7.3.1/thumb/v7e-m/fpv4-sp/hard/crtbegin.o
                [!provide]                        PROVIDE (__fini_array_end = .)
                0x000000000800fef0                . = ALIGN (0x4)
                0x000000000800fef0                _sidata = LOADADDR (.data)

.data           0x0000000020000000       0xcc load address 0x000000000800fef0
                0x0000000020000000                . = ALIGN (0x4)
                0x0000000020000000                _sdata = .
 *(.data)
 *(.data*)
 .data.connectData
                0x0000000020000000       0x58 Core/Src/main.o
                0x0000000020000000                connectData
 .data.SystemCoreClock
                0x0000000020000058        0x4 Core/Src/system_stm32f4xx.o
                0x0000000020000058                SystemCoreClock
 .data.uwTickPrio
                0x000000002000005c        0x4 Drivers/STM32F4xx_HAL_Driver/Src/stm32f4xx_hal.o
                0x000000002000005c                uwTickPrio
 .data.uwTickFreq
                0x0000000020000060        0x1 Drivers/STM32F4xx_HAL_Driver/Src/stm32f4xx_hal.o
                0x0000000020000060                uwTickFreq
 .data.Stat     0x0000000020000061        0x1 FATFS/Target/sd_diskio.o
 *fill*         0x0000000020000062        0x2 
 .data._impure_ptr
                0x0000000020000064        0x4 c:/st/stm32cubeide_1.5.0/stm32cubeide/plugins/com.st.stm32cube.ide.mcu.externaltools.gnu-tools-for-stm32.7-2018-q2-update.win32_1.5.0.202011040924/tools/bin/../lib/gcc/arm-none-eabi/7.3.1/../../../../arm-none-eabi/lib/thumb/v7e-m/fpv4-sp/hard\libc_nano.a(lib_a-impure.o)
                0x0000000020000064                _impure_ptr
 .data.impure_data
                0x0000000020000068       0x60 c:/st/stm32cubeide_1.5.0/stm32cubeide/plugins/com.st.stm32cube.ide.mcu.externaltools.gnu-tools-for-stm32.7-2018-q2-update.win32_1.5.0.202011040924/tools/bin/../lib/gcc/arm-none-eabi/7.3.1/../../../../arm-none-eabi/lib/thumb/v7e-m/fpv4-sp/hard\libc_nano.a(lib_a-impure.o)
 .data.__fdlib_version
                0x00000000200000c8        0x1 c:/st/stm32cubeide_1.5.0/stm32cubeide/plugins/com.st.stm32cube.ide.mcu.externaltools.gnu-tools-for-stm32.7-2018-q2-update.win32_1.5.0.202011040924/tools/bin/../lib/gcc/arm-none-eabi/7.3.1/../../../../arm-none-eabi/lib/thumb/v7e-m/fpv4-sp/hard\libm.a(lib_a-s_lib_ver.o)
                0x00000000200000c8                __fdlib_version
 *(.RamFunc)
 *(.RamFunc*)
                0x00000000200000cc                . = ALIGN (0x4)
 *fill*         0x00000000200000c9        0x3 
                0x00000000200000cc                _edata = .

.igot.plt       0x00000000200000cc        0x0 load address 0x000000000800ffbc
 .igot.plt      0x00000000200000cc        0x0 c:/st/stm32cubeide_1.5.0/stm32cubeide/plugins/com.st.stm32cube.ide.mcu.externaltools.gnu-tools-for-stm32.7-2018-q2-update.win32_1.5.0.202011040924/tools/bin/../lib/gcc/arm-none-eabi/7.3.1/thumb/v7e-m/fpv4-sp/hard/crtbegin.o
                0x00000000200000cc                . = ALIGN (0x4)

.bss            0x00000000200000cc     0x5094 load address 0x000000000800ffbc
                0x00000000200000cc                _sbss = .
                0x00000000200000cc                __bss_start__ = _sbss
 *(.bss)
 .bss           0x00000000200000cc       0x1c c:/st/stm32cubeide_1.5.0/stm32cubeide/plugins/com.st.stm32cube.ide.mcu.externaltools.gnu-tools-for-stm32.7-2018-q2-update.win32_1.5.0.202011040924/tools/bin/../lib/gcc/arm-none-eabi/7.3.1/thumb/v7e-m/fpv4-sp/hard/crtbegin.o
 *(.bss*)
 .bss.SetTime   0x00000000200000e8        0x4 Core/Src/main.o
                0x00000000200000e8                SetTime
 .bss.SetDate   0x00000000200000ec        0x4 Core/Src/main.o
                0x00000000200000ec                SetDate
 .bss.topicString
                0x00000000200000f0        0xc Core/Src/main.o
                0x00000000200000f0                topicString
 .bss.task_counter_80_ms.11863
                0x00000000200000fc        0x4 Core/Src/main.o
 .bss.task_counter_50_ms.11862
                0x0000000020000100        0x4 Core/Src/main.o
 .bss.task_counter_500_ms.11864
                0x0000000020000104        0x4 Core/Src/main.o
 .bss.task_counter_5_sn.11865
                0x0000000020000108        0x4 Core/Src/main.o
 .bss.cifsr_control.11869
                0x000000002000010c        0x1 Core/Src/main.o
 *fill*         0x000000002000010d        0x3 
 .bss.driver_can_ID_1_counter.12031
                0x0000000020000110        0x4 Core/Src/main.o
 .bss.driver_can_ID_2_counter.12032
                0x0000000020000114        0x4 Core/Src/main.o
 .bss.driver_can_ID_3_counter.12033
                0x0000000020000118        0x4 Core/Src/main.o
 .bss.bms_can_ID_1_counter.12025
                0x000000002000011c        0x4 Core/Src/main.o
 .bss.bms_can_ID_2_counter.12026
                0x0000000020000120        0x4 Core/Src/main.o
 .bss.bms_can_ID_3_counter.12027
                0x0000000020000124        0x4 Core/Src/main.o
 .bss.bms_can_ID_4_counter.12028
                0x0000000020000128        0x4 Core/Src/main.o
 .bss.bms_can_ID_5_counter.12029
                0x000000002000012c        0x4 Core/Src/main.o
 .bss.bms_can_ID_6_counter.12030
                0x0000000020000130        0x4 Core/Src/main.o
 .bss.vcu_can_ID_1_counter.12024
                0x0000000020000134        0x4 Core/Src/main.o
 .bss.HAL_RCC_CAN1_CLK_ENABLED
                0x0000000020000138        0x4 Core/Src/stm32f4xx_hal_msp.o
 .bss.__sbrk_heap_end
                0x000000002000013c        0x4 Core/Src/sysmem.o
 .bss.FatFs     0x0000000020000140        0x4 Middlewares/Third_Party/FatFs/src/ff.o
 .bss.Fsid      0x0000000020000144        0x2 Middlewares/Third_Party/FatFs/src/ff.o
 *fill*         0x0000000020000146        0x2 
 .bss.Files     0x0000000020000148       0x20 Middlewares/Third_Party/FatFs/src/ff.o
 .bss.LfnBuf    0x0000000020000168      0x200 Middlewares/Third_Party/FatFs/src/ff.o
 .bss.disk      0x0000000020000368        0xc Middlewares/Third_Party/FatFs/src/ff_gen_drv.o
                0x0000000020000368                disk
 .bss.__malloc_free_list
                0x0000000020000374        0x4 c:/st/stm32cubeide_1.5.0/stm32cubeide/plugins/com.st.stm32cube.ide.mcu.externaltools.gnu-tools-for-stm32.7-2018-q2-update.win32_1.5.0.202011040924/tools/bin/../lib/gcc/arm-none-eabi/7.3.1/../../../../arm-none-eabi/lib/thumb/v7e-m/fpv4-sp/hard\libc_nano.a(lib_a-nano-mallocr.o)
                0x0000000020000374                __malloc_free_list
 .bss.__malloc_sbrk_start
                0x0000000020000378        0x4 c:/st/stm32cubeide_1.5.0/stm32cubeide/plugins/com.st.stm32cube.ide.mcu.externaltools.gnu-tools-for-stm32.7-2018-q2-update.win32_1.5.0.202011040924/tools/bin/../lib/gcc/arm-none-eabi/7.3.1/../../../../arm-none-eabi/lib/thumb/v7e-m/fpv4-sp/hard\libc_nano.a(lib_a-nano-mallocr.o)
                0x0000000020000378                __malloc_sbrk_start
 *(COMMON)
 COMMON         0x000000002000037c     0x2d6c Core/Src/main.o
                0x000000002000037c                hdma_sdio_rx
                0x00000000200003dc                hdma_usart2_rx
                0x000000002000043c                time_task
                0x0000000020000440                huart3
                0x0000000020000480                driver_states
                0x0000000020000484                sTime
                0x0000000020000498                rtcdate
                0x000000002000049c                sd_card_data
                0x00000000200028fc                aesk_can
                0x000000002000298c                gsm_data
                0x0000000020002bd0                xbee_data
                0x0000000020002ca0                hcan2
                0x0000000020002cc8                huart1
                0x0000000020002d08                lyradata
                0x0000000020002db8                sDate
                0x0000000020002dbc                hrtc
                0x0000000020002ddc                hdma_sdio_tx
                0x0000000020002e3c                htim6
                0x0000000020002e7c                gps_data
                0x0000000020002fe8                hsd
                0x000000002000306c                rtctime
                0x0000000020003080                huart2
                0x00000000200030c0                hcan1
 COMMON         0x00000000200030e8        0x4 Drivers/STM32F4xx_HAL_Driver/Src/stm32f4xx_hal.o
                0x00000000200030e8                uwTick
 COMMON         0x00000000200030ec     0x2070 FATFS/App/fatfs.o
                0x00000000200030ec                retSD
                0x00000000200030f0                SDPath
                0x00000000200030f4                SDFile
                0x0000000020004124                SDFatFS
 COMMON         0x000000002000515c        0x4 c:/st/stm32cubeide_1.5.0/stm32cubeide/plugins/com.st.stm32cube.ide.mcu.externaltools.gnu-tools-for-stm32.7-2018-q2-update.win32_1.5.0.202011040924/tools/bin/../lib/gcc/arm-none-eabi/7.3.1/../../../../arm-none-eabi/lib/thumb/v7e-m/fpv4-sp/hard\libc_nano.a(lib_a-reent.o)
                0x000000002000515c                errno
                0x0000000020005160                . = ALIGN (0x4)
                0x0000000020005160                _ebss = .
                0x0000000020005160                __bss_end__ = _ebss

._user_heap_stack
                0x0000000020005160      0x600 load address 0x000000000800ffbc
                0x0000000020005160                . = ALIGN (0x8)
                [!provide]                        PROVIDE (end = .)
                0x0000000020005160                PROVIDE (_end = .)
                0x0000000020005360                . = (. + _Min_Heap_Size)
 *fill*         0x0000000020005160      0x200 
                0x0000000020005760                . = (. + _Min_Stack_Size)
 *fill*         0x0000000020005360      0x400 
                0x0000000020005760                . = ALIGN (0x8)

/DISCARD/
 libc.a(*)
 libm.a(*)
 libgcc.a(*)

.ARM.attributes
                0x0000000000000000       0x30
 *(.ARM.attributes)
 .ARM.attributes
                0x0000000000000000       0x22 c:/st/stm32cubeide_1.5.0/stm32cubeide/plugins/com.st.stm32cube.ide.mcu.externaltools.gnu-tools-for-stm32.7-2018-q2-update.win32_1.5.0.202011040924/tools/bin/../lib/gcc/arm-none-eabi/7.3.1/thumb/v7e-m/fpv4-sp/hard/crti.o
 .ARM.attributes
                0x0000000000000022       0x34 c:/st/stm32cubeide_1.5.0/stm32cubeide/plugins/com.st.stm32cube.ide.mcu.externaltools.gnu-tools-for-stm32.7-2018-q2-update.win32_1.5.0.202011040924/tools/bin/../lib/gcc/arm-none-eabi/7.3.1/thumb/v7e-m/fpv4-sp/hard/crtbegin.o
 .ARM.attributes
                0x0000000000000056       0x39 Core/Src/AESK_CAN_Library.o
 .ARM.attributes