<html>
<body>
<pre>
<h1>µVision Build Log</h1>
<h2>Tool Versions:</h2>
IDE-Version: µVision V5.32.0.0
Copyright (C) 2020 ARM Ltd and ARM Germany GmbH. All rights reserved.
License Information: Joseph Star, YILDIZ Technical University, LIC=TIVFW-Q9ZVZ-11EPY-I04A2-RM73A-NN9D2
 
Tool Versions:
Toolchain:       MDK-ARM Plus  Version: 5.32.0.0
Toolchain Path:  D:\Program Files\Keil_v5\ARM\ARMCC\Bin
C Compiler:      Armcc.exe V5.06 update 7 (build 960)
Assembler:       Armasm.exe V5.06 update 7 (build 960)
Linker/Locator:  ArmLink.exe V5.06 update 7 (build 960)
Library Manager: ArmAr.exe V5.06 update 7 (build 960)
Hex Converter:   FromElf.exe V5.06 update 7 (build 960)
CPU DLL:         SARMCM3.DLL V5.32.0.0
Dialog DLL:      DCM.DLL V1.17.3.0
Target DLL:      STLink\ST-LINKIII-KEIL_SWO.dll V3.0.8.0
Dialog DLL:      TCM.DLL V1.46.0.0
 
<h2>Project:</h2>
C:\Users\JosephStar\Documents\GitHub\Telemetry\Lyra\Aesk_Lyra_Telemetry_System_2020_Keil\MDK-ARM\Aesk_Lyra_Telemetry_System_2020_Keil.uvprojx
Project File Date:  01/28/2021

<h2>Output:</h2>
  
Warning: *** SUPPORT EXPIRED, NEW PRODUCT SERIAL NUMBER REQUIRED ***
         *** Running with Code Size Limit: 32K                   ***
*** Using Compiler 'V5.06 update 7 (build 960)', folder: 'D:\Program Files\Keil_v5\ARM\ARMCC\Bin'
Rebuild target 'Aesk_Lyra_Telemetry_System_2020_Keil'
assembling startup_stm32f412rx.s...
compiling AESK_Data_Pack_lib.c...
compiling AESK_Gps_lib.c...
compiling bsp_driver_sd.c...
../Src/bsp_driver_sd.c(177): warning:  #177-D: variable "sd_state"  was declared but never referenced
  	uint8_t sd_state = MSD_OK;
../Src/bsp_driver_sd.c: 1 warning, 0 errors
compiling stm32f4xx_it.c...
compiling main.c...
compiling SIM800MQTT.c...
compiling sd_diskio.c...
compiling stm32f4xx_hal_msp.c...
compiling AESK_CAN_Library.c...
compiling fatfs.c...
compiling stm32f4xx_hal_can.c...
compiling stm32f4xx_hal_rcc.c...
compiling stm32f4xx_hal_flash.c...
compiling stm32f4xx_hal_pwr.c...
compiling stm32f4xx_hal_rcc_ex.c...
compiling stm32f4xx_hal_dma.c...
compiling stm32f4xx_hal_cortex.c...
compiling stm32f4xx_hal_flash_ramfunc.c...
compiling stm32f4xx_hal.c...
compiling stm32f4xx_hal_pwr_ex.c...
compiling stm32f4xx_hal_dma_ex.c...
compiling stm32f4xx_hal_gpio.c...
compiling stm32f4xx_hal_flash_ex.c...
compiling stm32f4xx_hal_exti.c...
compiling stm32f4xx_hal_rtc.c...
compiling stm32f4xx_hal_rtc_ex.c...
compiling system_stm32f4xx.c...
compiling diskio.c...
compiling stm32f4xx_hal_uart.c...
compiling stm32f4xx_hal_tim_ex.c...
compiling ff.c...
compiling stm32f4xx_hal_tim.c...
compiling stm32f4xx_ll_sdmmc.c...
compiling stm32f4xx_hal_sd.c...
compiling syscall.c...
compiling ff_gen_drv.c...
compiling ccsbcs.c...
linking...
Program Size: Code=35884 RO-data=2192 RW-data=204 ZI-data=13204  
FromELF: creating hex file...
"Aesk_Lyra_Telemetry_System_2020_Keil\Aesk_Lyra_Telemetry_System_2020_Keil.axf" - 0 Error(s), 2 Warning(s).

<h2>Software Packages used:</h2>

Package Vendor: ARM
                http://www.keil.com/pack/ARM.CMSIS.5.7.0.pack
                ARM.CMSIS.5.7.0
                CMSIS (Cortex Microcontroller Software Interface Standard)
   * Component: CORE Version: 5.4.0

Package Vendor: Keil
                http://www.keil.com/pack/Keil.STM32F4xx_DFP.2.15.0.pack
                Keil.STM32F4xx_DFP.2.15.0
                STMicroelectronics STM32F4 Series Device Support, Drivers and Examples

<h2>Collection of Component include folders:</h2>
  .\RTE\_Aesk_Lyra_Telemetry_System_2020_Keil
  C:\Users\JosephStar\AppData\Local\Arm\Packs\ARM\CMSIS\5.7.0\CMSIS\Core\Include
  C:\Users\JosephStar\AppData\Local\Arm\Packs\Keil\STM32F4xx_DFP\2.15.0\Drivers\CMSIS\Device\ST\STM32F4xx\Include

<h2>Collection of Component Files used:</h2>

   * Component: ARM::CMSIS:CORE:5.4.0
Build Time Elapsed:  00:00:28
</pre>
</body>
</html>
