Component: ARM Compiler 5.06 update 7 (build 960) Tool: armlink [4d3601]

==============================================================================

Section Cross References

    startup_stm32f412rx.o(RESET) refers to startup_stm32f412rx.o(STACK) for __initial_sp
    startup_stm32f412rx.o(RESET) refers to startup_stm32f412rx.o(.text) for Reset_Handler
    startup_stm32f412rx.o(RESET) refers to stm32f4xx_it.o(i.NMI_Handler) for NMI_Handler
    startup_stm32f412rx.o(RESET) refers to stm32f4xx_it.o(i.HardFault_Handler) for HardFault_Handler
    startup_stm32f412rx.o(RESET) refers to stm32f4xx_it.o(i.MemManage_Handler) for MemManage_Handler
    startup_stm32f412rx.o(RESET) refers to stm32f4xx_it.o(i.BusFault_Handler) for BusFault_Handler
    startup_stm32f412rx.o(RESET) refers to stm32f4xx_it.o(i.UsageFault_Handler) for UsageFault_Handler
    startup_stm32f412rx.o(RESET) refers to stm32f4xx_it.o(i.SVC_Handler) for SVC_Handler
    startup_stm32f412rx.o(RESET) refers to stm32f4xx_it.o(i.DebugMon_Handler) for DebugMon_Handler
    startup_stm32f412rx.o(RESET) refers to stm32f4xx_it.o(i.PendSV_Handler) for PendSV_Handler
    startup_stm32f412rx.o(RESET) refers to stm32f4xx_it.o(i.SysTick_Handler) for SysTick_Handler
    startup_stm32f412rx.o(RESET) refers to stm32f4xx_it.o(i.DMA1_Stream5_IRQHandler) for DMA1_Stream5_IRQHandler
    startup_stm32f412rx.o(RESET) refers to stm32f4xx_it.o(i.CAN1_RX0_IRQHandler) for CAN1_RX0_IRQHandler
    startup_stm32f412rx.o(RESET) refers to stm32f4xx_it.o(i.CAN1_RX1_IRQHandler) for CAN1_RX1_IRQHandler
    startup_stm32f412rx.o(RESET) refers to stm32f4xx_it.o(i.USART1_IRQHandler) for USART1_IRQHandler
    startup_stm32f412rx.o(RESET) refers to stm32f4xx_it.o(i.USART2_IRQHandler) for USART2_IRQHandler
    startup_stm32f412rx.o(RESET) refers to stm32f4xx_it.o(i.USART3_IRQHandler) for USART3_IRQHandler
    startup_stm32f412rx.o(RESET) refers to stm32f4xx_it.o(i.SDIO_IRQHandler) for SDIO_IRQHandler
    startup_stm32f412rx.o(RESET) refers to stm32f4xx_it.o(i.TIM6_IRQHandler) for TIM6_IRQHandler
    startup_stm32f412rx.o(RESET) refers to stm32f4xx_it.o(i.DMA2_Stream3_IRQHandler) for DMA2_Stream3_IRQHandler
    startup_stm32f412rx.o(RESET) refers to stm32f4xx_it.o(i.CAN2_RX0_IRQHandler) for CAN2_RX0_IRQHandler
    startup_stm32f412rx.o(RESET) refers to stm32f4xx_it.o(i.CAN2_RX1_IRQHandler) for CAN2_RX1_IRQHandler
    startup_stm32f412rx.o(RESET) refers to stm32f4xx_it.o(i.DMA2_Stream6_IRQHandler) for DMA2_Stream6_IRQHandler
    startup_stm32f412rx.o(.text) refers to system_stm32f4xx.o(i.SystemInit) for SystemInit
    startup_stm32f412rx.o(.text) refers to entry.o(.ARM.Collect$$$$00000000) for __main
    aesk_can_library.o(i.AESK_CAN_ExtIDListFilterConfiguration) refers to stm32f4xx_hal_can.o(i.HAL_CAN_ConfigFilter) for HAL_CAN_ConfigFilter
    aesk_can_library.o(i.AESK_CAN_ExtIDMaskFilterConfiguration) refers to stm32f4xx_hal_can.o(i.HAL_CAN_ConfigFilter) for HAL_CAN_ConfigFilter
    aesk_can_library.o(i.AESK_CAN_Init) refers to stm32f4xx_hal_can.o(i.HAL_CAN_ActivateNotification) for HAL_CAN_ActivateNotification
    aesk_can_library.o(i.AESK_CAN_Init) refers to stm32f4xx_hal_can.o(i.HAL_CAN_Start) for HAL_CAN_Start
    aesk_can_library.o(i.AESK_CAN_ReadExtIDMessage) refers to stm32f4xx_hal_can.o(i.HAL_CAN_GetRxMessage) for HAL_CAN_GetRxMessage
    aesk_can_library.o(i.AESK_CAN_ReadStdIDMessage) refers to stm32f4xx_hal_can.o(i.HAL_CAN_GetRxMessage) for HAL_CAN_GetRxMessage
    aesk_can_library.o(i.AESK_CAN_SendExtIDMessage) refers to stm32f4xx_hal_can.o(i.HAL_CAN_AddTxMessage) for HAL_CAN_AddTxMessage
    aesk_can_library.o(i.AESK_CAN_SendStdIDMessage) refers to stm32f4xx_hal_can.o(i.HAL_CAN_AddTxMessage) for HAL_CAN_AddTxMessage
    aesk_can_library.o(i.AESK_CAN_StdIDMaskFilterConfiguration) refers to stm32f4xx_hal_can.o(i.HAL_CAN_ConfigFilter) for HAL_CAN_ConfigFilter
    aesk_can_library.o(i.AESK_CAN_StdtIDListFilterConfiguration) refers to stm32f4xx_hal_can.o(i.HAL_CAN_ConfigFilter) for HAL_CAN_ConfigFilter
    aesk_gps_lib.o(i.AESK_Receive_Interrupt_Control) refers to stm32f4xx_hal_uart.o(i.HAL_UART_Receive_IT) for HAL_UART_Receive_IT
    aesk_gps_lib.o(i.CHECKSUM_Find) refers to strchr.o(.text) for strchr
    aesk_gps_lib.o(i.CHECKSUM_Find) refers to aesk_gps_lib.o(i.Hex2Int) for Hex2Int
    aesk_gps_lib.o(i.GPRMC_Parser) refers to strstr.o(.text) for strstr
    aesk_gps_lib.o(i.GPRMC_Parser) refers to aesk_gps_lib.o(i.NMEA_CheckSum) for NMEA_CheckSum
    aesk_gps_lib.o(i.GPRMC_Parser) refers to aesk_gps_lib.o(i.CHECKSUM_Find) for CHECKSUM_Find
    aesk_gps_lib.o(i.GPRMC_Parser) refers to aesk_gps_lib.o(i.Find_Comma_Address) for Find_Comma_Address
    aesk_gps_lib.o(i.GPRMC_Parser) refers to memcpya.o(.text) for __aeabi_memcpy
    aesk_gps_lib.o(i.GPRMC_Parser) refers to aesk_gps_lib.o(i.my_getnbr) for my_getnbr
    aesk_gps_lib.o(i.GPRMC_Parser) refers to dflti.o(.text) for __aeabi_i2d
    aesk_gps_lib.o(i.GPRMC_Parser) refers to dmul.o(.text) for __aeabi_dmul
[...]

    Global Symbols

    Symbol Name                              Value     Ov Type        Size  Object(Section)

    BuildAttributes$$THM_ISAv4$E$P$D$K$B$S$7EM$VFPi3$EXTD16$VFPS$VFMA$PE$A:L22UL41UL21$X:L11$S22US41US21$IEEE1$IW$USESV6$~STKCKD$USESV7$~SHL$OTIME$ROPI$IEEEX$EBA8$MICROLIB$REQ8$PRES8$EABIv2 0x00000000   Number         0  anon$$obj.o ABSOLUTE
    __ARM_use_no_argv                        0x00000000   Number         0  main.o ABSOLUTE
    _printf_a                                0x00000000   Number         0  stubs.o ABSOLUTE
    _printf_c                                0x00000000   Number         0  stubs.o ABSOLUTE
    _printf_charcount                        0x00000000   Number         0  stubs.o ABSOLUTE
    _printf_d                                0x00000000   Number         0  stubs.o ABSOLUTE
    _printf_e                                0x00000000   Number         0  stubs.o ABSOLUTE
    _printf_f                                0x00000000   Number         0  stubs.o ABSOLUTE
    _printf_flags                            0x00000000   Number         0  stubs.o ABSOLUTE
    _printf_fp_dec                           0x00000000   Number         0  stubs.o ABSOLUTE
    _printf_fp_hex                           0x00000000   Number         0  stubs.o ABSOLUTE
    _printf_g                                0x00000000   Number         0  stubs.o ABSOLUTE
    _printf_i                                0x00000000   Number         0  stubs.o ABSOLUTE
    _printf_int_dec                          0x00000000   Number         0  stubs.o ABSOLUTE
    _printf_l                                0x00000000   Number         0  stubs.o ABSOLUTE
    _printf_lc                               0x00000000   Number         0  stubs.o ABSOLUTE
    _printf_ll                               0x00000000   Number         0  stubs.o ABSOLUTE
    _printf_lld                              0x00000000   Number         0  stubs.o ABSOLUTE
    _printf_lli                              0x00000000   Number         0  stubs.o ABSOLUTE
    _printf_llo                              0x00000000   Number         0  stubs.o ABSOLUTE
    _printf_llu                              0x00000000   Number         0  stubs.o ABSOLUTE
    _printf_llx                              0x00000000   Number         0  stubs.o ABSOLUTE
    _printf_longlong_dec                     0x00000000   Number         0  stubs.o ABSOLUTE
    _printf_longlong_hex                     0x00000000   Number         0  stubs.o ABSOLUTE
    _printf_longlong_oct                     0x00000000   Number         0  stubs.o ABSOLUTE
    _printf_ls                               0x00000000   Number         0  stubs.o ABSOLUTE
    _printf_mbtowc                           0x00000000   Number         0  stubs.o ABSOLUTE
    _printf_n                                0x00000000   Number         0  stubs.o ABSOLUTE
    _printf_o                                0x00000000   Number         0  stubs.o ABSOLUTE
    _printf_p                                0x00000000   Number         0  stubs.o ABSOLUTE
    _printf_percent                          0x00000000   Number         0  stubs.o ABSOLUTE
    _printf_pre_padding                      0x00000000   Number         0  stubs.o ABSOLUTE
    _printf_return_value                     0x00000000   Number         0  stubs.o ABSOLUTE
    _printf_s                                0x00000000   Number         0  stubs.o ABSOLUTE
    _printf_sizespec                         0x00000000   Number         0  stubs.o ABSOLUTE
    _printf_str                              0x00000000   Number         0  stubs.o ABSOLUTE
    _printf_truncate_signed                  0x00000000   Number         0  stubs.o ABSOLUTE
    _printf_truncate_unsigned                0x00000000   Number         0  stubs.o ABSOLUTE
    _printf_u                                0x00000000   Number         0  stubs.o ABSOLUTE
    _printf_wc                               0x00000000   Number         0  stubs.o ABSOLUTE
    _printf_wctomb                           0x00000000   Number         0  stubs.o ABSOLUTE
    _printf_widthprec                        0x00000000   Number         0  stubs.o ABSOLUTE
    _printf_x                                0x00000000   Number         0  stubs.o ABSOLUTE
    __arm_fini_                               - Undefined Weak Reference
    __cpp_initialize__aeabi_                  - Undefined Weak Reference
    __cxa_finalize                            - Undefined Weak Reference
    __decompress                              - Undefined Weak Reference
    _clock_init                               - Undefined Weak Reference
    _microlib_exit                            - Undefined Weak Reference
    __Vectors_Size                           0x000001c4   Number         0  startup_stm32f412rx.o ABSOLUTE
    __Vectors                                0x08000000   Data           4  startup_stm32f412rx.o(RESET)
    __Vectors_End                            0x080001c4   Data           0  startup_stm32f412rx.o(RESET)
    __main                                   0x080001c5   Thumb Code     0  entry.o(.ARM.Collect$$$$00000000)
    _main_stk                                0x080001c5   Thumb Code     0  entry2.o(.ARM.Collect$$$$00000001)
    _main_scatterload                        0x080001c9   Thumb Code     0  entry5.o(.ARM.Collect$$$$00000004)
    __main_after_scatterload                 0x080001cd   Thumb Code     0  entry5.o(.ARM.Collect$$$$00000004)
    _main_clock                              0x080001cd   Thumb Code     0  entry7b.o(.ARM.Collect$$$$00000008)
    _main_cpp_init                           0x080001cd   Thumb Code     0  entry8b.o(.ARM.Collect$$$$0000000A)
    _main_init                               0x080001cd   Thumb Code     0  entry9a.o(.ARM.Collect$$$$0000000B)
    __rt_lib_shutdown_fini                   0x080001d5   Thumb Code     0  entry12b.o(.ARM.Collect$$$$0000000E)
    __rt_final_cpp                           0x080001d9   Thumb Code     0  entry10a.o(.ARM.Collect$$$$0000000F)
    __rt_final_exit                          0x080001d9   Thumb Code     0  entry11a.o(.ARM.Collect$$$$00000011)
    Reset_Handler                            0x080001dd   Thumb Code     8  startup_stm32f412rx.o(.text)
    ADC_IRQHandler                           0x080001f7   Thumb Code     0  startup_stm32f412rx.o(.text)
    CAN1_SCE_IRQHandler                      0x080001f7   Thumb Code     0  startup_stm32f412rx.o(.text)
    CAN1_TX_IRQHandler                       0x080001f7   Thumb Code     0  startup_stm32f412rx.o(.text)
    CAN2_SCE_IRQHandler                      0x080001f7   Thumb Code     0  startup_stm32f412rx.o(.text)
    CAN2_TX_IRQHandler                       0x080001f7   Thumb Code     0  startup_stm32f412rx.o(.text)
    DFSDM1_FLT0_IRQHandler                   0x080001f7   Thumb Code     0  startup_stm32f412rx.o(.text)
    DFSDM1_FLT1_IRQHandler                   0x080001f7   Thumb Code     0  startup_stm32f412rx.o(.text)
    DMA1_Stream0_IRQHandler                  0x080001f7   Thumb Code     0  startup_stm32f412rx.o(.text)
    DMA1_Stream1_IRQHandler                  0x080001f7   Thumb Code     0  startup_stm32f412rx.o(.text)
    DMA1_Stream2_IRQHandler                  0x080001f7   Thumb Code     0  startup_stm32f412rx.o(.text)
    DMA1_Stream3_IRQHandler                  0x080001f7   Thumb Code     0  startup_stm32f412rx.o(.text)
    DMA1_Stream4_IRQHandler                  0x080001f7   Thumb Code     0  startup_stm32f412rx.o(.text)
    DMA1_Stream6_IRQHandler                  0x080001f7   Thumb Code     0  startup_stm32f412rx.o(.text)
    DMA1_Stream7_IRQHandler                  0x080001f7   Thumb Code     0  startup_stm32f412rx.o(.text)
    DMA2_Stream0_IRQHandler                  0x080001f7   Thumb Code     0  startup_stm32f412rx.o(.text)
    DMA2_Stream1_IRQHandler                  0x080001f7   Thumb Code     0  startup_stm32f412rx.o(.text)
    DMA2_Stream2_IRQHandler                  0x080001f7   Thumb Code     0  startup_stm32f412rx.o(.text)
    DMA2_Stream4_IRQHandler                  0x080001f7   Thumb Code     0  startup_stm32f412rx.o(.text)
    DMA2_Stream5_IRQHandler                  0x080001f7   Thumb Code     0  startup_stm32f412rx.o(.text)
    DMA2_Stream7_IRQHandler                  0x080001f7   Thumb Code     0  startup_stm32f412rx.o(.text)
    EXTI0_IRQHandler                         0x080001f7   Thumb Code     0  startup_stm32f412rx.o(.text)
    EXTI15_10_IRQHandler                     0x080001f7   Thumb Code     0  startup_stm32f412rx.o(.text)
    EXTI1_IRQHandler                         0x080001f7   Thumb Code     0  startup_stm32f412rx.o(.text)
    EXTI2_IRQHandler                         0x080001f7   Thumb Code     0  startup_stm32f412rx.o(.text)
    EXTI3_IRQHandler                         0x080001f7   Thumb Code     0  startup_stm32f412rx.o(.text)
    EXTI4_IRQHandler                         0x080001f7   Thumb Code     0  startup_stm32f412rx.o(.text)
    EXTI9_5_IRQHandler                       0x080001f7   Thumb Code     0  startup_stm32f412rx.o(.text)
    FLASH_IRQHandler                         0x080001f7   Thumb Code     0  startup_stm32f412rx.o(.text)
    FMPI2C1_ER_IRQHandler                    0x080001f7   Thumb Code     0  startup_stm32f412rx.o(.text)
    FMPI2C1_EV_IRQHandler                    0x080001f7   Thumb Code     0  startup_stm32f412rx.o(.text)
    FPU_IRQHandler                           0x080001f7   Thumb Code     0  startup_stm32f412rx.o(.text)
    I2C1_ER_IRQHandler                       0x080001f7   Thumb Code     0  startup_stm32f412rx.o(.text)
    I2C1_EV_IRQHandler                       0x080001f7   Thumb Code     0  startup_stm32f412rx.o(.text)
    I2C2_ER_IRQHandler                       0x080001f7   Thumb Code     0  startup_stm32f412rx.o(.text)
    I2C2_EV_IRQHandler                       0x080001f7   Thumb Code     0  startup_stm32f412rx.o(.text)
    I2C3_ER_IRQHandler                       0x080001f7   Thumb Code     0  startup_stm32f412rx.o(.text)
    I2C3_EV_IRQHandler                       0x080001f7   Thumb Code     0  startup_stm32f412rx.o(.text)
    OTG_FS_IRQHandler                        0x080001f7   Thumb Code     0  startup_stm32f412rx.o(.text)
    OTG_FS_WKUP_IRQHandler                   0x080001f7   Thumb Code     0  startup_stm32f412rx.o(.text)
    PVD_IRQHandler                           0x080001f7   Thumb Code     0  startup_stm32f412rx.o(.text)
    QUADSPI_IRQHandler                       0x080001f7   Thumb Code     0  startup_stm32f412rx.o(.text)
    RCC_IRQHandler                           0x080001f7   Thumb Code     0  startup_stm32f412rx.o(.text)
    RNG_IRQHandler                           0x080001f7   Thumb Code     0  startup_stm32f412rx.o(.text)
    RTC_Alarm_IRQHandler                     0x080001f7   Thumb Code     0  startup_stm32f412rx.o(.text)
    RTC_WKUP_IRQHandler                      0x080001f7   Thumb Code     0  startup_stm32f412rx.o(.text)
    SPI1_IRQHandler                          0x080001f7   Thumb Code     0  startup_stm32f412rx.o(.text)
    SPI2_IRQHandler                          0x080001f7   Thumb Code     0  startup_stm32f412rx.o(.text)
    SPI3_IRQHandler                          0x080001f7   Thumb Code     0  startup_stm32f412rx.o(.text)
    SPI4_IRQHandler                          0x080001f7   Thumb Code     0  startup_stm32f412rx.o(.text)
    SPI5_IRQHandler                          0x080001f7   Thumb Code     0  startup_stm32f412rx.o(.text)
    TAMP_STAMP_IRQHandler                    0x080001f7   Thumb Code     0  startup_stm32f412rx.o(.text)
    TIM1_BRK_TIM9_IRQHandler                 0x080001f7   Thumb Code     0  startup_stm32f412rx.o(.text)
    TIM1_CC_IRQHandler                       0x080001f7   Thumb Code     0  startup_stm32f412rx.o(.text)
    TIM1_TRG_COM_TIM11_IRQHandler            0x080001f7   Thumb Code     0  startup_stm32f412rx.o(.text)
    TIM1_UP_TIM10_IRQHandler                 0x080001f7   Thumb Code     0  startup_stm32f412rx.o(.text)
    TIM2_IRQHandler                          0x080001f7   Thumb Code     0  startup_stm32f412rx.o(.text)
    TIM3_IRQHandler                          0x080001f7   Thumb Code     0  startup_stm32f412rx.o(.text)
    TIM4_IRQHandler                          0x080001f7   Thumb Code     0  startup_stm32f412rx.o(.text)
    TIM5_IRQHandler                          0x080001f7   Thumb Code     0  startup_stm32f412rx.o(.text)
    TIM7_IRQHandler                          0x080001f7   Thumb Code     0  startup_stm32f412rx.o(.text)
    TIM8_BRK_TIM12_IRQHandler                0x080001f7   Thumb Code     0  startup_stm32f412rx.o(.text)
    TIM8_CC_IRQHandler                       0x080001f7   Thumb Code     0  startup_stm32f412rx.o(.text)
    TIM8_TRG_COM_TIM14_IRQHandler            0x080001f7   Thumb Code     0  startup_stm32f412rx.o(.text)
    TIM8_UP_TIM13_IRQHandler                 0x080001f7   Thumb Code     0  startup_stm32f412rx.o(.text)
    USART6_IRQHandler                        0x080001f7   Thumb Code     0  startup_stm32f412rx.o(.text)
    WWDG_IRQHandler                          0x080001f7   Thumb Code     0  startup_stm32f412rx.o(.text)
    __aeabi_uldivmod                         0x08000201   Thumb Code    98  uldiv.o(.text)
    __aeabi_memcpy                           0x08000263   Thumb Code    36  memcpya.o(.text)
    __aeabi_memcpy4                          0x08000263   Thumb Code     0  memcpya.o(.text)
    __aeabi_memcpy8                          0x08000263   Thumb Code     0  memcpya.o(.text)
    __aeabi_memset                           0x08000287   Thumb Code    14  memseta.o(.text)
    __aeabi_memset4                          0x08000287   Thumb Code     0  memseta.o(.text)
    __aeabi_memset8                          0x08000287   Thumb Code     0  memseta.o(.text)
    __aeabi_memclr                           0x08000295   Thumb Code     4  memseta.o(.text)
    __aeabi_memclr4                          0x08000295   Thumb Code     0  memseta.o(.text)
    __aeabi_memclr8                          0x08000295   Thumb Code     0  memseta.o(.text)
    _memset$wrapper                          0x08000299   Thumb Code    18  memseta.o(.text)
    strcat                                   0x080002ab   Thumb Code    24  strcat.o(.text)
    strstr                                   0x080002c3   Thumb Code    36  strstr.o(.text)
    strchr                                   0x080002e7   Thumb Code    20  strchr.o(.text)
    strlen                                   0x080002fb   Thumb Code    14  strlen.o(.text)
    __aeabi_dadd                             0x08000309   Thumb Code   322  dadd.o(.text)
    __aeabi_dsub                             0x0800044b   Thumb Code     6  dadd.o(.text)
    __aeabi_drsub                            0x08000451   Thumb Code     6  dadd.o(.text)
    __aeabi_dmul                             0x08000457   Thumb Code   228  dmul.o(.text)
    __aeabi_ddiv                             0x0800053b   Thumb Code   222  ddiv.o(.text)
    __aeabi_i2d                              0x08000619   Thumb Code    34  dflti.o(.text)
    __aeabi_d2uiz                            0x0800063b   Thumb Code    50  dfixui.o(.text)
    __aeabi_f2d                              0x0800066d   Thumb Code    38  f2d.o(.text)
    __aeabi_d2f                              0x08000693   Thumb Code    56  d2f.o(.text)
    __aeabi_uidiv                            0x080006cb   Thumb Code     0  uidiv.o(.text)
    __aeabi_uidivmod                         0x080006cb   Thumb Code    44  uidiv.o(.text)
    __aeabi_llsl                             0x080006f7   Thumb Code    30  llshl.o(.text)
    _ll_shift_l                              0x080006f7   Thumb Code     0  llshl.o(.text)
    __aeabi_llsr                             0x08000715   Thumb Code    32  llushr.o(.text)
    _ll_ushift_r                             0x08000715   Thumb Code     0  llushr.o(.text)
    __aeabi_lasr                             0x08000735   Thumb Code    36  llsshr.o(.text)
    _ll_sshift_r                             0x08000735   Thumb Code     0  llsshr.o(.text)
    __I$use$fp                               0x08000759   Thumb Code     0  iusefp.o(.text)
    _float_round                             0x08000759   Thumb Code    18  fepilogue.o(.text)
    _float_epilogue                          0x0800076b   Thumb Code    92  fepilogue.o(.text)
    _double_round                            0x080007c7   Thumb Code    30  depilogue.o(.text)
    _double_epilogue                         0x080007e5   Thumb Code   156  depilogue.o(.text)
    _drem                                    0x08000881   Thumb Code   134  drem.o(.text)
    __aeabi_d2ulz                            0x08000907   Thumb Code    48  dfixul.o(.text)
    __aeabi_cdrcmple                         0x08000939   Thumb Code    48  cdrcmple.o(.text)
    __scatterload                            0x08000969   Thumb Code    28  init.o(.text)
    __scatterload_rt2                        0x08000969   Thumb Code     0  init.o(.text)
    AESK_CAN_ExtIDMaskFilterConfiguration    0x0800098d   Thumb Code    70  aesk_can_library.o(i.AESK_CAN_ExtIDMaskFilterConfiguration)
    AESK_CAN_Init                            0x080009d3   Thumb Code    26  aesk_can_library.o(i.AESK_CAN_Init)
    AESK_CAN_ReadExtIDMessage                0x080009ed   Thumb Code    24  aesk_can_library.o(i.AESK_CAN_ReadExtIDMessage)
    AESK_INT16toFLOAT_LE                     0x08000a05   Thumb Code    54  aesk_data_pack_lib.o(i.AESK_INT16toFLOAT_LE)
    AESK_INT16toUINT8_LE                     0x08000a3b   Thumb Code    24  aesk_data_pack_lib.o(i.AESK_INT16toUINT8_LE)
    AESK_INT8toUINT8CODE                     0x08000a53   Thumb Code    14  aesk_data_pack_lib.o(i.AESK_INT8toUINT8CODE)
    AESK_UINT16toFLOAT_LE                    0x08000a61   Thumb Code    54  aesk_data_pack_lib.o(i.AESK_UINT16toFLOAT_LE)
    AESK_UINT16toUINT8_LE                    0x08000a97   Thumb Code    24  aesk_data_pack_lib.o(i.AESK_UINT16toUINT8_LE)
    AESK_UINT32toUINT8_LE                    0x08000aaf   Thumb Code    40  aesk_data_pack_lib.o(i.AESK_UINT32toUINT8_LE)
    AESK_UINT8toINT8ENCODE                   0x08000ad7   Thumb Code    14  aesk_data_pack_lib.o(i.AESK_UINT8toINT8ENCODE)
    AESK_UINT8toUINT32_LE                    0x08000ae5   Thumb Code    40  aesk_data_pack_lib.o(i.AESK_UINT8toUINT32_LE)
    AESK_UINT8toUINT8CODE                    0x08000b0d   Thumb Code    14  aesk_data_pack_lib.o(i.AESK_UINT8toUINT8CODE)
    AESK_UINT8toUINT8ENCODE                  0x08000b1b   Thumb Code    14  aesk_data_pack_lib.o(i.AESK_UINT8toUINT8ENCODE)
    BSP_SD_AbortCallback                     0x08000b29   Thumb Code     2  bsp_driver_sd.o(i.BSP_SD_AbortCallback)
    BSP_SD_GetCardInfo                       0x08000b2d   Thumb Code     8  bsp_driver_sd.o(i.BSP_SD_GetCardInfo)
    BSP_SD_GetCardState                      0x08000b39   Thumb Code    20  bsp_driver_sd.o(i.BSP_SD_GetCardState)
    BSP_SD_Init                              0x08000b51   Thumb Code    24  bsp_driver_sd.o(i.BSP_SD_Init)
    BSP_SD_IsDetected                        0x08000b6d   Thumb Code    14  bsp_driver_sd.o(i.BSP_SD_IsDetected)
    BSP_SD_ReadBlocks_DMA                    0x08000b7d   Thumb Code    76  bsp_driver_sd.o(i.BSP_SD_ReadBlocks_DMA)
    BSP_SD_ReadCpltCallback                  0x08000bd1   Thumb Code     2  bsp_driver_sd.o(i.BSP_SD_ReadCpltCallback)
    BSP_SD_WriteBlocks_DMA                   0x08000bd5   Thumb Code    76  bsp_driver_sd.o(i.BSP_SD_WriteBlocks_DMA)
    BSP_SD_WriteCpltCallback                 0x08000c29   Thumb Code     2  bsp_driver_sd.o(i.BSP_SD_WriteCpltCallback)
    BusFault_Handler                         0x08000c2b   Thumb Code     6  stm32f4xx_it.o(i.BusFault_Handler)
    CAN1_RX0_IRQHandler                      0x08000c31   Thumb Code     6  stm32f4xx_it.o(i.CAN1_RX0_IRQHandler)
    CAN1_RX1_IRQHandler                      0x08000c3d   Thumb Code     6  stm32f4xx_it.o(i.CAN1_RX1_IRQHandler)
    CAN2_RX0_IRQHandler                      0x08000c49   Thumb Code     6  stm32f4xx_it.o(i.CAN2_RX0_IRQHandler)
    CAN2_RX1_IRQHandler                      0x08000c55   Thumb Code     6  stm32f4xx_it.o(i.CAN2_RX1_IRQHandler)
    CHECKSUM_Find                            0x08000c61   Thumb Code    38  aesk_gps_lib.o(i.CHECKSUM_Find)
    Can_Error_Control                        0x08000c89   Thumb Code   212  main.o(i.Can_Error_Control)
    DMA1_Stream5_IRQHandler                  0x08000d65   Thumb Code     6  stm32f4xx_it.o(i.DMA1_Stream5_IRQHandler)
    DMA2_Stream3_IRQHandler                  0x08000d71   Thumb Code     6  stm32f4xx_it.o(i.DMA2_Stream3_IRQHandler)
    DMA2_Stream6_IRQHandler                  0x08000d7d   Thumb Code     6  stm32f4xx_it.o(i.DMA2_Stream6_IRQHandler)
    DebugMon_Handler                         0x08000e2d   Thumb Code     2  stm32f4xx_it.o(i.DebugMon_Handler)
    Error_Handler                            0x08000e2f   Thumb Code     2  main.o(i.Error_Handler)
    FATFS_LinkDriver                         0x08000e31   Thumb Code     6  ff_gen_drv.o(i.FATFS_LinkDriver)
    FATFS_LinkDriverEx                       0x08000e39   Thumb Code    58  ff_gen_drv.o(i.FATFS_LinkDriverEx)
    Find_Comma_Address                       0x08000e79   Thumb Code    20  aesk_gps_lib.o(i.Find_Comma_Address)
    GPRMC_Parser                             0x08000e8d   Thumb Code   578  aesk_gps_lib.o(i.GPRMC_Parser)
    GPS_Control                              0x080010ed   Thumb Code    50  aesk_gps_lib.o(i.GPS_Control)
    Gsm_Calibration                          0x08001121   Thumb Code   452  main.o(i.Gsm_Calibration)
    HAL_CAN_ActivateNotification             0x080013fd   Thumb Code    36  stm32f4xx_hal_can.o(i.HAL_CAN_ActivateNotification)
    HAL_CAN_ConfigFilter                     0x08001421   Thumb Code   262  stm32f4xx_hal_can.o(i.HAL_CAN_ConfigFilter)
    HAL_CAN_ErrorCallback                    0x0800152d   Thumb Code     2  stm32f4xx_hal_can.o(i.HAL_CAN_ErrorCallback)
    HAL_CAN_GetRxMessage                     0x0800152f   Thumb Code   232  stm32f4xx_hal_can.o(i.HAL_CAN_GetRxMessage)
    HAL_CAN_IRQHandler                       0x08001617   Thumb Code   508  stm32f4xx_hal_can.o(i.HAL_CAN_IRQHandler)
    HAL_CAN_Init                             0x08001813   Thumb Code   282  stm32f4xx_hal_can.o(i.HAL_CAN_Init)
    HAL_CAN_MspInit                          0x0800192d   Thumb Code   256  stm32f4xx_hal_msp.o(i.HAL_CAN_MspInit)
    HAL_CAN_RxFifo0FullCallback              0x08001a45   Thumb Code     2  stm32f4xx_hal_can.o(i.HAL_CAN_RxFifo0FullCallback)
    HAL_CAN_RxFifo0MsgPendingCallback        0x08001a49   Thumb Code  1272  main.o(i.HAL_CAN_RxFifo0MsgPendingCallback)
    HAL_CAN_RxFifo1FullCallback              0x08001f45   Thumb Code     2  stm32f4xx_hal_can.o(i.HAL_CAN_RxFifo1FullCallback)
    HAL_CAN_RxFifo1MsgPendingCallback        0x08001f49   Thumb Code  1350  main.o(i.HAL_CAN_RxFifo1MsgPendingCallback)
    HAL_CAN_SleepCallback                    0x08002495   Thumb Code     2  stm32f4xx_hal_can.o(i.HAL_CAN_SleepCallback)
    HAL_CAN_Start                            0x08002499   Thumb Code    88  stm32f4xx_hal_can.o(i.HAL_CAN_Start)
    HAL_CAN_TxMailbox0AbortCallback          0x080024f1   Thumb Code     2  stm32f4xx_hal_can.o(i.HAL_CAN_TxMailbox0AbortCallback)
    HAL_CAN_TxMailbox0CompleteCallback       0x080024f3   Thumb Code     2  stm32f4xx_hal_can.o(i.HAL_CAN_TxMailbox0CompleteCallback)
    HAL_CAN_TxMailbox1AbortCallback          0x080024f5   Thumb Code     2  stm32f4xx_hal_can.o(i.HAL_CAN_TxMailbox1AbortCallback)
    HAL_CAN_TxMailbox1CompleteCallback       0x080024f7   Thumb Code     2  stm32f4xx_hal_can.o(i.HAL_CAN_TxMailbox1CompleteCallback)
    HAL_CAN_TxMailbox2AbortCallback          0x080024f9   Thumb Code     2  stm32f4xx_hal_can.o(i.HAL_CAN_TxMailbox2AbortCallback)
    HAL_CAN_TxMailbox2CompleteCallback       0x080024fb   Thumb Code     2  stm32f4xx_hal_can.o(i.HAL_CAN_TxMailbox2CompleteCallback)
    HAL_CAN_WakeUpFromRxMsgCallback          0x080024fd   Thumb Code     2  stm32f4xx_hal_can.o(i.HAL_CAN_WakeUpFromRxMsgCallback)
    HAL_DMA_Abort_IT                         0x080024ff   Thumb Code    36  stm32f4xx_hal_dma.o(i.HAL_DMA_Abort_IT)
    HAL_DMA_GetError                         0x08002523   Thumb Code     4  stm32f4xx_hal_dma.o(i.HAL_DMA_GetError)
    HAL_DMA_IRQHandler                       0x08002529   Thumb Code   412  stm32f4xx_hal_dma.o(i.HAL_DMA_IRQHandler)
    HAL_DMA_Init                             0x080026c9   Thumb Code   206  stm32f4xx_hal_dma.o(i.HAL_DMA_Init)
    HAL_DMA_Start_IT                         0x0800279d   Thumb Code   110  stm32f4xx_hal_dma.o(i.HAL_DMA_Start_IT)
    HAL_Delay                                0x0800280d   Thumb Code    32  stm32f4xx_hal.o(i.HAL_Delay)
    HAL_GPIO_Init                            0x08002831   Thumb Code   354  stm32f4xx_hal_gpio.o(i.HAL_GPIO_Init)
    HAL_GPIO_WritePin                        0x080029b1   Thumb Code    10  stm32f4xx_hal_gpio.o(i.HAL_GPIO_WritePin)
    HAL_GetTick                              0x080029bd   Thumb Code     6  stm32f4xx_hal.o(i.HAL_GetTick)
    HAL_IncTick                              0x080029c9   Thumb Code    12  stm32f4xx_hal.o(i.HAL_IncTick)
    HAL_Init                                 0x080029d9   Thumb Code    48  stm32f4xx_hal.o(i.HAL_Init)
    HAL_InitTick                             0x08002a0d   Thumb Code    54  stm32f4xx_hal.o(i.HAL_InitTick)
    HAL_MspInit                              0x08002a4d   Thumb Code    42  stm32f4xx_hal_msp.o(i.HAL_MspInit)
    HAL_NVIC_EnableIRQ                       0x08002a7d   Thumb Code    26  stm32f4xx_hal_cortex.o(i.HAL_NVIC_EnableIRQ)
    HAL_NVIC_SetPriority                     0x08002a99   Thumb Code    60  stm32f4xx_hal_cortex.o(i.HAL_NVIC_SetPriority)
    HAL_NVIC_SetPriorityGrouping             0x08002ad9   Thumb Code    26  stm32f4xx_hal_cortex.o(i.HAL_NVIC_SetPriorityGrouping)
    HAL_NVIC_SystemReset                     0x08002afd   Thumb Code    26  stm32f4xx_hal_cortex.o(i.HAL_NVIC_SystemReset)
    HAL_RCCEx_PeriphCLKConfig                0x08002b21   Thumb Code   574  stm32f4xx_hal_rcc_ex.o(i.HAL_RCCEx_PeriphCLKConfig)
    HAL_RCC_ClockConfig                      0x08002d81   Thumb Code   288  stm32f4xx_hal_rcc.o(i.HAL_RCC_ClockConfig)
    HAL_RCC_GetPCLK1Freq                     0x08002eb5   Thumb Code    20  stm32f4xx_hal_rcc.o(i.HAL_RCC_GetPCLK1Freq)
    HAL_RCC_GetPCLK2Freq                     0x08002ed5   Thumb Code    20  stm32f4xx_hal_rcc.o(i.HAL_RCC_GetPCLK2Freq)
    HAL_RCC_GetSysClockFreq                  0x08002ef5   Thumb Code    88  stm32f4xx_hal_rcc.o(i.HAL_RCC_GetSysClockFreq)
    HAL_RCC_OscConfig                        0x08002f59   Thumb Code   778  stm32f4xx_hal_rcc_ex.o(i.HAL_RCC_OscConfig)
    HAL_RTC_GetDate                          0x0800327d   Thumb Code    62  stm32f4xx_hal_rtc.o(i.HAL_RTC_GetDate)
    HAL_RTC_GetTime                          0x080032c1   Thumb Code    82  stm32f4xx_hal_rtc.o(i.HAL_RTC_GetTime)
    HAL_RTC_Init                             0x08003319   Thumb Code   166  stm32f4xx_hal_rtc.o(i.HAL_RTC_Init)
    HAL_RTC_MspInit                          0x080033c5   Thumb Code    16  stm32f4xx_hal_msp.o(i.HAL_RTC_MspInit)
    HAL_RTC_SetDate                          0x080033dd   Thumb Code   194  stm32f4xx_hal_rtc.o(i.HAL_RTC_SetDate)
    HAL_RTC_SetTime                          0x080034a5   Thumb Code   230  stm32f4xx_hal_rtc.o(i.HAL_RTC_SetTime)
    HAL_RTC_WaitForSynchro                   0x08003591   Thumb Code    54  stm32f4xx_hal_rtc.o(i.HAL_RTC_WaitForSynchro)
    HAL_SD_AbortCallback                     0x080035c7   Thumb Code     8  bsp_driver_sd.o(i.HAL_SD_AbortCallback)
    HAL_SD_ErrorCallback                     0x080035cf   Thumb Code     2  stm32f4xx_hal_sd.o(i.HAL_SD_ErrorCallback)
    HAL_SD_GetCardCSD                        0x080035d1   Thumb Code   402  stm32f4xx_hal_sd.o(i.HAL_SD_GetCardCSD)
    HAL_SD_GetCardInfo                       0x08003769   Thumb Code    36  stm32f4xx_hal_sd.o(i.HAL_SD_GetCardInfo)
    HAL_SD_GetCardState                      0x0800378d   Thumb Code    44  stm32f4xx_hal_sd.o(i.HAL_SD_GetCardState)
    HAL_SD_GetState                          0x080037b9   Thumb Code     6  stm32f4xx_hal_sd.o(i.HAL_SD_GetState)
    HAL_SD_IRQHandler                        0x080037c1   Thumb Code   496  stm32f4xx_hal_sd.o(i.HAL_SD_IRQHandler)
    HAL_SD_Init                              0x080039b9   Thumb Code    54  stm32f4xx_hal_sd.o(i.HAL_SD_Init)
    HAL_SD_InitCard                          0x080039f1   Thumb Code    78  stm32f4xx_hal_sd.o(i.HAL_SD_InitCard)
    HAL_SD_MspInit                           0x08003a45   Thumb Code   340  stm32f4xx_hal_msp.o(i.HAL_SD_MspInit)
    HAL_SD_ReadBlocks_DMA                    0x08003bb9   Thumb Code   286  stm32f4xx_hal_sd.o(i.HAL_SD_ReadBlocks_DMA)
    HAL_SD_RxCpltCallback                    0x08003ce9   Thumb Code     8  bsp_driver_sd.o(i.HAL_SD_RxCpltCallback)
    HAL_SD_TxCpltCallback                    0x08003cf1   Thumb Code     8  bsp_driver_sd.o(i.HAL_SD_TxCpltCallback)
    HAL_SD_WriteBlocks_DMA                   0x08003cf9   Thumb Code   288  stm32f4xx_hal_sd.o(i.HAL_SD_WriteBlocks_DMA)
    HAL_SYSTICK_Config                       0x08003e29   Thumb Code    40  stm32f4xx_hal_cortex.o(i.HAL_SYSTICK_Config)
    HAL_TIMEx_BreakCallback                  0x08003e51   Thumb Code     2  stm32f4xx_hal_tim_ex.o(i.HAL_TIMEx_BreakCallback)
    HAL_TIMEx_CommutCallback                 0x08003e53   Thumb Code     2  stm32f4xx_hal_tim_ex.o(i.HAL_TIMEx_CommutCallback)
    HAL_TIMEx_MasterConfigSynchronization    0x08003e55   Thumb Code   116  stm32f4xx_hal_tim_ex.o(i.HAL_TIMEx_MasterConfigSynchronization)
    HAL_TIM_Base_Init                        0x08003ee5   Thumb Code    54  stm32f4xx_hal_tim.o(i.HAL_TIM_Base_Init)
    HAL_TIM_Base_MspInit                     0x08003f1d   Thumb Code    50  stm32f4xx_hal_msp.o(i.HAL_TIM_Base_MspInit)
    HAL_TIM_Base_Start_IT                    0x08003f59   Thumb Code    34  stm32f4xx_hal_tim.o(i.HAL_TIM_Base_Start_IT)
    HAL_TIM_IC_CaptureCallback               0x08003f7b   Thumb Code     2  stm32f4xx_hal_tim.o(i.HAL_TIM_IC_CaptureCallback)
    HAL_TIM_IRQHandler                       0x08003f7d   Thumb Code   358  stm32f4xx_hal_tim.o(i.HAL_TIM_IRQHandler)
    HAL_TIM_OC_DelayElapsedCallback          0x080040e3   Thumb Code     2  stm32f4xx_hal_tim.o(i.HAL_TIM_OC_DelayElapsedCallback)
    HAL_TIM_PWM_PulseFinishedCallback        0x080040e5   Thumb Code     2  stm32f4xx_hal_tim.o(i.HAL_TIM_PWM_PulseFinishedCallback)
    HAL_TIM_PeriodElapsedCallback            0x080040e9   Thumb Code    96  main.o(i.HAL_TIM_PeriodElapsedCallback)
    HAL_TIM_TriggerCallback                  0x0800414d   Thumb Code     2  stm32f4xx_hal_tim.o(i.HAL_TIM_TriggerCallback)
    HAL_UART_AbortReceiveCpltCallback        0x0800414f   Thumb Code     2  stm32f4xx_hal_uart.o(i.HAL_UART_AbortReceiveCpltCallback)
    HAL_UART_AbortReceive_IT                 0x08004151   Thumb Code    88  stm32f4xx_hal_uart.o(i.HAL_UART_AbortReceive_IT)
    HAL_UART_ErrorCallback                   0x080041ad   Thumb Code     2  stm32f4xx_hal_uart.o(i.HAL_UART_ErrorCallback)
    HAL_UART_IRQHandler                      0x080041b1   Thumb Code   270  stm32f4xx_hal_uart.o(i.HAL_UART_IRQHandler)
    HAL_UART_Init                            0x080042c5   Thumb Code    98  stm32f4xx_hal_uart.o(i.HAL_UART_Init)
    HAL_UART_MspInit                         0x08004329   Thumb Code   348  stm32f4xx_hal_msp.o(i.HAL_UART_MspInit)
    HAL_UART_Receive_DMA                     0x080044a9   Thumb Code   138  stm32f4xx_hal_uart.o(i.HAL_UART_Receive_DMA)
    HAL_UART_Receive_IT                      0x08004541   Thumb Code    82  stm32f4xx_hal_uart.o(i.HAL_UART_Receive_IT)
    HAL_UART_RxCpltCallback                  0x08004595   Thumb Code   312  main.o(i.HAL_UART_RxCpltCallback)
    HAL_UART_RxHalfCpltCallback              0x080046e5   Thumb Code     2  stm32f4xx_hal_uart.o(i.HAL_UART_RxHalfCpltCallback)
    HAL_UART_Transmit                        0x080046e7   Thumb Code   186  stm32f4xx_hal_uart.o(i.HAL_UART_Transmit)
    HAL_UART_TxCpltCallback                  0x080047a1   Thumb Code     2  stm32f4xx_hal_uart.o(i.HAL_UART_TxCpltCallback)
    HardFault_Handler                        0x080047a3   Thumb Code     6  stm32f4xx_it.o(i.HardFault_Handler)
    Hex2Int                                  0x080047a9   Thumb Code    42  aesk_gps_lib.o(i.Hex2Int)
    MQTTPacket_encode                        0x080047d5   Thumb Code    42  sim800mqtt.o(i.MQTTPacket_encode)
    MQTTPacket_len                           0x08004801   Thumb Code    34  sim800mqtt.o(i.MQTTPacket_len)
    MQTTSerialize_connect                    0x08004829   Thumb Code   258  sim800mqtt.o(i.MQTTSerialize_connect)
    MQTTSerialize_connectLength              0x0800493d   Thumb Code   118  sim800mqtt.o(i.MQTTSerialize_connectLength)
    MQTTSerialize_publish                    0x080049b3   Thumb Code   134  sim800mqtt.o(i.MQTTSerialize_publish)
    MQTTSerialize_publishLength              0x08004a39   Thumb Code    30  sim800mqtt.o(i.MQTTSerialize_publishLength)
    MQTTstrlen                               0x08004a57   Thumb Code    14  sim800mqtt.o(i.MQTTstrlen)
    MX_FATFS_Init                            0x08004b29   Thumb Code    18  fatfs.o(i.MX_FATFS_Init)
    MemManage_Handler                        0x08004c69   Thumb Code     6  stm32f4xx_it.o(i.MemManage_Handler)
    NMEA_CheckSum                            0x08004c71   Thumb Code    30  aesk_gps_lib.o(i.NMEA_CheckSum)
    NMI_Handler                              0x08004c8f   Thumb Code     2  stm32f4xx_it.o(i.NMI_Handler)
    PendSV_Handler                           0x08004c91   Thumb Code     2  stm32f4xx_it.o(i.PendSV_Handler)
    RTC_Bcd2ToByte                           0x08004c93   Thumb Code    18  stm32f4xx_hal_rtc.o(i.RTC_Bcd2ToByte)
    RTC_ByteToBcd2                           0x08004ca5   Thumb Code    22  stm32f4xx_hal_rtc.o(i.RTC_ByteToBcd2)
    RTC_EnterInitMode                        0x08004cbd   Thumb Code    58  stm32f4xx_hal_rtc.o(i.RTC_EnterInitMode)
    RTC_Set_Time_Date                        0x08004cf9   Thumb Code    46  main.o(i.RTC_Set_Time_Date)
    SDIO_ConfigData                          0x08004d35   Thumb Code    36  stm32f4xx_ll_sdmmc.o(i.SDIO_ConfigData)
    SDIO_GetPowerState                       0x08004d59   Thumb Code     8  stm32f4xx_ll_sdmmc.o(i.SDIO_GetPowerState)
    SDIO_GetResponse                         0x08004d61   Thumb Code     6  stm32f4xx_ll_sdmmc.o(i.SDIO_GetResponse)
    SDIO_IRQHandler                          0x08004d69   Thumb Code     6  stm32f4xx_it.o(i.SDIO_IRQHandler)
    SDIO_Init                                0x08004d75   Thumb Code    36  stm32f4xx_ll_sdmmc.o(i.SDIO_Init)
    SDIO_PowerState_ON                       0x08004d99   Thumb Code    16  stm32f4xx_ll_sdmmc.o(i.SDIO_PowerState_ON)
    SDIO_ReadFIFO                            0x08004da9   Thumb Code     6  stm32f4xx_ll_sdmmc.o(i.SDIO_ReadFIFO)
    SDIO_SendCommand                         0x08004daf   Thumb Code    32  stm32f4xx_ll_sdmmc.o(i.SDIO_SendCommand)
    SDIO_WriteFIFO                           0x08004dcf   Thumb Code    10  stm32f4xx_ll_sdmmc.o(i.SDIO_WriteFIFO)
    SDMMC_CmdAppCommand                      0x08004dd9   Thumb Code    50  stm32f4xx_ll_sdmmc.o(i.SDMMC_CmdAppCommand)
    SDMMC_CmdAppOperCommand                  0x08004e0d   Thumb Code    48  stm32f4xx_ll_sdmmc.o(i.SDMMC_CmdAppOperCommand)
    SDMMC_CmdBlockLength                     0x08004e41   Thumb Code    50  stm32f4xx_ll_sdmmc.o(i.SDMMC_CmdBlockLength)
    SDMMC_CmdGoIdleState                     0x08004e75   Thumb Code    74  stm32f4xx_ll_sdmmc.o(i.SDMMC_CmdGoIdleState)
    SDMMC_CmdOperCond                        0x08004ec5   Thumb Code   112  stm32f4xx_ll_sdmmc.o(i.SDMMC_CmdOperCond)
    SDMMC_CmdReadMultiBlock                  0x08004f39   Thumb Code    50  stm32f4xx_ll_sdmmc.o(i.SDMMC_CmdReadMultiBlock)
    SDMMC_CmdReadSingleBlock                 0x08004f6b   Thumb Code    50  stm32f4xx_ll_sdmmc.o(i.SDMMC_CmdReadSingleBlock)
    SDMMC_CmdSelDesel                        0x08004f9d   Thumb Code    50  stm32f4xx_ll_sdmmc.o(i.SDMMC_CmdSelDesel)
    SDMMC_CmdSendCID                         0x08004fcf   Thumb Code    44  stm32f4xx_ll_sdmmc.o(i.SDMMC_CmdSendCID)
    SDMMC_CmdSendCSD                         0x08004ffb   Thumb Code    44  stm32f4xx_ll_sdmmc.o(i.SDMMC_CmdSendCSD)
    SDMMC_CmdSendStatus                      0x08005027   Thumb Code    50  stm32f4xx_ll_sdmmc.o(i.SDMMC_CmdSendStatus)
    SDMMC_CmdSetRelAdd                       0x08005059   Thumb Code    48  stm32f4xx_ll_sdmmc.o(i.SDMMC_CmdSetRelAdd)
    SDMMC_CmdStopTransfer                    0x08005089   Thumb Code    46  stm32f4xx_ll_sdmmc.o(i.SDMMC_CmdStopTransfer)
    SDMMC_CmdWriteMultiBlock                 0x080050bd   Thumb Code    50  stm32f4xx_ll_sdmmc.o(i.SDMMC_CmdWriteMultiBlock)
    SDMMC_CmdWriteSingleBlock                0x080050ef   Thumb Code    50  stm32f4xx_ll_sdmmc.o(i.SDMMC_CmdWriteSingleBlock)
    SD_initialize                            0x0800565d   Thumb Code    28  sd_diskio.o(i.SD_initialize)
    SD_ioctl                                 0x0800567d   Thumb Code    76  sd_diskio.o(i.SD_ioctl)
    SD_read                                  0x080056cd   Thumb Code    22  sd_diskio.o(i.SD_read)
    SD_status                                0x080056e3   Thumb Code     4  sd_diskio.o(i.SD_status)
    SD_write                                 0x080056e7   Thumb Code    22  sd_diskio.o(i.SD_write)
    SVC_Handler                              0x080056fd   Thumb Code     2  stm32f4xx_it.o(i.SVC_Handler)
    SendATCommand                            0x080056ff   Thumb Code    34  sim800mqtt.o(i.SendATCommand)
    SysTick_Handler                          0x08005721   Thumb Code     4  stm32f4xx_it.o(i.SysTick_Handler)
    SystemClock_Config                       0x08005725   Thumb Code   154  main.o(i.SystemClock_Config)
    SystemInit                               0x080057c9   Thumb Code    22  system_stm32f4xx.o(i.SystemInit)
    TIM6_IRQHandler                          0x080057e5   Thumb Code     6  stm32f4xx_it.o(i.TIM6_IRQHandler)
    TIM_Base_SetConfig                       0x080057f1   Thumb Code   156  stm32f4xx_hal_tim.o(i.TIM_Base_SetConfig)
    USART1_IRQHandler                        0x08005c21   Thumb Code     6  stm32f4xx_it.o(i.USART1_IRQHandler)
    USART2_IRQHandler                        0x08005c2d   Thumb Code     6  stm32f4xx_it.o(i.USART2_IRQHandler)
    USART3_IRQHandler                        0x08005c39   Thumb Code     6  stm32f4xx_it.o(i.USART3_IRQHandler)
    UsageFault_Handler                       0x08005c45   Thumb Code     6  stm32f4xx_it.o(i.UsageFault_Handler)
    __0sprintf                               0x08005c4d   Thumb Code    34  printfa.o(i.__0sprintf)
    __1sprintf                               0x08005c4d   Thumb Code     0  printfa.o(i.__0sprintf)
    __2sprintf                               0x08005c4d   Thumb Code     0  printfa.o(i.__0sprintf)
    __c89sprintf                             0x08005c4d   Thumb Code     0  printfa.o(i.__0sprintf)
    sprintf                                  0x08005c4d   Thumb Code     0  printfa.o(i.__0sprintf)
    __0vsprintf                              0x08005c75   Thumb Code    30  printfa.o(i.__0vsprintf)
    __1vsprintf                              0x08005c75   Thumb Code     0  printfa.o(i.__0vsprintf)
    __2vsprintf                              0x08005c75   Thumb Code     0  printfa.o(i.__0vsprintf)
    __c89vsprintf                            0x08005c75   Thumb Code     0  printfa.o(i.__0vsprintf)
    vsprintf                                 0x08005c75   Thumb Code     0  printfa.o(i.__0vsprintf)
    __hardfp_fmod                            0x08005cb9   Thumb Code   254  fmod.o(i.__hardfp_fmod)
    __mathlib_dbl_invalid                    0x08005dc1   Thumb Code    24  dunder.o(i.__mathlib_dbl_invalid)
    __scatterload_copy                       0x08005de1   Thumb Code    14  handlers.o(i.__scatterload_copy)
    __scatterload_null                       0x08005def   Thumb Code     2  handlers.o(i.__scatterload_null)
    __scatterload_zeroinit                   0x08005df1   Thumb Code    14  handlers.o(i.__scatterload_zeroinit)
    __set_errno                              0x08005e01   Thumb Code     6  errno.o(i.__set_errno)
    aeskCRCCalculator                        0x080066a1   Thumb Code    44  main.o(i.aeskCRCCalculator)
    convertDegMinToDecDeg                    0x08006889   Thumb Code    92  aesk_gps_lib.o(i.convertDegMinToDecDeg)
    createMQTTPackage                        0x080068f9   Thumb Code  1450  main.o(i.createMQTTPackage)
    createXBEEPackage                        0x08006ea5   Thumb Code   700  main.o(i.createXBEEPackage)
    disk_initialize                          0x08007895   Thumb Code    36  diskio.o(i.disk_initialize)
    disk_ioctl                               0x080078bd   Thumb Code    24  diskio.o(i.disk_ioctl)
    disk_read                                0x080078d9   Thumb Code    24  diskio.o(i.disk_read)
    disk_status                              0x080078f5   Thumb Code    18  diskio.o(i.disk_status)
    disk_write                               0x0800790d   Thumb Code    24  diskio.o(i.disk_write)
    f_close                                  0x08007929   Thumb Code    40  ff.o(i.f_close)
    f_mount                                  0x08007951   Thumb Code    84  ff.o(i.f_mount)
    f_open                                   0x080079a9   Thumb Code   534  ff.o(i.f_open)
    f_sync                                   0x08007bc5   Thumb Code   142  ff.o(i.f_sync)
    f_write                                  0x08007c53   Thumb Code   434  ff.o(i.f_write)
    ff_convert                               0x08007e05   Thumb Code    52  ccsbcs.o(i.ff_convert)
    ff_wtoupper                              0x08007e3d   Thumb Code   120  ccsbcs.o(i.ff_wtoupper)
    get_fattime                              0x08008331   Thumb Code     4  fatfs.o(i.get_fattime)
    main                                     0x08008439   Thumb Code  1294  main.o(i.main)
    my_getnbr                                0x080089b5   Thumb Code    60  aesk_gps_lib.o(i.my_getnbr)
    stof                                     0x08008bc9   Thumb Code    86  aesk_gps_lib.o(i.stof)
    vars_to_str                              0x08008d4f   Thumb Code    18  main.o(i.vars_to_str)
    writeCString                             0x08008d61   Thumb Code    40  sim800mqtt.o(i.writeCString)
    writeChar                                0x08008d89   Thumb Code    12  sim800mqtt.o(i.writeChar)
    writeInt                                 0x08008d95   Thumb Code    30  sim800mqtt.o(i.writeInt)
    writeMQTTString                          0x08008db3   Thumb Code    54  sim800mqtt.o(i.writeMQTTString)
    SD_Driver                                0x08008de8   Data          20  sd_diskio.o(.constdata)
    AHBPrescTable                            0x08008e04   Data          16  system_stm32f4xx.o(.constdata)
    APBPrescTable                            0x08008e14   Data           8  system_stm32f4xx.o(.constdata)
    Region$$Table$$Base                      0x08009494   Number         0  anon$$obj.o(Region$$Table)
    Region$$Table$$Limit                     0x080094b4   Number         0  anon$$obj.o(Region$$Table)
    time_task                                0x20000002   Data           2  main.o(.data)
    SetTime                                  0x20000004   Data           4  main.o(.data)
    SetDate                                  0x20000008   Data           4  main.o(.data)
    rtcdate                                  0x20000044   Data           4  main.o(.data)
    sDate                                    0x20000048   Data           4  main.o(.data)
    connectData                              0x2000004c   Data          88  main.o(.data)
    retSD                                    0x200000a5   Data           1  fatfs.o(.data)
    SDPath                                   0x200000a6   Data           4  fatfs.o(.data)
    uwTickFreq                               0x200000b0   Data           1  stm32f4xx_hal.o(.data)
    uwTickPrio                               0x200000b4   Data           4  stm32f4xx_hal.o(.data)
    uwTick                                   0x200000b8   Data           4  stm32f4xx_hal.o(.data)
    SystemCoreClock                          0x200000bc   Data           4  system_stm32f4xx.o(.data)
    topicString                              0x200000cc   Data          12  main.o(.bss)
    hcan1                                    0x200000d8   Data          40  main.o(.bss)
    hcan2                                    0x20000100   Data          40  main.o(.bss)
    hrtc                                     0x20000128   Data          32  main.o(.bss)
    hsd                                      0x20000148   Data         132  main.o(.bss)
    htim6                                    0x200001cc   Data          64  main.o(.bss)
    huart1                                   0x2000020c   Data          64  main.o(.bss)
    huart2                                   0x2000024c   Data          64  main.o(.bss)
    huart3                                   0x2000028c   Data          64  main.o(.bss)
    aesk_can                                 0x200002cc   Data         144  main.o(.bss)
    xbee_data                                0x2000035c   Data         206  main.o(.bss)
    gsm_data                                 0x2000042c   Data         580  main.o(.bss)
    lyradata                                 0x20000670   Data         176  main.o(.bss)
    sd_card_data                             0x20000720   Data        9312  main.o(.bss)
    gps_data                                 0x20002b80   Data         364  main.o(.bss)
    rtctime                                  0x20002cec   Data          20  main.o(.bss)
    sTime                                    0x20002d00   Data          20  main.o(.bss)
    hdma_sdio_tx                             0x20002d14   Data          96  main.o(.bss)
    hdma_sdio_rx                             0x20002d74   Data          96  main.o(.bss)
    hdma_usart2_rx                           0x20002dd4   Data          96  main.o(.bss)
    disk                                     0x20003054   Data          12  ff_gen_drv.o(.bss)
    __initial_sp                             0x20003460   Data           0  startup_stm32f412rx.o(STACK)



==============================================================================

Memory Map of the image

  Image Entry point : 0x080001c5

  Load Region LR_IROM1 (Base: 0x08000000, Size: 0x00009580, Max: 0x00080000, ABSOLUTE)

    Execution Region ER_IROM1 (Exec base: 0x08000000, Load base: 0x08000000, Size: 0x000094b4, Max: 0x00080000, ABSOLUTE)

    Exec Addr    Load Addr    Size         Type   Attr      Idx    E Section Name        Object

    0x08000000   0x08000000   0x000001c4   Data   RO            3    RESET               startup_stm32f412rx.o
    0x080001c4   0x080001c4   0x00000000   Code   RO         5343  * .ARM.Collect$$$$00000000  mc_w.l(entry.o)
    0x080001c4   0x080001c4   0x00000004   Code   RO         5651    .ARM.Collect$$$$00000001  mc_w.l(entry2.o)
    0x080001c8   0x080001c8   0x00000004   Code   RO         5654    .ARM.Collect$$$$00000004  mc_w.l(entry5.o)
    0x080001cc   0x080001cc   0x00000000   Code   RO         5656    .ARM.Collect$$$$00000008  mc_w.l(entry7b.o)
    0x080001cc   0x080001cc   0x00000000   Code   RO         5658    .ARM.Collect$$$$0000000A  mc_w.l(entry8b.o)
    0x080001cc   0x080001cc   0x00000008   Code   RO         5659    .ARM.Collect$$$$0000000B  mc_w.l(entry9a.o)
    0x080001d4   0x080001d4   0x00000004   Code   RO         5666    .ARM.Collect$$$$0000000E  mc_w.l(entry12b.o)
    0x080001d8   0x080001d8   0x00000000   Code   RO         5661    .ARM.Collect$$$$0000000F  mc_w.l(entry10a.o)
    0x080001d8   0x080001d8   0x00000000   Code   RO         5663    .ARM.Collect$$$$00000011  mc_w.l(entry11a.o)
    0x080001d8   0x080001d8   0x00000004   Code   RO         5652    .ARM.Collect$$$$00002712  mc_w.l(entry2.o)
    0x080001dc   0x080001dc   0x00000024   Code   RO            4    .text               startup_stm32f412rx.o
    0x08000200   0x08000200   0x00000062   Code   RO         5346    .text               mc_w.l(uldiv.o)
    0x08000262   0x08000262   0x00000024   Code   RO         5348    .text               mc_w.l(memcpya.o)
    0x08000286   0x08000286   0x00000024   Code   RO         5350    .text               mc_w.l(memseta.o)
    0x080002aa   0x080002aa   0x00000018   Code   RO         5352    .text               mc_w.l(strcat.o)
    0x080002c2   0x080002c2   0x00000024   Code   RO         5354    .text               mc_w.l(strstr.o)
    0x080002e6   0x080002e6   0x00000014   Code   RO         5356    .text               mc_w.l(strchr.o)
    0x080002fa   0x080002fa   0x0000000e   Code   RO         5358    .text               mc_w.l(strlen.o)
    0x08000308   0x08000308   0x0000014e   Code   RO         5623    .text               mf_w.l(dadd.o)
    0x08000456   0x08000456   0x000000e4   Code   RO         5625    .text               mf_w.l(dmul.o)
    0x0800053a   0x0800053a   0x000000de   Code   RO         5627    .text               mf_w.l(ddiv.o)
    0x08000618   0x08000618   0x00000022   Code   RO         5629    .text               mf_w.l(dflti.o)
    0x0800063a   0x0800063a   0x00000032   Code   RO         5631    .text               mf_w.l(dfixui.o)
    0x0800066c   0x0800066c   0x00000026   Code   RO         5633    .text               mf_w.l(f2d.o)
    0x08000692   0x08000692   0x00000038   Code   RO         5635    .text               mf_w.l(d2f.o)
    0x080006ca   0x080006ca   0x0000002c   Code   RO         5670    .text               mc_w.l(uidiv.o)
    0x080006f6   0x080006f6   0x0000001e   Code   RO         5672    .text               mc_w.l(llshl.o)
    0x08000714   0x08000714   0x00000020   Code   RO         5674    .text               mc_w.l(llushr.o)
    0x08000734   0x08000734   0x00000024   Code   RO         5676    .text               mc_w.l(llsshr.o)
    0x08000758   0x08000758   0x00000000   Code   RO         5685    .text               mc_w.l(iusefp.o)
    0x08000758   0x08000758   0x0000006e   Code   RO         5686    .text               mf_w.l(fepilogue.o)
    0x080007c6   0x080007c6   0x000000ba   Code   RO         5688    .text               mf_w.l(depilogue.o)
    0x08000880   0x08000880   0x00000086   Code   RO         5690    .text               mf_w.l(drem.o)
    0x08000906   0x08000906   0x00000030   Code   RO         5692    .text               mf_w.l(dfixul.o)
    0x08000936   0x08000936   0x00000002   PAD
    0x08000938   0x08000938   0x00000030   Code   RO         5694    .text               mf_w.l(cdrcmple.o)
    0x08000968   0x08000968   0x00000024   Code   RO         5696    .text               mc_w.l(init.o)
    0x0800098c   0x0800098c   0x00000046   Code   RO           14    i.AESK_CAN_ExtIDMaskFilterConfiguration  aesk_can_library.o
    0x080009d2   0x080009d2   0x0000001a   Code   RO           15    i.AESK_CAN_Init     aesk_can_library.o
    0x080009ec   0x080009ec   0x00000018   Code   RO           16    i.AESK_CAN_ReadExtIDMessage  aesk_can_library.o
    0x08000a04   0x08000a04   0x00000036   Code   RO          202    i.AESK_INT16toFLOAT_LE  aesk_data_pack_lib.o
    0x08000a3a   0x08000a3a   0x00000018   Code   RO          204    i.AESK_INT16toUINT8_LE  aesk_data_pack_lib.o
    0x08000a52   0x08000a52   0x0000000e   Code   RO          207    i.AESK_INT8toUINT8CODE  aesk_data_pack_lib.o
    0x08000a60   0x08000a60   0x00000036   Code   RO          209    i.AESK_UINT16toFLOAT_LE  aesk_data_pack_lib.o
    0x08000a96   0x08000a96   0x00000018   Code   RO          211    i.AESK_UINT16toUINT8_LE  aesk_data_pack_lib.o
    0x08000aae   0x08000aae   0x00000028   Code   RO          213    i.AESK_UINT32toUINT8_LE  aesk_data_pack_lib.o
    0x08000ad6   0x08000ad6   0x0000000e   Code   RO          222    i.AESK_UINT8toINT8ENCODE  aesk_data_pack_lib.o
    0x08000ae4   0x08000ae4   0x00000028   Code   RO          226    i.AESK_UINT8toUINT32_LE  aesk_data_pack_lib.o
    0x08000b0c   0x08000b0c   0x0000000e   Code   RO          227    i.AESK_UINT8toUINT8CODE  aesk_data_pack_lib.o
    0x08000b1a   0x08000b1a   0x0000000e   Code   RO          228    i.AESK_UINT8toUINT8ENCODE  aesk_data_pack_lib.o
    0x08000b28   0x08000b28   0x00000002   Code   RO          763    i.BSP_SD_AbortCallback  bsp_driver_sd.o
    0x08000b2a   0x08000b2a   0x00000002   PAD
    0x08000b2c   0x08000b2c   0x0000000c   Code   RO          766    i.BSP_SD_GetCardInfo  bsp_driver_sd.o
    0x08000b38   0x08000b38   0x00000018   Code   RO          767    i.BSP_SD_GetCardState  bsp_driver_sd.o
    0x08000b50   0x08000b50   0x0000001c   Code   RO          769    i.BSP_SD_Init       bsp_driver_sd.o
    0x08000b6c   0x08000b6c   0x0000000e   Code   RO          770    i.BSP_SD_IsDetected  bsp_driver_sd.o
    0x08000b7a   0x08000b7a   0x00000002   PAD
    0x08000b7c   0x08000b7c   0x00000054   Code   RO          772    i.BSP_SD_ReadBlocks_DMA  bsp_driver_sd.o
    0x08000bd0   0x08000bd0   0x00000002   Code   RO          773    i.BSP_SD_ReadCpltCallback  bsp_driver_sd.o
    0x08000bd2   0x08000bd2   0x00000002   PAD
    0x08000bd4   0x08000bd4   0x00000054   Code   RO          775    i.BSP_SD_WriteBlocks_DMA  bsp_driver_sd.o
    0x08000c28   0x08000c28   0x00000002   Code   RO          776    i.BSP_SD_WriteCpltCallback  bsp_driver_sd.o
    0x08000c2a   0x08000c2a   0x00000006   Code   RO          982    i.BusFault_Handler  stm32f4xx_it.o
    0x08000c30   0x08000c30   0x0000000c   Code   RO          983    i.CAN1_RX0_IRQHandler  stm32f4xx_it.o
    0x08000c3c   0x08000c3c   0x0000000c   Code   RO          984    i.CAN1_RX1_IRQHandler  stm32f4xx_it.o
    0x08000c48   0x08000c48   0x0000000c   Code   RO          985    i.CAN2_RX0_IRQHandler  stm32f4xx_it.o
    0x08000c54   0x08000c54   0x0000000c   Code   RO          986    i.CAN2_RX1_IRQHandler  stm32f4xx_it.o
    0x08000c60   0x08000c60   0x00000026   Code   RO          402    i.CHECKSUM_Find     aesk_gps_lib.o
    0x08000c86   0x08000c86   0x00000002   PAD
    0x08000c88   0x08000c88   0x000000dc   Code   RO          584    i.Can_Error_Control  main.o
    0x08000d64   0x08000d64   0x0000000c   Code   RO          987    i.DMA1_Stream5_IRQHandler  stm32f4xx_it.o
    0x08000d70   0x08000d70   0x0000000c   Code   RO          988    i.DMA2_Stream3_IRQHandler  stm32f4xx_it.o
    0x08000d7c   0x08000d7c   0x0000000c   Code   RO          989    i.DMA2_Stream6_IRQHandler  stm32f4xx_it.o
    0x08000d88   0x08000d88   0x00000028   Code   RO         1976    i.DMA_CalcBaseAndBitshift  stm32f4xx_hal_dma.o
    0x08000db0   0x08000db0   0x00000054   Code   RO         1977    i.DMA_CheckFifoParam  stm32f4xx_hal_dma.o
    0x08000e04   0x08000e04   0x00000028   Code   RO         1978    i.DMA_SetConfig     stm32f4xx_hal_dma.o
    0x08000e2c   0x08000e2c   0x00000002   Code   RO          990    i.DebugMon_Handler  stm32f4xx_it.o
    0x08000e2e   0x08000e2e   0x00000002   Code   RO          585    i.Error_Handler     main.o
    0x08000e30   0x08000e30   0x00000006   Code   RO         5228    i.FATFS_LinkDriver  ff_gen_drv.o
    0x08000e36   0x08000e36   0x00000002   PAD
    0x08000e38   0x08000e38   0x00000040   Code   RO         5229    i.FATFS_LinkDriverEx  ff_gen_drv.o
    0x08000e78   0x08000e78   0x00000014   Code   RO          403    i.Find_Comma_Address  aesk_gps_lib.o
    0x08000e8c   0x08000e8c   0x00000260   Code   RO          404    i.GPRMC_Parser      aesk_gps_lib.o
    0x080010ec   0x080010ec   0x00000032   Code   RO          405    i.GPS_Control       aesk_gps_lib.o
    0x0800111e   0x0800111e   0x00000002   PAD
    0x08001120   0x08001120   0x000002dc   Code   RO          586    i.Gsm_Calibration   main.o
    0x080013fc   0x080013fc   0x00000024   Code   RO         1218    i.HAL_CAN_ActivateNotification  stm32f4xx_hal_can.o
    0x08001420   0x08001420   0x0000010c   Code   RO         1220    i.HAL_CAN_ConfigFilter  stm32f4xx_hal_can.o
    0x0800152c   0x0800152c   0x00000002   Code   RO         1223    i.HAL_CAN_ErrorCallback  stm32f4xx_hal_can.o
    0x0800152e   0x0800152e   0x000000e8   Code   RO         1226    i.HAL_CAN_GetRxMessage  stm32f4xx_hal_can.o
    0x08001616   0x08001616   0x000001fc   Code   RO         1230    i.HAL_CAN_IRQHandler  stm32f4xx_hal_can.o
    0x08001812   0x08001812   0x0000011a   Code   RO         1231    i.HAL_CAN_Init      stm32f4xx_hal_can.o
    0x0800192c   0x0800192c   0x00000118   Code   RO         1131    i.HAL_CAN_MspInit   stm32f4xx_hal_msp.o
    0x08001a44   0x08001a44   0x00000002   Code   RO         1238    i.HAL_CAN_RxFifo0FullCallback  stm32f4xx_hal_can.o
    0x08001a46   0x08001a46   0x00000002   PAD
    0x08001a48   0x08001a48   0x000004fc   Code   RO          587    i.HAL_CAN_RxFifo0MsgPendingCallback  main.o
    0x08001f44   0x08001f44   0x00000002   Code   RO         1240    i.HAL_CAN_RxFifo1FullCallback  stm32f4xx_hal_can.o
    0x08001f46   0x08001f46   0x00000002   PAD
    0x08001f48   0x08001f48   0x0000054c   Code   RO          588    i.HAL_CAN_RxFifo1MsgPendingCallback  main.o
    0x08002494   0x08002494   0x00000002   Code   RO         1242    i.HAL_CAN_SleepCallback  stm32f4xx_hal_can.o
    0x08002496   0x08002496   0x00000002   PAD
    0x08002498   0x08002498   0x00000058   Code   RO         1243    i.HAL_CAN_Start     stm32f4xx_hal_can.o
    0x080024f0   0x080024f0   0x00000002   Code   RO         1245    i.HAL_CAN_TxMailbox0AbortCallback  stm32f4xx_hal_can.o
    0x080024f2   0x080024f2   0x00000002   Code   RO         1246    i.HAL_CAN_TxMailbox0CompleteCallback  stm32f4xx_hal_can.o
    0x080024f4   0x080024f4   0x00000002   Code   RO         1247    i.HAL_CAN_TxMailbox1AbortCallback  stm32f4xx_hal_can.o
    0x080024f6   0x080024f6   0x00000002   Code   RO         1248    i.HAL_CAN_TxMailbox1CompleteCallback  stm32f4xx_hal_can.o
    0x080024f8   0x080024f8   0x00000002   Code   RO         1249    i.HAL_CAN_TxMailbox2AbortCallback  stm32f4xx_hal_can.o
    0x080024fa   0x080024fa   0x00000002   Code   RO         1250    i.HAL_CAN_TxMailbox2CompleteCallback  stm32f4xx_hal_can.o
    0x080024fc   0x080024fc   0x00000002   Code   RO         1252    i.HAL_CAN_WakeUpFromRxMsgCallback  stm32f4xx_hal_can.o
    0x080024fe   0x080024fe   0x00000024   Code   RO         1980    i.HAL_DMA_Abort_IT  stm32f4xx_hal_dma.o
    0x08002522   0x08002522   0x00000004   Code   RO         1982    i.HAL_DMA_GetError  stm32f4xx_hal_dma.o
    0x08002526   0x08002526   0x00000002   PAD
    0x08002528   0x08002528   0x000001a0   Code   RO         1984    i.HAL_DMA_IRQHandler  stm32f4xx_hal_dma.o
    0x080026c8   0x080026c8   0x000000d4   Code   RO         1985    i.HAL_DMA_Init      stm32f4xx_hal_dma.o
    0x0800279c   0x0800279c   0x0000006e   Code   RO         1989    i.HAL_DMA_Start_IT  stm32f4xx_hal_dma.o
    0x0800280a   0x0800280a   0x00000002   PAD
    0x0800280c   0x0800280c   0x00000024   Code   RO         2422    i.HAL_Delay         stm32f4xx_hal.o
    0x08002830   0x08002830   0x00000180   Code   RO         1872    i.HAL_GPIO_Init     stm32f4xx_hal_gpio.o
    0x080029b0   0x080029b0   0x0000000a   Code   RO         1876    i.HAL_GPIO_WritePin  stm32f4xx_hal_gpio.o
    0x080029ba   0x080029ba   0x00000002   PAD
    0x080029bc   0x080029bc   0x0000000c   Code   RO         2428    i.HAL_GetTick       stm32f4xx_hal.o
    0x080029c8   0x080029c8   0x00000010   Code   RO         2434    i.HAL_IncTick       stm32f4xx_hal.o
    0x080029d8   0x080029d8   0x00000034   Code   RO         2435    i.HAL_Init          stm32f4xx_hal.o
    0x08002a0c   0x08002a0c   0x00000040   Code   RO         2436    i.HAL_InitTick      stm32f4xx_hal.o
    0x08002a4c   0x08002a4c   0x00000030   Code   RO         1132    i.HAL_MspInit       stm32f4xx_hal_msp.o
    0x08002a7c   0x08002a7c   0x0000001a   Code   RO         2285    i.HAL_NVIC_EnableIRQ  stm32f4xx_hal_cortex.o
    0x08002a96   0x08002a96   0x00000002   PAD
    0x08002a98   0x08002a98   0x00000040   Code   RO         2291    i.HAL_NVIC_SetPriority  stm32f4xx_hal_cortex.o
    0x08002ad8   0x08002ad8   0x00000024   Code   RO         2292    i.HAL_NVIC_SetPriorityGrouping  stm32f4xx_hal_cortex.o
    0x08002afc   0x08002afc   0x00000024   Code   RO         2293    i.HAL_NVIC_SystemReset  stm32f4xx_hal_cortex.o
    0x08002b20   0x08002b20   0x00000260   Code   RO         1557    i.HAL_RCCEx_PeriphCLKConfig  stm32f4xx_hal_rcc_ex.o
    0x08002d80   0x08002d80   0x00000134   Code   RO         1452    i.HAL_RCC_ClockConfig  stm32f4xx_hal_rcc.o
    0x08002eb4   0x08002eb4   0x00000020   Code   RO         1459    i.HAL_RCC_GetPCLK1Freq  stm32f4xx_hal_rcc.o
    0x08002ed4   0x08002ed4   0x00000020   Code   RO         1460    i.HAL_RCC_GetPCLK2Freq  stm32f4xx_hal_rcc.o
    0x08002ef4   0x08002ef4   0x00000064   Code   RO         1461    i.HAL_RCC_GetSysClockFreq  stm32f4xx_hal_rcc.o
    0x08002f58   0x08002f58   0x00000324   Code   RO         1561    i.HAL_RCC_OscConfig  stm32f4xx_hal_rcc_ex.o
    0x0800327c   0x0800327c   0x00000044   Code   RO         2678    i.HAL_RTC_GetDate   stm32f4xx_hal_rtc.o
    0x080032c0   0x080032c0   0x00000058   Code   RO         2680    i.HAL_RTC_GetTime   stm32f4xx_hal_rtc.o
    0x08003318   0x08003318   0x000000ac   Code   RO         2681    i.HAL_RTC_Init      stm32f4xx_hal_rtc.o
    0x080033c4   0x080033c4   0x00000018   Code   RO         1134    i.HAL_RTC_MspInit   stm32f4xx_hal_msp.o
    0x080033dc   0x080033dc   0x000000c8   Code   RO         2687    i.HAL_RTC_SetDate   stm32f4xx_hal_rtc.o
    0x080034a4   0x080034a4   0x000000ec   Code   RO         2688    i.HAL_RTC_SetTime   stm32f4xx_hal_rtc.o
    0x08003590   0x08003590   0x00000036   Code   RO         2689    i.HAL_RTC_WaitForSynchro  stm32f4xx_hal_rtc.o
    0x080035c6   0x080035c6   0x00000008   Code   RO          777    i.HAL_SD_AbortCallback  bsp_driver_sd.o
    0x080035ce   0x080035ce   0x00000002   Code   RO         3308    i.HAL_SD_ErrorCallback  stm32f4xx_hal_sd.o
    0x080035d0   0x080035d0   0x00000198   Code   RO         3310    i.HAL_SD_GetCardCSD  stm32f4xx_hal_sd.o
    0x08003768   0x08003768   0x00000024   Code   RO         3311    i.HAL_SD_GetCardInfo  stm32f4xx_hal_sd.o
    0x0800378c   0x0800378c   0x0000002c   Code   RO         3312    i.HAL_SD_GetCardState  stm32f4xx_hal_sd.o
    0x080037b8   0x080037b8   0x00000006   Code   RO         3315    i.HAL_SD_GetState   stm32f4xx_hal_sd.o
    0x080037be   0x080037be   0x00000002   PAD
    0x080037c0   0x080037c0   0x000001f8   Code   RO         3316    i.HAL_SD_IRQHandler  stm32f4xx_hal_sd.o
    0x080039b8   0x080039b8   0x00000036   Code   RO         3317    i.HAL_SD_Init       stm32f4xx_hal_sd.o
    0x080039ee   0x080039ee   0x00000002   PAD
    0x080039f0   0x080039f0   0x00000054   Code   RO         3318    i.HAL_SD_InitCard   stm32f4xx_hal_sd.o
    0x08003a44   0x08003a44   0x00000174   Code   RO         1136    i.HAL_SD_MspInit    stm32f4xx_hal_msp.o
    0x08003bb8   0x08003bb8   0x00000130   Code   RO         3322    i.HAL_SD_ReadBlocks_DMA  stm32f4xx_hal_sd.o
    0x08003ce8   0x08003ce8   0x00000008   Code   RO          778    i.HAL_SD_RxCpltCallback  bsp_driver_sd.o
    0x08003cf0   0x08003cf0   0x00000008   Code   RO          779    i.HAL_SD_TxCpltCallback  bsp_driver_sd.o
    0x08003cf8   0x08003cf8   0x00000130   Code   RO         3327    i.HAL_SD_WriteBlocks_DMA  stm32f4xx_hal_sd.o
    0x08003e28   0x08003e28   0x00000028   Code   RO         2296    i.HAL_SYSTICK_Config  stm32f4xx_hal_cortex.o
    0x08003e50   0x08003e50   0x00000002   Code   RO         4204    i.HAL_TIMEx_BreakCallback  stm32f4xx_hal_tim_ex.o
    0x08003e52   0x08003e52   0x00000002   Code   RO         4205    i.HAL_TIMEx_CommutCallback  stm32f4xx_hal_tim_ex.o
    0x08003e54   0x08003e54   0x00000090   Code   RO         4222    i.HAL_TIMEx_MasterConfigSynchronization  stm32f4xx_hal_tim_ex.o
    0x08003ee4   0x08003ee4   0x00000036   Code   RO         3529    i.HAL_TIM_Base_Init  stm32f4xx_hal_tim.o
    0x08003f1a   0x08003f1a   0x00000002   PAD
    0x08003f1c   0x08003f1c   0x0000003c   Code   RO         1138    i.HAL_TIM_Base_MspInit  stm32f4xx_hal_msp.o
    0x08003f58   0x08003f58   0x00000022   Code   RO         3534    i.HAL_TIM_Base_Start_IT  stm32f4xx_hal_tim.o
    0x08003f7a   0x08003f7a   0x00000002   Code   RO         3558    i.HAL_TIM_IC_CaptureCallback  stm32f4xx_hal_tim.o
    0x08003f7c   0x08003f7c   0x00000166   Code   RO         3572    i.HAL_TIM_IRQHandler  stm32f4xx_hal_tim.o
    0x080040e2   0x080040e2   0x00000002   Code   RO         3575    i.HAL_TIM_OC_DelayElapsedCallback  stm32f4xx_hal_tim.o
    0x080040e4   0x080040e4   0x00000002   Code   RO         3602    i.HAL_TIM_PWM_PulseFinishedCallback  stm32f4xx_hal_tim.o
    0x080040e6   0x080040e6   0x00000002   PAD
    0x080040e8   0x080040e8   0x00000064   Code   RO          589    i.HAL_TIM_PeriodElapsedCallback  main.o
    0x0800414c   0x0800414c   0x00000002   Code   RO         3615    i.HAL_TIM_TriggerCallback  stm32f4xx_hal_tim.o
    0x0800414e   0x0800414e   0x00000002   Code   RO         4466    i.HAL_UART_AbortReceiveCpltCallback  stm32f4xx_hal_uart.o
    0x08004150   0x08004150   0x0000005c   Code   RO         4467    i.HAL_UART_AbortReceive_IT  stm32f4xx_hal_uart.o
    0x080041ac   0x080041ac   0x00000002   Code   RO         4476    i.HAL_UART_ErrorCallback  stm32f4xx_hal_uart.o
    0x080041ae   0x080041ae   0x00000002   PAD
    0x080041b0   0x080041b0   0x00000114   Code   RO         4479    i.HAL_UART_IRQHandler  stm32f4xx_hal_uart.o
    0x080042c4   0x080042c4   0x00000062   Code   RO         4480    i.HAL_UART_Init     stm32f4xx_hal_uart.o
    0x08004326   0x08004326   0x00000002   PAD
    0x08004328   0x08004328   0x00000180   Code   RO         1140    i.HAL_UART_MspInit  stm32f4xx_hal_msp.o
    0x080044a8   0x080044a8   0x00000098   Code   RO         4484    i.HAL_UART_Receive_DMA  stm32f4xx_hal_uart.o
    0x08004540   0x08004540   0x00000052   Code   RO         4485    i.HAL_UART_Receive_IT  stm32f4xx_hal_uart.o
    0x08004592   0x08004592   0x00000002   PAD
    0x08004594   0x08004594   0x00000150   Code   RO          590    i.HAL_UART_RxCpltCallback  main.o
    0x080046e4   0x080046e4   0x00000002   Code   RO         4487    i.HAL_UART_RxHalfCpltCallback  stm32f4xx_hal_uart.o
    0x080046e6   0x080046e6   0x000000ba   Code   RO         4488    i.HAL_UART_Transmit  stm32f4xx_hal_uart.o
    0x080047a0   0x080047a0   0x00000002   Code   RO         4491    i.HAL_UART_TxCpltCallback  stm32f4xx_hal_uart.o
    0x080047a2   0x080047a2   0x00000006   Code   RO          991    i.HardFault_Handler  stm32f4xx_it.o
    0x080047a8   0x080047a8   0x0000002a   Code   RO          406    i.Hex2Int           aesk_gps_lib.o
    0x080047d2   0x080047d2   0x00000002   PAD
    0x080047d4   0x080047d4   0x0000002a   Code   RO          489    i.MQTTPacket_encode  sim800mqtt.o
    0x080047fe   0x080047fe   0x00000002   PAD
    0x08004800   0x08004800   0x00000028   Code   RO          490    i.MQTTPacket_len    sim800mqtt.o
    0x08004828   0x08004828   0x00000114   Code   RO          491    i.MQTTSerialize_connect  sim800mqtt.o
    0x0800493c   0x0800493c   0x00000076   Code   RO          492    i.MQTTSerialize_connectLength  sim800mqtt.o
    0x080049b2   0x080049b2   0x00000086   Code   RO          493    i.MQTTSerialize_publish  sim800mqtt.o
    0x08004a38   0x08004a38   0x0000001e   Code   RO          494    i.MQTTSerialize_publishLength  sim800mqtt.o
    0x08004a56   0x08004a56   0x0000000e   Code   RO          495    i.MQTTstrlen        sim800mqtt.o
    0x08004a64   0x08004a64   0x00000034   Code   RO          591    i.MX_CAN1_Init      main.o
    0x08004a98   0x08004a98   0x00000034   Code   RO          592    i.MX_CAN2_Init      main.o
    0x08004acc   0x08004acc   0x0000005c   Code   RO          593    i.MX_DMA_Init       main.o
    0x08004b28   0x08004b28   0x0000001c   Code   RO          944    i.MX_FATFS_Init     fatfs.o
    0x08004b44   0x08004b44   0x00000100   Code   RO          594    i.MX_GPIO_Init      main.o
    0x08004c44   0x08004c44   0x00000024   Code   RO          595    i.MX_RTC_Init       main.o
    0x08004c68   0x08004c68   0x00000006   Code   RO          992    i.MemManage_Handler  stm32f4xx_it.o
    0x08004c6e   0x08004c6e   0x00000002   PAD
    0x08004c70   0x08004c70   0x0000001e   Code   RO          407    i.NMEA_CheckSum     aesk_gps_lib.o
    0x08004c8e   0x08004c8e   0x00000002   Code   RO          993    i.NMI_Handler       stm32f4xx_it.o
    0x08004c90   0x08004c90   0x00000002   Code   RO          994    i.PendSV_Handler    stm32f4xx_it.o
    0x08004c92   0x08004c92   0x00000012   Code   RO         2690    i.RTC_Bcd2ToByte    stm32f4xx_hal_rtc.o
    0x08004ca4   0x08004ca4   0x00000016   Code   RO         2691    i.RTC_ByteToBcd2    stm32f4xx_hal_rtc.o
    0x08004cba   0x08004cba   0x00000002   PAD
    0x08004cbc   0x08004cbc   0x0000003a   Code   RO         2692    i.RTC_EnterInitMode  stm32f4xx_hal_rtc.o
    0x08004cf6   0x08004cf6   0x00000002   PAD
    0x08004cf8   0x08004cf8   0x0000003c   Code   RO          596    i.RTC_Set_Time_Date  main.o
    0x08004d34   0x08004d34   0x00000024   Code   RO         3038    i.SDIO_ConfigData   stm32f4xx_ll_sdmmc.o
    0x08004d58   0x08004d58   0x00000008   Code   RO         3042    i.SDIO_GetPowerState  stm32f4xx_ll_sdmmc.o
    0x08004d60   0x08004d60   0x00000006   Code   RO         3043    i.SDIO_GetResponse  stm32f4xx_ll_sdmmc.o
    0x08004d66   0x08004d66   0x00000002   PAD
    0x08004d68   0x08004d68   0x0000000c   Code   RO          995    i.SDIO_IRQHandler   stm32f4xx_it.o
    0x08004d74   0x08004d74   0x00000024   Code   RO         3044    i.SDIO_Init         stm32f4xx_ll_sdmmc.o
    0x08004d98   0x08004d98   0x00000010   Code   RO         3046    i.SDIO_PowerState_ON  stm32f4xx_ll_sdmmc.o
    0x08004da8   0x08004da8   0x00000006   Code   RO         3047    i.SDIO_ReadFIFO     stm32f4xx_ll_sdmmc.o
    0x08004dae   0x08004dae   0x00000020   Code   RO         3048    i.SDIO_SendCommand  stm32f4xx_ll_sdmmc.o
    0x08004dce   0x08004dce   0x0000000a   Code   RO         3050    i.SDIO_WriteFIFO    stm32f4xx_ll_sdmmc.o
    0x08004dd8   0x08004dd8   0x00000032   Code   RO         3051    i.SDMMC_CmdAppCommand  stm32f4xx_ll_sdmmc.o
    0x08004e0a   0x08004e0a   0x00000002   PAD
    0x08004e0c   0x08004e0c   0x00000034   Code   RO         3052    i.SDMMC_CmdAppOperCommand  stm32f4xx_ll_sdmmc.o
    0x08004e40   0x08004e40   0x00000032   Code   RO         3053    i.SDMMC_CmdBlockLength  stm32f4xx_ll_sdmmc.o
    0x08004e72   0x08004e72   0x00000002   PAD
    0x08004e74   0x08004e74   0x00000050   Code   RO         3058    i.SDMMC_CmdGoIdleState  stm32f4xx_ll_sdmmc.o
    0x08004ec4   0x08004ec4   0x00000074   Code   RO         3060    i.SDMMC_CmdOperCond  stm32f4xx_ll_sdmmc.o
    0x08004f38   0x08004f38   0x00000032   Code   RO         3061    i.SDMMC_CmdReadMultiBlock  stm32f4xx_ll_sdmmc.o
    0x08004f6a   0x08004f6a   0x00000032   Code   RO         3062    i.SDMMC_CmdReadSingleBlock  stm32f4xx_ll_sdmmc.o
    0x08004f9c   0x08004f9c   0x00000032   Code   RO         3065    i.SDMMC_CmdSelDesel  stm32f4xx_ll_sdmmc.o
    0x08004fce   0x08004fce   0x0000002c   Code   RO         3066    i.SDMMC_CmdSendCID  stm32f4xx_ll_sdmmc.o
    0x08004ffa   0x08004ffa   0x0000002c   Code   RO         3067    i.SDMMC_CmdSendCSD  stm32f4xx_ll_sdmmc.o
    0x08005026   0x08005026   0x00000032   Code   RO         3069    i.SDMMC_CmdSendStatus  stm32f4xx_ll_sdmmc.o
    0x08005058   0x08005058   0x00000030   Code   RO         3070    i.SDMMC_CmdSetRelAdd  stm32f4xx_ll_sdmmc.o
    0x08005088   0x08005088   0x00000034   Code   RO         3072    i.SDMMC_CmdStopTransfer  stm32f4xx_ll_sdmmc.o
    0x080050bc   0x080050bc   0x00000032   Code   RO         3074    i.SDMMC_CmdWriteMultiBlock  stm32f4xx_ll_sdmmc.o
    0x080050ee   0x080050ee   0x00000032   Code   RO         3075    i.SDMMC_CmdWriteSingleBlock  stm32f4xx_ll_sdmmc.o
    0x08005120   0x08005120   0x00000120   Code   RO         3076    i.SDMMC_GetCmdResp1  stm32f4xx_ll_sdmmc.o
    0x08005240   0x08005240   0x00000050   Code   RO         3077    i.SDMMC_GetCmdResp2  stm32f4xx_ll_sdmmc.o
    0x08005290   0x08005290   0x00000044   Code   RO         3078    i.SDMMC_GetCmdResp3  stm32f4xx_ll_sdmmc.o
    0x080052d4   0x080052d4   0x00000088   Code   RO         3079    i.SDMMC_GetCmdResp6  stm32f4xx_ll_sdmmc.o
    0x0800535c   0x0800535c   0x00000020   Code   RO          884    i.SD_CheckStatus    sd_diskio.o
    0x0800537c   0x0800537c   0x00000064   Code   RO         3329    i.SD_DMAError       stm32f4xx_hal_sd.o
    0x080053e0   0x080053e0   0x00000042   Code   RO         3330    i.SD_DMAReceiveCplt  stm32f4xx_hal_sd.o
    0x08005422   0x08005422   0x00000044   Code   RO         3331    i.SD_DMARxAbort     stm32f4xx_hal_sd.o
    0x08005466   0x08005466   0x0000000e   Code   RO         3332    i.SD_DMATransmitCplt  stm32f4xx_hal_sd.o
    0x08005474   0x08005474   0x00000044   Code   RO         3333    i.SD_DMATxAbort     stm32f4xx_hal_sd.o
    0x080054b8   0x080054b8   0x000000ee   Code   RO         3335    i.SD_InitCard       stm32f4xx_hal_sd.o
    0x080055a6   0x080055a6   0x00000002   PAD
    0x080055a8   0x080055a8   0x000000b4   Code   RO         3336    i.SD_PowerON        stm32f4xx_hal_sd.o
    0x0800565c   0x0800565c   0x00000020   Code   RO          885    i.SD_initialize     sd_diskio.o
    0x0800567c   0x0800567c   0x00000050   Code   RO          886    i.SD_ioctl          sd_diskio.o
    0x080056cc   0x080056cc   0x00000016   Code   RO          887    i.SD_read           sd_diskio.o
    0x080056e2   0x080056e2   0x00000004   Code   RO          888    i.SD_status         sd_diskio.o
    0x080056e6   0x080056e6   0x00000016   Code   RO          889    i.SD_write          sd_diskio.o
    0x080056fc   0x080056fc   0x00000002   Code   RO          996    i.SVC_Handler       stm32f4xx_it.o
    0x080056fe   0x080056fe   0x00000022   Code   RO          496    i.SendATCommand     sim800mqtt.o
    0x08005720   0x08005720   0x00000004   Code   RO          997    i.SysTick_Handler   stm32f4xx_it.o
    0x08005724   0x08005724   0x000000a4   Code   RO          597    i.SystemClock_Config  main.o
    0x080057c8   0x080057c8   0x0000001c   Code   RO         4782    i.SystemInit        system_stm32f4xx.o
    0x080057e4   0x080057e4   0x0000000c   Code   RO          998    i.TIM6_IRQHandler   stm32f4xx_it.o
    0x080057f0   0x080057f0   0x000000c8   Code   RO         3617    i.TIM_Base_SetConfig  stm32f4xx_hal_tim.o
    0x080058b8   0x080058b8   0x00000010   Code   RO         4493    i.UART_DMAAbortOnError  stm32f4xx_hal_uart.o
    0x080058c8   0x080058c8   0x0000004a   Code   RO         4494    i.UART_DMAError     stm32f4xx_hal_uart.o
    0x08005912   0x08005912   0x0000003c   Code   RO         4495    i.UART_DMAReceiveCplt  stm32f4xx_hal_uart.o
    0x0800594e   0x0800594e   0x0000000a   Code   RO         4497    i.UART_DMARxHalfCplt  stm32f4xx_hal_uart.o
    0x08005958   0x08005958   0x00000014   Code   RO         4498    i.UART_DMARxOnlyAbortCallback  stm32f4xx_hal_uart.o
    0x0800596c   0x0800596c   0x0000001c   Code   RO         4503    i.UART_EndRxTransfer  stm32f4xx_hal_uart.o
    0x08005988   0x08005988   0x00000012   Code   RO         4504    i.UART_EndTxTransfer  stm32f4xx_hal_uart.o
    0x0800599a   0x0800599a   0x00000096   Code   RO         4505    i.UART_Receive_IT   stm32f4xx_hal_uart.o
    0x08005a30   0x08005a30   0x00000128   Code   RO         4506    i.UART_SetConfig    stm32f4xx_hal_uart.o
    0x08005b58   0x08005b58   0x00000062   Code   RO         4507    i.UART_Transmit_IT  stm32f4xx_hal_uart.o
    0x08005bba   0x08005bba   0x00000064   Code   RO         4508    i.UART_WaitOnFlagUntilTimeout  stm32f4xx_hal_uart.o
    0x08005c1e   0x08005c1e   0x00000002   PAD
    0x08005c20   0x08005c20   0x0000000c   Code   RO          999    i.USART1_IRQHandler  stm32f4xx_it.o
    0x08005c2c   0x08005c2c   0x0000000c   Code   RO         1000    i.USART2_IRQHandler  stm32f4xx_it.o
    0x08005c38   0x08005c38   0x0000000c   Code   RO         1001    i.USART3_IRQHandler  stm32f4xx_it.o
    0x08005c44   0x08005c44   0x00000006   Code   RO         1002    i.UsageFault_Handler  stm32f4xx_it.o
    0x08005c4a   0x08005c4a   0x00000002   PAD
    0x08005c4c   0x08005c4c   0x00000028   Code   RO         5597    i.__0sprintf        mc_w.l(printfa.o)
    0x08005c74   0x08005c74   0x00000024   Code   RO         5601    i.__0vsprintf       mc_w.l(printfa.o)
    0x08005c98   0x08005c98   0x00000020   Code   RO         2298    i.__NVIC_SetPriority  stm32f4xx_hal_cortex.o
    0x08005cb8   0x08005cb8   0x00000104   Code   RO         5331    i.__hardfp_fmod     m_wm.l(fmod.o)
    0x08005dbc   0x08005dbc   0x00000004   PAD
    0x08005dc0   0x08005dc0   0x00000020   Code   RO         5640    i.__mathlib_dbl_invalid  m_wm.l(dunder.o)
    0x08005de0   0x08005de0   0x0000000e   Code   RO         5702    i.__scatterload_copy  mc_w.l(handlers.o)
    0x08005dee   0x08005dee   0x00000002   Code   RO         5703    i.__scatterload_null  mc_w.l(handlers.o)
    0x08005df0   0x08005df0   0x0000000e   Code   RO         5704    i.__scatterload_zeroinit  mc_w.l(handlers.o)
    0x08005dfe   0x08005dfe   0x00000002   PAD
    0x08005e00   0x08005e00   0x0000000c   Code   RO         5680    i.__set_errno       mc_w.l(errno.o)
    0x08005e0c   0x08005e0c   0x00000184   Code   RO         5602    i._fp_digits        mc_w.l(printfa.o)
    0x08005f90   0x08005f90   0x000006b4   Code   RO         5603    i._printf_core      mc_w.l(printfa.o)
    0x08006644   0x08006644   0x00000024   Code   RO         5604    i._printf_post_padding  mc_w.l(printfa.o)
    0x08006668   0x08006668   0x0000002e   Code   RO         5605    i._printf_pre_padding  mc_w.l(printfa.o)
    0x08006696   0x08006696   0x0000000a   Code   RO         5607    i._sputc            mc_w.l(printfa.o)
    0x080066a0   0x080066a0   0x0000002c   Code   RO          598    i.aeskCRCCalculator  main.o
    0x080066cc   0x080066cc   0x00000070   Code   RO         4874    i.check_fs          ff.o
    0x0800673c   0x0800673c   0x00000010   Code   RO         4875    i.chk_chr           ff.o
    0x0800674c   0x0800674c   0x0000005c   Code   RO         4876    i.chk_lock          ff.o
    0x080067a8   0x080067a8   0x00000020   Code   RO         4877    i.clear_lock        ff.o
    0x080067c8   0x080067c8   0x00000026   Code   RO         4878    i.clmt_clust        ff.o
    0x080067ee   0x080067ee   0x00000018   Code   RO         4879    i.clust2sect        ff.o
    0x08006806   0x08006806   0x00000002   PAD
    0x08006808   0x08006808   0x00000080   Code   RO         4880    i.cmp_lfn           ff.o
    0x08006888   0x08006888   0x00000070   Code   RO          408    i.convertDegMinToDecDeg  aesk_gps_lib.o
    0x080068f8   0x080068f8   0x000005aa   Code   RO          599    i.createMQTTPackage  main.o
    0x08006ea2   0x08006ea2   0x00000002   PAD
    0x08006ea4   0x08006ea4   0x000002c8   Code   RO          600    i.createXBEEPackage  main.o
    0x0800716c   0x0800716c   0x000000a4   Code   RO         4881    i.create_chain      ff.o
    0x08007210   0x08007210   0x00000208   Code   RO         4882    i.create_name       ff.o
    0x08007418   0x08007418   0x00000034   Code   RO         4883    i.dec_lock          ff.o
    0x0800744c   0x0800744c   0x000000d0   Code   RO         4884    i.dir_find          ff.o
    0x0800751c   0x0800751c   0x00000102   Code   RO         4885    i.dir_next          ff.o
    0x0800761e   0x0800761e   0x00000002   PAD
    0x08007620   0x08007620   0x000001e4   Code   RO         4887    i.dir_register      ff.o
    0x08007804   0x08007804   0x0000008e   Code   RO         4889    i.dir_sdi           ff.o
    0x08007892   0x08007892   0x00000002   PAD
    0x08007894   0x08007894   0x00000028   Code   RO         4819    i.disk_initialize   diskio.o
    0x080078bc   0x080078bc   0x0000001c   Code   RO         4820    i.disk_ioctl        diskio.o
    0x080078d8   0x080078d8   0x0000001c   Code   RO         4821    i.disk_read         diskio.o
    0x080078f4   0x080078f4   0x00000018   Code   RO         4822    i.disk_status       diskio.o
    0x0800790c   0x0800790c   0x0000001c   Code   RO         4823    i.disk_write        diskio.o
    0x08007928   0x08007928   0x00000028   Code   RO         4890    i.f_close           ff.o
    0x08007950   0x08007950   0x00000058   Code   RO         4897    i.f_mount           ff.o
    0x080079a8   0x080079a8   0x0000021c   Code   RO         4898    i.f_open            ff.o
    0x08007bc4   0x08007bc4   0x0000008e   Code   RO         4907    i.f_sync            ff.o
    0x08007c52   0x08007c52   0x000001b2   Code   RO         4910    i.f_write           ff.o
    0x08007e04   0x08007e04   0x00000038   Code   RO         5302    i.ff_convert        ccsbcs.o
    0x08007e3c   0x08007e3c   0x00000080   Code   RO         5303    i.ff_wtoupper       ccsbcs.o
    0x08007ebc   0x08007ebc   0x00000290   Code   RO         4911    i.find_volume       ff.o
    0x0800814c   0x0800814c   0x0000007a   Code   RO         4912    i.follow_path       ff.o
    0x080081c6   0x080081c6   0x00000002   PAD
    0x080081c8   0x080081c8   0x00000080   Code   RO         4913    i.gen_numname       ff.o
    0x08008248   0x08008248   0x000000e8   Code   RO         4914    i.get_fat           ff.o
    0x08008330   0x08008330   0x00000004   Code   RO          945    i.get_fattime       fatfs.o
    0x08008334   0x08008334   0x0000003c   Code   RO         4916    i.get_ldnumber      ff.o
    0x08008370   0x08008370   0x00000080   Code   RO         4917    i.inc_lock          ff.o
    0x080083f0   0x080083f0   0x00000026   Code   RO         4918    i.ld_clust          ff.o
    0x08008416   0x08008416   0x00000016   Code   RO         4919    i.ld_dword          ff.o
    0x0800842c   0x0800842c   0x0000000a   Code   RO         4920    i.ld_word           ff.o
    0x08008436   0x08008436   0x00000002   PAD
    0x08008438   0x08008438   0x00000528   Code   RO          601    i.main              main.o
    0x08008960   0x08008960   0x00000012   Code   RO         4921    i.mem_cpy           ff.o
    0x08008972   0x08008972   0x00000002   PAD
    0x08008974   0x08008974   0x0000000e   Code   RO         4922    i.mem_set           ff.o
    0x08008982   0x08008982   0x00000032   Code   RO         4923    i.move_window       ff.o
    0x080089b4   0x080089b4   0x0000003c   Code   RO          409    i.my_getnbr         aesk_gps_lib.o
    0x080089f0   0x080089f0   0x00000124   Code   RO         4925    i.put_fat           ff.o
    0x08008b14   0x08008b14   0x00000074   Code   RO         4928    i.remove_chain      ff.o
    0x08008b88   0x08008b88   0x00000028   Code   RO         4929    i.st_clust          ff.o
    0x08008bb0   0x08008bb0   0x00000010   Code   RO         4930    i.st_dword          ff.o
    0x08008bc0   0x08008bc0   0x00000008   Code   RO         4931    i.st_word           ff.o
    0x08008bc8   0x08008bc8   0x0000005c   Code   RO          410    i.stof              aesk_gps_lib.o
    0x08008c24   0x08008c24   0x0000001a   Code   RO         4932    i.sum_sfn           ff.o
    0x08008c3e   0x08008c3e   0x00000002   PAD
    0x08008c40   0x08008c40   0x00000088   Code   RO         4933    i.sync_fs           ff.o
    0x08008cc8   0x08008cc8   0x00000052   Code   RO         4934    i.sync_window       ff.o
    0x08008d1a   0x08008d1a   0x00000034   Code   RO         4935    i.validate          ff.o
    0x08008d4e   0x08008d4e   0x00000012   Code   RO          602    i.vars_to_str       main.o
    0x08008d60   0x08008d60   0x00000028   Code   RO          497    i.writeCString      sim800mqtt.o
    0x08008d88   0x08008d88   0x0000000c   Code   RO          498    i.writeChar         sim800mqtt.o
    0x08008d94   0x08008d94   0x0000001e   Code   RO          499    i.writeInt          sim800mqtt.o
    0x08008db2   0x08008db2   0x00000036   Code   RO          500    i.writeMQTTString   sim800mqtt.o
    0x08008de8   0x08008de8   0x00000014   Data   RO          890    .constdata          sd_diskio.o
    0x08008dfc   0x08008dfc   0x00000008   Data   RO         1991    .constdata          stm32f4xx_hal_dma.o
    0x08008e04   0x08008e04   0x00000010   Data   RO         4783    .constdata          system_stm32f4xx.o
    0x08008e14   0x08008e14   0x00000008   Data   RO         4784    .constdata          system_stm32f4xx.o
    0x08008e1c   0x08008e1c   0x000000aa   Data   RO         4937    .constdata          ff.o
    0x08008ec6   0x08008ec6   0x000003ae   Data   RO         5304    .constdata          ccsbcs.o
    0x08009274   0x08009274   0x0000021f   Data   RO          607    .conststring        main.o
    0x08009493   0x08009493   0x00000001   PAD
    0x08009494   0x08009494   0x00000020   Data   RO         5700    Region$$Table       anon$$obj.o


    Execution Region RW_IRAM1 (Exec base: 0x20000000, Load base: 0x080094b4, Size: 0x00003460, Max: 0x00040000, ABSOLUTE)

    Exec Addr    Load Addr    Size         Type   Attr      Idx    E Section Name        Object

    0x20000000   0x080094b4   0x000000a4   Data   RW          608    .data               main.o
    0x200000a4   0x08009558   0x00000001   Data   RW          891    .data               sd_diskio.o
    0x200000a5   0x08009559   0x00000005   Data   RW          948    .data               fatfs.o
    0x200000aa   0x0800955e   0x00000002   PAD
    0x200000ac   0x08009560   0x00000004   Data   RW         1141    .data               stm32f4xx_hal_msp.o
    0x200000b0   0x08009564   0x0000000c   Data   RW         2442    .data               stm32f4xx_hal.o
    0x200000bc   0x08009570   0x00000004   Data   RW         4785    .data               system_stm32f4xx.o
    0x200000c0   0x08009574   0x00000008   Data   RW         4938    .data               ff.o
    0x200000c8   0x0800957c   0x00000004   Data   RW         5681    .data               mc_w.l(errno.o)
    0x200000cc        -       0x00002c48   Zero   RW          603    .bss                main.o
    0x20002d14        -       0x00000060   Zero   RW          604    .bss                main.o
    0x20002d74        -       0x00000060   Zero   RW          605    .bss                main.o
    0x20002dd4        -       0x00000060   Zero   RW          606    .bss                main.o
    0x20002e34        -       0x00000220   Zero   RW         4936    .bss                ff.o
    0x20003054        -       0x0000000c   Zero   RW         5232    .bss                ff_gen_drv.o
    0x20003060        -       0x00000400   Zero   RW            1    STACK               startup_stm32f412rx.o


==============================================================================

Image component sizes


      Code (inc. data)   RO Data    RW Data    ZI Data      Debug   Object Name

       120          0          0          0          0     691488   aesk_can_library.o
       292          0          0          0          0       7244   aesk_data_pack_lib.o
      1052         56          0          0          0       8065   aesk_gps_lib.o
       276         28          0          0          0       7771   bsp_driver_sd.o
       184         22        942          0          0       2467   ccsbcs.o
       148         22          0          0          0       4041   diskio.o
        32         10          0          5          0       1672   fatfs.o
      5760        104        170          8        544      44973   ff.o
        70          6          0          0         12       1787   ff_gen_drv.o
      8278        632        543        164      11624      32564   main.o
       192         14         20          1          0       4624   sd_diskio.o
       824         24          0          0          0      12348   sim800mqtt.o
        36          8        452          0       1024        888   startup_stm32f412rx.o
       180         28          0         12          0       9677   stm32f4xx_hal.o
      1436          6          0          0          0      13492   stm32f4xx_hal_can.o
       234         24          0          0          0      34942   stm32f4xx_hal_cortex.o
       942         16          8          0          0       7513   stm32f4xx_hal_dma.o
       394         30          0          0          0       2520   stm32f4xx_hal_gpio.o
      1168        116          0          4          0       5660   stm32f4xx_hal_msp.o
       472         56          0          0          0       3952   stm32f4xx_hal_rcc.o
      1412         60          0          0          0       3352   stm32f4xx_hal_rcc_ex.o
       916         30          0          0          0       8024   stm32f4xx_hal_rtc.o
      2480         64          0          0          0      15781   stm32f4xx_hal_sd.o
       654         44          0          0          0       7169   stm32f4xx_hal_tim.o
       148         28          0          0          0       2661   stm32f4xx_hal_tim_ex.o
      1764         34          0          0          0      16651   stm32f4xx_hal_uart.o
       180         72          0          0          0      10736   stm32f4xx_it.o
      1558         46          0          0          0      23016   stm32f4xx_ll_sdmmc.o
         0          0          0          0          0        592   syscall.o
        28          6         24          4          0       1287   system_stm32f4xx.o

    ----------------------------------------------------------------------
     31308       1586       2192        200      13204     986957   Object Totals
         0          0         32          0          0          0   (incl. Generated)
        78          0          1          2          0          0   (incl. Padding)

    ----------------------------------------------------------------------

      Code (inc. data)   RO Data    RW Data    ZI Data      Debug   Library Member Name

        32          8          0          0          0        124   dunder.o
       260          6          0          0          0        144   fmod.o
         0          0          0          0          0          0   entry.o
         0          0          0          0          0          0   entry10a.o
         0          0          0          0          0          0   entry11a.o
         4          0          0          0          0          0   entry12b.o
         8          4          0          0          0          0   entry2.o
         4          0          0          0          0          0   entry5.o
         0          0          0          0          0          0   entry7b.o
         0          0          0          0          0          0   entry8b.o
         8          4          0          0          0          0   entry9a.o
        12          6          0          4          0         68   errno.o
        30          0          0          0          0          0   handlers.o
        36          8          0          0          0         68   init.o
         0          0          0          0          0          0   iusefp.o
        30          0          0          0          0         68   llshl.o
        36          0          0          0          0         68   llsshr.o
        32          0          0          0          0         68   llushr.o
        36          0          0          0          0         68   memcpya.o
        36          0          0          0          0        108   memseta.o
      2272         92          0          0          0        612   printfa.o
        24          0          0          0          0         68   strcat.o
        20          0          0          0          0         68   strchr.o
        14          0          0          0          0         68   strlen.o
        36          0          0          0          0         80   strstr.o
        44          0          0          0          0         80   uidiv.o
        98          0          0          0          0         92   uldiv.o
        48          0          0          0          0         68   cdrcmple.o
        56          0          0          0          0         88   d2f.o
       334          0          0          0          0        148   dadd.o
       222          0          0          0          0        100   ddiv.o
       186          0          0          0          0        176   depilogue.o
        50          0          0          0          0         76   dfixui.o
        48          0          0          0          0         68   dfixul.o
        34          0          0          0          0         76   dflti.o
       228          0          0          0          0         96   dmul.o
       134          0          0          0          0         96   drem.o
        38          0          0          0          0         68   f2d.o
       110          0          0          0          0        168   fepilogue.o

    ----------------------------------------------------------------------
      4568        132          0          4          0       3080   Library Totals
         8          4          0          0          0          0   (incl. Padding)

    ----------------------------------------------------------------------

      Code (inc. data)   RO Data    RW Data    ZI Data      Debug   Library Name

       292         14          0          0          0        268   m_wm.l
      2780        114          0          4          0       1584   mc_w.l
      1488          0          0          0          0       1228   mf_w.l

    ----------------------------------------------------------------------
      4568        132          0          4          0       3080   Library Totals

    ----------------------------------------------------------------------

==============================================================================


      Code (inc. data)   RO Data    RW Data    ZI Data      Debug   

     35876       1718       2192        204      13204     961633   Grand Totals
     35876       1718       2192        204      13204     961633   ELF Image Totals
     35876       1718       2192        204          0          0   ROM Totals

==============================================================================

    Total RO  Size (Code + RO Data)                38068 (  37.18kB)
    Total RW  Size (RW Data + ZI Data)             13408 (  13.09kB)
    Total ROM Size (Code + RO Data + RW Data)      38272 (  37.38kB)

==============================================================================

