Archive member included to satisfy reference by file (symbol)

c:/st/stm32cubeide_1.5.0/stm32cubeide/plugins/com.st.stm32cube.ide.mcu.externaltools.gnu-tools-for-stm32.7-2018-q2-update.win32_1.5.0.202011040924/tools/bin/../lib/gcc/arm-none-eabi/7.3.1/../../../../arm-none-eabi/lib/thumb/v7e-m/fpv4-sp/hard\libc_nano.a(lib_a-errno.o)
                              Core/Src/syscalls.o (__errno)
c:/st/stm32cubeide_1.5.0/stm32cubeide/plugins/com.st.stm32cube.ide.mcu.externaltools.gnu-tools-for-stm32.7-2018-q2-update.win32_1.5.0.202011040924/tools/bin/../lib/gcc/arm-none-eabi/7.3.1/../../../../arm-none-eabi/lib/thumb/v7e-m/fpv4-sp/hard\libc_nano.a(lib_a-exit.o)
                              c:/st/stm32cubeide_1.5.0/stm32cubeide/plugins/com.st.stm32cube.ide.mcu.externaltools.gnu-tools-for-stm32.7-2018-q2-update.win32_1.5.0.202011040924/tools/bin/../lib/gcc/arm-none-eabi/7.3.1/../../../../arm-none-eabi/lib/thumb/v7e-m/fpv4-sp/hard/crt0.o (exit)
c:/st/stm32cubeide_1.5.0/stm32cubeide/plugins/com.st.stm32cube.ide.mcu.externaltools.gnu-tools-for-stm32.7-2018-q2-update.win32_1.5.0.202011040924/tools/bin/../lib/gcc/arm-none-eabi/7.3.1/../../../../arm-none-eabi/lib/thumb/v7e-m/fpv4-sp/hard\libc_nano.a(lib_a-impure.o)
                              c:/st/stm32cubeide_1.5.0/stm32cubeide/plugins/com.st.stm32cube.ide.mcu.externaltools.gnu-tools-for-stm32.7-2018-q2-update.win32_1.5.0.202011040924/tools/bin/../lib/gcc/arm-none-eabi/7.3.1/../../../../arm-none-eabi/lib/thumb/v7e-m/fpv4-sp/hard\libc_nano.a(lib_a-exit.o) (_global_impure_ptr)
c:/st/stm32cubeide_1.5.0/stm32cubeide/plugins/com.st.stm32cube.ide.mcu.externaltools.gnu-tools-for-stm32.7-2018-q2-update.win32_1.5.0.202011040924/tools/bin/../lib/gcc/arm-none-eabi/7.3.1/../../../../arm-none-eabi/lib/thumb/v7e-m/fpv4-sp/hard\libc_nano.a(lib_a-init.o)
                              c:/st/stm32cubeide_1.5.0/stm32cubeide/plugins/com.st.stm32cube.ide.mcu.externaltools.gnu-tools-for-stm32.7-2018-q2-update.win32_1.5.0.202011040924/tools/bin/../lib/gcc/arm-none-eabi/7.3.1/../../../../arm-none-eabi/lib/thumb/v7e-m/fpv4-sp/hard/crt0.o (__libc_init_array)
c:/st/stm32cubeide_1.5.0/stm32cubeide/plugins/com.st.stm32cube.ide.mcu.externaltools.gnu-tools-for-stm32.7-2018-q2-update.win32_1.5.0.202011040924/tools/bin/../lib/gcc/arm-none-eabi/7.3.1/../../../../arm-none-eabi/lib/thumb/v7e-m/fpv4-sp/hard\libc_nano.a(lib_a-memcpy-stub.o)
                              Core/Src/AESK_Gps_lib.o (memcpy)
c:/st/stm32cubeide_1.5.0/stm32cubeide/plugins/com.st.stm32cube.ide.mcu.externaltools.gnu-tools-for-stm32.7-2018-q2-update.win32_1.5.0.202011040924/tools/bin/../lib/gcc/arm-none-eabi/7.3.1/../../../../arm-none-eabi/lib/thumb/v7e-m/fpv4-sp/hard\libc_nano.a(lib_a-memset.o)
                              c:/st/stm32cubeide_1.5.0/stm32cubeide/plugins/com.st.stm32cube.ide.mcu.externaltools.gnu-tools-for-stm32.7-2018-q2-update.win32_1.5.0.202011040924/tools/bin/../lib/gcc/arm-none-eabi/7.3.1/../../../../arm-none-eabi/lib/thumb/v7e-m/fpv4-sp/hard/crt0.o (memset)
c:/st/stm32cubeide_1.5.0/stm32cubeide/plugins/com.st.stm32cube.ide.mcu.externaltools.gnu-tools-for-stm32.7-2018-q2-update.win32_1.5.0.202011040924/tools/bin/../lib/gcc/arm-none-eabi/7.3.1/../../../../arm-none-eabi/lib/thumb/v7e-m/fpv4-sp/hard\libc_nano.a(lib_a-sprintf.o)
                              Core/Src/main.o (sprintf)
c:/st/stm32cubeide_1.5.0/stm32cubeide/plugins/com.st.stm32cube.ide.mcu.externaltools.gnu-tools-for-stm32.7-2018-q2-update.win32_1.5.0.202011040924/tools/bin/../lib/gcc/arm-none-eabi/7.3.1/../../../../arm-none-eabi/lib/thumb/v7e-m/fpv4-sp/hard\libc_nano.a(lib_a-strcat.o)
                              Core/Src/main.o (strcat)
c:/st/stm32cubeide_1.5.0/stm32cubeide/plugins/com.st.stm32cube.ide.mcu.externaltools.gnu-tools-for-stm32.7-2018-q2-update.win32_1.5.0.202011040924/tools/bin/../lib/gcc/arm-none-eabi/7.3.1/../../../../arm-none-eabi/lib/thumb/v7e-m/fpv4-sp/hard\libc_nano.a(lib_a-strchr.o)
                              Core/Src/AESK_Gps_lib.o (strchr)
c:/st/stm32cubeide_1.5.0/stm32cubeide/plugins/com.st.stm32cube.ide.mcu.externaltools.gnu-tools-for-stm32.7-2018-q2-update.win32_1.5.0.202011040924/tools/bin/../lib/gcc/arm-none-eabi/7.3.1/../../../../arm-none-eabi/lib/thumb/v7e-m/fpv4-sp/hard\libc_nano.a(lib_a-strlen.o)
                              Core/Src/SIM800MQTT.o (strlen)
c:/st/stm32cubeide_1.5.0/stm32cubeide/plugins/com.st.stm32cube.ide.mcu.externaltools.gnu-tools-for-stm32.7-2018-q2-update.win32_1.5.0.202011040924/tools/bin/../lib/gcc/arm-none-eabi/7.3.1/../../../../arm-none-eabi/lib/thumb/v7e-m/fpv4-sp/hard\libc_nano.a(lib_a-strstr.o)
                              Core/Src/AESK_Gps_lib.o (strstr)
c:/st/stm32cubeide_1.5.0/stm32cubeide/plugins/com.st.stm32cube.ide.mcu.externaltools.gnu-tools-for-stm32.7-2018-q2-update.win32_1.5.0.202011040924/tools/bin/../lib/gcc/arm-none-eabi/7.3.1/../../../../arm-none-eabi/lib/thumb/v7e-m/fpv4-sp/hard\libc_nano.a(lib_a-vsprintf.o)
                              Core/Src/main.o (vsprintf)
[...]
Memory Configuration

Name             Origin             Length             Attributes
RAM              0x0000000020000000 0x0000000000040000 xrw
FLASH            0x0000000008000000 0x0000000000080000 xr
*default*        0x0000000000000000 0xffffffffffffffff

Linker script and memory map

LOAD c:/st/stm32cubeide_1.5.0/stm32cubeide/plugins/com.st.stm32cube.ide.mcu.externaltools.gnu-tools-for-stm32.7-2018-q2-update.win32_1.5.0.202011040924/tools/bin/../lib/gcc/arm-none-eabi/7.3.1/thumb/v7e-m/fpv4-sp/hard/crti.o
LOAD c:/st/stm32cubeide_1.5.0/stm32cubeide/plugins/com.st.stm32cube.ide.mcu.externaltools.gnu-tools-for-stm32.7-2018-q2-update.win32_1.5.0.202011040924/tools/bin/../lib/gcc/arm-none-eabi/7.3.1/thumb/v7e-m/fpv4-sp/hard/crtbegin.o
LOAD c:/st/stm32cubeide_1.5.0/stm32cubeide/plugins/com.st.stm32cube.ide.mcu.externaltools.gnu-tools-for-stm32.7-2018-q2-update.win32_1.5.0.202011040924/tools/bin/../lib/gcc/arm-none-eabi/7.3.1/../../../../arm-none-eabi/lib/thumb/v7e-m/fpv4-sp/hard/crt0.o
LOAD Core/Src/AESK_CAN_Library.o
LOAD Core/Src/AESK_Data_Pack_lib.o
LOAD Core/Src/AESK_GL.o
LOAD Core/Src/AESK_Gps_lib.o
LOAD Core/Src/AESK_Ring_Buffer.o
LOAD Core/Src/AESK_UART_STM32.o
LOAD Core/Src/AESK_comm_pro.o
LOAD Core/Src/SIM800MQTT.o
LOAD Core/Src/main.o
LOAD Core/Src/stm32f4xx_hal_msp.o
LOAD Core/Src/stm32f4xx_it.o
LOAD Core/Src/syscalls.o
LOAD Core/Src/sysmem.o
LOAD Core/Src/system_stm32f4xx.o
LOAD Core/Startup/startup_stm32f412retx.o
LOAD Drivers/STM32F4xx_HAL_Driver/Src/stm32f4xx_hal.o
LOAD Drivers/STM32F4xx_HAL_Driver/Src/stm32f4xx_hal_can.o
LOAD Drivers/STM32F4xx_HAL_Driver/Src/stm32f4xx_hal_cortex.o
LOAD Drivers/STM32F4xx_HAL_Driver/Src/stm32f4xx_hal_dma.o
LOAD Drivers/STM32F4xx_HAL_Driver/Src/stm32f4xx_hal_dma_ex.o
LOAD Drivers/STM32F4xx_HAL_Driver/Src/stm32f4xx_hal_exti.o
LOAD Drivers/STM32F4xx_HAL_Driver/Src/stm32f4xx_hal_flash.o
LOAD Drivers/STM32F4xx_HAL_Driver/Src/stm32f4xx_hal_flash_ex.o
LOAD Drivers/STM32F4xx_HAL_Driver/Src/stm32f4xx_hal_flash_ramfunc.o
LOAD Drivers/STM32F4xx_HAL_Driver/Src/stm32f4xx_hal_gpio.o
LOAD Drivers/STM32F4xx_HAL_Driver/Src/stm32f4xx_hal_pwr.o
LOAD Drivers/STM32F4xx_HAL_Driver/Src/stm32f4xx_hal_pwr_ex.o
LOAD Drivers/STM32F4xx_HAL_Driver/Src/stm32f4xx_hal_rcc.o
LOAD Drivers/STM32F4xx_HAL_Driver/Src/stm32f4xx_hal_rcc_ex.o
LOAD Drivers/STM32F4xx_HAL_Driver/Src/stm32f4xx_hal_rtc.o
LOAD Drivers/STM32F4xx_HAL_Driver/Src/stm32f4xx_hal_rtc_ex.o
LOAD Drivers/STM32F4xx_HAL_Driver/Src/stm32f4xx_hal_sd.o
LOAD Drivers/STM32F4xx_HAL_Driver/Src/stm32f4xx_hal_tim.o
LOAD Drivers/STM32F4xx_HAL_Driver/Src/stm32f4xx_hal_tim_ex.o
LOAD Drivers/STM32F4xx_HAL_Driver/Src/stm32f4xx_hal_uart.o
LOAD Drivers/STM32F4xx_HAL_Driver/Src/stm32f4xx_ll_sdmmc.o
LOAD FATFS/App/fatfs.o
LOAD FATFS/Target/bsp_driver_sd.o
LOAD FATFS/Target/sd_diskio.o
LOAD Middlewares/Third_Party/FatFs/src/diskio.o
LOAD Middlewares/Third_Party/FatFs/src/ff.o
LOAD Middlewares/Third_Party/FatFs/src/ff_gen_drv.o
LOAD Middlewares/Third_Party/FatFs/src/option/ccsbcs.o
LOAD Middlewares/Third_Party/FatFs/src/option/syscall.o
START GROUP
LOAD c:/st/stm32cubeide_1.5.0/stm32cubeide/plugins/com.st.stm32cube.ide.mcu.externaltools.gnu-tools-for-stm32.7-2018-q2-update.win32_1.5.0.202011040924/tools/bin/../lib/gcc/arm-none-eabi/7.3.1/../../../../arm-none-eabi/lib/thumb/v7e-m/fpv4-sp/hard\libc_nano.a
LOAD c:/st/stm32cubeide_1.5.0/stm32cubeide/plugins/com.st.stm32cube.ide.mcu.externaltools.gnu-tools-for-stm32.7-2018-q2-update.win32_1.5.0.202011040924/tools/bin/../lib/gcc/arm-none-eabi/7.3.1/../../../../arm-none-eabi/lib/thumb/v7e-m/fpv4-sp/hard\libm.a
END GROUP
START GROUP
LOAD c:/st/stm32cubeide_1.5.0/stm32cubeide/plugins/com.st.stm32cube.ide.mcu.externaltools.gnu-tools-for-stm32.7-2018-q2-update.win32_1.5.0.202011040924/tools/bin/../lib/gcc/arm-none-eabi/7.3.1/thumb/v7e-m/fpv4-sp/hard\libgcc.a
LOAD c:/st/stm32cubeide_1.5.0/stm32cubeide/plugins/com.st.stm32cube.ide.mcu.externaltools.gnu-tools-for-stm32.7-2018-q2-update.win32_1.5.0.202011040924/tools/bin/../lib/gcc/arm-none-eabi/7.3.1/../../../../arm-none-eabi/lib/thumb/v7e-m/fpv4-sp/hard\libc_nano.a
END GROUP
START GROUP
LOAD c:/st/stm32cubeide_1.5.0/stm32cubeide/plugins/com.st.stm32cube.ide.mcu.externaltools.gnu-tools-for-stm32.7-2018-q2-update.win32_1.5.0.202011040924/tools/bin/../lib/gcc/arm-none-eabi/7.3.1/thumb/v7e-m/fpv4-sp/hard\libgcc.a
LOAD c:/st/stm32cubeide_1.5.0/stm32cubeide/plugins/com.st.stm32cube.ide.mcu.externaltools.gnu-tools-for-stm32.7-2018-q2-update.win32_1.5.0.202011040924/tools/bin/../lib/gcc/arm-none-eabi/7.3.1/../../../../arm-none-eabi/lib/thumb/v7e-m/fpv4-sp/hard\libc_nano.a
LOAD c:/st/stm32cubeide_1.5.0/stm32cubeide/plugins/com.st.stm32cube.ide.mcu.externaltools.gnu-tools-for-stm32.7-2018-q2-update.win32_1.5.0.202011040924/tools/bin/../lib/gcc/arm-none-eabi/7.3.1/../../../../arm-none-eabi/lib/thumb/v7e-m/fpv4-sp/hard\libnosys.a
END GROUP
START GROUP
LOAD c:/st/stm32cubeide_1.5.0/stm32cubeide/plugins/com.st.stm32cube.ide.mcu.externaltools.gnu-tools-for-stm32.7-2018-q2-update.win32_1.5.0.202011040924/tools/bin/../lib/gcc/arm-none-eabi/7.3.1/thumb/v7e-m/fpv4-sp/hard\libgcc.a
LOAD c:/st/stm32cubeide_1.5.0/stm32cubeide/plugins/com.st.stm32cube.ide.mcu.externaltools.gnu-tools-for-stm32.7-2018-q2-update.win32_1.5.0.202011040924/tools/bin/../lib/gcc/arm-none-eabi/7.3.1/../../../../arm-none-eabi/lib/thumb/v7e-m/fpv4-sp/hard\libc_nano.a
LOAD c:/st/stm32cubeide_1.5.0/stm32cubeide/plugins/com.st.stm32cube.ide.mcu.externaltools.gnu-tools-for-stm32.7-2018-q2-update.win32_1.5.0.202011040924/tools/bin/../lib/gcc/arm-none-eabi/7.3.1/../../../../arm-none-eabi/lib/thumb/v7e-m/fpv4-sp/hard\libnosys.a
END GROUP
LOAD c:/st/stm32cubeide_1.5.0/stm32cubeide/plugins/com.st.stm32cube.ide.mcu.externaltools.gnu-tools-for-stm32.7-2018-q2-update.win32_1.5.0.202011040924/tools/bin/../lib/gcc/arm-none-eabi/7.3.1/thumb/v7e-m/fpv4-sp/hard/crtend.o
LOAD c:/st/stm32cubeide_1.5.0/stm32cubeide/plugins/com.st.stm32cube.ide.mcu.externaltools.gnu-tools-for-stm32.7-2018-q2-update.win32_1.5.0.202011040924/tools/bin/../lib/gcc/arm-none-eabi/7.3.1/thumb/v7e-m/fpv4-sp/hard/crtn.o
                0x0000000020040000                _estack = (ORIGIN (RAM) + LENGTH (RAM))
                0x0000000000000200                _Min_Heap_Size = 0x200
                0x0000000000000400                _Min_Stack_Size = 0x400

.isr_vector     0x0000000008000000      0x1c4
                0x0000000008000000                . = ALIGN (0x4)
 *(.isr_vector)
 .isr_vector    0x0000000008000000      0x1c4 Core/Startup/startup_stm32f412retx.o
                0x0000000008000000                g_pfnVectors
                0x00000000080001c4                . = ALIGN (0x4)

.text           0x00000000080001d0     0xed78
                0x00000000080001d0                . = ALIGN (0x4)
 *(.text)
 .text          0x00000000080001d0       0x40 c:/st/stm32cubeide_1.5.0/stm32cubeide/plugins/com.st.stm32cube.ide.mcu.externaltools.gnu-tools-for-stm32.7-2018-q2-update.win32_1.5.0.202011040924/tools/bin/../lib/gcc/arm-none-eabi/7.3.1/thumb/v7e-m/fpv4-sp/hard/crtbegin.o
 .text          0x0000000008000210       0x10 c:/st/stm32cubeide_1.5.0/stm32cubeide/plugins/com.st.stm32cube.ide.mcu.externaltools.gnu-tools-for-stm32.7-2018-q2-update.win32_1.5.0.202011040924/tools/bin/../lib/gcc/arm-none-eabi/7.3.1/../../../../arm-none-eabi/lib/thumb/v7e-m/fpv4-sp/hard\libc_nano.a(lib_a-strlen.o)
                0x0000000008000210                strlen
 .text          0x0000000008000220       0xa0 c:/st/stm32cubeide_1.5.0/stm32cubeide/plugins/com.st.stm32cube.ide.mcu.externaltools.gnu-tools-for-stm32.7-2018-q2-update.win32_1.5.0.202011040924/tools/bin/../lib/gcc/arm-none-eabi/7.3.1/../../../../arm-none-eabi/lib/thumb/v7e-m/fpv4-sp/hard\libc_nano.a(lib_a-memchr.o)
                0x0000000008000220                memchr
 .text          0x00000000080002c0      0x378 c:/st/stm32cubeide_1.5.0/stm32cubeide/plugins/com.st.stm32cube.ide.mcu.externaltools.gnu-tools-for-stm32.7-2018-q2-update.win32_1.5.0.202011040924/tools/bin/../lib/gcc/arm-none-eabi/7.3.1/thumb/v7e-m/fpv4-sp/hard\libgcc.a(_arm_addsubdf3.o)
                0x00000000080002c0                __aeabi_drsub
                0x00000000080002c8                __aeabi_dsub
                0x00000000080002c8                __subdf3
                0x00000000080002cc                __aeabi_dadd
                0x00000000080002cc                __adddf3
                0x0000000008000544                __floatunsidf
                0x0000000008000544                __aeabi_ui2d
                0x0000000008000564                __floatsidf
                0x0000000008000564                __aeabi_i2d
                0x0000000008000588                __aeabi_f2d
                0x0000000008000588                __extendsfdf2
                0x00000000080005cc                __floatundidf
                0x00000000080005cc                __aeabi_ul2d
                0x00000000080005dc                __floatdidf
                0x00000000080005dc                __aeabi_l2d
 .text          0x0000000008000638      0x424 c:/st/stm32cubeide_1.5.0/stm32cubeide/plugins/com.st.stm32cube.ide.mcu.externaltools.gnu-tools-for-stm32.7-2018-q2-update.win32_1.5.0.202011040924/tools/bin/../lib/gcc/arm-none-eabi/7.3.1/thumb/v7e-m/fpv4-sp/hard\libgcc.a(_arm_muldivdf3.o)
                0x0000000008000638                __aeabi_dmul
                0x0000000008000638                __muldf3
                0x000000000800088c                __divdf3
                0x000000000800088c                __aeabi_ddiv
 .text          0x0000000008000a5c      0x110 c:/st/stm32cubeide_1.5.0/stm32cubeide/plugins/com.st.stm32cube.ide.mcu.externaltools.gnu-tools-for-stm32.7-2018-q2-update.win32_1.5.0.202011040924/tools/bin/../lib/gcc/arm-none-eabi/7.3.1/thumb/v7e-m/fpv4-sp/hard\libgcc.a(_arm_cmpdf2.o)
                0x0000000008000a5c                __gtdf2
                0x0000000008000a5c                __gedf2
                0x0000000008000a64                __ltdf2
                0x0000000008000a64                __ledf2
                0x0000000008000a6c                __nedf2
                0x0000000008000a6c                __eqdf2
                0x0000000008000a6c                __cmpdf2
                0x0000000008000ae8                __aeabi_cdrcmple
                0x0000000008000af8                __aeabi_cdcmpeq
                0x0000000008000af8                __aeabi_cdcmple
                0x0000000008000b08                __aeabi_dcmpeq
                0x0000000008000b1c                __aeabi_dcmplt
                0x0000000008000b30                __aeabi_dcmple
                0x0000000008000b44                __aeabi_dcmpge
                0x0000000008000b58                __aeabi_dcmpgt
 .text          0x0000000008000b6c       0x2c c:/st/stm32cubeide_1.5.0/stm32cubeide/plugins/com.st.stm32cube.ide.mcu.externaltools.gnu-tools-for-stm32.7-2018-q2-update.win32_1.5.0.202011040924/tools/bin/../lib/gcc/arm-none-eabi/7.3.1/thumb/v7e-m/fpv4-sp/hard\libgcc.a(_arm_unorddf2.o)
                0x0000000008000b6c                __unorddf2
                0x0000000008000b6c                __aeabi_dcmpun
 .text          0x0000000008000b98       0x40 c:/st/stm32cubeide_1.5.0/stm32cubeide/plugins/com.st.stm32cube.ide.mcu.externaltools.gnu-tools-for-stm32.7-2018-q2-update.win32_1.5.0.202011040924/tools/bin/../lib/gcc/arm-none-eabi/7.3.1/thumb/v7e-m/fpv4-sp/hard\libgcc.a(_arm_fixunsdfsi.o)
                0x0000000008000b98                __aeabi_d2uiz
                0x0000000008000b98                __fixunsdfsi
 .text          0x0000000008000bd8       0xa0 c:/st/stm32cubeide_1.5.0/stm32cubeide/plugins/com.st.stm32cube.ide.mcu.externaltools.gnu-tools-for-stm32.7-2018-q2-update.win32_1.5.0.202011040924/tools/bin/../lib/gcc/arm-none-eabi/7.3.1/thumb/v7e-m/fpv4-sp/hard\libgcc.a(_arm_truncdfsf2.o)
                0x0000000008000bd8                __truncdfsf2
                0x0000000008000bd8                __aeabi_d2f
 .text          0x0000000008000c78       0x30 c:/st/stm32cubeide_1.5.0/stm32cubeide/plugins/com.st.stm32cube.ide.mcu.externaltools.gnu-tools-for-stm32.7-2018-q2-update.win32_1.5.0.202011040924/tools/bin/../lib/gcc/arm-none-eabi/7.3.1/thumb/v7e-m/fpv4-sp/hard\libgcc.a(_aeabi_uldivmod.o)
                0x0000000008000c78                __aeabi_uldivmod
 .text          0x0000000008000ca8      0x2cc c:/st/stm32cubeide_1.5.0/stm32cubeide/plugins/com.st.stm32cube.ide.mcu.externaltools.gnu-tools-for-stm32.7-2018-q2-update.win32_1.5.0.202011040924/tools/bin/../lib/gcc/arm-none-eabi/7.3.1/thumb/v7e-m/fpv4-sp/hard\libgcc.a(_udivmoddi4.o)
                0x0000000008000ca8                __udivmoddi4
 .text          0x0000000008000f74        0x4 c:/st/stm32cubeide_1.5.0/stm32cubeide/plugins/com.st.stm32cube.ide.mcu.externaltools.gnu-tools-for-stm32.7-2018-q2-update.win32_1.5.0.202011040924/tools/bin/../lib/gcc/arm-none-eabi/7.3.1/thumb/v7e-m/fpv4-sp/hard\libgcc.a(_dvmd_tls.o)
                0x0000000008000f74                __aeabi_idiv0
                0x0000000008000f74                __aeabi_ldiv0
 *(.text*)
 .text.AESK_CAN_Init
                0x0000000008000f78       0x3e Core/Src/AESK_CAN_Library.o
                0x0000000008000f78                AESK_CAN_Init
 .text.AESK_CAN_ExtIDMaskFilterConfiguration
                0x0000000008000fb6       0x90 Core/Src/AESK_CAN_Library.o
                0x0000000008000fb6                AESK_CAN_ExtIDMaskFilterConfiguration
 .text.AESK_CAN_SendExtIDMessage
                0x0000000008001046       0x4c Core/Src/AESK_CAN_Library.o
                0x0000000008001046                AESK_CAN_SendExtIDMessage
 .text.AESK_CAN_ReadExtIDMessage
                0x0000000008001092       0x32 Core/Src/AESK_CAN_Library.o
                0x0000000008001092                AESK_CAN_ReadExtIDMessage
 .text.AESK_CAN_Send_RingBuffer
                0x00000000080010c4       0xc0 Core/Src/AESK_CAN_Library.o
                0x00000000080010c4                AESK_CAN_Send_RingBuffer
 .text.AESK_UINT16toUINT8_LE
                0x0000000008001184       0x44 Core/Src/AESK_Data_Pack_lib.o
                0x0000000008001184                AESK_UINT16toUINT8_LE
 .text.AESK_INT16toUINT8_LE
                0x00000000080011c8       0x44 Core/Src/AESK_Data_Pack_lib.o
                0x00000000080011c8                AESK_INT16toUINT8_LE
 .text.AESK_UINT32toUINT8_LE
                0x000000000800120c       0x64 Core/Src/AESK_Data_Pack_lib.o
                0x000000000800120c                AESK_UINT32toUINT8_LE
 .text.AESK_UINT8toUINT8CODE
                0x0000000008001270       0x34 Core/Src/AESK_Data_Pack_lib.o
                0x0000000008001270                AESK_UINT8toUINT8CODE
 .text.AESK_INT8toUINT8CODE
                0x00000000080012a4       0x34 Core/Src/AESK_Data_Pack_lib.o
                0x00000000080012a4                AESK_INT8toUINT8CODE
 .text.AESK_GL_Init
                0x00000000080012d8       0x34 Core/Src/AESK_GL.o
                0x00000000080012d8                AESK_GL_Init
 .text.HAL_CAN_TxMailbox0CompleteCallback
                0x000000000800130c       0x4c Core/Src/AESK_GL.o
                0x000000000800130c                HAL_CAN_TxMailbox0CompleteCallback
 .text.HAL_CAN_TxMailbox1CompleteCallback
                0x0000000008001358       0x4c Core/Src/AESK_GL.o
                0x0000000008001358                HAL_CAN_TxMailbox1CompleteCallback
 .text.HAL_CAN_TxMailbox2CompleteCallback
                0x00000000080013a4       0x4c Core/Src/AESK_GL.o
                0x00000000080013a4                HAL_CAN_TxMailbox2CompleteCallback
 .text.HAL_CAN_RxFifo0MsgPendingCallback
                0x00000000080013f0       0x64 Core/Src/AESK_GL.o
                0x00000000080013f0                HAL_CAN_RxFifo0MsgPendingCallback
 .text.HAL_CAN_RxFifo1MsgPendingCallback
                0x0000000008001454       0x64 Core/Src/AESK_GL.o
                0x0000000008001454                HAL_CAN_RxFifo1MsgPendingCallback
 .text.CHECKSUM_Find
                0x00000000080014b8       0x4a Core/Src/AESK_Gps_lib.o
                0x00000000080014b8                CHECKSUM_Find
 .text.NMEA_CheckSum
                0x0000000008001502       0x3e Core/Src/AESK_Gps_lib.o
                0x0000000008001502                NMEA_CheckSum
 .text.Hex2Int  0x0000000008001540       0x52 Core/Src/AESK_Gps_lib.o
                0x0000000008001540                Hex2Int
 .text.Find_Comma_Address
                0x0000000008001592       0x42 Core/Src/AESK_Gps_lib.o
                0x0000000008001592                Find_Comma_Address
 *fill*         0x00000000080015d4        0x4 
 .text.convertDegMinToDecDeg
                0x00000000080015d8       0xa8 Core/Src/AESK_Gps_lib.o
                0x00000000080015d8                convertDegMinToDecDeg
 .text.GPS_Control
                0x0000000008001680       0x68 Core/Src/AESK_Gps_lib.o
                0x0000000008001680                GPS_Control
 .text.GPRMC_Parser
                0x00000000080016e8      0x3ec Core/Src/AESK_Gps_lib.o
                0x00000000080016e8                GPRMC_Parser
 .text.my_getnbr
                0x0000000008001ad4       0x78 Core/Src/AESK_Gps_lib.o
                0x0000000008001ad4                my_getnbr
 .text.stof     0x0000000008001b4c       0xb0 Core/Src/AESK_Gps_lib.o
                0x0000000008001b4c                stof
 .text.Write_Data_Ring_Buffer
                0x0000000008001bfc       0x92 Core/Src/AESK_Ring_Buffer.o
                0x0000000008001bfc                Write_Data_Ring_Buffer
 .text.Read_Byte_Ring_Buffer
                0x0000000008001c8e       0x6e Core/Src/AESK_Ring_Buffer.o
                0x0000000008001c8e                Read_Byte_Ring_Buffer
 .text.HAL_UART_TxCpltCallback
                0x0000000008001cfc       0x16 Core/Src/AESK_UART_STM32.o
                0x0000000008001cfc                HAL_UART_TxCpltCallback
 .text.HAL_UART_DMA_Tx_Stop
                0x0000000008001d12       0x7c Core/Src/AESK_UART_STM32.o
                0x0000000008001d12                HAL_UART_DMA_Tx_Stop
 .text.AESK_Compro_Init
                0x0000000008001d8e       0x5e Core/Src/AESK_comm_pro.o
                0x0000000008001d8e                AESK_Compro_Init
 .text.SendATCommand
                0x0000000008001dec       0x36 Core/Src/SIM800MQTT.o
                0x0000000008001dec                SendATCommand
 .text.writeChar
                0x0000000008001e22       0x2a Core/Src/SIM800MQTT.o
                0x0000000008001e22                writeChar
 .text.writeInt
                0x0000000008001e4c       0x52 Core/Src/SIM800MQTT.o
                0x0000000008001e4c                writeInt
 .text.writeCString
                0x0000000008001e9e       0x3e Core/Src/SIM800MQTT.o
                0x0000000008001e9e                writeCString
 .text.MQTTPacket_encode
                0x0000000008001edc       0x5e Core/Src/SIM800MQTT.o
                0x0000000008001edc                MQTTPacket_encode
 .text.MQTTstrlen
                0x0000000008001f3a       0x32 Core/Src/SIM800MQTT.o
                0x0000000008001f3a                MQTTstrlen
 .text.MQTTSerialize_connectLength
                0x0000000008001f6c       0xc2 Core/Src/SIM800MQTT.o
                0x0000000008001f6c                MQTTSerialize_connectLength
 *fill*         0x000000000800202e        0x2 
 .text.MQTTPacket_len
                0x0000000008002030       0x54 Core/Src/SIM800MQTT.o
                0x0000000008002030                MQTTPacket_len
 .text.writeMQTTString
                0x0000000008002084       0x5c Core/Src/SIM800MQTT.o
                0x0000000008002084                writeMQTTString
 .text.MQTTSerialize_connect
                0x00000000080020e0      0x1dc Core/Src/SIM800MQTT.o
                0x00000000080020e0                MQTTSerialize_connect
 .text.MQTTSerialize_publishLength
                0x00000000080022bc       0x40 Core/Src/SIM800MQTT.o
                0x00000000080022bc                MQTTSerialize_publishLength
 .text.MQTTSerialize_publish
                0x00000000080022fc       0xee Core/Src/SIM800MQTT.o
                0x00000000080022fc                MQTTSerialize_publish
 *fill*         0x00000000080023ea        0x2 
 .text.main     0x00000000080023ec      0x648 Core/Src/main.o
                0x00000000080023ec                main
 .text.SystemClock_Config
                0x0000000008002a34      0x114 Core/Src/main.o
                0x0000000008002a34                SystemClock_Config
 .text.MX_CAN1_Init
                0x0000000008002b48       0x6c Core/Src/main.o
 .text.MX_CAN2_Init
                0x0000000008002bb4       0x6c Core/Src/main.o
 .text.MX_RTC_Init
                0x0000000008002c20       0x4c Core/Src/main.o
 .text.MX_SDIO_SD_Init
                0x0000000008002c6c       0x40 Core/Src/main.o
 .text.MX_TIM6_Init
                0x0000000008002cac       0x6c Core/Src/main.o
 .text.MX_USART1_UART_Init
                0x0000000008002d18       0x54 Core/Src/main.o
 .text.MX_USART2_UART_Init
                0x0000000008002d6c       0x54 Core/Src/main.o
 .text.MX_USART3_UART_Init
                0x0000000008002dc0       0x54 Core/Src/main.o
 .text.MX_DMA_Init
                0x0000000008002e14       0x7c Core/Src/main.o
 .text.MX_GPIO_Init
                0x0000000008002e90      0x16c Core/Src/main.o
 .text.HAL_TIM_PeriodElapsedCallback
                0x0000000008002ffc       0xb8 Core/Src/main.o
                0x0000000008002ffc                HAL_TIM_PeriodElapsedCallback
 .text.HAL_UART_RxCpltCallback
                0x00000000080030b4      0x214 Core/Src/main.o
                0x00000000080030b4                HAL_UART_RxCpltCallback
 .text.Solver   0x00000000080032c8       0x18 Core/Src/main.o
                0x00000000080032c8                Solver
 .text.Gsm_Calibration
                0x00000000080032e0      0x3d8 Core/Src/main.o
                0x00000000080032e0                Gsm_Calibration
 .text.createMQTTPackage
                0x00000000080036b8      0x6a8 Core/Src/main.o
                0x00000000080036b8                createMQTTPackage
 .text.RTC_Set_Time_Date
                0x0000000008003d60       0x4c Core/Src/main.o
                0x0000000008003d60                RTC_Set_Time_Date
 .text.vars_to_str
                0x0000000008003dac       0x28 Core/Src/main.o
                0x0000000008003dac                vars_to_str
 .text.createXBEEPackage
                0x0000000008003dd4      0x57c Core/Src/main.o
                0x0000000008003dd4                createXBEEPackage
 .text.aeskCRCCalculator
                0x0000000008004350       0x7e Core/Src/main.o
                0x0000000008004350                aeskCRCCalculator
 *fill*         0x00000000080043ce        0x2 
 .text.Can_Error_Control
                0x00000000080043d0      0x1dc Core/Src/main.o
                0x00000000080043d0                Can_Error_Control
 .text.Error_Handler
                0x00000000080045ac        0xe Core/Src/main.o
                0x00000000080045ac                Error_Handler
 *fill*         0x00000000080045ba        0x2 
 .text.HAL_MspInit
                0x00000000080045bc       0x50 Core/Src/stm32f4xx_hal_msp.o
                0x00000000080045bc                HAL_MspInit
 .text.HAL_CAN_MspInit
                0x000000000800460c      0x184 Core/Src/stm32f4xx_hal_msp.o
                0x000000000800460c                HAL_CAN_MspInit
 .text.HAL_RTC_MspInit
                0x0000000008004790       0x2c Core/Src/stm32f4xx_hal_msp.o
                0x0000000008004790                HAL_RTC_MspInit
 .text.HAL_SD_MspInit
                0x00000000080047bc      0x220 Core/Src/stm32f4xx_hal_msp.o
                0x00000000080047bc                HAL_SD_MspInit
 .text.HAL_TIM_Base_MspInit
                0x00000000080049dc       0x50 Core/Src/stm32f4xx_hal_msp.o
                0x00000000080049dc                HAL_TIM_Base_MspInit
 .text.HAL_UART_MspInit
                0x0000000008004a2c      0x23c Core/Src/stm32f4xx_hal_msp.o
                0x0000000008004a2c                HAL_UART_MspInit
 .text.NMI_Handler
                0x0000000008004c68        0xe Core/Src/stm32f4xx_it.o
                0x0000000008004c68                NMI_Handler
 .text.HardFault_Handler
                0x0000000008004c76        0x6 Core/Src/stm32f4xx_it.o
                0x0000000008004c76                HardFault_Handler
 .text.MemManage_Handler
                0x0000000008004c7c        0x6 Core/Src/stm32f4xx_it.o
                0x0000000008004c7c                MemManage_Handler
 .text.BusFault_Handler
                0x0000000008004c82        0x6 Core/Src/stm32f4xx_it.o
                0x0000000008004c82                BusFault_Handler
 .text.UsageFault_Handler
                0x0000000008004c88        0x6 Core/Src/stm32f4xx_it.o
                0x0000000008004c88                UsageFault_Handler
 .text.SVC_Handler
                0x0000000008004c8e        0xe Core/Src/stm32f4xx_it.o
                0x0000000008004c8e                SVC_Handler
 .text.DebugMon_Handler
                0x0000000008004c9c        0xe Core/Src/stm32f4xx_it.o
                0x0000000008004c9c                DebugMon_Handler
 .text.PendSV_Handler
                0x0000000008004caa        0xe Core/Src/stm32f4xx_it.o
                0x0000000008004caa                PendSV_Handler
 .text.SysTick_Handler
                0x0000000008004cb8        0xc Core/Src/stm32f4xx_it.o
                0x0000000008004cb8                SysTick_Handler
 .text.DMA1_Stream5_IRQHandler
                0x0000000008004cc4       0x14 Core/Src/stm32f4xx_it.o
                0x0000000008004cc4                DMA1_Stream5_IRQHandler
 .text.CAN1_RX0_IRQHandler
                0x0000000008004cd8       0x14 Core/Src/stm32f4xx_it.o
                0x0000000008004cd8                CAN1_RX0_IRQHandler
 .text.CAN1_RX1_IRQHandler
                0x0000000008004cec       0x14 Core/Src/stm32f4xx_it.o
                0x0000000008004cec                CAN1_RX1_IRQHandler
 .text.USART1_IRQHandler
                0x0000000008004d00       0x14 Core/Src/stm32f4xx_it.o
                0x0000000008004d00                USART1_IRQHandler
 .text.USART2_IRQHandler
                0x0000000008004d14       0x14 Core/Src/stm32f4xx_it.o
                0x0000000008004d14                USART2_IRQHandler
 .text.USART3_IRQHandler
                0x0000000008004d28       0x14 Core/Src/stm32f4xx_it.o
                0x0000000008004d28                USART3_IRQHandler
 .text.SDIO_IRQHandler
                0x0000000008004d3c       0x14 Core/Src/stm32f4xx_it.o
                0x0000000008004d3c                SDIO_IRQHandler
 .text.TIM6_IRQHandler
                0x0000000008004d50       0x14 Core/Src/stm32f4xx_it.o
                0x0000000008004d50                TIM6_IRQHandler
 .text.DMA2_Stream3_IRQHandler
                0x0000000008004d64       0x14 Core/Src/stm32f4xx_it.o
                0x0000000008004d64                DMA2_Stream3_IRQHandler
 .text.CAN2_RX0_IRQHandler
                0x0000000008004d78       0x14 Core/Src/stm32f4xx_it.o
                0x0000000008004d78                CAN2_RX0_IRQHandler
 .text.CAN2_RX1_IRQHandler
                0x0000000008004d8c       0x14 Core/Src/stm32f4xx_it.o
                0x0000000008004d8c                CAN2_RX1_IRQHandler
 .text.DMA2_Stream6_IRQHandler
                0x0000000008004da0       0x14 Core/Src/stm32f4xx_it.o
                0x0000000008004da0                DMA2_Stream6_IRQHandler
 .text._sbrk    0x0000000008004db4       0x6c Core/Src/sysmem.o
                0x0000000008004db4                _sbrk
 .text.SystemInit
                0x0000000008004e20       0x2c Core/Src/system_stm32f4xx.o
                0x0000000008004e20                SystemInit
 .text.Reset_Handler
                0x0000000008004e4c       0x50 Core/Startup/startup_stm32f412retx.o
                0x0000000008004e4c                Reset_Handler
 .text.Default_Handler
                0x0000000008004e9c        0x2 Core/Startup/startup_stm32f412retx.o
                0x0000000008004e9c                RTC_Alarm_IRQHandler
                0x0000000008004e9c                EXTI2_IRQHandler
                0x0000000008004e9c                TIM8_CC_IRQHandler
                0x0000000008004e9c                FMPI2C1_EV_IRQHandler
                0x0000000008004e9c                SPI4_IRQHandler
                0x0000000008004e9c                TIM1_CC_IRQHandler
                0x0000000008004e9c                DMA2_Stream5_IRQHandler
                0x0000000008004e9c                PVD_IRQHandler
                0x0000000008004e9c                TAMP_STAMP_IRQHandler
                0x0000000008004e9c                EXTI3_IRQHandler
                0x0000000008004e9c                TIM8_TRG_COM_TIM14_IRQHandler
                0x0000000008004e9c                DFSDM1_FLT1_IRQHandler
                0x0000000008004e9c                TIM1_UP_TIM10_IRQHandler
                0x0000000008004e9c                TIM8_UP_TIM13_IRQHandler
                0x0000000008004e9c                I2C3_ER_IRQHandler
                0x0000000008004e9c                EXTI0_IRQHandler
                0x0000000008004e9c                I2C2_EV_IRQHandler
                0x0000000008004e9c                DMA1_Stream2_IRQHandler
                0x0000000008004e9c                FPU_IRQHandler
                0x0000000008004e9c                CAN2_SCE_IRQHandler
                0x0000000008004e9c                DMA2_Stream2_IRQHandler
                0x0000000008004e9c                SPI1_IRQHandler
                0x0000000008004e9c                TIM1_BRK_TIM9_IRQHandler
                0x0000000008004e9c                USART6_IRQHandler
                0x0000000008004e9c                DMA2_Stream0_IRQHandler
                0x0000000008004e9c                TIM4_IRQHandler
                0x0000000008004e9c                QUADSPI_IRQHandler
                0x0000000008004e9c                I2C1_EV_IRQHandler
                0x0000000008004e9c                DMA1_Stream6_IRQHandler
                0x0000000008004e9c                DMA1_Stream1_IRQHandler
                0x0000000008004e9c                TIM3_IRQHandler
                0x0000000008004e9c                RCC_IRQHandler
                0x0000000008004e9c                TIM8_BRK_TIM12_IRQHandler
                0x0000000008004e9c                Default_Handler
                0x0000000008004e9c                EXTI15_10_IRQHandler
                0x0000000008004e9c                ADC_IRQHandler
                0x0000000008004e9c                DMA1_Stream7_IRQHandler
                0x0000000008004e9c                SPI5_IRQHandler
                0x0000000008004e9c                TIM7_IRQHandler
                0x0000000008004e9c                CAN2_TX_IRQHandler
                0x0000000008004e9c                TIM5_IRQHandler
                0x0000000008004e9c                DMA2_Stream7_IRQHandler
                0x0000000008004e9c                I2C3_EV_IRQHandler
                0x0000000008004e9c                EXTI9_5_IRQHandler
                0x0000000008004e9c                RTC_WKUP_IRQHandler
                0x0000000008004e9c                SPI2_IRQHandler
                0x0000000008004e9c                DMA1_Stream0_IRQHandler
                0x0000000008004e9c                CAN1_TX_IRQHandler
                0x0000000008004e9c                FMPI2C1_ER_IRQHandler
                0x0000000008004e9c                EXTI4_IRQHandler
                0x0000000008004e9c                RNG_IRQHandler
                0x0000000008004e9c                WWDG_IRQHandler
                0x0000000008004e9c                TIM2_IRQHandler
                0x0000000008004e9c                OTG_FS_WKUP_IRQHandler
                0x0000000008004e9c                TIM1_TRG_COM_TIM11_IRQHandler
                0x0000000008004e9c                EXTI1_IRQHandler
                0x0000000008004e9c                DFSDM1_FLT0_IRQHandler
                0x0000000008004e9c                I2C2_ER_IRQHandler
                0x0000000008004e9c                DMA2_Stream1_IRQHandler
                0x0000000008004e9c                CAN1_SCE_IRQHandler
                0x0000000008004e9c                FLASH_IRQHandler
                0x0000000008004e9c                DMA2_Stream4_IRQHandler
                0x0000000008004e9c                OTG_FS_IRQHandler
                0x0000000008004e9c                SPI3_IRQHandler
                0x0000000008004e9c                DMA1_Stream4_IRQHandler
                0x0000000008004e9c                I2C1_ER_IRQHandler
                0x0000000008004e9c                DMA1_Stream3_IRQHandler
 *fill*         0x0000000008004e9e        0x2 
 .text.HAL_Init
                0x0000000008004ea0       0x44 Drivers/STM32F4xx_HAL_Driver/Src/stm32f4xx_hal.o
                0x0000000008004ea0                HAL_Init
 .text.HAL_InitTick
                0x0000000008004ee4       0x60 Drivers/STM32F4xx_HAL_Driver/Src/stm32f4xx_hal.o
                0x0000000008004ee4                HAL_InitTick
 .text.HAL_IncTick
                0x0000000008004f44       0x28 Drivers/STM32F4xx_HAL_Driver/Src/stm32f4xx_hal.o
                0x0000000008004f44                HAL_IncTick
 .text.HAL_GetTick
                0x0000000008004f6c       0x18 Drivers/STM32F4xx_HAL_Driver/Src/stm32f4xx_hal.o
                0x0000000008004f6c                HAL_GetTick
 .text.HAL_Delay
                0x0000000008004f84       0x44 Drivers/STM32F4xx_HAL_Driver/Src/stm32f4xx_hal.o
                0x0000000008004f84                HAL_Delay
 .text.HAL_CAN_Init
                0x0000000008004fc8      0x1f6 Drivers/STM32F4xx_HAL_Driver/Src/stm32f4xx_hal_can.o
                0x0000000008004fc8                HAL_CAN_Init
 *fill*         0x00000000080051be        0x2 
 .text.HAL_CAN_ConfigFilter
                0x00000000080051c0      0x1c0 Drivers/STM32F4xx_HAL_Driver/Src/stm32f4xx_hal_can.o
                0x00000000080051c0                HAL_CAN_ConfigFilter
 .text.HAL_CAN_Start
                0x0000000008005380       0x88 Drivers/STM32F4xx_HAL_Driver/Src/stm32f4xx_hal_can.o
                0x0000000008005380                HAL_CAN_Start
 .text.HAL_CAN_AddTxMessage
                0x0000000008005408      0x1b6 Drivers/STM32F4xx_HAL_Driver/Src/stm32f4xx_hal_can.o
                0x0000000008005408                HAL_CAN_AddTxMessage
 .text.HAL_CAN_GetRxMessage
                0x00000000080055be      0x224 Drivers/STM32F4xx_HAL_Driver/Src/stm32f4xx_hal_can.o
                0x00000000080055be                HAL_CAN_GetRxMessage
 .text.HAL_CAN_ActivateNotification
                0x00000000080057e2       0x4c Drivers/STM32F4xx_HAL_Driver/Src/stm32f4xx_hal_can.o
                0x00000000080057e2                HAL_CAN_ActivateNotification
 .text.HAL_CAN_IRQHandler
                0x000000000800582e      0x362 Drivers/STM32F4xx_HAL_Driver/Src/stm32f4xx_hal_can.o
                0x000000000800582e                HAL_CAN_IRQHandler
 .text.HAL_CAN_TxMailbox0AbortCallback
                0x0000000008005b90       0x14 Drivers/STM32F4xx_HAL_Driver/Src/stm32f4xx_hal_can.o
                0x0000000008005b90                HAL_CAN_TxMailbox0AbortCallback
 .text.HAL_CAN_TxMailbox1AbortCallback
                0x0000000008005ba4       0x14 Drivers/STM32F4xx_HAL_Driver/Src/stm32f4xx_hal_can.o
                0x0000000008005ba4                HAL_CAN_TxMailbox1AbortCallback
 .text.HAL_CAN_TxMailbox2AbortCallback
                0x0000000008005bb8       0x14 Drivers/STM32F4xx_HAL_Driver/Src/stm32f4xx_hal_can.o
                0x0000000008005bb8                HAL_CAN_TxMailbox2AbortCallback
 .text.HAL_CAN_RxFifo0FullCallback
                0x0000000008005bcc       0x14 Drivers/STM32F4xx_HAL_Driver/Src/stm32f4xx_hal_can.o
                0x0000000008005bcc                HAL_CAN_RxFifo0FullCallback
 .text.HAL_CAN_RxFifo1FullCallback
                0x0000000008005be0       0x14 Drivers/STM32F4xx_HAL_Driver/Src/stm32f4xx_hal_can.o
                0x0000000008005be0                HAL_CAN_RxFifo1FullCallback
 .text.HAL_CAN_SleepCallback
                0x0000000008005bf4       0x14 Drivers/STM32F4xx_HAL_Driver/Src/stm32f4xx_hal_can.o
                0x0000000008005bf4                HAL_CAN_SleepCallback
 .text.HAL_CAN_WakeUpFromRxMsgCallback
                0x0000000008005c08       0x14 Drivers/STM32F4xx_HAL_Driver/Src/stm32f4xx_hal_can.o
                0x0000000008005c08                HAL_CAN_WakeUpFromRxMsgCallback
 .text.HAL_CAN_ErrorCallback
                0x0000000008005c1c       0x14 Drivers/STM32F4xx_HAL_Driver/Src/stm32f4xx_hal_can.o
                0x0000000008005c1c                HAL_CAN_ErrorCallback
 .text.__NVIC_SetPriorityGrouping
                0x0000000008005c30       0x48 Drivers/STM32F4xx_HAL_Driver/Src/stm32f4xx_hal_cortex.o
 .text.__NVIC_GetPriorityGrouping
                0x0000000008005c78       0x1c Drivers/STM32F4xx_HAL_Driver/Src/stm32f4xx_hal_cortex.o
 .text.__NVIC_EnableIRQ
                0x0000000008005c94       0x3c Drivers/STM32F4xx_HAL_Driver/Src/stm32f4xx_hal_cortex.o
 .text.__NVIC_SetPriority
                0x0000000008005cd0       0x54 Drivers/STM32F4xx_HAL_Driver/Src/stm32f4xx_hal_cortex.o
 .text.NVIC_EncodePriority
                0x0000000008005d24       0x66 Drivers/STM32F4xx_HAL_Driver/Src/stm32f4xx_hal_cortex.o
 *fill*         0x0000000008005d8a        0x2 
 .text.SysTick_Config
                0x0000000008005d8c       0x44 Drivers/STM32F4xx_HAL_Driver/Src/stm32f4xx_hal_cortex.o
 .text.HAL_NVIC_SetPriorityGrouping
                0x0000000008005dd0       0x16 Drivers/STM32F4xx_HAL_Driver/Src/stm32f4xx_hal_cortex.o
                0x0000000008005dd0                HAL_NVIC_SetPriorityGrouping
 .text.HAL_NVIC_SetPriority
                0x0000000008005de6       0x38 Drivers/STM32F4xx_HAL_Driver/Src/stm32f4xx_hal_cortex.o
                0x0000000008005de6                HAL_NVIC_SetPriority
 .text.HAL_NVIC_EnableIRQ
                0x0000000008005e1e       0x1c Drivers/STM32F4xx_HAL_Driver/Src/stm32f4xx_hal_cortex.o
                0x0000000008005e1e                HAL_NVIC_EnableIRQ
 .text.HAL_SYSTICK_Config
                0x0000000008005e3a       0x18 Drivers/STM32F4xx_HAL_Driver/Src/stm32f4xx_hal_cortex.o
                0x0000000008005e3a                HAL_SYSTICK_Config
 *fill*         0x0000000008005e52        0x2 
 .text.HAL_DMA_Init
                0x0000000008005e54      0x15c Drivers/STM32F4xx_HAL_Driver/Src/stm32f4xx_hal_dma.o
                0x0000000008005e54                HAL_DMA_Init
 .text.HAL_DMA_Start_IT
                0x0000000008005fb0       0xb0 Drivers/STM32F4xx_HAL_Driver/Src/stm32f4xx_hal_dma.o
                0x0000000008005fb0                HAL_DMA_Start_IT
 .text.HAL_DMA_Abort
                0x0000000008006060       0xe0 Drivers/STM32F4xx_HAL_Driver/Src/stm32f4xx_hal_dma.o
                0x0000000008006060                HAL_DMA_Abort
 .text.HAL_DMA_Abort_IT
                0x0000000008006140       0x44 Drivers/STM32F4xx_HAL_Driver/Src/stm32f4xx_hal_dma.o
                0x0000000008006140                HAL_DMA_Abort_IT
 .text.HAL_DMA_IRQHandler
                0x0000000008006184      0x314 Drivers/STM32F4xx_HAL_Driver/Src/stm32f4xx_hal_dma.o
                0x0000000008006184                HAL_DMA_IRQHandler
 .text.DMA_SetConfig
                0x0000000008006498       0x5c Drivers/STM32F4xx_HAL_Driver/Src/stm32f4xx_hal_dma.o
 .text.DMA_CalcBaseAndBitshift
                0x00000000080064f4       0x6c Drivers/STM32F4xx_HAL_Driver/Src/stm32f4xx_hal_dma.o
 .text.DMA_CheckFifoParam
                0x0000000008006560       0xf4 Drivers/STM32F4xx_HAL_Driver/Src/stm32f4xx_hal_dma.o
 .text.HAL_GPIO_Init
                0x0000000008006654      0x2f4 Drivers/STM32F4xx_HAL_Driver/Src/stm32f4xx_hal_gpio.o
                0x0000000008006654                HAL_GPIO_Init
 .text.HAL_GPIO_WritePin
                0x0000000008006948       0x32 Drivers/STM32F4xx_HAL_Driver/Src/stm32f4xx_hal_gpio.o
                0x0000000008006948                HAL_GPIO_WritePin
 *fill*         0x000000000800697a        0x2 
 .text.HAL_RCC_ClockConfig
                0x000000000800697c      0x1cc Drivers/STM32F4xx_HAL_Driver/Src/stm32f4xx_hal_rcc.o
                0x000000000800697c                HAL_RCC_ClockConfig
 .text.HAL_RCC_GetSysClockFreq
                0x0000000008006b48      0x164 Drivers/STM32F4xx_HAL_Driver/Src/stm32f4xx_hal_rcc.o
                0x0000000008006b48                HAL_RCC_GetSysClockFreq
 .text.HAL_RCC_GetHCLKFreq
                0x0000000008006cac       0x18 Drivers/STM32F4xx_HAL_Driver/Src/stm32f4xx_hal_rcc.o
                0x0000000008006cac                HAL_RCC_GetHCLKFreq
 .text.HAL_RCC_GetPCLK1Freq
                0x0000000008006cc4       0x28 Drivers/STM32F4xx_HAL_Driver/Src/stm32f4xx_hal_rcc.o
                0x0000000008006cc4                HAL_RCC_GetPCLK1Freq
 .text.HAL_RCC_GetPCLK2Freq
                0x0000000008006cec       0x28 Drivers/STM32F4xx_HAL_Driver/Src/stm32f4xx_hal_rcc.o
                0x0000000008006cec                HAL_RCC_GetPCLK2Freq
 .text.HAL_RCCEx_PeriphCLKConfig
                0x0000000008006d14      0x39c Drivers/STM32F4xx_HAL_Driver/Src/stm32f4xx_hal_rcc_ex.o
                0x0000000008006d14                HAL_RCCEx_PeriphCLKConfig
 .text.HAL_RCC_OscConfig
                0x00000000080070b0      0x484 Drivers/STM32F4xx_HAL_Driver/Src/stm32f4xx_hal_rcc_ex.o
                0x00000000080070b0                HAL_RCC_OscConfig
 .text.HAL_RTC_Init
                0x0000000008007534      0x122 Drivers/STM32F4xx_HAL_Driver/Src/stm32f4xx_hal_rtc.o
                0x0000000008007534                HAL_RTC_Init
 .text.HAL_RTC_SetTime
                0x0000000008007656      0x17a Drivers/STM32F4xx_HAL_Driver/Src/stm32f4xx_hal_rtc.o
                0x0000000008007656                HAL_RTC_SetTime
 .text.HAL_RTC_GetTime
                0x00000000080077d0       0xbc Drivers/STM32F4xx_HAL_Driver/Src/stm32f4xx_hal_rtc.o
                0x00000000080077d0                HAL_RTC_GetTime
 .text.HAL_RTC_SetDate
                0x000000000800788c      0x14e Drivers/STM32F4xx_HAL_Driver/Src/stm32f4xx_hal_rtc.o
                0x000000000800788c                HAL_RTC_SetDate
 .text.HAL_RTC_GetDate
                0x00000000080079da       0x9e Drivers/STM32F4xx_HAL_Driver/Src/stm32f4xx_hal_rtc.o
                0x00000000080079da                HAL_RTC_GetDate
 .text.HAL_RTC_WaitForSynchro
                0x0000000008007a78       0x50 Drivers/STM32F4xx_HAL_Driver/Src/stm32f4xx_hal_rtc.o
                0x0000000008007a78                HAL_RTC_WaitForSynchro
 .text.RTC_EnterInitMode
                0x0000000008007ac8       0x58 Drivers/STM32F4xx_HAL_Driver/Src/stm32f4xx_hal_rtc.o
                0x0000000008007ac8                RTC_EnterInitMode
 .text.RTC_ByteToBcd2
                0x0000000008007b20       0x3c Drivers/STM32F4xx_HAL_Driver/Src/stm32f4xx_hal_rtc.o
                0x0000000008007b20                RTC_ByteToBcd2
 .text.RTC_Bcd2ToByte
                0x0000000008007b5c       0x3c Drivers/STM32F4xx_HAL_Driver/Src/stm32f4xx_hal_rtc.o
                0x0000000008007b5c                RTC_Bcd2ToByte
 .text.HAL_SD_Init
                0x0000000008007b98       0x60 Drivers/STM32F4xx_HAL_Driver/Src/stm32f4xx_hal_sd.o
                0x0000000008007b98                HAL_SD_Init
 .text.HAL_SD_InitCard
                0x0000000008007bf8       0xc0 Drivers/STM32F4xx_HAL_Driver/Src/stm32f4xx_hal_sd.o
                0x0000000008007bf8                HAL_SD_InitCard
 .text.HAL_SD_ReadBlocks
                0x0000000008007cb8      0x3f0 Drivers/STM32F4xx_HAL_Driver/Src/stm32f4xx_hal_sd.o
                0x0000000008007cb8                HAL_SD_ReadBlocks
 .text.HAL_SD_WriteBlocks
                0x00000000080080a8      0x340 Drivers/STM32F4xx_HAL_Driver/Src/stm32f4xx_hal_sd.o
                0x00000000080080a8                HAL_SD_WriteBlocks
 .text.HAL_SD_IRQHandler
                0x00000000080083e8      0x2ec Drivers/STM32F4xx_HAL_Driver/Src/stm32f4xx_hal_sd.o
                0x00000000080083e8                HAL_SD_IRQHandler
 .text.HAL_SD_ErrorCallback
                0x00000000080086d4       0x14 Drivers/STM32F4xx_HAL_Driver/Src/stm32f4xx_hal_sd.o
                0x00000000080086d4                HAL_SD_ErrorCallback
 .text.HAL_SD_GetCardCSD
                0x00000000080086e8      0x348 Drivers/STM32F4xx_HAL_Driver/Src/stm32f4xx_hal_sd.o
                0x00000000080086e8                HAL_SD_GetCardCSD
 .text.HAL_SD_GetCardInfo
                0x0000000008008a30       0x58 Drivers/STM32F4xx_HAL_Driver/Src/stm32f4xx_hal_sd.o
                0x0000000008008a30                HAL_SD_GetCardInfo
 .text.HAL_SD_GetCardState
                0x0000000008008a88       0x40 Drivers/STM32F4xx_HAL_Driver/Src/stm32f4xx_hal_sd.o
                0x0000000008008a88                HAL_SD_GetCardState
 .text.SD_DMATxAbort
                0x0000000008008ac8       0x6e Drivers/STM32F4xx_HAL_Driver/Src/stm32f4xx_hal_sd.o
 .text.SD_DMARxAbort
                0x0000000008008b36       0x6e Drivers/STM32F4xx_HAL_Driver/Src/stm32f4xx_hal_sd.o
 .text.SD_InitCard
                0x0000000008008ba4      0x19a Drivers/STM32F4xx_HAL_Driver/Src/stm32f4xx_hal_sd.o
 *fill*         0x0000000008008d3e        0x2 
 .text.SD_PowerON
                0x0000000008008d40      0x11c Drivers/STM32F4xx_HAL_Driver/Src/stm32f4xx_hal_sd.o
 .text.SD_SendStatus
                0x0000000008008e5c       0x50 Drivers/STM32F4xx_HAL_Driver/Src/stm32f4xx_hal_sd.o
 .text.SD_Read_IT
                0x0000000008008eac       0xa2 Drivers/STM32F4xx_HAL_Driver/Src/stm32f4xx_hal_sd.o
 .text.SD_Write_IT
                0x0000000008008f4e       0xaa Drivers/STM32F4xx_HAL_Driver/Src/stm32f4xx_hal_sd.o
 .text.HAL_TIM_Base_Init
                0x0000000008008ff8       0x56 Drivers/STM32F4xx_HAL_Driver/Src/stm32f4xx_hal_tim.o
                0x0000000008008ff8                HAL_TIM_Base_Init
 .text.HAL_TIM_Base_Start_IT
                0x000000000800904e       0x48 Drivers/STM32F4xx_HAL_Driver/Src/stm32f4xx_hal_tim.o
                0x000000000800904e                HAL_TIM_Base_Start_IT
 .text.HAL_TIM_IRQHandler
                0x0000000008009096      0x210 Drivers/STM32F4xx_HAL_Driver/Src/stm32f4xx_hal_tim.o
                0x0000000008009096                HAL_TIM_IRQHandler
 .text.HAL_TIM_OC_DelayElapsedCallback
                0x00000000080092a6       0x14 Drivers/STM32F4xx_HAL_Driver/Src/stm32f4xx_hal_tim.o
                0x00000000080092a6                HAL_TIM_OC_DelayElapsedCallback
 .text.HAL_TIM_IC_CaptureCallback
                0x00000000080092ba       0x14 Drivers/STM32F4xx_HAL_Driver/Src/stm32f4xx_hal_tim.o
                0x00000000080092ba                HAL_TIM_IC_CaptureCallback
 .text.HAL_TIM_PWM_PulseFinishedCallback
                0x00000000080092ce       0x14 Drivers/STM32F4xx_HAL_Driver/Src/stm32f4xx_hal_tim.o
                0x00000000080092ce                HAL_TIM_PWM_PulseFinishedCallback
 .text.HAL_TIM_TriggerCallback
                0x00000000080092e2       0x14 Drivers/STM32F4xx_HAL_Driver/Src/stm32f4xx_hal_tim.o
                0x00000000080092e2                HAL_TIM_TriggerCallback
 *fill*         0x00000000080092f6        0x2 
 .text.TIM_Base_SetConfig
                0x00000000080092f8      0x140 Drivers/STM32F4xx_HAL_Driver/Src/stm32f4xx_hal_tim.o
                0x00000000080092f8                TIM_Base_SetConfig
 .text.HAL_TIMEx_MasterConfigSynchronization
                0x0000000008009438       0xf8 Drivers/STM32F4xx_HAL_Driver/Src/stm32f4xx_hal_tim_ex.o
                0x0000000008009438                HAL_TIMEx_MasterConfigSynchronization
 .text.HAL_TIMEx_CommutCallback
                0x0000000008009530       0x14 Drivers/STM32F4xx_HAL_Driver/Src/stm32f4xx_hal_tim_ex.o
                0x0000000008009530                HAL_TIMEx_CommutCallback
 .text.HAL_TIMEx_BreakCallback
                0x0000000008009544       0x14 Drivers/STM32F4xx_HAL_Driver/Src/stm32f4xx_hal_tim_ex.o
                0x0000000008009544                HAL_TIMEx_BreakCallback
 .text.HAL_UART_Init
                0x0000000008009558       0x9a Drivers/STM32F4xx_HAL_Driver/Src/stm32f4xx_hal_uart.o
                0x0000000008009558                HAL_UART_Init
 .text.HAL_UART_Transmit
                0x00000000080095f2      0x132 Drivers/STM32F4xx_HAL_Driver/Src/stm32f4xx_hal_uart.o
                0x00000000080095f2                HAL_UART_Transmit
 .text.HAL_UART_Receive_IT
                0x0000000008009724       0xaa Drivers/STM32F4xx_HAL_Driver/Src/stm32f4xx_hal_uart.o
                0x0000000008009724                HAL_UART_Receive_IT
 *fill*         0x00000000080097ce        0x2 
 .text.HAL_UART_Receive_DMA
                0x00000000080097d0      0x100 Drivers/STM32F4xx_HAL_Driver/Src/stm32f4xx_hal_uart.o
                0x00000000080097d0                HAL_UART_Receive_DMA
 .text.HAL_UART_AbortReceive_IT
                0x00000000080098d0       0xb0 Drivers/STM32F4xx_HAL_Driver/Src/stm32f4xx_hal_uart.o
                0x00000000080098d0                HAL_UART_AbortReceive_IT
 .text.HAL_UART_IRQHandler
                0x0000000008009980      0x200 Drivers/STM32F4xx_HAL_Driver/Src/stm32f4xx_hal_uart.o
                0x0000000008009980                HAL_UART_IRQHandler
 .text.HAL_UART_RxHalfCpltCallback
                0x0000000008009b80       0x14 Drivers/STM32F4xx_HAL_Driver/Src/stm32f4xx_hal_uart.o
                0x0000000008009b80                HAL_UART_RxHalfCpltCallback
 .text.HAL_UART_ErrorCallback
                0x0000000008009b94       0x14 Drivers/STM32F4xx_HAL_Driver/Src/stm32f4xx_hal_uart.o
                0x0000000008009b94                HAL_UART_ErrorCallback
 .text.HAL_UART_AbortReceiveCpltCallback
                0x0000000008009ba8       0x14 Drivers/STM32F4xx_HAL_Driver/Src/stm32f4xx_hal_uart.o
                0x0000000008009ba8                HAL_UART_AbortReceiveCpltCallback
 .text.UART_DMAReceiveCplt
                0x0000000008009bbc       0x68 Drivers/STM32F4xx_HAL_Driver/Src/stm32f4xx_hal_uart.o
 .text.UART_DMARxHalfCplt
                0x0000000008009c24       0x1c Drivers/STM32F4xx_HAL_Driver/Src/stm32f4xx_hal_uart.o
 .text.UART_DMAError
                0x0000000008009c40       0x94 Drivers/STM32F4xx_HAL_Driver/Src/stm32f4xx_hal_uart.o
 .text.UART_WaitOnFlagUntilTimeout
                0x0000000008009cd4       0x94 Drivers/STM32F4xx_HAL_Driver/Src/stm32f4xx_hal_uart.o
 .text.UART_EndTxTransfer
                0x0000000008009d68       0x2c Drivers/STM32F4xx_HAL_Driver/Src/stm32f4xx_hal_uart.o
 .text.UART_EndRxTransfer
                0x0000000008009d94       0x3c Drivers/STM32F4xx_HAL_Driver/Src/stm32f4xx_hal_uart.o
 .text.UART_DMAAbortOnError
                0x0000000008009dd0       0x28 Drivers/STM32F4xx_HAL_Driver/Src/stm32f4xx_hal_uart.o
 .text.UART_DMARxOnlyAbortCallback
                0x0000000008009df8       0x2a Drivers/STM32F4xx_HAL_Driver/Src/stm32f4xx_hal_uart.o
 .text.UART_Transmit_IT
                0x0000000008009e22       0xac Drivers/STM32F4xx_HAL_Driver/Src/stm32f4xx_hal_uart.o
 .text.UART_EndTransmit_IT
                0x0000000008009ece       0x30 Drivers/STM32F4xx_HAL_Driver/Src/stm32f4xx_hal_uart.o
 .text.UART_Receive_IT
                0x0000000008009efe      0x102 Drivers/STM32F4xx_HAL_Driver/Src/stm32f4xx_hal_uart.o
 .text.UART_SetConfig
                0x000000000800a000      0x6f8 Drivers/STM32F4xx_HAL_Driver/Src/stm32f4xx_hal_uart.o
 .text.SDIO_Init
                0x000000000800a6f8       0x56 Drivers/STM32F4xx_HAL_Driver/Src/stm32f4xx_ll_sdmmc.o
                0x000000000800a6f8                SDIO_Init
 .text.SDIO_ReadFIFO
                0x000000000800a74e       0x1a Drivers/STM32F4xx_HAL_Driver/Src/stm32f4xx_ll_sdmmc.o
                0x000000000800a74e                SDIO_ReadFIFO
 .text.SDIO_WriteFIFO
                0x000000000800a768       0x22 Drivers/STM32F4xx_HAL_Driver/Src/stm32f4xx_ll_sdmmc.o
                0x000000000800a768                SDIO_WriteFIFO
 .text.SDIO_PowerState_ON
                0x000000000800a78a       0x1e Drivers/STM32F4xx_HAL_Driver/Src/stm32f4xx_ll_sdmmc.o
                0x000000000800a78a                SDIO_PowerState_ON
 .text.SDIO_GetPowerState
                0x000000000800a7a8       0x1c Drivers/STM32F4xx_HAL_Driver/Src/stm32f4xx_ll_sdmmc.o
                0x000000000800a7a8                SDIO_GetPowerState
 .text.SDIO_SendCommand
                0x000000000800a7c4       0x54 Drivers/STM32F4xx_HAL_Driver/Src/stm32f4xx_ll_sdmmc.o
                0x000000000800a7c4                SDIO_SendCommand
 .text.SDIO_GetCommandResponse
                0x000000000800a818       0x1a Drivers/STM32F4xx_HAL_Driver/Src/stm32f4xx_ll_sdmmc.o
                0x000000000800a818                SDIO_GetCommandResponse
 .text.SDIO_GetResponse
                0x000000000800a832       0x26 Drivers/STM32F4xx_HAL_Driver/Src/stm32f4xx_ll_sdmmc.o
                0x000000000800a832                SDIO_GetResponse
 .text.SDIO_ConfigData
                0x000000000800a858       0x58 Drivers/STM32F4xx_HAL_Driver/Src/stm32f4xx_ll_sdmmc.o
                0x000000000800a858                SDIO_ConfigData
 .text.SDMMC_CmdBlockLength
                0x000000000800a8b0       0x44 Drivers/STM32F4xx_HAL_Driver/Src/stm32f4xx_ll_sdmmc.o
                0x000000000800a8b0                SDMMC_CmdBlockLength
 .text.SDMMC_CmdReadSingleBlock
                0x000000000800a8f4       0x44 Drivers/STM32F4xx_HAL_Driver/Src/stm32f4xx_ll_sdmmc.o
                0x000000000800a8f4                SDMMC_CmdReadSingleBlock
 .text.SDMMC_CmdReadMultiBlock
                0x000000000800a938       0x44 Drivers/STM32F4xx_HAL_Driver/Src/stm32f4xx_ll_sdmmc.o
                0x000000000800a938                SDMMC_CmdReadMultiBlock
 .text.SDMMC_CmdWriteSingleBlock
                0x000000000800a97c       0x44 Drivers/STM32F4xx_HAL_Driver/Src/stm32f4xx_ll_sdmmc.o
                0x000000000800a97c                SDMMC_CmdWriteSingleBlock
 .text.SDMMC_CmdWriteMultiBlock
                0x000000000800a9c0       0x44 Drivers/STM32F4xx_HAL_Driver/Src/stm32f4xx_ll_sdmmc.o
                0x000000000800a9c0                SDMMC_CmdWriteMultiBlock
 .text.SDMMC_CmdStopTransfer
                0x000000000800aa04       0x44 Drivers/STM32F4xx_HAL_Driver/Src/stm32f4xx_ll_sdmmc.o
                0x000000000800aa04                SDMMC_CmdStopTransfer
 .text.SDMMC_CmdSelDesel
                0x000000000800aa48       0x46 Drivers/STM32F4xx_HAL_Driver/Src/stm32f4xx_ll_sdmmc.o
                0x000000000800aa48                SDMMC_CmdSelDesel
 .text.SDMMC_CmdGoIdleState
                0x000000000800aa8e       0x3c Drivers/STM32F4xx_HAL_Driver/Src/stm32f4xx_ll_sdmmc.o
                0x000000000800aa8e                SDMMC_CmdGoIdleState
 .text.SDMMC_CmdOperCond
                0x000000000800aaca       0x3e Drivers/STM32F4xx_HAL_Driver/Src/stm32f4xx_ll_sdmmc.o
                0x000000000800aaca                SDMMC_CmdOperCond
 .text.SDMMC_CmdAppCommand
                0x000000000800ab08       0x44 Drivers/STM32F4xx_HAL_Driver/Src/stm32f4xx_ll_sdmmc.o
                0x000000000800ab08                SDMMC_CmdAppCommand
 .text.SDMMC_CmdAppOperCommand
                0x000000000800ab4c       0x46 Drivers/STM32F4xx_HAL_Driver/Src/stm32f4xx_ll_sdmmc.o
                0x000000000800ab4c                SDMMC_CmdAppOperCommand
 .text.SDMMC_CmdSendCID
                0x000000000800ab92       0x3c Drivers/STM32F4xx_HAL_Driver/Src/stm32f4xx_ll_sdmmc.o
                0x000000000800ab92                SDMMC_CmdSendCID
 .text.SDMMC_CmdSendCSD
                0x000000000800abce       0x3e Drivers/STM32F4xx_HAL_Driver/Src/stm32f4xx_ll_sdmmc.o
                0x000000000800abce                SDMMC_CmdSendCSD
 .text.SDMMC_CmdSetRelAdd
                0x000000000800ac0c       0x42 Drivers/STM32F4xx_HAL_Driver/Src/stm32f4xx_ll_sdmmc.o
                0x000000000800ac0c                SDMMC_CmdSetRelAdd
 .text.SDMMC_CmdSendStatus
                0x000000000800ac4e       0x44 Drivers/STM32F4xx_HAL_Driver/Src/stm32f4xx_ll_sdmmc.o
                0x000000000800ac4e                SDMMC_CmdSendStatus
 *fill*         0x000000000800ac92        0x2 
 .text.SDMMC_GetCmdError
                0x000000000800ac94       0x50 Drivers/STM32F4xx_HAL_Driver/Src/stm32f4xx_ll_sdmmc.o
 .text.SDMMC_GetCmdResp1
                0x000000000800ace4      0x1d8 Drivers/STM32F4xx_HAL_Driver/Src/stm32f4xx_ll_sdmmc.o
 .text.SDMMC_GetCmdResp2
                0x000000000800aebc       0x8c Drivers/STM32F4xx_HAL_Driver/Src/stm32f4xx_ll_sdmmc.o
 .text.SDMMC_GetCmdResp3
                0x000000000800af48       0x74 Drivers/STM32F4xx_HAL_Driver/Src/stm32f4xx_ll_sdmmc.o
 .text.SDMMC_GetCmdResp6
                0x000000000800afbc       0xe8 Drivers/STM32F4xx_HAL_Driver/Src/stm32f4xx_ll_sdmmc.o
 .text.SDMMC_GetCmdResp7
                0x000000000800b0a4       0x98 Drivers/STM32F4xx_HAL_Driver/Src/stm32f4xx_ll_sdmmc.o
 .text.MX_FATFS_Init
                0x000000000800b13c       0x24 FATFS/App/fatfs.o
                0x000000000800b13c                MX_FATFS_Init
 .text.get_fattime
                0x000000000800b160       0x10 FATFS/App/fatfs.o
                0x000000000800b160                get_fattime
 .text.BSP_SD_Init
                0x000000000800b170       0x30 FATFS/Target/bsp_driver_sd.o
                0x000000000800b170                BSP_SD_Init
 .text.BSP_SD_ReadBlocks
                0x000000000800b1a0       0x3c FATFS/Target/bsp_driver_sd.o
                0x000000000800b1a0                BSP_SD_ReadBlocks
 .text.BSP_SD_WriteBlocks
                0x000000000800b1dc       0x3c FATFS/Target/bsp_driver_sd.o
                0x000000000800b1dc                BSP_SD_WriteBlocks
 .text.BSP_SD_GetCardState
                0x000000000800b218       0x20 FATFS/Target/bsp_driver_sd.o
                0x000000000800b218                BSP_SD_GetCardState
 .text.BSP_SD_GetCardInfo
                0x000000000800b238       0x1c FATFS/Target/bsp_driver_sd.o
                0x000000000800b238                BSP_SD_GetCardInfo
 .text.HAL_SD_AbortCallback
                0x000000000800b254       0x14 FATFS/Target/bsp_driver_sd.o
                0x000000000800b254                HAL_SD_AbortCallback
 .text.HAL_SD_TxCpltCallback
                0x000000000800b268       0x14 FATFS/Target/bsp_driver_sd.o
                0x000000000800b268                HAL_SD_TxCpltCallback
 .text.HAL_SD_RxCpltCallback
                0x000000000800b27c       0x14 FATFS/Target/bsp_driver_sd.o
                0x000000000800b27c                HAL_SD_RxCpltCallback
 .text.BSP_SD_AbortCallback
                0x000000000800b290        0xe FATFS/Target/bsp_driver_sd.o
                0x000000000800b290                BSP_SD_AbortCallback
 .text.BSP_SD_WriteCpltCallback
                0x000000000800b29e        0xe FATFS/Target/bsp_driver_sd.o
                0x000000000800b29e                BSP_SD_WriteCpltCallback
 .text.BSP_SD_ReadCpltCallback
                0x000000000800b2ac        0xe FATFS/Target/bsp_driver_sd.o
                0x000000000800b2ac                BSP_SD_ReadCpltCallback
 .text.BSP_SD_IsDetected
                0x000000000800b2ba       0x1a FATFS/Target/bsp_driver_sd.o
                0x000000000800b2ba                BSP_SD_IsDetected
 .text.SD_CheckStatus
                0x000000000800b2d4       0x3c FATFS/Target/sd_diskio.o
 .text.SD_initialize
                0x000000000800b310       0x3c FATFS/Target/sd_diskio.o
                0x000000000800b310                SD_initialize
 .text.SD_status
                0x000000000800b34c       0x1c FATFS/Target/sd_diskio.o
                0x000000000800b34c                SD_status
 .text.SD_read  0x000000000800b368       0x42 FATFS/Target/sd_diskio.o
                0x000000000800b368                SD_read
 .text.SD_write
                0x000000000800b3aa       0x42 FATFS/Target/sd_diskio.o
                0x000000000800b3aa                SD_write
 .text.SD_ioctl
                0x000000000800b3ec       0xb0 FATFS/Target/sd_diskio.o
                0x000000000800b3ec                SD_ioctl
 .text.disk_status
                0x000000000800b49c       0x34 Middlewares/Third_Party/FatFs/src/diskio.o
                0x000000000800b49c                disk_status
 .text.disk_initialize
                0x000000000800b4d0       0x4c Middlewares/Third_Party/FatFs/src/diskio.o
                0x000000000800b4d0                disk_initialize
 .text.disk_read
                0x000000000800b51c       0x40 Middlewares/Third_Party/FatFs/src/diskio.o
                0x000000000800b51c                disk_read
 .text.disk_write
                0x000000000800b55c       0x40 Middlewares/Third_Party/FatFs/src/diskio.o
                0x000000000800b55c                disk_write
 .text.disk_ioctl
                0x000000000800b59c       0x3c Middlewares/Third_Party/FatFs/src/diskio.o
                0x000000000800b59c                disk_ioctl
 .text.ld_word  0x000000000800b5d8       0x30 Middlewares/Third_Party/FatFs/src/ff.o
 .text.ld_dword
                0x000000000800b608       0x46 Middlewares/Third_Party/FatFs/src/ff.o
 .text.st_word  0x000000000800b64e       0x36 Middlewares/Third_Party/FatFs/src/ff.o
 .text.st_dword
                0x000000000800b684       0x58 Middlewares/Third_Party/FatFs/src/ff.o
 .text.mem_cpy  0x000000000800b6dc       0x42 Middlewares/Third_Party/FatFs/src/ff.o
 .text.mem_set  0x000000000800b71e       0x34 Middlewares/Third_Party/FatFs/src/ff.o
 .text.mem_cmp  0x000000000800b752       0x4e Middlewares/Third_Party/FatFs/src/ff.o
 .text.chk_chr  0x000000000800b7a0       0x36 Middlewares/Third_Party/FatFs/src/ff.o
 *fill*         0x000000000800b7d6        0x2 
 .text.chk_lock
                0x000000000800b7d8       0xb8 Middlewares/Third_Party/FatFs/src/ff.o
 .text.enq_lock
                0x000000000800b890       0x44 Middlewares/Third_Party/FatFs/src/ff.o
 .text.inc_lock
                0x000000000800b8d4      0x11c Middlewares/Third_Party/FatFs/src/ff.o
 .text.dec_lock
                0x000000000800b9f0       0x78 Middlewares/Third_Party/FatFs/src/ff.o
 .text.clear_lock
                0x000000000800ba68       0x48 Middlewares/Third_Party/FatFs/src/ff.o
 .text.sync_window
                0x000000000800bab0       0x88 Middlewares/Third_Party/FatFs/src/ff.o
 .text.move_window
                0x000000000800bb38       0x5a Middlewares/Third_Party/FatFs/src/ff.o
 *fill*         0x000000000800bb92        0x2 
 .text.sync_fs  0x000000000800bb94       0xe0 Middlewares/Third_Party/FatFs/src/ff.o
 .text.clust2sect
                0x000000000800bc74       0x3e Middlewares/Third_Party/FatFs/src/ff.o
 .text.get_fat  0x000000000800bcb2      0x1a0 Middlewares/Third_Party/FatFs/src/ff.o
 .text.put_fat  0x000000000800be52      0x22e Middlewares/Third_Party/FatFs/src/ff.o
 .text.remove_chain
                0x000000000800c080       0xca Middlewares/Third_Party/FatFs/src/ff.o
 .text.create_chain
                0x000000000800c14a      0x130 Middlewares/Third_Party/FatFs/src/ff.o
 .text.clmt_clust
                0x000000000800c27a       0x70 Middlewares/Third_Party/FatFs/src/ff.o
 .text.dir_sdi  0x000000000800c2ea      0x112 Middlewares/Third_Party/FatFs/src/ff.o
 .text.dir_next
                0x000000000800c3fc      0x1ac Middlewares/Third_Party/FatFs/src/ff.o
 .text.dir_alloc
                0x000000000800c5a8       0x8e Middlewares/Third_Party/FatFs/src/ff.o
 .text.ld_clust
                0x000000000800c636       0x3e Middlewares/Third_Party/FatFs/src/ff.o
 .text.st_clust
                0x000000000800c674       0x40 Middlewares/Third_Party/FatFs/src/ff.o
 .text.cmp_lfn  0x000000000800c6b4       0xe0 Middlewares/Third_Party/FatFs/src/ff.o
 .text.put_lfn  0x000000000800c794       0xd0 Middlewares/Third_Party/FatFs/src/ff.o
 .text.gen_numname
                0x000000000800c864      0x11e Middlewares/Third_Party/FatFs/src/ff.o
 .text.sum_sfn  0x000000000800c982       0x42 Middlewares/Third_Party/FatFs/src/ff.o
 .text.dir_find
                0x000000000800c9c4      0x180 Middlewares/Third_Party/FatFs/src/ff.o
 .text.dir_register
                0x000000000800cb44      0x1f0 Middlewares/Third_Party/FatFs/src/ff.o
 .text.create_name
                0x000000000800cd34      0x370 Middlewares/Third_Party/FatFs/src/ff.o
 .text.follow_path
                0x000000000800d0a4       0xec Middlewares/Third_Party/FatFs/src/ff.o
 .text.get_ldnumber
                0x000000000800d190       0x88 Middlewares/Third_Party/FatFs/src/ff.o
 .text.check_fs
                0x000000000800d218       0xac Middlewares/Third_Party/FatFs/src/ff.o
 .text.find_volume
                0x000000000800d2c4      0x510 Middlewares/Third_Party/FatFs/src/ff.o
 .text.validate
                0x000000000800d7d4       0x6a Middlewares/Third_Party/FatFs/src/ff.o
 *fill*         0x000000000800d83e        0x2 
 .text.f_mount  0x000000000800d840       0x8c Middlewares/Third_Party/FatFs/src/ff.o
                0x000000000800d840                f_mount
 .text.f_open   0x000000000800d8cc      0x398 Middlewares/Third_Party/FatFs/src/ff.o
                0x000000000800d8cc                f_open
 .text.f_write  0x000000000800dc64      0x328 Middlewares/Third_Party/FatFs/src/ff.o
                0x000000000800dc64                f_write
 .text.f_sync   0x000000000800df8c       0xfc Middlewares/Third_Party/FatFs/src/ff.o
                0x000000000800df8c                f_sync
 .text.f_close  0x000000000800e088       0x54 Middlewares/Third_Party/FatFs/src/ff.o
                0x000000000800e088                f_close
 .text.FATFS_LinkDriverEx
                0x000000000800e0dc       0x98 Middlewares/Third_Party/FatFs/src/ff_gen_drv.o
                0x000000000800e0dc                FATFS_LinkDriverEx
 .text.FATFS_LinkDriver
                0x000000000800e174       0x1e Middlewares/Third_Party/FatFs/src/ff_gen_drv.o
                0x000000000800e174                FATFS_LinkDriver
 *fill*         0x000000000800e192        0x2 
 .text.ff_convert
                0x000000000800e194       0x78 Middlewares/Third_Party/FatFs/src/option/ccsbcs.o
                0x000000000800e194                ff_convert
 .text.ff_wtoupper
                0x000000000800e20c      0x114 Middlewares/Third_Party/FatFs/src/option/ccsbcs.o
                0x000000000800e20c                ff_wtoupper
 .text.__errno  0x000000000800e320        0xc c:/st/stm32cubeide_1.5.0/stm32cubeide/plugins/com.st.stm32cube.ide.mcu.externaltools.gnu-tools-for-stm32.7-2018-q2-update.win32_1.5.0.202011040924/tools/bin/../lib/gcc/arm-none-eabi/7.3.1/../../../../arm-none-eabi/lib/thumb/v7e-m/fpv4-sp/hard\libc_nano.a(lib_a-errno.o)
                0x000000000800e320                __errno
 .text.__libc_init_array
                0x000000000800e32c       0x48 c:/st/stm32cubeide_1.5.0/stm32cubeide/plugins/com.st.stm32cube.ide.mcu.externaltools.gnu-tools-for-stm32.7-2018-q2-update.win32_1.5.0.202011040924/tools/bin/../lib/gcc/arm-none-eabi/7.3.1/../../../../arm-none-eabi/lib/thumb/v7e-m/fpv4-sp/hard\libc_nano.a(lib_a-init.o)
                0x000000000800e32c                __libc_init_array
 .text.memcpy   0x000000000800e374       0x16 c:/st/stm32cubeide_1.5.0/stm32cubeide/plugins/com.st.stm32cube.ide.mcu.externaltools.gnu-tools-for-stm32.7-2018-q2-update.win32_1.5.0.202011040924/tools/bin/../lib/gcc/arm-none-eabi/7.3.1/../../../../arm-none-eabi/lib/thumb/v7e-m/fpv4-sp/hard\libc_nano.a(lib_a-memcpy-stub.o)
                0x000000000800e374                memcpy
 .text.memset   0x000000000800e38a       0x10 c:/st/stm32cubeide_1.5.0/stm32cubeide/plugins/com.st.stm32cube.ide.mcu.externaltools.gnu-tools-for-stm32.7-2018-q2-update.win32_1.5.0.202011040924/tools/bin/../lib/gcc/arm-none-eabi/7.3.1/../../../../arm-none-eabi/lib/thumb/v7e-m/fpv4-sp/hard\libc_nano.a(lib_a-memset.o)
                0x000000000800e38a                memset
 *fill*         0x000000000800e39a        0x2 
 .text.sprintf  0x000000000800e39c       0x40 c:/st/stm32cubeide_1.5.0/stm32cubeide/plugins/com.st.stm32cube.ide.mcu.externaltools.gnu-tools-for-stm32.7-2018-q2-update.win32_1.5.0.202011040924/tools/bin/../lib/gcc/arm-none-eabi/7.3.1/../../../../arm-none-eabi/lib/thumb/v7e-m/fpv4-sp/hard\libc_nano.a(lib_a-sprintf.o)
                0x000000000800e39c                siprintf
                0x000000000800e39c                sprintf
 .text.strcat   0x000000000800e3dc       0x1e c:/st/stm32cubeide_1.5.0/stm32cubeide/plugins/com.st.stm32cube.ide.mcu.externaltools.gnu-tools-for-stm32.7-2018-q2-update.win32_1.5.0.202011040924/tools/bin/../lib/gcc/arm-none-eabi/7.3.1/../../../../arm-none-eabi/lib/thumb/v7e-m/fpv4-sp/hard\libc_nano.a(lib_a-strcat.o)
                0x000000000800e3dc                strcat
 .text.strchr   0x000000000800e3fa       0x1a c:/st/stm32cubeide_1.5.0/stm32cubeide/plugins/com.st.stm32cube.ide.mcu.externaltools.gnu-tools-for-stm32.7-2018-q2-update.win32_1.5.0.202011040924/tools/bin/../lib/gcc/arm-none-eabi/7.3.1/../../../../arm-none-eabi/lib/thumb/v7e-m/fpv4-sp/hard\libc_nano.a(lib_a-strchr.o)
                0x000000000800e3fa                strchr
 .text.strstr   0x000000000800e414       0x34 c:/st/stm32cubeide_1.5.0/stm32cubeide/plugins/com.st.stm32cube.ide.mcu.externaltools.gnu-tools-for-stm32.7-2018-q2-update.win32_1.5.0.202011040924/tools/bin/../lib/gcc/arm-none-eabi/7.3.1/../../../../arm-none-eabi/lib/thumb/v7e-m/fpv4-sp/hard\libc_nano.a(lib_a-strstr.o)
                0x000000000800e414                strstr
 .text._vsprintf_r
                0x000000000800e448       0x2c c:/st/stm32cubeide_1.5.0/stm32cubeide/plugins/com.st.stm32cube.ide.mcu.externaltools.gnu-tools-for-stm32.7-2018-q2-update.win32_1.5.0.202011040924/tools/bin/../lib/gcc/arm-none-eabi/7.3.1/../../../../arm-none-eabi/lib/thumb/v7e-m/fpv4-sp/hard\libc_nano.a(lib_a-vsprintf.o)
                0x000000000800e448                _vsprintf_r
                0x000000000800e448                _vsiprintf_r
 .text.vsprintf
                0x000000000800e474       0x14 c:/st/stm32cubeide_1.5.0/stm32cubeide/plugins/com.st.stm32cube.ide.mcu.externaltools.gnu-tools-for-stm32.7-2018-q2-update.win32_1.5.0.202011040924/tools/bin/../lib/gcc/arm-none-eabi/7.3.1/../../../../arm-none-eabi/lib/thumb/v7e-m/fpv4-sp/hard\libc_nano.a(lib_a-vsprintf.o)
                0x000000000800e474                vsiprintf
                0x000000000800e474                vsprintf
 .text.__ssputs_r
                0x000000000800e488       0xb4 c:/st/stm32cubeide_1.5.0/stm32cubeide/plugins/com.st.stm32cube.ide.mcu.externaltools.gnu-tools-for-stm32.7-2018-q2-update.win32_1.5.0.202011040924/tools/bin/../lib/gcc/arm-none-eabi/7.3.1/../../../../arm-none-eabi/lib/thumb/v7e-m/fpv4-sp/hard\libc_nano.a(lib_a-nano-svfprintf.o)
                0x000000000800e488                __ssputs_r
 .text._svfprintf_r
                0x000000000800e53c      0x1f0 c:/st/stm32cubeide_1.5.0/stm32cubeide/plugins/com.st.stm32cube.ide.mcu.externaltools.gnu-tools-for-stm32.7-2018-q2-update.win32_1.5.0.202011040924/tools/bin/../lib/gcc/arm-none-eabi/7.3.1/../../../../arm-none-eabi/lib/thumb/v7e-m/fpv4-sp/hard\libc_nano.a(lib_a-nano-svfprintf.o)
                0x000000000800e53c                _svfiprintf_r
                0x000000000800e53c                _svfprintf_r
 .text._printf_common
                0x000000000800e72c       0xea c:/st/stm32cubeide_1.5.0/stm32cubeide/plugins/com.st.stm32cube.ide.mcu.externaltools.gnu-tools-for-stm32.7-2018-q2-update.win32_1.5.0.202011040924/tools/bin/../lib/gcc/arm-none-eabi/7.3.1/../../../../arm-none-eabi/lib/thumb/v7e-m/fpv4-sp/hard\libc_nano.a(lib_a-nano-vfprintf_i.o)
                0x000000000800e72c                _printf_common
 *fill*         0x000000000800e816        0x2 
 .text._printf_i
                0x000000000800e818      0x224 c:/st/stm32cubeide_1.5.0/stm32cubeide/plugins/com.st.stm32cube.ide.mcu.externaltools.gnu-tools-for-stm32.7-2018-q2-update.win32_1.5.0.202011040924/tools/bin/../lib/gcc/arm-none-eabi/7.3.1/../../../../arm-none-eabi/lib/thumb/v7e-m/fpv4-sp/hard\libc_nano.a(lib_a-nano-vfprintf_i.o)
                0x000000000800e818                _printf_i
 .text.memmove  0x000000000800ea3c       0x32 c:/st/stm32cubeide_1.5.0/stm32cubeide/plugins/com.st.stm32cube.ide.mcu.externaltools.gnu-tools-for-stm32.7-2018-q2-update.win32_1.5.0.202011040924/tools/bin/../lib/gcc/arm-none-eabi/7.3.1/../../../../arm-none-eabi/lib/thumb/v7e-m/fpv4-sp/hard\libc_nano.a(lib_a-memmove.o)
                0x000000000800ea3c                memmove
 *fill*         0x000000000800ea6e        0x2 
 .text._free_r  0x000000000800ea70       0x9c c:/st/stm32cubeide_1.5.0/stm32cubeide/plugins/com.st.stm32cube.ide.mcu.externaltools.gnu-tools-for-stm32.7-2018-q2-update.win32_1.5.0.202011040924/tools/bin/../lib/gcc/arm-none-eabi/7.3.1/../../../../arm-none-eabi/lib/thumb/v7e-m/fpv4-sp/hard\libc_nano.a(lib_a-nano-freer.o)
                0x000000000800ea70                _free_r
 .text._malloc_r
                0x000000000800eb0c       0xb4 c:/st/stm32cubeide_1.5.0/stm32cubeide/plugins/com.st.stm32cube.ide.mcu.externaltools.gnu-tools-for-stm32.7-2018-q2-update.win32_1.5.0.202011040924/tools/bin/../lib/gcc/arm-none-eabi/7.3.1/../../../../arm-none-eabi/lib/thumb/v7e-m/fpv4-sp/hard\libc_nano.a(lib_a-nano-mallocr.o)
                0x000000000800eb0c                _malloc_r
 .text._realloc_r
                0x000000000800ebc0       0x4c c:/st/stm32cubeide_1.5.0/stm32cubeide/plugins/com.st.stm32cube.ide.mcu.externaltools.gnu-tools-for-stm32.7-2018-q2-update.win32_1.5.0.202011040924/tools/bin/../lib/gcc/arm-none-eabi/7.3.1/../../../../arm-none-eabi/lib/thumb/v7e-m/fpv4-sp/hard\libc_nano.a(lib_a-nano-reallocr.o)
                0x000000000800ebc0                _realloc_r
 .text._sbrk_r  0x000000000800ec0c       0x20 c:/st/stm32cubeide_1.5.0/stm32cubeide/plugins/com.st.stm32cube.ide.mcu.externaltools.gnu-tools-for-stm32.7-2018-q2-update.win32_1.5.0.202011040924/tools/bin/../lib/gcc/arm-none-eabi/7.3.1/../../../../arm-none-eabi/lib/thumb/v7e-m/fpv4-sp/hard\libc_nano.a(lib_a-sbrkr.o)
                0x000000000800ec0c                _sbrk_r
 .text.__malloc_lock
                0x000000000800ec2c        0x2 c:/st/stm32cubeide_1.5.0/stm32cubeide/plugins/com.st.stm32cube.ide.mcu.externaltools.gnu-tools-for-stm32.7-2018-q2-update.win32_1.5.0.202011040924/tools/bin/../lib/gcc/arm-none-eabi/7.3.1/../../../../arm-none-eabi/lib/thumb/v7e-m/fpv4-sp/hard\libc_nano.a(lib_a-mlock.o)
                0x000000000800ec2c                __malloc_lock
 .text.__malloc_unlock
                0x000000000800ec2e        0x2 c:/st/stm32cubeide_1.5.0/stm32cubeide/plugins/com.st.stm32cube.ide.mcu.externaltools.gnu-tools-for-stm32.7-2018-q2-update.win32_1.5.0.202011040924/tools/bin/../lib/gcc/arm-none-eabi/7.3.1/../../../../arm-none-eabi/lib/thumb/v7e-m/fpv4-sp/hard\libc_nano.a(lib_a-mlock.o)
                0x000000000800ec2e                __malloc_unlock
 .text._malloc_usable_size_r
                0x000000000800ec30       0x10 c:/st/stm32cubeide_1.5.0/stm32cubeide/plugins/com.st.stm32cube.ide.mcu.externaltools.gnu-tools-for-stm32.7-2018-q2-update.win32_1.5.0.202011040924/tools/bin/../lib/gcc/arm-none-eabi/7.3.1/../../../../arm-none-eabi/lib/thumb/v7e-m/fpv4-sp/hard\libc_nano.a(lib_a-nano-msizer.o)
                0x000000000800ec30                _malloc_usable_size_r
 .text.fmod     0x000000000800ec40       0xc8 c:/st/stm32cubeide_1.5.0/stm32cubeide/plugins/com.st.stm32cube.ide.mcu.externaltools.gnu-tools-for-stm32.7-2018-q2-update.win32_1.5.0.202011040924/tools/bin/../lib/gcc/arm-none-eabi/7.3.1/../../../../arm-none-eabi/lib/thumb/v7e-m/fpv4-sp/hard\libm.a(lib_a-w_fmod.o)
                0x000000000800ec40                fmod
 .text.__ieee754_fmod
                0x000000000800ed08      0x224 c:/st/stm32cubeide_1.5.0/stm32cubeide/plugins/com.st.stm32cube.ide.mcu.externaltools.gnu-tools-for-stm32.7-2018-q2-update.win32_1.5.0.202011040924/tools/bin/../lib/gcc/arm-none-eabi/7.3.1/../../../../arm-none-eabi/lib/thumb/v7e-m/fpv4-sp/hard\libm.a(lib_a-e_fmod.o)
                0x000000000800ed08                __ieee754_fmod
 .text.matherr  0x000000000800ef2c        0x4 c:/st/stm32cubeide_1.5.0/stm32cubeide/plugins/com.st.stm32cube.ide.mcu.externaltools.gnu-tools-for-stm32.7-2018-q2-update.win32_1.5.0.202011040924/tools/bin/../lib/gcc/arm-none-eabi/7.3.1/../../../../arm-none-eabi/lib/thumb/v7e-m/fpv4-sp/hard\libm.a(lib_a-s_matherr.o)
                0x000000000800ef2c                matherr
 *(.glue_7)
 .glue_7        0x000000000800ef30        0x0 linker stubs
 *(.glue_7t)
 .glue_7t       0x000000000800ef30        0x0 linker stubs
 *(.eh_frame)
 .eh_frame      0x000000000800ef30        0x0 c:/st/stm32cubeide_1.5.0/stm32cubeide/plugins/com.st.stm32cube.ide.mcu.externaltools.gnu-tools-for-stm32.7-2018-q2-update.win32_1.5.0.202011040924/tools/bin/../lib/gcc/arm-none-eabi/7.3.1/thumb/v7e-m/fpv4-sp/hard/crtbegin.o
 *(.init)
 .init          0x000000000800ef30        0x4 c:/st/stm32cubeide_1.5.0/stm32cubeide/plugins/com.st.stm32cube.ide.mcu.externaltools.gnu-tools-for-stm32.7-2018-q2-update.win32_1.5.0.202011040924/tools/bin/../lib/gcc/arm-none-eabi/7.3.1/thumb/v7e-m/fpv4-sp/hard/crti.o
                0x000000000800ef30                _init
 .init          0x000000000800ef34        0x8 c:/st/stm32cubeide_1.5.0/stm32cubeide/plugins/com.st.stm32cube.ide.mcu.externaltools.gnu-tools-for-stm32.7-2018-q2-update.win32_1.5.0.202011040924/tools/bin/../lib/gcc/arm-none-eabi/7.3.1/thumb/v7e-m/fpv4-sp/hard/crtn.o
 *(.fini)
 .fini          0x000000000800ef3c        0x4 c:/st/stm32cubeide_1.5.0/stm32cubeide/plugins/com.st.stm32cube.ide.mcu.externaltools.gnu-tools-for-stm32.7-2018-q2-update.win32_1.5.0.202011040924/tools/bin/../lib/gcc/arm-none-eabi/7.3.1/thumb/v7e-m/fpv4-sp/hard/crti.o
                0x000000000800ef3c                _fini
 .fini          0x000000000800ef40        0x8 c:/st/stm32cubeide_1.5.0/stm32cubeide/plugins/com.st.stm32cube.ide.mcu.externaltools.gnu-tools-for-stm32.7-2018-q2-update.win32_1.5.0.202011040924/tools/bin/../lib/gcc/arm-none-eabi/7.3.1/thumb/v7e-m/fpv4-sp/hard/crtn.o
                0x000000000800ef48                . = ALIGN (0x4)
                0x000000000800ef48                _etext = .

.vfp11_veneer   0x000000000800ef48        0x0
 .vfp11_veneer  0x000000000800ef48        0x0 linker stubs

.v4_bx          0x000000000800ef48        0x0
 .v4_bx         0x000000000800ef48        0x0 linker stubs

.iplt           0x000000000800ef48        0x0
 .iplt          0x000000000800ef48        0x0 c:/st/stm32cubeide_1.5.0/stm32cubeide/plugins/com.st.stm32cube.ide.mcu.externaltools.gnu-tools-for-stm32.7-2018-q2-update.win32_1.5.0.202011040924/tools/bin/../lib/gcc/arm-none-eabi/7.3.1/thumb/v7e-m/fpv4-sp/hard/crtbegin.o

.rodata         0x000000000800ef48      0x888
                0x000000000800ef48                . = ALIGN (0x4)
 *(.rodata)
 .rodata        0x000000000800ef48        0xf Core/Src/AESK_Gps_lib.o
 *fill*         0x000000000800ef57        0x1 
 .rodata        0x000000000800ef58        0xf Core/Src/SIM800MQTT.o
 *fill*         0x000000000800ef67        0x1 
 .rodata        0x000000000800ef68      0x35f Core/Src/main.o
 *fill*         0x000000000800f2c7        0x1 
 .rodata        0x000000000800f2c8       0x48 Middlewares/Third_Party/FatFs/src/ff.o
 *(.rodata*)
 .rodata.AHBPrescTable
                0x000000000800f310       0x10 Core/Src/system_stm32f4xx.o
                0x000000000800f310                AHBPrescTable
 .rodata.APBPrescTable
                0x000000000800f320        0x8 Core/Src/system_stm32f4xx.o
                0x000000000800f320                APBPrescTable
 .rodata.flagBitshiftOffset.8764
                0x000000000800f328        0x8 Drivers/STM32F4xx_HAL_Driver/Src/stm32f4xx_hal_dma.o
 .rodata.SD_Driver
                0x000000000800f330       0x14 FATFS/Target/sd_diskio.o
                0x000000000800f330                SD_Driver
 .rodata.ExCvt  0x000000000800f344       0x80 Middlewares/Third_Party/FatFs/src/ff.o
 .rodata.LfnOfs
                0x000000000800f3c4        0xd Middlewares/Third_Party/FatFs/src/ff.o
 *fill*         0x000000000800f3d1        0x3 
 .rodata.Tbl    0x000000000800f3d4      0x100 Middlewares/Third_Party/FatFs/src/option/ccsbcs.o
 .rodata.cvt1.9515
                0x000000000800f4d4      0x1f2 Middlewares/Third_Party/FatFs/src/option/ccsbcs.o
 *fill*         0x000000000800f6c6        0x2 
 .rodata.cvt2.9516
                0x000000000800f6c8       0xbc Middlewares/Third_Party/FatFs/src/option/ccsbcs.o
 .rodata._svfprintf_r.str1.1
                0x000000000800f784       0x11 c:/st/stm32cubeide_1.5.0/stm32cubeide/plugins/com.st.stm32cube.ide.mcu.externaltools.gnu-tools-for-stm32.7-2018-q2-update.win32_1.5.0.202011040924/tools/bin/../lib/gcc/arm-none-eabi/7.3.1/../../../../arm-none-eabi/lib/thumb/v7e-m/fpv4-sp/hard\libc_nano.a(lib_a-nano-svfprintf.o)
 .rodata._printf_i.str1.1
                0x000000000800f795       0x22 c:/st/stm32cubeide_1.5.0/stm32cubeide/plugins/com.st.stm32cube.ide.mcu.externaltools.gnu-tools-for-stm32.7-2018-q2-update.win32_1.5.0.202011040924/tools/bin/../lib/gcc/arm-none-eabi/7.3.1/../../../../arm-none-eabi/lib/thumb/v7e-m/fpv4-sp/hard\libc_nano.a(lib_a-nano-vfprintf_i.o)
 .rodata.fmod.str1.1
                0x000000000800f7b7        0x5 c:/st/stm32cubeide_1.5.0/stm32cubeide/plugins/com.st.stm32cube.ide.mcu.externaltools.gnu-tools-for-stm32.7-2018-q2-update.win32_1.5.0.202011040924/tools/bin/../lib/gcc/arm-none-eabi/7.3.1/../../../../arm-none-eabi/lib/thumb/v7e-m/fpv4-sp/hard\libm.a(lib_a-w_fmod.o)
 *fill*         0x000000000800f7bc        0x4 
 .rodata.Zero   0x000000000800f7c0       0x10 c:/st/stm32cubeide_1.5.0/stm32cubeide/plugins/com.st.stm32cube.ide.mcu.externaltools.gnu-tools-for-stm32.7-2018-q2-update.win32_1.5.0.202011040924/tools/bin/../lib/gcc/arm-none-eabi/7.3.1/../../../../arm-none-eabi/lib/thumb/v7e-m/fpv4-sp/hard\libm.a(lib_a-e_fmod.o)
                0x000000000800f7d0                . = ALIGN (0x4)

.ARM.extab      0x000000000800f7d0        0x0
                0x000000000800f7d0                . = ALIGN (0x4)
 *(.ARM.extab* .gnu.linkonce.armextab.*)
                0x000000000800f7d0                . = ALIGN (0x4)

.ARM            0x000000000800f7d0        0x8
                0x000000000800f7d0                . = ALIGN (0x4)
                0x000000000800f7d0                __exidx_start = .
 *(.ARM.exidx*)
 .ARM.exidx     0x000000000800f7d0        0x8 c:/st/stm32cubeide_1.5.0/stm32cubeide/plugins/com.st.stm32cube.ide.mcu.externaltools.gnu-tools-for-stm32.7-2018-q2-update.win32_1.5.0.202011040924/tools/bin/../lib/gcc/arm-none-eabi/7.3.1/thumb/v7e-m/fpv4-sp/hard\libgcc.a(_udivmoddi4.o)
                0x000000000800f7d8                __exidx_end = .
                0x000000000800f7d8                . = ALIGN (0x4)

.rel.dyn        0x000000000800f7d8        0x0
 .rel.iplt      0x000000000800f7d8        0x0 c:/st/stm32cubeide_1.5.0/stm32cubeide/plugins/com.st.stm32cube.ide.mcu.externaltools.gnu-tools-for-stm32.7-2018-q2-update.win32_1.5.0.202011040924/tools/bin/../lib/gcc/arm-none-eabi/7.3.1/thumb/v7e-m/fpv4-sp/hard/crtbegin.o

.preinit_array  0x000000000800f7d8        0x0
                0x000000000800f7d8                . = ALIGN (0x4)
                0x000000000800f7d8                PROVIDE (__preinit_array_start = .)
 *(.preinit_array*)
                0x000000000800f7d8                PROVIDE (__preinit_array_end = .)
                0x000000000800f7d8                . = ALIGN (0x4)

.init_array     0x000000000800f7d8        0x4
                0x000000000800f7d8                . = ALIGN (0x4)
                0x000000000800f7d8                PROVIDE (__init_array_start = .)
 *(SORT_BY_NAME(.init_array.*))
 *(.init_array*)
 .init_array    0x000000000800f7d8        0x4 c:/st/stm32cubeide_1.5.0/stm32cubeide/plugins/com.st.stm32cube.ide.mcu.externaltools.gnu-tools-for-stm32.7-2018-q2-update.win32_1.5.0.202011040924/tools/bin/../lib/gcc/arm-none-eabi/7.3.1/thumb/v7e-m/fpv4-sp/hard/crtbegin.o
                0x000000000800f7dc                PROVIDE (__init_array_end = .)
                0x000000000800f7dc                . = ALIGN (0x4)

.fini_array     0x000000000800f7dc        0x4
                0x000000000800f7dc                . = ALIGN (0x4)
                [!provide]                        PROVIDE (__fini_array_start = .)
 *(SORT_BY_NAME(.fini_array.*))
 *(.fini_array*)
 .fini_array    0x000000000800f7dc        0x4 c:/st/stm32cubeide_1.5.0/stm32cubeide/plugins/com.st.stm32cube.ide.mcu.externaltools.gnu-tools-for-stm32.7-2018-q2-update.win32_1.5.0.202011040924/tools/bin/../lib/gcc/arm-none-eabi/7.3.1/thumb/v7e-m/fpv4-sp/hard/crtbegin.o
                [!provide]                        PROVIDE (__fini_array_end = .)
                0x000000000800f7e0                . = ALIGN (0x4)
                0x000000000800f7e0                _sidata = LOADADDR (.data)

.data           0x0000000020000000       0xcc load address 0x000000000800f7e0
                0x0000000020000000                . = ALIGN (0x4)
                0x0000000020000000                _sdata = .
 *(.data)
 *(.data*)
 .data.connectData
                0x0000000020000000       0x58 Core/Src/main.o
                0x0000000020000000                connectData
 .data.SystemCoreClock
                0x0000000020000058        0x4 Core/Src/system_stm32f4xx.o
                0x0000000020000058                SystemCoreClock
 .data.uwTickPrio
                0x000000002000005c        0x4 Drivers/STM32F4xx_HAL_Driver/Src/stm32f4xx_hal.o
                0x000000002000005c                uwTickPrio
 .data.uwTickFreq
                0x0000000020000060        0x1 Drivers/STM32F4xx_HAL_Driver/Src/stm32f4xx_hal.o
                0x0000000020000060                uwTickFreq
 .data.Stat     0x0000000020000061        0x1 FATFS/Target/sd_diskio.o
 *fill*         0x0000000020000062        0x2 
 .data._impure_ptr
                0x0000000020000064        0x4 c:/st/stm32cubeide_1.5.0/stm32cubeide/plugins/com.st.stm32cube.ide.mcu.externaltools.gnu-tools-for-stm32.7-2018-q2-update.win32_1.5.0.202011040924/tools/bin/../lib/gcc/arm-none-eabi/7.3.1/../../../../arm-none-eabi/lib/thumb/v7e-m/fpv4-sp/hard\libc_nano.a(lib_a-impure.o)
                0x0000000020000064                _impure_ptr
 .data.impure_data
                0x0000000020000068       0x60 c:/st/stm32cubeide_1.5.0/stm32cubeide/plugins/com.st.stm32cube.ide.mcu.externaltools.gnu-tools-for-stm32.7-2018-q2-update.win32_1.5.0.202011040924/tools/bin/../lib/gcc/arm-none-eabi/7.3.1/../../../../arm-none-eabi/lib/thumb/v7e-m/fpv4-sp/hard\libc_nano.a(lib_a-impure.o)
 .data.__fdlib_version
                0x00000000200000c8        0x1 c:/st/stm32cubeide_1.5.0/stm32cubeide/plugins/com.st.stm32cube.ide.mcu.externaltools.gnu-tools-for-stm32.7-2018-q2-update.win32_1.5.0.202011040924/tools/bin/../lib/gcc/arm-none-eabi/7.3.1/../../../../arm-none-eabi/lib/thumb/v7e-m/fpv4-sp/hard\libm.a(lib_a-s_lib_ver.o)
                0x00000000200000c8                __fdlib_version
 *(.RamFunc)
 *(.RamFunc*)
                0x00000000200000cc                . = ALIGN (0x4)
 *fill*         0x00000000200000c9        0x3 
                0x00000000200000cc                _edata = .

.igot.plt       0x00000000200000cc        0x0 load address 0x000000000800f8ac
 .igot.plt      0x00000000200000cc        0x0 c:/st/stm32cubeide_1.5.0/stm32cubeide/plugins/com.st.stm32cube.ide.mcu.externaltools.gnu-tools-for-stm32.7-2018-q2-update.win32_1.5.0.202011040924/tools/bin/../lib/gcc/arm-none-eabi/7.3.1/thumb/v7e-m/fpv4-sp/hard/crtbegin.o
                0x00000000200000cc                . = ALIGN (0x4)

.bss            0x00000000200000cc     0x8ef0 load address 0x000000000800f8ac
                0x00000000200000cc                _sbss = .
                0x00000000200000cc                __bss_start__ = _sbss
 *(.bss)
 .bss           0x00000000200000cc       0x1c c:/st/stm32cubeide_1.5.0/stm32cubeide/plugins/com.st.stm32cube.ide.mcu.externaltools.gnu-tools-for-stm32.7-2018-q2-update.win32_1.5.0.202011040924/tools/bin/../lib/gcc/arm-none-eabi/7.3.1/thumb/v7e-m/fpv4-sp/hard/crtbegin.o
 *(.bss*)
 .bss.SetTime   0x00000000200000e8        0x4 Core/Src/main.o
                0x00000000200000e8                SetTime
 .bss.SetDate   0x00000000200000ec        0x4 Core/Src/main.o
                0x00000000200000ec                SetDate
 .bss.topicString
                0x00000000200000f0        0xc Core/Src/main.o
                0x00000000200000f0                topicString
 .bss.task_counter_80_ms.11982
                0x00000000200000fc        0x4 Core/Src/main.o
 .bss.task_counter_50_ms.11981
                0x0000000020000100        0x4 Core/Src/main.o
 .bss.task_counter_500_ms.11983
                0x0000000020000104        0x4 Core/Src/main.o
 .bss.task_counter_5_sn.11984
                0x0000000020000108        0x4 Core/Src/main.o
 .bss.cifsr_control.11988
                0x000000002000010c        0x1 Core/Src/main.o
 *fill*         0x000000002000010d        0x3 
 .bss.driver_can_ID_1_counter.12110
                0x0000000020000110        0x4 Core/Src/main.o
 .bss.driver_can_ID_2_counter.12111
                0x0000000020000114        0x4 Core/Src/main.o
 .bss.driver_can_ID_3_counter.12112
                0x0000000020000118        0x4 Core/Src/main.o
 .bss.bms_can_ID_1_counter.12106
                0x000000002000011c        0x4 Core/Src/main.o
 .bss.bms_can_ID_2_counter.12107
                0x0000000020000120        0x4 Core/Src/main.o
 .bss.bms_can_ID_3_counter.12108
                0x0000000020000124        0x4 Core/Src/main.o
 .bss.bms_can_ID_4_counter.12109
                0x0000000020000128        0x4 Core/Src/main.o
 .bss.vcu_can_ID_1_counter.12105
                0x000000002000012c        0x4 Core/Src/main.o
 .bss.ems_can_ID_1_counter.12113
                0x0000000020000130        0x4 Core/Src/main.o
 .bss.ems_can_ID_2_counter.12114
                0x0000000020000134        0x4 Core/Src/main.o
 .bss.ems_can_ID_3_counter.12115
                0x0000000020000138        0x4 Core/Src/main.o
 .bss.ems_can_ID_4_counter.12116
                0x000000002000013c        0x4 Core/Src/main.o
 .bss.HAL_RCC_CAN1_CLK_ENABLED
                0x0000000020000140        0x4 Core/Src/stm32f4xx_hal_msp.o
 .bss.__sbrk_heap_end
                0x0000000020000144        0x4 Core/Src/sysmem.o
 .bss.FatFs     0x0000000020000148        0x4 Middlewares/Third_Party/FatFs/src/ff.o
 .bss.Fsid      0x000000002000014c        0x2 Middlewares/Third_Party/FatFs/src/ff.o
 *fill*         0x000000002000014e        0x2 
 .bss.Files     0x0000000020000150       0x20 Middlewares/Third_Party/FatFs/src/ff.o
 .bss.LfnBuf    0x0000000020000170      0x200 Middlewares/Third_Party/FatFs/src/ff.o
 .bss.disk      0x0000000020000370        0xc Middlewares/Third_Party/FatFs/src/ff_gen_drv.o
                0x0000000020000370                disk
 .bss.__malloc_free_list
                0x000000002000037c        0x4 c:/st/stm32cubeide_1.5.0/stm32cubeide/plugins/com.st.stm32cube.ide.mcu.externaltools.gnu-tools-for-stm32.7-2018-q2-update.win32_1.5.0.202011040924/tools/bin/../lib/gcc/arm-none-eabi/7.3.1/../../../../arm-none-eabi/lib/thumb/v7e-m/fpv4-sp/hard\libc_nano.a(lib_a-nano-mallocr.o)
                0x000000002000037c                __malloc_free_list
 .bss.__malloc_sbrk_start
                0x0000000020000380        0x4 c:/st/stm32cubeide_1.5.0/stm32cubeide/plugins/com.st.stm32cube.ide.mcu.externaltools.gnu-tools-for-stm32.7-2018-q2-update.win32_1.5.0.202011040924/tools/bin/../lib/gcc/arm-none-eabi/7.3.1/../../../../arm-none-eabi/lib/thumb/v7e-m/fpv4-sp/hard\libc_nano.a(lib_a-nano-mallocr.o)
                0x0000000020000380                __malloc_sbrk_start
 *(COMMON)
 COMMON         0x0000000020000384     0x3d54 Core/Src/AESK_GL.o
                0x0000000020000384                compro_set_uart_rx
                0x00000000200004a4                aesk_gl
                0x0000000020003fb4                tt
                0x0000000020003fb8                compro_set_can_rx
 COMMON         0x00000000200040d8     0x2e6c Core/Src/main.o
                0x00000000200040d8                hdma_sdio_rx
                0x0000000020004138                hdma_usart2_rx
                0x0000000020004198                time_task
                0x000000002000419c                huart3
                0x00000000200041dc                driver_states
                0x00000000200041e0                sTime
                0x00000000200041f4                rtcdate
                0x00000000200041f8                sd_card_data
                0x0000000020006658                aesk_can
                0x00000000200067c8                gsm_data
                0x0000000020006a0c                xbee_data
                0x0000000020006adc                hcan2
                0x0000000020006b04                huart1
                0x0000000020006b44                sDate
                0x0000000020006b48                hrtc
                0x0000000020006b68                hdma_sdio_tx
                0x0000000020006bc8                htim6
                0x0000000020006c08                gps_data
                0x0000000020006d74                hsd
                0x0000000020006df8                rtctime
                0x0000000020006e0c                huart2
                0x0000000020006e4c                hcan1
                0x0000000020006e74                hydradata
 COMMON         0x0000000020006f44        0x4 Drivers/STM32F4xx_HAL_Driver/Src/stm32f4xx_hal.o
                0x0000000020006f44                uwTick
 COMMON         0x0000000020006f48     0x2070 FATFS/App/fatfs.o
                0x0000000020006f48                retSD
                0x0000000020006f4c                SDPath
                0x0000000020006f50                SDFile
                0x0000000020007f80                SDFatFS
 COMMON         0x0000000020008fb8        0x4 c:/st/stm32cubeide_1.5.0/stm32cubeide/plugins/com.st.stm32cube.ide.mcu.externaltools.gnu-tools-for-stm32.7-2018-q2-update.win32_1.5.0.202011040924/tools/bin/../lib/gcc/arm-none-eabi/7.3.1/../../../../arm-none-eabi/lib/thumb/v7e-m/fpv4-sp/hard\libc_nano.a(lib_a-reent.o)
                0x0000000020008fb8                errno
                0x0000000020008fbc                . = ALIGN (0x4)
                0x0000000020008fbc                _ebss = .
                0x0000000020008fbc                __bss_end__ = _ebss

._user_heap_stack
                0x0000000020008fbc      0x604 load address 0x000000000800f8ac
                0x0000000020008fc0                . = ALIGN (0x8)