Component: ARM Compiler 5.06 update 6 (build 750) Tool: armlink [4d35ed]

==============================================================================

Section Cross References

    startup_stm32f412rx.o(RESET) refers to startup_stm32f412rx.o(STACK) for __initial_sp
    startup_stm32f412rx.o(RESET) refers to startup_stm32f412rx.o(.text) for Reset_Handler
    startup_stm32f412rx.o(RESET) refers to stm32f4xx_it.o(i.NMI_Handler) for NMI_Handler
    startup_stm32f412rx.o(RESET) refers to stm32f4xx_it.o(i.HardFault_Handler) for HardFault_Handler
    startup_stm32f412rx.o(RESET) refers to stm32f4xx_it.o(i.MemManage_Handler) for MemManage_Handler
    startup_stm32f412rx.o(RESET) refers to stm32f4xx_it.o(i.BusFault_Handler) for BusFault_Handler
    startup_stm32f412rx.o(RESET) refers to stm32f4xx_it.o(i.UsageFault_Handler) for UsageFault_Handler
    startup_stm32f412rx.o(RESET) refers to stm32f4xx_it.o(i.SVC_Handler) for SVC_Handler
    startup_stm32f412rx.o(RESET) refers to stm32f4xx_it.o(i.DebugMon_Handler) for DebugMon_Handler
    startup_stm32f412rx.o(RESET) refers to stm32f4xx_it.o(i.PendSV_Handler) for PendSV_Handler
    startup_stm32f412rx.o(RESET) refers to stm32f4xx_it.o(i.SysTick_Handler) for SysTick_Handler
    startup_stm32f412rx.o(RESET) refers to stm32f4xx_it.o(i.CAN1_RX0_IRQHandler) for CAN1_RX0_IRQHandler
    startup_stm32f412rx.o(RESET) refers to stm32f4xx_it.o(i.CAN1_RX1_IRQHandler) for CAN1_RX1_IRQHandler
    startup_stm32f412rx.o(RESET) refers to stm32f4xx_it.o(i.USART1_IRQHandler) for USART1_IRQHandler
    startup_stm32f412rx.o(RESET) refers to stm32f4xx_it.o(i.USART2_IRQHandler) for USART2_IRQHandler
    startup_stm32f412rx.o(RESET) refers to stm32f4xx_it.o(i.USART3_IRQHandler) for USART3_IRQHandler
    startup_stm32f412rx.o(RESET) refers to stm32f4xx_it.o(i.SDIO_IRQHandler) for SDIO_IRQHandler
    startup_stm32f412rx.o(RESET) refers to stm32f4xx_it.o(i.TIM6_IRQHandler) for TIM6_IRQHandler
    startup_stm32f412rx.o(RESET) refers to stm32f4xx_it.o(i.DMA2_Stream3_IRQHandler) for DMA2_Stream3_IRQHandler
    startup_stm32f412rx.o(RESET) refers to stm32f4xx_it.o(i.CAN2_RX0_IRQHandler) for CAN2_RX0_IRQHandler
    startup_stm32f412rx.o(RESET) refers to stm32f4xx_it.o(i.CAN2_RX1_IRQHandler) for CAN2_RX1_IRQHandler
    startup_stm32f412rx.o(RESET) refers to stm32f4xx_it.o(i.DMA2_Stream6_IRQHandler) for DMA2_Stream6_IRQHandler
    startup_stm32f412rx.o(.text) refers to system_stm32f4xx.o(i.SystemInit) for SystemInit
    startup_stm32f412rx.o(.text) refers to entry.o(.ARM.Collect$$$$00000000) for __main
    aesk_can_library.o(i.AESK_CAN_ExtIDListFilterConfiguration) refers to stm32f4xx_hal_can.o(i.HAL_CAN_ConfigFilter) for HAL_CAN_ConfigFilter
    aesk_can_library.o(i.AESK_CAN_ExtIDMaskFilterConfiguration) refers to stm32f4xx_hal_can.o(i.HAL_CAN_ConfigFilter) for HAL_CAN_ConfigFilter
    aesk_can_library.o(i.AESK_CAN_Init) refers to stm32f4xx_hal_can.o(i.HAL_CAN_ActivateNotification) for HAL_CAN_ActivateNotification
    aesk_can_library.o(i.AESK_CAN_Init) refers to stm32f4xx_hal_can.o(i.HAL_CAN_Start) for HAL_CAN_Start
    aesk_can_library.o(i.AESK_CAN_ReadExtIDMessage) refers to stm32f4xx_hal_can.o(i.HAL_CAN_GetRxMessage) for HAL_CAN_GetRxMessage
    aesk_can_library.o(i.AESK_CAN_ReadStdIDMessage) refers to stm32f4xx_hal_can.o(i.HAL_CAN_GetRxMessage) for HAL_CAN_GetRxMessage
    aesk_can_library.o(i.AESK_CAN_SendExtIDMessage) refers to stm32f4xx_hal_can.o(i.HAL_CAN_AddTxMessage) for HAL_CAN_AddTxMessage
    aesk_can_library.o(i.AESK_CAN_SendStdIDMessage) refers to stm32f4xx_hal_can.o(i.HAL_CAN_AddTxMessage) for HAL_CAN_AddTxMessage
    aesk_can_library.o(i.AESK_CAN_StdIDMaskFilterConfiguration) refers to stm32f4xx_hal_can.o(i.HAL_CAN_ConfigFilter) for HAL_CAN_ConfigFilter
    aesk_can_library.o(i.AESK_CAN_StdtIDListFilterConfiguration) refers to stm32f4xx_hal_can.o(i.HAL_CAN_ConfigFilter) for HAL_CAN_ConfigFilter
    aesk_gps_lib.o(i.AESK_Receive_Interrupt_Control) refers to stm32f4xx_hal_uart.o(i.HAL_UART_Receive_IT) for HAL_UART_Receive_IT
    aesk_gps_lib.o(i.CHECKSUM_Find) refers to strchr.o(.text) for strchr
    aesk_gps_lib.o(i.CHECKSUM_Find) refers to aesk_gps_lib.o(i.Hex2Int) for Hex2Int
    aesk_gps_lib.o(i.GPRMC_Parser) refers to strstr.o(.text) for strstr
    aesk_gps_lib.o(i.GPRMC_Parser) refers to aesk_gps_lib.o(i.NMEA_CheckSum) for NMEA_CheckSum
    aesk_gps_lib.o(i.GPRMC_Parser) refers to aesk_gps_lib.o(i.CHECKSUM_Find) for CHECKSUM_Find
    aesk_gps_lib.o(i.GPRMC_Parser) refers to aesk_gps_lib.o(i.Find_Comma_Address) for Find_Comma_Address
    aesk_gps_lib.o(i.GPRMC_Parser) refers to memcpya.o(.text) for __aeabi_memcpy
    aesk_gps_lib.o(i.GPRMC_Parser) refers to aesk_gps_lib.o(i.my_getnbr) for my_getnbr
    aesk_gps_lib.o(i.GPRMC_Parser) refers to dflti.o(.text) for __aeabi_i2d
    aesk_gps_lib.o(i.GPRMC_Parser) refers to dmul.o(.text) for __aeabi_dmul
    aesk_gps_lib.o(i.GPRMC_Parser) refers to dfixui.o(.text) for __aeabi_d2uiz
[...]
    ems_can_ID_3_counter                     0x20000044   Data           4  main.o(.data)
    ems_can_ID_4_counter                     0x20000048   Data           4  main.o(.data)
    .data                                    0x200000ac   Section        1  sd_diskio.o(.data)
    Stat                                     0x200000ac   Data           1  sd_diskio.o(.data)
    .data                                    0x200000ad   Section        5  fatfs.o(.data)
    .data                                    0x200000b4   Section        4  stm32f4xx_hal_msp.o(.data)
    HAL_RCC_CAN1_CLK_ENABLED                 0x200000b4   Data           4  stm32f4xx_hal_msp.o(.data)
    .data                                    0x200000b8   Section       12  stm32f4xx_hal.o(.data)
    .data                                    0x200000c4   Section        4  system_stm32f4xx.o(.data)
    .data                                    0x200000c8   Section        8  ff.o(.data)
    Fsid                                     0x200000c8   Data           2  ff.o(.data)
    FatFs                                    0x200000cc   Data           4  ff.o(.data)
    .data                                    0x200000d0   Section        4  errno.o(.data)
    _errno                                   0x200000d0   Data           4  errno.o(.data)
    .bss                                     0x200000d4   Section    11256  main.o(.bss)
    .bss                                     0x20002ccc   Section       96  main.o(.bss)
    .bss                                     0x20002d2c   Section       96  main.o(.bss)
    .bss                                     0x20002d8c   Section      544  ff.o(.bss)
    Files                                    0x20002d8c   Data          32  ff.o(.bss)
    LfnBuf                                   0x20002dac   Data         512  ff.o(.bss)
    .bss                                     0x20002fac   Section       12  ff_gen_drv.o(.bss)
    STACK                                    0x20002fb8   Section     1024  startup_stm32f412rx.o(STACK)

    Global Symbols

    Symbol Name                              Value     Ov Type        Size  Object(Section)

    BuildAttributes$$THM_ISAv4$E$P$D$K$B$S$7EM$VFPi3$EXTD16$VFPS$VFMA$PE$A:L22UL41UL21$X:L11$S22US41US21$IEEE1$IW$USESV6$~STKCKD$USESV7$~SHL$OTIME$ROPI$IEEEX$EBA8$MICROLIB$REQ8$PRES8$EABIv2 0x00000000   Number         0  anon$$obj.o ABSOLUTE
    __ARM_use_no_argv                        0x00000000   Number         0  main.o ABSOLUTE
    _printf_a                                0x00000000   Number         0  stubs.o ABSOLUTE
    _printf_c                                0x00000000   Number         0  stubs.o ABSOLUTE
    _printf_charcount                        0x00000000   Number         0  stubs.o ABSOLUTE
    _printf_d                                0x00000000   Number         0  stubs.o ABSOLUTE
    _printf_e                                0x00000000   Number         0  stubs.o ABSOLUTE
    _printf_f                                0x00000000   Number         0  stubs.o ABSOLUTE
    _printf_flags                            0x00000000   Number         0  stubs.o ABSOLUTE
    _printf_fp_dec                           0x00000000   Number         0  stubs.o ABSOLUTE
    _printf_fp_hex                           0x00000000   Number         0  stubs.o ABSOLUTE
    _printf_g                                0x00000000   Number         0  stubs.o ABSOLUTE
    _printf_i                                0x00000000   Number         0  stubs.o ABSOLUTE
    _printf_int_dec                          0x00000000   Number         0  stubs.o ABSOLUTE
    _printf_l                                0x00000000   Number         0  stubs.o ABSOLUTE
    _printf_lc                               0x00000000   Number         0  stubs.o ABSOLUTE
    _printf_ll                               0x00000000   Number         0  stubs.o ABSOLUTE
    _printf_lld                              0x00000000   Number         0  stubs.o ABSOLUTE
    _printf_lli                              0x00000000   Number         0  stubs.o ABSOLUTE
    _printf_llo                              0x00000000   Number         0  stubs.o ABSOLUTE
    _printf_llu                              0x00000000   Number         0  stubs.o ABSOLUTE
    _printf_llx                              0x00000000   Number         0  stubs.o ABSOLUTE
    _printf_longlong_dec                     0x00000000   Number         0  stubs.o ABSOLUTE
    _printf_longlong_hex                     0x00000000   Number         0  stubs.o ABSOLUTE
    _printf_longlong_oct                     0x00000000   Number         0  stubs.o ABSOLUTE
    _printf_ls                               0x00000000   Number         0  stubs.o ABSOLUTE
    _printf_mbtowc                           0x00000000   Number         0  stubs.o ABSOLUTE
    _printf_n                                0x00000000   Number         0  stubs.o ABSOLUTE
    _printf_o                                0x00000000   Number         0  stubs.o ABSOLUTE
    _printf_p                                0x00000000   Number         0  stubs.o ABSOLUTE
    _printf_percent                          0x00000000   Number         0  stubs.o ABSOLUTE
    _printf_pre_padding                      0x00000000   Number         0  stubs.o ABSOLUTE
    _printf_return_value                     0x00000000   Number         0  stubs.o ABSOLUTE
    _printf_s                                0x00000000   Number         0  stubs.o ABSOLUTE
    _printf_sizespec                         0x00000000   Number         0  stubs.o ABSOLUTE
    _printf_str                              0x00000000   Number         0  stubs.o ABSOLUTE
    _printf_truncate_signed                  0x00000000   Number         0  stubs.o ABSOLUTE
    _printf_truncate_unsigned                0x00000000   Number         0  stubs.o ABSOLUTE
    _printf_u                                0x00000000   Number         0  stubs.o ABSOLUTE
    _printf_wc                               0x00000000   Number         0  stubs.o ABSOLUTE
    _printf_wctomb                           0x00000000   Number         0  stubs.o ABSOLUTE
    _printf_widthprec                        0x00000000   Number         0  stubs.o ABSOLUTE
    _printf_x                                0x00000000   Number         0  stubs.o ABSOLUTE
    __cpp_initialize__aeabi_                  - Undefined Weak Reference
    __cxa_finalize                            - Undefined Weak Reference
    __decompress                              - Undefined Weak Reference
    _clock_init                               - Undefined Weak Reference
    _microlib_exit                            - Undefined Weak Reference
    __Vectors_Size                           0x000001c4   Number         0  startup_stm32f412rx.o ABSOLUTE
    __Vectors                                0x08000000   Data           4  startup_stm32f412rx.o(RESET)
    __Vectors_End                            0x080001c4   Data           0  startup_stm32f412rx.o(RESET)
    __main                                   0x080001c5   Thumb Code     0  entry.o(.ARM.Collect$$$$00000000)
    _main_stk                                0x080001c5   Thumb Code     0  entry2.o(.ARM.Collect$$$$00000001)
    _main_scatterload                        0x080001c9   Thumb Code     0  entry5.o(.ARM.Collect$$$$00000004)
    __main_after_scatterload                 0x080001cd   Thumb Code     0  entry5.o(.ARM.Collect$$$$00000004)
    _main_clock                              0x080001cd   Thumb Code     0  entry7b.o(.ARM.Collect$$$$00000008)
    _main_cpp_init                           0x080001cd   Thumb Code     0  entry8b.o(.ARM.Collect$$$$0000000A)
    _main_init                               0x080001cd   Thumb Code     0  entry9a.o(.ARM.Collect$$$$0000000B)
    __rt_final_cpp                           0x080001d5   Thumb Code     0  entry10a.o(.ARM.Collect$$$$0000000D)
    __rt_final_exit                          0x080001d5   Thumb Code     0  entry11a.o(.ARM.Collect$$$$0000000F)
    Reset_Handler                            0x080001d9   Thumb Code     8  startup_stm32f412rx.o(.text)
    ADC_IRQHandler                           0x080001f3   Thumb Code     0  startup_stm32f412rx.o(.text)
    CAN1_SCE_IRQHandler                      0x080001f3   Thumb Code     0  startup_stm32f412rx.o(.text)
    CAN1_TX_IRQHandler                       0x080001f3   Thumb Code     0  startup_stm32f412rx.o(.text)
    CAN2_SCE_IRQHandler                      0x080001f3   Thumb Code     0  startup_stm32f412rx.o(.text)
    CAN2_TX_IRQHandler                       0x080001f3   Thumb Code     0  startup_stm32f412rx.o(.text)
    DFSDM1_FLT0_IRQHandler                   0x080001f3   Thumb Code     0  startup_stm32f412rx.o(.text)
    DFSDM1_FLT1_IRQHandler                   0x080001f3   Thumb Code     0  startup_stm32f412rx.o(.text)
    DMA1_Stream0_IRQHandler                  0x080001f3   Thumb Code     0  startup_stm32f412rx.o(.text)
    DMA1_Stream1_IRQHandler                  0x080001f3   Thumb Code     0  startup_stm32f412rx.o(.text)
    DMA1_Stream2_IRQHandler                  0x080001f3   Thumb Code     0  startup_stm32f412rx.o(.text)
    DMA1_Stream3_IRQHandler                  0x080001f3   Thumb Code     0  startup_stm32f412rx.o(.text)
    DMA1_Stream4_IRQHandler                  0x080001f3   Thumb Code     0  startup_stm32f412rx.o(.text)
    DMA1_Stream5_IRQHandler                  0x080001f3   Thumb Code     0  startup_stm32f412rx.o(.text)
    DMA1_Stream6_IRQHandler                  0x080001f3   Thumb Code     0  startup_stm32f412rx.o(.text)
    DMA1_Stream7_IRQHandler                  0x080001f3   Thumb Code     0  startup_stm32f412rx.o(.text)
    DMA2_Stream0_IRQHandler                  0x080001f3   Thumb Code     0  startup_stm32f412rx.o(.text)
    DMA2_Stream1_IRQHandler                  0x080001f3   Thumb Code     0  startup_stm32f412rx.o(.text)
    DMA2_Stream2_IRQHandler                  0x080001f3   Thumb Code     0  startup_stm32f412rx.o(.text)
    DMA2_Stream4_IRQHandler                  0x080001f3   Thumb Code     0  startup_stm32f412rx.o(.text)
    DMA2_Stream5_IRQHandler                  0x080001f3   Thumb Code     0  startup_stm32f412rx.o(.text)
    DMA2_Stream7_IRQHandler                  0x080001f3   Thumb Code     0  startup_stm32f412rx.o(.text)
    EXTI0_IRQHandler                         0x080001f3   Thumb Code     0  startup_stm32f412rx.o(.text)
    EXTI15_10_IRQHandler                     0x080001f3   Thumb Code     0  startup_stm32f412rx.o(.text)
    EXTI1_IRQHandler                         0x080001f3   Thumb Code     0  startup_stm32f412rx.o(.text)
    EXTI2_IRQHandler                         0x080001f3   Thumb Code     0  startup_stm32f412rx.o(.text)
    EXTI3_IRQHandler                         0x080001f3   Thumb Code     0  startup_stm32f412rx.o(.text)
    EXTI4_IRQHandler                         0x080001f3   Thumb Code     0  startup_stm32f412rx.o(.text)
    EXTI9_5_IRQHandler                       0x080001f3   Thumb Code     0  startup_stm32f412rx.o(.text)
    FLASH_IRQHandler                         0x080001f3   Thumb Code     0  startup_stm32f412rx.o(.text)
    FMPI2C1_ER_IRQHandler                    0x080001f3   Thumb Code     0  startup_stm32f412rx.o(.text)
    FMPI2C1_EV_IRQHandler                    0x080001f3   Thumb Code     0  startup_stm32f412rx.o(.text)
    FPU_IRQHandler                           0x080001f3   Thumb Code     0  startup_stm32f412rx.o(.text)
    I2C1_ER_IRQHandler                       0x080001f3   Thumb Code     0  startup_stm32f412rx.o(.text)
    I2C1_EV_IRQHandler                       0x080001f3   Thumb Code     0  startup_stm32f412rx.o(.text)
    I2C2_ER_IRQHandler                       0x080001f3   Thumb Code     0  startup_stm32f412rx.o(.text)
    I2C2_EV_IRQHandler                       0x080001f3   Thumb Code     0  startup_stm32f412rx.o(.text)
    I2C3_ER_IRQHandler                       0x080001f3   Thumb Code     0  startup_stm32f412rx.o(.text)
    I2C3_EV_IRQHandler                       0x080001f3   Thumb Code     0  startup_stm32f412rx.o(.text)
    OTG_FS_IRQHandler                        0x080001f3   Thumb Code     0  startup_stm32f412rx.o(.text)
    OTG_FS_WKUP_IRQHandler                   0x080001f3   Thumb Code     0  startup_stm32f412rx.o(.text)
    PVD_IRQHandler                           0x080001f3   Thumb Code     0  startup_stm32f412rx.o(.text)
    QUADSPI_IRQHandler                       0x080001f3   Thumb Code     0  startup_stm32f412rx.o(.text)
    RCC_IRQHandler                           0x080001f3   Thumb Code     0  startup_stm32f412rx.o(.text)
    RNG_IRQHandler                           0x080001f3   Thumb Code     0  startup_stm32f412rx.o(.text)
    RTC_Alarm_IRQHandler                     0x080001f3   Thumb Code     0  startup_stm32f412rx.o(.text)
    RTC_WKUP_IRQHandler                      0x080001f3   Thumb Code     0  startup_stm32f412rx.o(.text)
    SPI1_IRQHandler                          0x080001f3   Thumb Code     0  startup_stm32f412rx.o(.text)
    SPI2_IRQHandler                          0x080001f3   Thumb Code     0  startup_stm32f412rx.o(.text)
    SPI3_IRQHandler                          0x080001f3   Thumb Code     0  startup_stm32f412rx.o(.text)
    SPI4_IRQHandler                          0x080001f3   Thumb Code     0  startup_stm32f412rx.o(.text)
    SPI5_IRQHandler                          0x080001f3   Thumb Code     0  startup_stm32f412rx.o(.text)
    TAMP_STAMP_IRQHandler                    0x080001f3   Thumb Code     0  startup_stm32f412rx.o(.text)
    TIM1_BRK_TIM9_IRQHandler                 0x080001f3   Thumb Code     0  startup_stm32f412rx.o(.text)
    TIM1_CC_IRQHandler                       0x080001f3   Thumb Code     0  startup_stm32f412rx.o(.text)
    TIM1_TRG_COM_TIM11_IRQHandler            0x080001f3   Thumb Code     0  startup_stm32f412rx.o(.text)
    TIM1_UP_TIM10_IRQHandler                 0x080001f3   Thumb Code     0  startup_stm32f412rx.o(.text)
    TIM2_IRQHandler                          0x080001f3   Thumb Code     0  startup_stm32f412rx.o(.text)
    TIM3_IRQHandler                          0x080001f3   Thumb Code     0  startup_stm32f412rx.o(.text)
    TIM4_IRQHandler                          0x080001f3   Thumb Code     0  startup_stm32f412rx.o(.text)
    TIM5_IRQHandler                          0x080001f3   Thumb Code     0  startup_stm32f412rx.o(.text)
    TIM7_IRQHandler                          0x080001f3   Thumb Code     0  startup_stm32f412rx.o(.text)
    TIM8_BRK_TIM12_IRQHandler                0x080001f3   Thumb Code     0  startup_stm32f412rx.o(.text)
    TIM8_CC_IRQHandler                       0x080001f3   Thumb Code     0  startup_stm32f412rx.o(.text)
    TIM8_TRG_COM_TIM14_IRQHandler            0x080001f3   Thumb Code     0  startup_stm32f412rx.o(.text)
    TIM8_UP_TIM13_IRQHandler                 0x080001f3   Thumb Code     0  startup_stm32f412rx.o(.text)
    USART6_IRQHandler                        0x080001f3   Thumb Code     0  startup_stm32f412rx.o(.text)
    WWDG_IRQHandler                          0x080001f3   Thumb Code     0  startup_stm32f412rx.o(.text)
    __aeabi_uldivmod                         0x080001fd   Thumb Code    98  uldiv.o(.text)
    __aeabi_memcpy                           0x0800025f   Thumb Code    36  memcpya.o(.text)
    __aeabi_memcpy4                          0x0800025f   Thumb Code     0  memcpya.o(.text)
    __aeabi_memcpy8                          0x0800025f   Thumb Code     0  memcpya.o(.text)
    __aeabi_memset                           0x08000283   Thumb Code    14  memseta.o(.text)
    __aeabi_memset4                          0x08000283   Thumb Code     0  memseta.o(.text)
    __aeabi_memset8                          0x08000283   Thumb Code     0  memseta.o(.text)
    __aeabi_memclr                           0x08000291   Thumb Code     4  memseta.o(.text)
    __aeabi_memclr4                          0x08000291   Thumb Code     0  memseta.o(.text)
    __aeabi_memclr8                          0x08000291   Thumb Code     0  memseta.o(.text)
    _memset$wrapper                          0x08000295   Thumb Code    18  memseta.o(.text)
    strcat                                   0x080002a7   Thumb Code    24  strcat.o(.text)
    strstr                                   0x080002bf   Thumb Code    36  strstr.o(.text)
    strchr                                   0x080002e3   Thumb Code    20  strchr.o(.text)
    strlen                                   0x080002f7   Thumb Code    14  strlen.o(.text)
    __aeabi_dadd                             0x08000305   Thumb Code   322  dadd.o(.text)
    __aeabi_dsub                             0x08000447   Thumb Code     6  dadd.o(.text)
    __aeabi_drsub                            0x0800044d   Thumb Code     6  dadd.o(.text)
    __aeabi_dmul                             0x08000453   Thumb Code   228  dmul.o(.text)
    __aeabi_ddiv                             0x08000537   Thumb Code   222  ddiv.o(.text)
    __aeabi_i2d                              0x08000615   Thumb Code    34  dflti.o(.text)
    __aeabi_d2uiz                            0x08000637   Thumb Code    50  dfixui.o(.text)
    __aeabi_f2d                              0x08000669   Thumb Code    38  f2d.o(.text)
    __aeabi_d2f                              0x0800068f   Thumb Code    56  d2f.o(.text)
    __aeabi_uidiv                            0x080006c7   Thumb Code     0  uidiv.o(.text)
    __aeabi_uidivmod                         0x080006c7   Thumb Code    44  uidiv.o(.text)
    __aeabi_llsl                             0x080006f3   Thumb Code    30  llshl.o(.text)
    _ll_shift_l                              0x080006f3   Thumb Code     0  llshl.o(.text)
    __aeabi_llsr                             0x08000711   Thumb Code    32  llushr.o(.text)
    _ll_ushift_r                             0x08000711   Thumb Code     0  llushr.o(.text)
    __aeabi_lasr                             0x08000731   Thumb Code    36  llsshr.o(.text)
    _ll_sshift_r                             0x08000731   Thumb Code     0  llsshr.o(.text)
    __I$use$fp                               0x08000755   Thumb Code     0  iusefp.o(.text)
    _float_round                             0x08000755   Thumb Code    18  fepilogue.o(.text)
    _float_epilogue                          0x08000767   Thumb Code    92  fepilogue.o(.text)
    _double_round                            0x080007c3   Thumb Code    30  depilogue.o(.text)
    _double_epilogue                         0x080007e1   Thumb Code   156  depilogue.o(.text)
    _drem                                    0x0800087d   Thumb Code   134  drem.o(.text)
    __aeabi_d2ulz                            0x08000903   Thumb Code    48  dfixul.o(.text)
    __aeabi_cdrcmple                         0x08000935   Thumb Code    48  cdrcmple.o(.text)
    __scatterload                            0x08000965   Thumb Code    28  init.o(.text)
    __scatterload_rt2                        0x08000965   Thumb Code     0  init.o(.text)
    AESK_CAN_ExtIDMaskFilterConfiguration    0x08000989   Thumb Code    70  aesk_can_library.o(i.AESK_CAN_ExtIDMaskFilterConfiguration)
    AESK_CAN_Init                            0x080009cf   Thumb Code    26  aesk_can_library.o(i.AESK_CAN_Init)
    AESK_CAN_ReadExtIDMessage                0x080009e9   Thumb Code    24  aesk_can_library.o(i.AESK_CAN_ReadExtIDMessage)
    AESK_INT16toFLOAT_LE                     0x08000a01   Thumb Code    54  aesk_data_pack_lib.o(i.AESK_INT16toFLOAT_LE)
    AESK_INT16toUINT8_LE                     0x08000a37   Thumb Code    24  aesk_data_pack_lib.o(i.AESK_INT16toUINT8_LE)
    AESK_INT8toUINT8CODE                     0x08000a4f   Thumb Code    14  aesk_data_pack_lib.o(i.AESK_INT8toUINT8CODE)
    AESK_UINT16toFLOAT_LE                    0x08000a5d   Thumb Code    54  aesk_data_pack_lib.o(i.AESK_UINT16toFLOAT_LE)
    AESK_UINT16toUINT8_LE                    0x08000a93   Thumb Code    24  aesk_data_pack_lib.o(i.AESK_UINT16toUINT8_LE)
    AESK_UINT32toUINT8_LE                    0x08000aab   Thumb Code    40  aesk_data_pack_lib.o(i.AESK_UINT32toUINT8_LE)
    AESK_UINT8toINT8ENCODE                   0x08000ad3   Thumb Code    14  aesk_data_pack_lib.o(i.AESK_UINT8toINT8ENCODE)
    AESK_UINT8toUINT32_LE                    0x08000ae1   Thumb Code    40  aesk_data_pack_lib.o(i.AESK_UINT8toUINT32_LE)
    AESK_UINT8toUINT8CODE                    0x08000b09   Thumb Code    14  aesk_data_pack_lib.o(i.AESK_UINT8toUINT8CODE)
    AESK_UINT8toUINT8ENCODE                  0x08000b17   Thumb Code    14  aesk_data_pack_lib.o(i.AESK_UINT8toUINT8ENCODE)
    BSP_SD_AbortCallback                     0x08000b25   Thumb Code     2  bsp_driver_sd.o(i.BSP_SD_AbortCallback)
    BSP_SD_GetCardInfo                       0x08000b29   Thumb Code     8  bsp_driver_sd.o(i.BSP_SD_GetCardInfo)
    BSP_SD_GetCardState                      0x08000b35   Thumb Code    20  bsp_driver_sd.o(i.BSP_SD_GetCardState)
    BSP_SD_Init                              0x08000b4d   Thumb Code    24  bsp_driver_sd.o(i.BSP_SD_Init)
    BSP_SD_IsDetected                        0x08000b69   Thumb Code    14  bsp_driver_sd.o(i.BSP_SD_IsDetected)
    BSP_SD_ReadBlocks_DMA                    0x08000b79   Thumb Code    76  bsp_driver_sd.o(i.BSP_SD_ReadBlocks_DMA)
    BSP_SD_ReadCpltCallback                  0x08000bcd   Thumb Code     2  bsp_driver_sd.o(i.BSP_SD_ReadCpltCallback)
    BSP_SD_WriteBlocks_DMA                   0x08000bd1   Thumb Code    76  bsp_driver_sd.o(i.BSP_SD_WriteBlocks_DMA)
    BSP_SD_WriteCpltCallback                 0x08000c25   Thumb Code     2  bsp_driver_sd.o(i.BSP_SD_WriteCpltCallback)
    BusFault_Handler                         0x08000c27   Thumb Code     2  stm32f4xx_it.o(i.BusFault_Handler)
    CAN1_RX0_IRQHandler                      0x08000c29   Thumb Code     6  stm32f4xx_it.o(i.CAN1_RX0_IRQHandler)
    CAN1_RX1_IRQHandler                      0x08000c35   Thumb Code     6  stm32f4xx_it.o(i.CAN1_RX1_IRQHandler)
    CAN2_RX0_IRQHandler                      0x08000c41   Thumb Code     6  stm32f4xx_it.o(i.CAN2_RX0_IRQHandler)
    CAN2_RX1_IRQHandler                      0x08000c4d   Thumb Code     6  stm32f4xx_it.o(i.CAN2_RX1_IRQHandler)
    CHECKSUM_Find                            0x08000c59   Thumb Code    38  aesk_gps_lib.o(i.CHECKSUM_Find)
    Can_Error_Control                        0x08000c81   Thumb Code   268  main.o(i.Can_Error_Control)
    DMA2_Stream3_IRQHandler                  0x08000d95   Thumb Code     6  stm32f4xx_it.o(i.DMA2_Stream3_IRQHandler)
    DMA2_Stream6_IRQHandler                  0x08000da1   Thumb Code     6  stm32f4xx_it.o(i.DMA2_Stream6_IRQHandler)
    DebugMon_Handler                         0x08000e51   Thumb Code     2  stm32f4xx_it.o(i.DebugMon_Handler)
    Error_Handler                            0x08000e53   Thumb Code     2  main.o(i.Error_Handler)
    FATFS_LinkDriver                         0x08000e55   Thumb Code     6  ff_gen_drv.o(i.FATFS_LinkDriver)
    FATFS_LinkDriverEx                       0x08000e5d   Thumb Code    58  ff_gen_drv.o(i.FATFS_LinkDriverEx)
    Find_Comma_Address                       0x08000e9d   Thumb Code    20  aesk_gps_lib.o(i.Find_Comma_Address)
    GPRMC_Parser                             0x08000eb1   Thumb Code   578  aesk_gps_lib.o(i.GPRMC_Parser)
    GPS_Control                              0x08001111   Thumb Code    50  aesk_gps_lib.o(i.GPS_Control)
    Gsm_Calibration                          0x08001145   Thumb Code   456  main.o(i.Gsm_Calibration)
    HAL_CAN_ActivateNotification             0x08001425   Thumb Code    36  stm32f4xx_hal_can.o(i.HAL_CAN_ActivateNotification)
    HAL_CAN_ConfigFilter                     0x08001449   Thumb Code   262  stm32f4xx_hal_can.o(i.HAL_CAN_ConfigFilter)
    HAL_CAN_ErrorCallback                    0x08001555   Thumb Code     2  stm32f4xx_hal_can.o(i.HAL_CAN_ErrorCallback)
    HAL_CAN_GetRxMessage                     0x08001557   Thumb Code   232  stm32f4xx_hal_can.o(i.HAL_CAN_GetRxMessage)
    HAL_CAN_IRQHandler                       0x0800163f   Thumb Code   508  stm32f4xx_hal_can.o(i.HAL_CAN_IRQHandler)
    HAL_CAN_Init                             0x0800183b   Thumb Code   282  stm32f4xx_hal_can.o(i.HAL_CAN_Init)
    HAL_CAN_MspInit                          0x08001955   Thumb Code   256  stm32f4xx_hal_msp.o(i.HAL_CAN_MspInit)
    HAL_CAN_RxFifo0FullCallback              0x08001a6d   Thumb Code     2  stm32f4xx_hal_can.o(i.HAL_CAN_RxFifo0FullCallback)
    HAL_CAN_RxFifo0MsgPendingCallback        0x08001a71   Thumb Code   906  main.o(i.HAL_CAN_RxFifo0MsgPendingCallback)
    HAL_CAN_RxFifo1FullCallback              0x08001e11   Thumb Code     2  stm32f4xx_hal_can.o(i.HAL_CAN_RxFifo1FullCallback)
    HAL_CAN_RxFifo1MsgPendingCallback        0x08001e15   Thumb Code  1012  main.o(i.HAL_CAN_RxFifo1MsgPendingCallback)
    HAL_CAN_SleepCallback                    0x08002209   Thumb Code     2  stm32f4xx_hal_can.o(i.HAL_CAN_SleepCallback)
    HAL_CAN_Start                            0x0800220d   Thumb Code    88  stm32f4xx_hal_can.o(i.HAL_CAN_Start)
    HAL_CAN_TxMailbox0AbortCallback          0x08002265   Thumb Code     2  stm32f4xx_hal_can.o(i.HAL_CAN_TxMailbox0AbortCallback)
    HAL_CAN_TxMailbox0CompleteCallback       0x08002267   Thumb Code     2  stm32f4xx_hal_can.o(i.HAL_CAN_TxMailbox0CompleteCallback)
    HAL_CAN_TxMailbox1AbortCallback          0x08002269   Thumb Code     2  stm32f4xx_hal_can.o(i.HAL_CAN_TxMailbox1AbortCallback)
    HAL_CAN_TxMailbox1CompleteCallback       0x0800226b   Thumb Code     2  stm32f4xx_hal_can.o(i.HAL_CAN_TxMailbox1CompleteCallback)
    HAL_CAN_TxMailbox2AbortCallback          0x0800226d   Thumb Code     2  stm32f4xx_hal_can.o(i.HAL_CAN_TxMailbox2AbortCallback)
    HAL_CAN_TxMailbox2CompleteCallback       0x0800226f   Thumb Code     2  stm32f4xx_hal_can.o(i.HAL_CAN_TxMailbox2CompleteCallback)
    HAL_CAN_WakeUpFromRxMsgCallback          0x08002271   Thumb Code     2  stm32f4xx_hal_can.o(i.HAL_CAN_WakeUpFromRxMsgCallback)
    HAL_DMA_Abort_IT                         0x08002273   Thumb Code    36  stm32f4xx_hal_dma.o(i.HAL_DMA_Abort_IT)
    HAL_DMA_GetError                         0x08002297   Thumb Code     4  stm32f4xx_hal_dma.o(i.HAL_DMA_GetError)
    HAL_DMA_IRQHandler                       0x0800229d   Thumb Code   412  stm32f4xx_hal_dma.o(i.HAL_DMA_IRQHandler)
    HAL_DMA_Init                             0x0800243d   Thumb Code   206  stm32f4xx_hal_dma.o(i.HAL_DMA_Init)
    HAL_DMA_Start_IT                         0x08002511   Thumb Code   110  stm32f4xx_hal_dma.o(i.HAL_DMA_Start_IT)
    HAL_Delay                                0x08002581   Thumb Code    32  stm32f4xx_hal.o(i.HAL_Delay)
    HAL_GPIO_Init                            0x080025a5   Thumb Code   354  stm32f4xx_hal_gpio.o(i.HAL_GPIO_Init)
    HAL_GPIO_WritePin                        0x08002725   Thumb Code    10  stm32f4xx_hal_gpio.o(i.HAL_GPIO_WritePin)
    HAL_GetTick                              0x08002731   Thumb Code     6  stm32f4xx_hal.o(i.HAL_GetTick)
    HAL_IncTick                              0x0800273d   Thumb Code    12  stm32f4xx_hal.o(i.HAL_IncTick)
    HAL_Init                                 0x0800274d   Thumb Code    48  stm32f4xx_hal.o(i.HAL_Init)
    HAL_InitTick                             0x08002781   Thumb Code    54  stm32f4xx_hal.o(i.HAL_InitTick)
    HAL_MspInit                              0x080027c1   Thumb Code    42  stm32f4xx_hal_msp.o(i.HAL_MspInit)
    HAL_NVIC_EnableIRQ                       0x080027f1   Thumb Code    26  stm32f4xx_hal_cortex.o(i.HAL_NVIC_EnableIRQ)
    HAL_NVIC_SetPriority                     0x0800280d   Thumb Code    60  stm32f4xx_hal_cortex.o(i.HAL_NVIC_SetPriority)
    HAL_NVIC_SetPriorityGrouping             0x0800284d   Thumb Code    26  stm32f4xx_hal_cortex.o(i.HAL_NVIC_SetPriorityGrouping)
    HAL_RCCEx_PeriphCLKConfig                0x08002871   Thumb Code   574  stm32f4xx_hal_rcc_ex.o(i.HAL_RCCEx_PeriphCLKConfig)
    HAL_RCC_ClockConfig                      0x08002ad1   Thumb Code   288  stm32f4xx_hal_rcc.o(i.HAL_RCC_ClockConfig)
    HAL_RCC_GetPCLK1Freq                     0x08002c05   Thumb Code    20  stm32f4xx_hal_rcc.o(i.HAL_RCC_GetPCLK1Freq)
    HAL_RCC_GetPCLK2Freq                     0x08002c25   Thumb Code    20  stm32f4xx_hal_rcc.o(i.HAL_RCC_GetPCLK2Freq)
    HAL_RCC_GetSysClockFreq                  0x08002c45   Thumb Code    88  stm32f4xx_hal_rcc.o(i.HAL_RCC_GetSysClockFreq)
    HAL_RCC_OscConfig                        0x08002ca9   Thumb Code   778  stm32f4xx_hal_rcc_ex.o(i.HAL_RCC_OscConfig)
    HAL_RTC_GetDate                          0x08002fcd   Thumb Code    62  stm32f4xx_hal_rtc.o(i.HAL_RTC_GetDate)
    HAL_RTC_GetTime                          0x08003011   Thumb Code    82  stm32f4xx_hal_rtc.o(i.HAL_RTC_GetTime)
    HAL_RTC_Init                             0x08003069   Thumb Code   166  stm32f4xx_hal_rtc.o(i.HAL_RTC_Init)
    HAL_RTC_MspInit                          0x08003115   Thumb Code    16  stm32f4xx_hal_msp.o(i.HAL_RTC_MspInit)
    HAL_RTC_SetDate                          0x0800312d   Thumb Code   194  stm32f4xx_hal_rtc.o(i.HAL_RTC_SetDate)
    HAL_RTC_SetTime                          0x080031f5   Thumb Code   230  stm32f4xx_hal_rtc.o(i.HAL_RTC_SetTime)
    HAL_RTC_WaitForSynchro                   0x080032e1   Thumb Code    54  stm32f4xx_hal_rtc.o(i.HAL_RTC_WaitForSynchro)
    HAL_SD_AbortCallback                     0x08003317   Thumb Code     8  bsp_driver_sd.o(i.HAL_SD_AbortCallback)
    HAL_SD_ErrorCallback                     0x0800331f   Thumb Code     2  stm32f4xx_hal_sd.o(i.HAL_SD_ErrorCallback)
    HAL_SD_GetCardCSD                        0x08003321   Thumb Code   402  stm32f4xx_hal_sd.o(i.HAL_SD_GetCardCSD)
    HAL_SD_GetCardInfo                       0x080034b9   Thumb Code    36  stm32f4xx_hal_sd.o(i.HAL_SD_GetCardInfo)
    HAL_SD_GetCardState                      0x080034dd   Thumb Code    44  stm32f4xx_hal_sd.o(i.HAL_SD_GetCardState)
    HAL_SD_GetState                          0x08003509   Thumb Code     6  stm32f4xx_hal_sd.o(i.HAL_SD_GetState)
    HAL_SD_IRQHandler                        0x08003511   Thumb Code   496  stm32f4xx_hal_sd.o(i.HAL_SD_IRQHandler)
    HAL_SD_Init                              0x08003709   Thumb Code    54  stm32f4xx_hal_sd.o(i.HAL_SD_Init)
    HAL_SD_InitCard                          0x08003741   Thumb Code    78  stm32f4xx_hal_sd.o(i.HAL_SD_InitCard)
    HAL_SD_MspInit                           0x08003795   Thumb Code   340  stm32f4xx_hal_msp.o(i.HAL_SD_MspInit)
    HAL_SD_ReadBlocks_DMA                    0x08003909   Thumb Code   286  stm32f4xx_hal_sd.o(i.HAL_SD_ReadBlocks_DMA)
    HAL_SD_RxCpltCallback                    0x08003a39   Thumb Code     8  bsp_driver_sd.o(i.HAL_SD_RxCpltCallback)
    HAL_SD_TxCpltCallback                    0x08003a41   Thumb Code     8  bsp_driver_sd.o(i.HAL_SD_TxCpltCallback)
    HAL_SD_WriteBlocks_DMA                   0x08003a49   Thumb Code   288  stm32f4xx_hal_sd.o(i.HAL_SD_WriteBlocks_DMA)
    HAL_SYSTICK_Config                       0x08003b79   Thumb Code    40  stm32f4xx_hal_cortex.o(i.HAL_SYSTICK_Config)
    HAL_TIMEx_BreakCallback                  0x08003ba1   Thumb Code     2  stm32f4xx_hal_tim_ex.o(i.HAL_TIMEx_BreakCallback)
    HAL_TIMEx_CommutCallback                 0x08003ba3   Thumb Code     2  stm32f4xx_hal_tim_ex.o(i.HAL_TIMEx_CommutCallback)
    HAL_TIMEx_MasterConfigSynchronization    0x08003ba5   Thumb Code   116  stm32f4xx_hal_tim_ex.o(i.HAL_TIMEx_MasterConfigSynchronization)
    HAL_TIM_Base_Init                        0x08003c35   Thumb Code    54  stm32f4xx_hal_tim.o(i.HAL_TIM_Base_Init)
    HAL_TIM_Base_MspInit                     0x08003c6d   Thumb Code    50  stm32f4xx_hal_msp.o(i.HAL_TIM_Base_MspInit)
    HAL_TIM_Base_Start_IT                    0x08003ca9   Thumb Code    34  stm32f4xx_hal_tim.o(i.HAL_TIM_Base_Start_IT)
    HAL_TIM_IC_CaptureCallback               0x08003ccb   Thumb Code     2  stm32f4xx_hal_tim.o(i.HAL_TIM_IC_CaptureCallback)
    HAL_TIM_IRQHandler                       0x08003ccd   Thumb Code   358  stm32f4xx_hal_tim.o(i.HAL_TIM_IRQHandler)
    HAL_TIM_OC_DelayElapsedCallback          0x08003e33   Thumb Code     2  stm32f4xx_hal_tim.o(i.HAL_TIM_OC_DelayElapsedCallback)
    HAL_TIM_PWM_PulseFinishedCallback        0x08003e35   Thumb Code     2  stm32f4xx_hal_tim.o(i.HAL_TIM_PWM_PulseFinishedCallback)
    HAL_TIM_PeriodElapsedCallback            0x08003e39   Thumb Code    96  main.o(i.HAL_TIM_PeriodElapsedCallback)
    HAL_TIM_TriggerCallback                  0x08003e9d   Thumb Code     2  stm32f4xx_hal_tim.o(i.HAL_TIM_TriggerCallback)
    HAL_UART_AbortReceiveCpltCallback        0x08003e9f   Thumb Code     2  stm32f4xx_hal_uart.o(i.HAL_UART_AbortReceiveCpltCallback)
    HAL_UART_AbortReceive_IT                 0x08003ea1   Thumb Code    88  stm32f4xx_hal_uart.o(i.HAL_UART_AbortReceive_IT)
    HAL_UART_ErrorCallback                   0x08003efd   Thumb Code     2  stm32f4xx_hal_uart.o(i.HAL_UART_ErrorCallback)
    HAL_UART_IRQHandler                      0x08003f01   Thumb Code   270  stm32f4xx_hal_uart.o(i.HAL_UART_IRQHandler)
    HAL_UART_Init                            0x08004015   Thumb Code    98  stm32f4xx_hal_uart.o(i.HAL_UART_Init)
    HAL_UART_MspInit                         0x08004079   Thumb Code   294  stm32f4xx_hal_msp.o(i.HAL_UART_MspInit)
    HAL_UART_Receive_IT                      0x080041bd   Thumb Code    82  stm32f4xx_hal_uart.o(i.HAL_UART_Receive_IT)
    HAL_UART_RxCpltCallback                  0x08004211   Thumb Code   300  main.o(i.HAL_UART_RxCpltCallback)
    HAL_UART_Transmit                        0x08004359   Thumb Code   186  stm32f4xx_hal_uart.o(i.HAL_UART_Transmit)
    HAL_UART_TxCpltCallback                  0x08004413   Thumb Code     2  stm32f4xx_hal_uart.o(i.HAL_UART_TxCpltCallback)
    HardFault_Handler                        0x08004415   Thumb Code     2  stm32f4xx_it.o(i.HardFault_Handler)
    Hex2Int                                  0x08004417   Thumb Code    42  aesk_gps_lib.o(i.Hex2Int)
    MQTTPacket_encode                        0x08004441   Thumb Code    42  sim800mqtt.o(i.MQTTPacket_encode)
    MQTTPacket_len                           0x0800446d   Thumb Code    34  sim800mqtt.o(i.MQTTPacket_len)
    MQTTSerialize_connect                    0x08004495   Thumb Code   258  sim800mqtt.o(i.MQTTSerialize_connect)
    MQTTSerialize_connectLength              0x080045a9   Thumb Code   118  sim800mqtt.o(i.MQTTSerialize_connectLength)
    MQTTSerialize_publish                    0x0800461f   Thumb Code   134  sim800mqtt.o(i.MQTTSerialize_publish)
    MQTTSerialize_publishLength              0x080046a5   Thumb Code    30  sim800mqtt.o(i.MQTTSerialize_publishLength)
    MQTTstrlen                               0x080046c3   Thumb Code    14  sim800mqtt.o(i.MQTTstrlen)
    MX_FATFS_Init                            0x08004739   Thumb Code    18  fatfs.o(i.MX_FATFS_Init)
    MemManage_Handler                        0x08004879   Thumb Code     2  stm32f4xx_it.o(i.MemManage_Handler)
    NMEA_CheckSum                            0x0800487d   Thumb Code    30  aesk_gps_lib.o(i.NMEA_CheckSum)
    NMI_Handler                              0x0800489b   Thumb Code     2  stm32f4xx_it.o(i.NMI_Handler)
    PendSV_Handler                           0x0800489d   Thumb Code     2  stm32f4xx_it.o(i.PendSV_Handler)
    RTC_Bcd2ToByte                           0x0800489f   Thumb Code    18  stm32f4xx_hal_rtc.o(i.RTC_Bcd2ToByte)
    RTC_ByteToBcd2                           0x080048b1   Thumb Code    22  stm32f4xx_hal_rtc.o(i.RTC_ByteToBcd2)
    RTC_EnterInitMode                        0x080048c9   Thumb Code    58  stm32f4xx_hal_rtc.o(i.RTC_EnterInitMode)
    RTC_Set_Time_Date                        0x08004905   Thumb Code    46  main.o(i.RTC_Set_Time_Date)
    SDIO_ConfigData                          0x08004941   Thumb Code    36  stm32f4xx_ll_sdmmc.o(i.SDIO_ConfigData)
    SDIO_GetPowerState                       0x08004965   Thumb Code     8  stm32f4xx_ll_sdmmc.o(i.SDIO_GetPowerState)
    SDIO_GetResponse                         0x0800496d   Thumb Code     6  stm32f4xx_ll_sdmmc.o(i.SDIO_GetResponse)
    SDIO_IRQHandler                          0x08004975   Thumb Code     6  stm32f4xx_it.o(i.SDIO_IRQHandler)
    SDIO_Init                                0x08004981   Thumb Code    36  stm32f4xx_ll_sdmmc.o(i.SDIO_Init)
    SDIO_PowerState_ON                       0x080049a5   Thumb Code    16  stm32f4xx_ll_sdmmc.o(i.SDIO_PowerState_ON)
    SDIO_ReadFIFO                            0x080049b5   Thumb Code     6  stm32f4xx_ll_sdmmc.o(i.SDIO_ReadFIFO)
    SDIO_SendCommand                         0x080049bb   Thumb Code    32  stm32f4xx_ll_sdmmc.o(i.SDIO_SendCommand)
    SDIO_WriteFIFO                           0x080049db   Thumb Code    10  stm32f4xx_ll_sdmmc.o(i.SDIO_WriteFIFO)
    SDMMC_CmdAppCommand                      0x080049e5   Thumb Code    50  stm32f4xx_ll_sdmmc.o(i.SDMMC_CmdAppCommand)
    SDMMC_CmdAppOperCommand                  0x08004a19   Thumb Code    48  stm32f4xx_ll_sdmmc.o(i.SDMMC_CmdAppOperCommand)
    SDMMC_CmdBlockLength                     0x08004a4d   Thumb Code    50  stm32f4xx_ll_sdmmc.o(i.SDMMC_CmdBlockLength)
    SDMMC_CmdGoIdleState                     0x08004a81   Thumb Code    74  stm32f4xx_ll_sdmmc.o(i.SDMMC_CmdGoIdleState)
    SDMMC_CmdOperCond                        0x08004ad1   Thumb Code   112  stm32f4xx_ll_sdmmc.o(i.SDMMC_CmdOperCond)
    SDMMC_CmdReadMultiBlock                  0x08004b45   Thumb Code    50  stm32f4xx_ll_sdmmc.o(i.SDMMC_CmdReadMultiBlock)
    SDMMC_CmdReadSingleBlock                 0x08004b77   Thumb Code    50  stm32f4xx_ll_sdmmc.o(i.SDMMC_CmdReadSingleBlock)
    SDMMC_CmdSelDesel                        0x08004ba9   Thumb Code    50  stm32f4xx_ll_sdmmc.o(i.SDMMC_CmdSelDesel)
    SDMMC_CmdSendCID                         0x08004bdb   Thumb Code    44  stm32f4xx_ll_sdmmc.o(i.SDMMC_CmdSendCID)
    SDMMC_CmdSendCSD                         0x08004c07   Thumb Code    44  stm32f4xx_ll_sdmmc.o(i.SDMMC_CmdSendCSD)
    SDMMC_CmdSendStatus                      0x08004c33   Thumb Code    50  stm32f4xx_ll_sdmmc.o(i.SDMMC_CmdSendStatus)
    SDMMC_CmdSetRelAdd                       0x08004c65   Thumb Code    48  stm32f4xx_ll_sdmmc.o(i.SDMMC_CmdSetRelAdd)
    SDMMC_CmdStopTransfer                    0x08004c95   Thumb Code    46  stm32f4xx_ll_sdmmc.o(i.SDMMC_CmdStopTransfer)
    SDMMC_CmdWriteMultiBlock                 0x08004cc9   Thumb Code    50  stm32f4xx_ll_sdmmc.o(i.SDMMC_CmdWriteMultiBlock)
    SDMMC_CmdWriteSingleBlock                0x08004cfb   Thumb Code    50  stm32f4xx_ll_sdmmc.o(i.SDMMC_CmdWriteSingleBlock)
    SD_initialize                            0x08005269   Thumb Code    28  sd_diskio.o(i.SD_initialize)
    SD_ioctl                                 0x08005289   Thumb Code    76  sd_diskio.o(i.SD_ioctl)
    SD_read                                  0x080052d9   Thumb Code    22  sd_diskio.o(i.SD_read)
    SD_status                                0x080052ef   Thumb Code     4  sd_diskio.o(i.SD_status)
    SD_write                                 0x080052f3   Thumb Code    22  sd_diskio.o(i.SD_write)
    SVC_Handler                              0x08005309   Thumb Code     2  stm32f4xx_it.o(i.SVC_Handler)
    SendATCommand                            0x0800530b   Thumb Code    34  sim800mqtt.o(i.SendATCommand)
    SysTick_Handler                          0x0800532d   Thumb Code     4  stm32f4xx_it.o(i.SysTick_Handler)
    SystemClock_Config                       0x08005331   Thumb Code   154  main.o(i.SystemClock_Config)
    SystemInit                               0x080053d5   Thumb Code    22  system_stm32f4xx.o(i.SystemInit)
    TIM6_IRQHandler                          0x080053f1   Thumb Code     6  stm32f4xx_it.o(i.TIM6_IRQHandler)
    TIM_Base_SetConfig                       0x080053fd   Thumb Code   156  stm32f4xx_hal_tim.o(i.TIM_Base_SetConfig)
    USART1_IRQHandler                        0x0800578d   Thumb Code     6  stm32f4xx_it.o(i.USART1_IRQHandler)
    USART2_IRQHandler                        0x08005799   Thumb Code     6  stm32f4xx_it.o(i.USART2_IRQHandler)
    USART3_IRQHandler                        0x080057a5   Thumb Code     6  stm32f4xx_it.o(i.USART3_IRQHandler)
    UsageFault_Handler                       0x080057b1   Thumb Code     2  stm32f4xx_it.o(i.UsageFault_Handler)
    __0sprintf                               0x080057b5   Thumb Code    34  printfa.o(i.__0sprintf)
    __1sprintf                               0x080057b5   Thumb Code     0  printfa.o(i.__0sprintf)
    __2sprintf                               0x080057b5   Thumb Code     0  printfa.o(i.__0sprintf)
    __c89sprintf                             0x080057b5   Thumb Code     0  printfa.o(i.__0sprintf)
    sprintf                                  0x080057b5   Thumb Code     0  printfa.o(i.__0sprintf)
    __0vsprintf                              0x080057dd   Thumb Code    30  printfa.o(i.__0vsprintf)
    __1vsprintf                              0x080057dd   Thumb Code     0  printfa.o(i.__0vsprintf)
    __2vsprintf                              0x080057dd   Thumb Code     0  printfa.o(i.__0vsprintf)
    __c89vsprintf                            0x080057dd   Thumb Code     0  printfa.o(i.__0vsprintf)
    vsprintf                                 0x080057dd   Thumb Code     0  printfa.o(i.__0vsprintf)
    __hardfp_fmod                            0x08005821   Thumb Code   254  fmod.o(i.__hardfp_fmod)
    __mathlib_dbl_invalid                    0x08005929   Thumb Code    24  dunder.o(i.__mathlib_dbl_invalid)
    __scatterload_copy                       0x08005949   Thumb Code    14  handlers.o(i.__scatterload_copy)
    __scatterload_null                       0x08005957   Thumb Code     2  handlers.o(i.__scatterload_null)
    __scatterload_zeroinit                   0x08005959   Thumb Code    14  handlers.o(i.__scatterload_zeroinit)
    __set_errno                              0x08005969   Thumb Code     6  errno.o(i.__set_errno)
    aeskCRCCalculator                        0x08006231   Thumb Code    44  main.o(i.aeskCRCCalculator)
    convertDegMinToDecDeg                    0x08006419   Thumb Code    92  aesk_gps_lib.o(i.convertDegMinToDecDeg)
    createMQTTPackage                        0x08006489   Thumb Code  1248  main.o(i.createMQTTPackage)
    createXBEEPackage                        0x0800696d   Thumb Code  1080  main.o(i.createXBEEPackage)
    disk_initialize                          0x080074cd   Thumb Code    36  diskio.o(i.disk_initialize)
    disk_ioctl                               0x080074f5   Thumb Code    24  diskio.o(i.disk_ioctl)
    disk_read                                0x08007511   Thumb Code    24  diskio.o(i.disk_read)
    disk_status                              0x0800752d   Thumb Code    18  diskio.o(i.disk_status)
    disk_write                               0x08007545   Thumb Code    24  diskio.o(i.disk_write)
    f_close                                  0x08007561   Thumb Code    40  ff.o(i.f_close)
    f_mount                                  0x08007589   Thumb Code    84  ff.o(i.f_mount)
    f_open                                   0x080075e1   Thumb Code   534  ff.o(i.f_open)
    f_sync                                   0x080077fd   Thumb Code   142  ff.o(i.f_sync)
    f_write                                  0x0800788b   Thumb Code   434  ff.o(i.f_write)
    ff_convert                               0x08007a3d   Thumb Code    52  ccsbcs.o(i.ff_convert)
    ff_wtoupper                              0x08007a75   Thumb Code   120  ccsbcs.o(i.ff_wtoupper)
    get_fattime                              0x08007f69   Thumb Code     4  fatfs.o(i.get_fattime)
    main                                     0x08008071   Thumb Code  1610  main.o(i.main)
    my_getnbr                                0x08008745   Thumb Code    60  aesk_gps_lib.o(i.my_getnbr)
    stof                                     0x08008959   Thumb Code    86  aesk_gps_lib.o(i.stof)
    vars_to_str                              0x08008adf   Thumb Code    18  main.o(i.vars_to_str)
    writeCString                             0x08008af1   Thumb Code    40  sim800mqtt.o(i.writeCString)
    writeChar                                0x08008b19   Thumb Code    12  sim800mqtt.o(i.writeChar)
    writeInt                                 0x08008b25   Thumb Code    30  sim800mqtt.o(i.writeInt)
    writeMQTTString                          0x08008b43   Thumb Code    54  sim800mqtt.o(i.writeMQTTString)
    SD_Driver                                0x08008b78   Data          20  sd_diskio.o(.constdata)
    AHBPrescTable                            0x08008b94   Data          16  system_stm32f4xx.o(.constdata)
    APBPrescTable                            0x08008ba4   Data           8  system_stm32f4xx.o(.constdata)
    Region$$Table$$Base                      0x080090d0   Number         0  anon$$obj.o(Region$$Table)
    Region$$Table$$Limit                     0x080090f0   Number         0  anon$$obj.o(Region$$Table)
    time_task                                0x20000002   Data           2  main.o(.data)
    SetTime                                  0x20000004   Data           4  main.o(.data)
    SetDate                                  0x20000008   Data           4  main.o(.data)
    rtcdate                                  0x2000004c   Data           4  main.o(.data)
    sDate                                    0x20000050   Data           4  main.o(.data)
    connectData                              0x20000054   Data          88  main.o(.data)
    retSD                                    0x200000ad   Data           1  fatfs.o(.data)
    SDPath                                   0x200000ae   Data           4  fatfs.o(.data)
    uwTickFreq                               0x200000b8   Data           1  stm32f4xx_hal.o(.data)
    uwTickPrio                               0x200000bc   Data           4  stm32f4xx_hal.o(.data)
    uwTick                                   0x200000c0   Data           4  stm32f4xx_hal.o(.data)
    SystemCoreClock                          0x200000c4   Data           4  system_stm32f4xx.o(.data)
    topicString                              0x200000d4   Data          12  main.o(.bss)
    hcan1                                    0x200000e0   Data          40  main.o(.bss)
    hcan2                                    0x20000108   Data          40  main.o(.bss)
    hrtc                                     0x20000130   Data          32  main.o(.bss)
    hsd                                      0x20000150   Data         132  main.o(.bss)
    htim6                                    0x200001d4   Data          64  main.o(.bss)
    huart1                                   0x20000214   Data          64  main.o(.bss)
    huart2                                   0x20000254   Data          64  main.o(.bss)
    huart3                                   0x20000294   Data          64  main.o(.bss)
    aesk_can                                 0x200002d4   Data         144  main.o(.bss)
    xbee_data                                0x20000364   Data         206  main.o(.bss)
    gsm_data                                 0x20000434   Data         480  main.o(.bss)
    hydradata                                0x20000614   Data         196  main.o(.bss)
    sd_card_data                             0x200006d8   Data        9312  main.o(.bss)
    gps_data                                 0x20002b38   Data         364  main.o(.bss)
    rtctime                                  0x20002ca4   Data          20  main.o(.bss)
    sTime                                    0x20002cb8   Data          20  main.o(.bss)
    hdma_sdio_tx                             0x20002ccc   Data          96  main.o(.bss)
    hdma_sdio_rx                             0x20002d2c   Data          96  main.o(.bss)
    disk                                     0x20002fac   Data          12  ff_gen_drv.o(.bss)
    __initial_sp                             0x200033b8   Data           0  startup_stm32f412rx.o(STACK)



==============================================================================

Memory Map of the image

  Image Entry point : 0x080001c5

  Load Region LR_IROM1 (Base: 0x08000000, Size: 0x000091c4, Max: 0x00080000, ABSOLUTE)

    Execution Region ER_IROM1 (Exec base: 0x08000000, Load base: 0x08000000, Size: 0x000090f0, Max: 0x00080000, ABSOLUTE)

    Exec Addr    Load Addr    Size         Type   Attr      Idx    E Section Name        Object

    0x08000000   0x08000000   0x000001c4   Data   RO            3    RESET               startup_stm32f412rx.o
    0x080001c4   0x080001c4   0x00000000   Code   RO         5332  * .ARM.Collect$$$$00000000  mc_w.l(entry.o)
    0x080001c4   0x080001c4   0x00000004   Code   RO         5640    .ARM.Collect$$$$00000001  mc_w.l(entry2.o)
    0x080001c8   0x080001c8   0x00000004   Code   RO         5643    .ARM.Collect$$$$00000004  mc_w.l(entry5.o)
    0x080001cc   0x080001cc   0x00000000   Code   RO         5645    .ARM.Collect$$$$00000008  mc_w.l(entry7b.o)
    0x080001cc   0x080001cc   0x00000000   Code   RO         5647    .ARM.Collect$$$$0000000A  mc_w.l(entry8b.o)
    0x080001cc   0x080001cc   0x00000008   Code   RO         5648    .ARM.Collect$$$$0000000B  mc_w.l(entry9a.o)
    0x080001d4   0x080001d4   0x00000000   Code   RO         5650    .ARM.Collect$$$$0000000D  mc_w.l(entry10a.o)
    0x080001d4   0x080001d4   0x00000000   Code   RO         5652    .ARM.Collect$$$$0000000F  mc_w.l(entry11a.o)
    0x080001d4   0x080001d4   0x00000004   Code   RO         5641    .ARM.Collect$$$$00002712  mc_w.l(entry2.o)
    0x080001d8   0x080001d8   0x00000024   Code   RO            4    .text               startup_stm32f412rx.o
    0x080001fc   0x080001fc   0x00000062   Code   RO         5335    .text               mc_w.l(uldiv.o)
    0x0800025e   0x0800025e   0x00000024   Code   RO         5337    .text               mc_w.l(memcpya.o)
    0x08000282   0x08000282   0x00000024   Code   RO         5339    .text               mc_w.l(memseta.o)
    0x080002a6   0x080002a6   0x00000018   Code   RO         5341    .text               mc_w.l(strcat.o)
    0x080002be   0x080002be   0x00000024   Code   RO         5343    .text               mc_w.l(strstr.o)
    0x080002e2   0x080002e2   0x00000014   Code   RO         5345    .text               mc_w.l(strchr.o)
    0x080002f6   0x080002f6   0x0000000e   Code   RO         5347    .text               mc_w.l(strlen.o)
    0x08000304   0x08000304   0x0000014e   Code   RO         5612    .text               mf_w.l(dadd.o)
    0x08000452   0x08000452   0x000000e4   Code   RO         5614    .text               mf_w.l(dmul.o)
    0x08000536   0x08000536   0x000000de   Code   RO         5616    .text               mf_w.l(ddiv.o)
    0x08000614   0x08000614   0x00000022   Code   RO         5618    .text               mf_w.l(dflti.o)
    0x08000636   0x08000636   0x00000032   Code   RO         5620    .text               mf_w.l(dfixui.o)
    0x08000668   0x08000668   0x00000026   Code   RO         5622    .text               mf_w.l(f2d.o)
    0x0800068e   0x0800068e   0x00000038   Code   RO         5624    .text               mf_w.l(d2f.o)
    0x080006c6   0x080006c6   0x0000002c   Code   RO         5657    .text               mc_w.l(uidiv.o)
    0x080006f2   0x080006f2   0x0000001e   Code   RO         5659    .text               mc_w.l(llshl.o)
    0x08000710   0x08000710   0x00000020   Code   RO         5661    .text               mc_w.l(llushr.o)
    0x08000730   0x08000730   0x00000024   Code   RO         5663    .text               mc_w.l(llsshr.o)
    0x08000754   0x08000754   0x00000000   Code   RO         5672    .text               mc_w.l(iusefp.o)
    0x08000754   0x08000754   0x0000006e   Code   RO         5673    .text               mf_w.l(fepilogue.o)
    0x080007c2   0x080007c2   0x000000ba   Code   RO         5675    .text               mf_w.l(depilogue.o)
    0x0800087c   0x0800087c   0x00000086   Code   RO         5677    .text               mf_w.l(drem.o)
    0x08000902   0x08000902   0x00000030   Code   RO         5679    .text               mf_w.l(dfixul.o)
    0x08000932   0x08000932   0x00000002   PAD
    0x08000934   0x08000934   0x00000030   Code   RO         5681    .text               mf_w.l(cdrcmple.o)
    0x08000964   0x08000964   0x00000024   Code   RO         5683    .text               mc_w.l(init.o)
    0x08000988   0x08000988   0x00000046   Code   RO           14    i.AESK_CAN_ExtIDMaskFilterConfiguration  aesk_can_library.o
    0x080009ce   0x080009ce   0x0000001a   Code   RO           15    i.AESK_CAN_Init     aesk_can_library.o
    0x080009e8   0x080009e8   0x00000018   Code   RO           16    i.AESK_CAN_ReadExtIDMessage  aesk_can_library.o
    0x08000a00   0x08000a00   0x00000036   Code   RO          202    i.AESK_INT16toFLOAT_LE  aesk_data_pack_lib.o
    0x08000a36   0x08000a36   0x00000018   Code   RO          204    i.AESK_INT16toUINT8_LE  aesk_data_pack_lib.o
    0x08000a4e   0x08000a4e   0x0000000e   Code   RO          207    i.AESK_INT8toUINT8CODE  aesk_data_pack_lib.o
    0x08000a5c   0x08000a5c   0x00000036   Code   RO          209    i.AESK_UINT16toFLOAT_LE  aesk_data_pack_lib.o
    0x08000a92   0x08000a92   0x00000018   Code   RO          211    i.AESK_UINT16toUINT8_LE  aesk_data_pack_lib.o
    0x08000aaa   0x08000aaa   0x00000028   Code   RO          213    i.AESK_UINT32toUINT8_LE  aesk_data_pack_lib.o
    0x08000ad2   0x08000ad2   0x0000000e   Code   RO          222    i.AESK_UINT8toINT8ENCODE  aesk_data_pack_lib.o
    0x08000ae0   0x08000ae0   0x00000028   Code   RO          226    i.AESK_UINT8toUINT32_LE  aesk_data_pack_lib.o
    0x08000b08   0x08000b08   0x0000000e   Code   RO          227    i.AESK_UINT8toUINT8CODE  aesk_data_pack_lib.o
    0x08000b16   0x08000b16   0x0000000e   Code   RO          228    i.AESK_UINT8toUINT8ENCODE  aesk_data_pack_lib.o
    0x08000b24   0x08000b24   0x00000002   Code   RO          758    i.BSP_SD_AbortCallback  bsp_driver_sd.o
    0x08000b26   0x08000b26   0x00000002   PAD
    0x08000b28   0x08000b28   0x0000000c   Code   RO          761    i.BSP_SD_GetCardInfo  bsp_driver_sd.o
    0x08000b34   0x08000b34   0x00000018   Code   RO          762    i.BSP_SD_GetCardState  bsp_driver_sd.o
    0x08000b4c   0x08000b4c   0x0000001c   Code   RO          764    i.BSP_SD_Init       bsp_driver_sd.o
    0x08000b68   0x08000b68   0x0000000e   Code   RO          765    i.BSP_SD_IsDetected  bsp_driver_sd.o
    0x08000b76   0x08000b76   0x00000002   PAD
    0x08000b78   0x08000b78   0x00000054   Code   RO          767    i.BSP_SD_ReadBlocks_DMA  bsp_driver_sd.o
    0x08000bcc   0x08000bcc   0x00000002   Code   RO          768    i.BSP_SD_ReadCpltCallback  bsp_driver_sd.o
    0x08000bce   0x08000bce   0x00000002   PAD
    0x08000bd0   0x08000bd0   0x00000054   Code   RO          770    i.BSP_SD_WriteBlocks_DMA  bsp_driver_sd.o
    0x08000c24   0x08000c24   0x00000002   Code   RO          771    i.BSP_SD_WriteCpltCallback  bsp_driver_sd.o
    0x08000c26   0x08000c26   0x00000002   Code   RO          977    i.BusFault_Handler  stm32f4xx_it.o
    0x08000c28   0x08000c28   0x0000000c   Code   RO          978    i.CAN1_RX0_IRQHandler  stm32f4xx_it.o
    0x08000c34   0x08000c34   0x0000000c   Code   RO          979    i.CAN1_RX1_IRQHandler  stm32f4xx_it.o
    0x08000c40   0x08000c40   0x0000000c   Code   RO          980    i.CAN2_RX0_IRQHandler  stm32f4xx_it.o
    0x08000c4c   0x08000c4c   0x0000000c   Code   RO          981    i.CAN2_RX1_IRQHandler  stm32f4xx_it.o
    0x08000c58   0x08000c58   0x00000026   Code   RO          402    i.CHECKSUM_Find     aesk_gps_lib.o
    0x08000c7e   0x08000c7e   0x00000002   PAD
    0x08000c80   0x08000c80   0x00000114   Code   RO          584    i.Can_Error_Control  main.o
    0x08000d94   0x08000d94   0x0000000c   Code   RO          982    i.DMA2_Stream3_IRQHandler  stm32f4xx_it.o
    0x08000da0   0x08000da0   0x0000000c   Code   RO          983    i.DMA2_Stream6_IRQHandler  stm32f4xx_it.o
    0x08000dac   0x08000dac   0x00000028   Code   RO         1965    i.DMA_CalcBaseAndBitshift  stm32f4xx_hal_dma.o
    0x08000dd4   0x08000dd4   0x00000054   Code   RO         1966    i.DMA_CheckFifoParam  stm32f4xx_hal_dma.o
    0x08000e28   0x08000e28   0x00000028   Code   RO         1967    i.DMA_SetConfig     stm32f4xx_hal_dma.o
    0x08000e50   0x08000e50   0x00000002   Code   RO          984    i.DebugMon_Handler  stm32f4xx_it.o
    0x08000e52   0x08000e52   0x00000002   Code   RO          585    i.Error_Handler     main.o
    0x08000e54   0x08000e54   0x00000006   Code   RO         5217    i.FATFS_LinkDriver  ff_gen_drv.o
    0x08000e5a   0x08000e5a   0x00000002   PAD
    0x08000e5c   0x08000e5c   0x00000040   Code   RO         5218    i.FATFS_LinkDriverEx  ff_gen_drv.o
    0x08000e9c   0x08000e9c   0x00000014   Code   RO          403    i.Find_Comma_Address  aesk_gps_lib.o
    0x08000eb0   0x08000eb0   0x00000260   Code   RO          404    i.GPRMC_Parser      aesk_gps_lib.o
    0x08001110   0x08001110   0x00000032   Code   RO          405    i.GPS_Control       aesk_gps_lib.o
    0x08001142   0x08001142   0x00000002   PAD
    0x08001144   0x08001144   0x000002e0   Code   RO          586    i.Gsm_Calibration   main.o
    0x08001424   0x08001424   0x00000024   Code   RO         1207    i.HAL_CAN_ActivateNotification  stm32f4xx_hal_can.o
    0x08001448   0x08001448   0x0000010c   Code   RO         1209    i.HAL_CAN_ConfigFilter  stm32f4xx_hal_can.o
    0x08001554   0x08001554   0x00000002   Code   RO         1212    i.HAL_CAN_ErrorCallback  stm32f4xx_hal_can.o
    0x08001556   0x08001556   0x000000e8   Code   RO         1215    i.HAL_CAN_GetRxMessage  stm32f4xx_hal_can.o
    0x0800163e   0x0800163e   0x000001fc   Code   RO         1219    i.HAL_CAN_IRQHandler  stm32f4xx_hal_can.o
    0x0800183a   0x0800183a   0x0000011a   Code   RO         1220    i.HAL_CAN_Init      stm32f4xx_hal_can.o
    0x08001954   0x08001954   0x00000118   Code   RO         1120    i.HAL_CAN_MspInit   stm32f4xx_hal_msp.o
    0x08001a6c   0x08001a6c   0x00000002   Code   RO         1227    i.HAL_CAN_RxFifo0FullCallback  stm32f4xx_hal_can.o
    0x08001a6e   0x08001a6e   0x00000002   PAD
    0x08001a70   0x08001a70   0x000003a0   Code   RO          587    i.HAL_CAN_RxFifo0MsgPendingCallback  main.o
    0x08001e10   0x08001e10   0x00000002   Code   RO         1229    i.HAL_CAN_RxFifo1FullCallback  stm32f4xx_hal_can.o
    0x08001e12   0x08001e12   0x00000002   PAD
    0x08001e14   0x08001e14   0x000003f4   Code   RO          588    i.HAL_CAN_RxFifo1MsgPendingCallback  main.o
    0x08002208   0x08002208   0x00000002   Code   RO         1231    i.HAL_CAN_SleepCallback  stm32f4xx_hal_can.o
    0x0800220a   0x0800220a   0x00000002   PAD
    0x0800220c   0x0800220c   0x00000058   Code   RO         1232    i.HAL_CAN_Start     stm32f4xx_hal_can.o
    0x08002264   0x08002264   0x00000002   Code   RO         1234    i.HAL_CAN_TxMailbox0AbortCallback  stm32f4xx_hal_can.o
    0x08002266   0x08002266   0x00000002   Code   RO         1235    i.HAL_CAN_TxMailbox0CompleteCallback  stm32f4xx_hal_can.o
    0x08002268   0x08002268   0x00000002   Code   RO         1236    i.HAL_CAN_TxMailbox1AbortCallback  stm32f4xx_hal_can.o
    0x0800226a   0x0800226a   0x00000002   Code   RO         1237    i.HAL_CAN_TxMailbox1CompleteCallback  stm32f4xx_hal_can.o
    0x0800226c   0x0800226c   0x00000002   Code   RO         1238    i.HAL_CAN_TxMailbox2AbortCallback  stm32f4xx_hal_can.o
    0x0800226e   0x0800226e   0x00000002   Code   RO         1239    i.HAL_CAN_TxMailbox2CompleteCallback  stm32f4xx_hal_can.o
    0x08002270   0x08002270   0x00000002   Code   RO         1241    i.HAL_CAN_WakeUpFromRxMsgCallback  stm32f4xx_hal_can.o
    0x08002272   0x08002272   0x00000024   Code   RO         1969    i.HAL_DMA_Abort_IT  stm32f4xx_hal_dma.o
    0x08002296   0x08002296   0x00000004   Code   RO         1971    i.HAL_DMA_GetError  stm32f4xx_hal_dma.o
    0x0800229a   0x0800229a   0x00000002   PAD
    0x0800229c   0x0800229c   0x000001a0   Code   RO         1973    i.HAL_DMA_IRQHandler  stm32f4xx_hal_dma.o
    0x0800243c   0x0800243c   0x000000d4   Code   RO         1974    i.HAL_DMA_Init      stm32f4xx_hal_dma.o
    0x08002510   0x08002510   0x0000006e   Code   RO         1978    i.HAL_DMA_Start_IT  stm32f4xx_hal_dma.o
    0x0800257e   0x0800257e   0x00000002   PAD
    0x08002580   0x08002580   0x00000024   Code   RO         2411    i.HAL_Delay         stm32f4xx_hal.o
    0x080025a4   0x080025a4   0x00000180   Code   RO         1861    i.HAL_GPIO_Init     stm32f4xx_hal_gpio.o
    0x08002724   0x08002724   0x0000000a   Code   RO         1865    i.HAL_GPIO_WritePin  stm32f4xx_hal_gpio.o
    0x0800272e   0x0800272e   0x00000002   PAD
    0x08002730   0x08002730   0x0000000c   Code   RO         2417    i.HAL_GetTick       stm32f4xx_hal.o
    0x0800273c   0x0800273c   0x00000010   Code   RO         2423    i.HAL_IncTick       stm32f4xx_hal.o
    0x0800274c   0x0800274c   0x00000034   Code   RO         2424    i.HAL_Init          stm32f4xx_hal.o
    0x08002780   0x08002780   0x00000040   Code   RO         2425    i.HAL_InitTick      stm32f4xx_hal.o
    0x080027c0   0x080027c0   0x00000030   Code   RO         1121    i.HAL_MspInit       stm32f4xx_hal_msp.o
    0x080027f0   0x080027f0   0x0000001a   Code   RO         2274    i.HAL_NVIC_EnableIRQ  stm32f4xx_hal_cortex.o
    0x0800280a   0x0800280a   0x00000002   PAD
    0x0800280c   0x0800280c   0x00000040   Code   RO         2280    i.HAL_NVIC_SetPriority  stm32f4xx_hal_cortex.o
    0x0800284c   0x0800284c   0x00000024   Code   RO         2281    i.HAL_NVIC_SetPriorityGrouping  stm32f4xx_hal_cortex.o
    0x08002870   0x08002870   0x00000260   Code   RO         1546    i.HAL_RCCEx_PeriphCLKConfig  stm32f4xx_hal_rcc_ex.o
    0x08002ad0   0x08002ad0   0x00000134   Code   RO         1441    i.HAL_RCC_ClockConfig  stm32f4xx_hal_rcc.o
    0x08002c04   0x08002c04   0x00000020   Code   RO         1448    i.HAL_RCC_GetPCLK1Freq  stm32f4xx_hal_rcc.o
    0x08002c24   0x08002c24   0x00000020   Code   RO         1449    i.HAL_RCC_GetPCLK2Freq  stm32f4xx_hal_rcc.o
    0x08002c44   0x08002c44   0x00000064   Code   RO         1450    i.HAL_RCC_GetSysClockFreq  stm32f4xx_hal_rcc.o
    0x08002ca8   0x08002ca8   0x00000324   Code   RO         1550    i.HAL_RCC_OscConfig  stm32f4xx_hal_rcc_ex.o
    0x08002fcc   0x08002fcc   0x00000044   Code   RO         2667    i.HAL_RTC_GetDate   stm32f4xx_hal_rtc.o
    0x08003010   0x08003010   0x00000058   Code   RO         2669    i.HAL_RTC_GetTime   stm32f4xx_hal_rtc.o
    0x08003068   0x08003068   0x000000ac   Code   RO         2670    i.HAL_RTC_Init      stm32f4xx_hal_rtc.o
    0x08003114   0x08003114   0x00000018   Code   RO         1123    i.HAL_RTC_MspInit   stm32f4xx_hal_msp.o
    0x0800312c   0x0800312c   0x000000c8   Code   RO         2676    i.HAL_RTC_SetDate   stm32f4xx_hal_rtc.o
    0x080031f4   0x080031f4   0x000000ec   Code   RO         2677    i.HAL_RTC_SetTime   stm32f4xx_hal_rtc.o
    0x080032e0   0x080032e0   0x00000036   Code   RO         2678    i.HAL_RTC_WaitForSynchro  stm32f4xx_hal_rtc.o
    0x08003316   0x08003316   0x00000008   Code   RO          772    i.HAL_SD_AbortCallback  bsp_driver_sd.o
    0x0800331e   0x0800331e   0x00000002   Code   RO         3297    i.HAL_SD_ErrorCallback  stm32f4xx_hal_sd.o
    0x08003320   0x08003320   0x00000198   Code   RO         3299    i.HAL_SD_GetCardCSD  stm32f4xx_hal_sd.o
    0x080034b8   0x080034b8   0x00000024   Code   RO         3300    i.HAL_SD_GetCardInfo  stm32f4xx_hal_sd.o
    0x080034dc   0x080034dc   0x0000002c   Code   RO         3301    i.HAL_SD_GetCardState  stm32f4xx_hal_sd.o
    0x08003508   0x08003508   0x00000006   Code   RO         3304    i.HAL_SD_GetState   stm32f4xx_hal_sd.o
    0x0800350e   0x0800350e   0x00000002   PAD
    0x08003510   0x08003510   0x000001f8   Code   RO         3305    i.HAL_SD_IRQHandler  stm32f4xx_hal_sd.o
    0x08003708   0x08003708   0x00000036   Code   RO         3306    i.HAL_SD_Init       stm32f4xx_hal_sd.o
    0x0800373e   0x0800373e   0x00000002   PAD
    0x08003740   0x08003740   0x00000054   Code   RO         3307    i.HAL_SD_InitCard   stm32f4xx_hal_sd.o
    0x08003794   0x08003794   0x00000174   Code   RO         1125    i.HAL_SD_MspInit    stm32f4xx_hal_msp.o
    0x08003908   0x08003908   0x00000130   Code   RO         3311    i.HAL_SD_ReadBlocks_DMA  stm32f4xx_hal_sd.o
    0x08003a38   0x08003a38   0x00000008   Code   RO          773    i.HAL_SD_RxCpltCallback  bsp_driver_sd.o
    0x08003a40   0x08003a40   0x00000008   Code   RO          774    i.HAL_SD_TxCpltCallback  bsp_driver_sd.o
    0x08003a48   0x08003a48   0x00000130   Code   RO         3316    i.HAL_SD_WriteBlocks_DMA  stm32f4xx_hal_sd.o
    0x08003b78   0x08003b78   0x00000028   Code   RO         2285    i.HAL_SYSTICK_Config  stm32f4xx_hal_cortex.o
    0x08003ba0   0x08003ba0   0x00000002   Code   RO         4193    i.HAL_TIMEx_BreakCallback  stm32f4xx_hal_tim_ex.o
    0x08003ba2   0x08003ba2   0x00000002   Code   RO         4194    i.HAL_TIMEx_CommutCallback  stm32f4xx_hal_tim_ex.o
    0x08003ba4   0x08003ba4   0x00000090   Code   RO         4211    i.HAL_TIMEx_MasterConfigSynchronization  stm32f4xx_hal_tim_ex.o
    0x08003c34   0x08003c34   0x00000036   Code   RO         3518    i.HAL_TIM_Base_Init  stm32f4xx_hal_tim.o
    0x08003c6a   0x08003c6a   0x00000002   PAD
    0x08003c6c   0x08003c6c   0x0000003c   Code   RO         1127    i.HAL_TIM_Base_MspInit  stm32f4xx_hal_msp.o
    0x08003ca8   0x08003ca8   0x00000022   Code   RO         3523    i.HAL_TIM_Base_Start_IT  stm32f4xx_hal_tim.o
    0x08003cca   0x08003cca   0x00000002   Code   RO         3547    i.HAL_TIM_IC_CaptureCallback  stm32f4xx_hal_tim.o
    0x08003ccc   0x08003ccc   0x00000166   Code   RO         3561    i.HAL_TIM_IRQHandler  stm32f4xx_hal_tim.o
    0x08003e32   0x08003e32   0x00000002   Code   RO         3564    i.HAL_TIM_OC_DelayElapsedCallback  stm32f4xx_hal_tim.o
    0x08003e34   0x08003e34   0x00000002   Code   RO         3591    i.HAL_TIM_PWM_PulseFinishedCallback  stm32f4xx_hal_tim.o
    0x08003e36   0x08003e36   0x00000002   PAD
    0x08003e38   0x08003e38   0x00000064   Code   RO          589    i.HAL_TIM_PeriodElapsedCallback  main.o
    0x08003e9c   0x08003e9c   0x00000002   Code   RO         3604    i.HAL_TIM_TriggerCallback  stm32f4xx_hal_tim.o
    0x08003e9e   0x08003e9e   0x00000002   Code   RO         4455    i.HAL_UART_AbortReceiveCpltCallback  stm32f4xx_hal_uart.o
    0x08003ea0   0x08003ea0   0x0000005c   Code   RO         4456    i.HAL_UART_AbortReceive_IT  stm32f4xx_hal_uart.o
    0x08003efc   0x08003efc   0x00000002   Code   RO         4465    i.HAL_UART_ErrorCallback  stm32f4xx_hal_uart.o
    0x08003efe   0x08003efe   0x00000002   PAD
    0x08003f00   0x08003f00   0x00000114   Code   RO         4468    i.HAL_UART_IRQHandler  stm32f4xx_hal_uart.o
    0x08004014   0x08004014   0x00000062   Code   RO         4469    i.HAL_UART_Init     stm32f4xx_hal_uart.o
    0x08004076   0x08004076   0x00000002   PAD
    0x08004078   0x08004078   0x00000144   Code   RO         1129    i.HAL_UART_MspInit  stm32f4xx_hal_msp.o
    0x080041bc   0x080041bc   0x00000052   Code   RO         4474    i.HAL_UART_Receive_IT  stm32f4xx_hal_uart.o
    0x0800420e   0x0800420e   0x00000002   PAD
    0x08004210   0x08004210   0x00000148   Code   RO          590    i.HAL_UART_RxCpltCallback  main.o
    0x08004358   0x08004358   0x000000ba   Code   RO         4477    i.HAL_UART_Transmit  stm32f4xx_hal_uart.o
    0x08004412   0x08004412   0x00000002   Code   RO         4480    i.HAL_UART_TxCpltCallback  stm32f4xx_hal_uart.o
    0x08004414   0x08004414   0x00000002   Code   RO          985    i.HardFault_Handler  stm32f4xx_it.o
    0x08004416   0x08004416   0x0000002a   Code   RO          406    i.Hex2Int           aesk_gps_lib.o
    0x08004440   0x08004440   0x0000002a   Code   RO          489    i.MQTTPacket_encode  sim800mqtt.o
    0x0800446a   0x0800446a   0x00000002   PAD
    0x0800446c   0x0800446c   0x00000028   Code   RO          490    i.MQTTPacket_len    sim800mqtt.o
    0x08004494   0x08004494   0x00000114   Code   RO          491    i.MQTTSerialize_connect  sim800mqtt.o
    0x080045a8   0x080045a8   0x00000076   Code   RO          492    i.MQTTSerialize_connectLength  sim800mqtt.o
    0x0800461e   0x0800461e   0x00000086   Code   RO          493    i.MQTTSerialize_publish  sim800mqtt.o
    0x080046a4   0x080046a4   0x0000001e   Code   RO          494    i.MQTTSerialize_publishLength  sim800mqtt.o
    0x080046c2   0x080046c2   0x0000000e   Code   RO          495    i.MQTTstrlen        sim800mqtt.o
    0x080046d0   0x080046d0   0x00000034   Code   RO          591    i.MX_CAN1_Init      main.o
    0x08004704   0x08004704   0x00000034   Code   RO          592    i.MX_CAN2_Init      main.o
    0x08004738   0x08004738   0x0000001c   Code   RO          939    i.MX_FATFS_Init     fatfs.o
    0x08004754   0x08004754   0x00000100   Code   RO          593    i.MX_GPIO_Init      main.o
    0x08004854   0x08004854   0x00000024   Code   RO          594    i.MX_RTC_Init       main.o
    0x08004878   0x08004878   0x00000002   Code   RO          986    i.MemManage_Handler  stm32f4xx_it.o
    0x0800487a   0x0800487a   0x00000002   PAD
    0x0800487c   0x0800487c   0x0000001e   Code   RO          407    i.NMEA_CheckSum     aesk_gps_lib.o
    0x0800489a   0x0800489a   0x00000002   Code   RO          987    i.NMI_Handler       stm32f4xx_it.o
    0x0800489c   0x0800489c   0x00000002   Code   RO          988    i.PendSV_Handler    stm32f4xx_it.o
    0x0800489e   0x0800489e   0x00000012   Code   RO         2679    i.RTC_Bcd2ToByte    stm32f4xx_hal_rtc.o
    0x080048b0   0x080048b0   0x00000016   Code   RO         2680    i.RTC_ByteToBcd2    stm32f4xx_hal_rtc.o
    0x080048c6   0x080048c6   0x00000002   PAD
    0x080048c8   0x080048c8   0x0000003a   Code   RO         2681    i.RTC_EnterInitMode  stm32f4xx_hal_rtc.o
    0x08004902   0x08004902   0x00000002   PAD
    0x08004904   0x08004904   0x0000003c   Code   RO          595    i.RTC_Set_Time_Date  main.o
    0x08004940   0x08004940   0x00000024   Code   RO         3027    i.SDIO_ConfigData   stm32f4xx_ll_sdmmc.o
    0x08004964   0x08004964   0x00000008   Code   RO         3031    i.SDIO_GetPowerState  stm32f4xx_ll_sdmmc.o
    0x0800496c   0x0800496c   0x00000006   Code   RO         3032    i.SDIO_GetResponse  stm32f4xx_ll_sdmmc.o
    0x08004972   0x08004972   0x00000002   PAD
    0x08004974   0x08004974   0x0000000c   Code   RO          989    i.SDIO_IRQHandler   stm32f4xx_it.o
    0x08004980   0x08004980   0x00000024   Code   RO         3033    i.SDIO_Init         stm32f4xx_ll_sdmmc.o
    0x080049a4   0x080049a4   0x00000010   Code   RO         3035    i.SDIO_PowerState_ON  stm32f4xx_ll_sdmmc.o
    0x080049b4   0x080049b4   0x00000006   Code   RO         3036    i.SDIO_ReadFIFO     stm32f4xx_ll_sdmmc.o
    0x080049ba   0x080049ba   0x00000020   Code   RO         3037    i.SDIO_SendCommand  stm32f4xx_ll_sdmmc.o
    0x080049da   0x080049da   0x0000000a   Code   RO         3039    i.SDIO_WriteFIFO    stm32f4xx_ll_sdmmc.o
    0x080049e4   0x080049e4   0x00000032   Code   RO         3040    i.SDMMC_CmdAppCommand  stm32f4xx_ll_sdmmc.o
    0x08004a16   0x08004a16   0x00000002   PAD
    0x08004a18   0x08004a18   0x00000034   Code   RO         3041    i.SDMMC_CmdAppOperCommand  stm32f4xx_ll_sdmmc.o
    0x08004a4c   0x08004a4c   0x00000032   Code   RO         3042    i.SDMMC_CmdBlockLength  stm32f4xx_ll_sdmmc.o
    0x08004a7e   0x08004a7e   0x00000002   PAD
    0x08004a80   0x08004a80   0x00000050   Code   RO         3047    i.SDMMC_CmdGoIdleState  stm32f4xx_ll_sdmmc.o
    0x08004ad0   0x08004ad0   0x00000074   Code   RO         3049    i.SDMMC_CmdOperCond  stm32f4xx_ll_sdmmc.o
    0x08004b44   0x08004b44   0x00000032   Code   RO         3050    i.SDMMC_CmdReadMultiBlock  stm32f4xx_ll_sdmmc.o
    0x08004b76   0x08004b76   0x00000032   Code   RO         3051    i.SDMMC_CmdReadSingleBlock  stm32f4xx_ll_sdmmc.o
    0x08004ba8   0x08004ba8   0x00000032   Code   RO         3054    i.SDMMC_CmdSelDesel  stm32f4xx_ll_sdmmc.o
    0x08004bda   0x08004bda   0x0000002c   Code   RO         3055    i.SDMMC_CmdSendCID  stm32f4xx_ll_sdmmc.o
    0x08004c06   0x08004c06   0x0000002c   Code   RO         3056    i.SDMMC_CmdSendCSD  stm32f4xx_ll_sdmmc.o
    0x08004c32   0x08004c32   0x00000032   Code   RO         3058    i.SDMMC_CmdSendStatus  stm32f4xx_ll_sdmmc.o
    0x08004c64   0x08004c64   0x00000030   Code   RO         3059    i.SDMMC_CmdSetRelAdd  stm32f4xx_ll_sdmmc.o
    0x08004c94   0x08004c94   0x00000034   Code   RO         3061    i.SDMMC_CmdStopTransfer  stm32f4xx_ll_sdmmc.o
    0x08004cc8   0x08004cc8   0x00000032   Code   RO         3063    i.SDMMC_CmdWriteMultiBlock  stm32f4xx_ll_sdmmc.o
    0x08004cfa   0x08004cfa   0x00000032   Code   RO         3064    i.SDMMC_CmdWriteSingleBlock  stm32f4xx_ll_sdmmc.o
    0x08004d2c   0x08004d2c   0x00000120   Code   RO         3065    i.SDMMC_GetCmdResp1  stm32f4xx_ll_sdmmc.o
    0x08004e4c   0x08004e4c   0x00000050   Code   RO         3066    i.SDMMC_GetCmdResp2  stm32f4xx_ll_sdmmc.o
    0x08004e9c   0x08004e9c   0x00000044   Code   RO         3067    i.SDMMC_GetCmdResp3  stm32f4xx_ll_sdmmc.o
    0x08004ee0   0x08004ee0   0x00000088   Code   RO         3068    i.SDMMC_GetCmdResp6  stm32f4xx_ll_sdmmc.o
    0x08004f68   0x08004f68   0x00000020   Code   RO          879    i.SD_CheckStatus    sd_diskio.o
    0x08004f88   0x08004f88   0x00000064   Code   RO         3318    i.SD_DMAError       stm32f4xx_hal_sd.o
    0x08004fec   0x08004fec   0x00000042   Code   RO         3319    i.SD_DMAReceiveCplt  stm32f4xx_hal_sd.o
    0x0800502e   0x0800502e   0x00000044   Code   RO         3320    i.SD_DMARxAbort     stm32f4xx_hal_sd.o
    0x08005072   0x08005072   0x0000000e   Code   RO         3321    i.SD_DMATransmitCplt  stm32f4xx_hal_sd.o
    0x08005080   0x08005080   0x00000044   Code   RO         3322    i.SD_DMATxAbort     stm32f4xx_hal_sd.o
    0x080050c4   0x080050c4   0x000000ee   Code   RO         3324    i.SD_InitCard       stm32f4xx_hal_sd.o
    0x080051b2   0x080051b2   0x00000002   PAD
    0x080051b4   0x080051b4   0x000000b4   Code   RO         3325    i.SD_PowerON        stm32f4xx_hal_sd.o
    0x08005268   0x08005268   0x00000020   Code   RO          880    i.SD_initialize     sd_diskio.o
    0x08005288   0x08005288   0x00000050   Code   RO          881    i.SD_ioctl          sd_diskio.o
    0x080052d8   0x080052d8   0x00000016   Code   RO          882    i.SD_read           sd_diskio.o
    0x080052ee   0x080052ee   0x00000004   Code   RO          883    i.SD_status         sd_diskio.o
    0x080052f2   0x080052f2   0x00000016   Code   RO          884    i.SD_write          sd_diskio.o
    0x08005308   0x08005308   0x00000002   Code   RO          990    i.SVC_Handler       stm32f4xx_it.o
    0x0800530a   0x0800530a   0x00000022   Code   RO          496    i.SendATCommand     sim800mqtt.o
    0x0800532c   0x0800532c   0x00000004   Code   RO          991    i.SysTick_Handler   stm32f4xx_it.o
    0x08005330   0x08005330   0x000000a4   Code   RO          596    i.SystemClock_Config  main.o
    0x080053d4   0x080053d4   0x0000001c   Code   RO         4771    i.SystemInit        system_stm32f4xx.o
    0x080053f0   0x080053f0   0x0000000c   Code   RO          992    i.TIM6_IRQHandler   stm32f4xx_it.o
    0x080053fc   0x080053fc   0x000000c8   Code   RO         3606    i.TIM_Base_SetConfig  stm32f4xx_hal_tim.o
    0x080054c4   0x080054c4   0x00000010   Code   RO         4482    i.UART_DMAAbortOnError  stm32f4xx_hal_uart.o
    0x080054d4   0x080054d4   0x00000014   Code   RO         4487    i.UART_DMARxOnlyAbortCallback  stm32f4xx_hal_uart.o
    0x080054e8   0x080054e8   0x0000001c   Code   RO         4492    i.UART_EndRxTransfer  stm32f4xx_hal_uart.o
    0x08005504   0x08005504   0x00000096   Code   RO         4494    i.UART_Receive_IT   stm32f4xx_hal_uart.o
    0x0800559a   0x0800559a   0x00000002   PAD
    0x0800559c   0x0800559c   0x00000128   Code   RO         4495    i.UART_SetConfig    stm32f4xx_hal_uart.o
    0x080056c4   0x080056c4   0x00000062   Code   RO         4496    i.UART_Transmit_IT  stm32f4xx_hal_uart.o
    0x08005726   0x08005726   0x00000064   Code   RO         4497    i.UART_WaitOnFlagUntilTimeout  stm32f4xx_hal_uart.o
    0x0800578a   0x0800578a   0x00000002   PAD
    0x0800578c   0x0800578c   0x0000000c   Code   RO          993    i.USART1_IRQHandler  stm32f4xx_it.o
    0x08005798   0x08005798   0x0000000c   Code   RO          994    i.USART2_IRQHandler  stm32f4xx_it.o
    0x080057a4   0x080057a4   0x0000000c   Code   RO          995    i.USART3_IRQHandler  stm32f4xx_it.o
    0x080057b0   0x080057b0   0x00000002   Code   RO          996    i.UsageFault_Handler  stm32f4xx_it.o
    0x080057b2   0x080057b2   0x00000002   PAD
    0x080057b4   0x080057b4   0x00000028   Code   RO         5586    i.__0sprintf        mc_w.l(printfa.o)
    0x080057dc   0x080057dc   0x00000024   Code   RO         5590    i.__0vsprintf       mc_w.l(printfa.o)
    0x08005800   0x08005800   0x00000020   Code   RO         2287    i.__NVIC_SetPriority  stm32f4xx_hal_cortex.o
    0x08005820   0x08005820   0x00000104   Code   RO         5320    i.__hardfp_fmod     m_wm.l(fmod.o)
    0x08005924   0x08005924   0x00000004   PAD
    0x08005928   0x08005928   0x00000020   Code   RO         5629    i.__mathlib_dbl_invalid  m_wm.l(dunder.o)
    0x08005948   0x08005948   0x0000000e   Code   RO         5689    i.__scatterload_copy  mc_w.l(handlers.o)
    0x08005956   0x08005956   0x00000002   Code   RO         5690    i.__scatterload_null  mc_w.l(handlers.o)
    0x08005958   0x08005958   0x0000000e   Code   RO         5691    i.__scatterload_zeroinit  mc_w.l(handlers.o)
    0x08005966   0x08005966   0x00000002   PAD
    0x08005968   0x08005968   0x0000000c   Code   RO         5667    i.__set_errno       mc_w.l(errno.o)
    0x08005974   0x08005974   0x00000184   Code   RO         5591    i._fp_digits        mc_w.l(printfa.o)
    0x08005af8   0x08005af8   0x000006dc   Code   RO         5592    i._printf_core      mc_w.l(printfa.o)
    0x080061d4   0x080061d4   0x00000024   Code   RO         5593    i._printf_post_padding  mc_w.l(printfa.o)
    0x080061f8   0x080061f8   0x0000002e   Code   RO         5594    i._printf_pre_padding  mc_w.l(printfa.o)
    0x08006226   0x08006226   0x0000000a   Code   RO         5596    i._sputc            mc_w.l(printfa.o)
    0x08006230   0x08006230   0x0000002c   Code   RO          597    i.aeskCRCCalculator  main.o
    0x0800625c   0x0800625c   0x00000070   Code   RO         4863    i.check_fs          ff.o
    0x080062cc   0x080062cc   0x00000010   Code   RO         4864    i.chk_chr           ff.o
    0x080062dc   0x080062dc   0x0000005c   Code   RO         4865    i.chk_lock          ff.o
    0x08006338   0x08006338   0x00000020   Code   RO         4866    i.clear_lock        ff.o
    0x08006358   0x08006358   0x00000026   Code   RO         4867    i.clmt_clust        ff.o
    0x0800637e   0x0800637e   0x00000018   Code   RO         4868    i.clust2sect        ff.o
    0x08006396   0x08006396   0x00000002   PAD
    0x08006398   0x08006398   0x00000080   Code   RO         4869    i.cmp_lfn           ff.o
    0x08006418   0x08006418   0x00000070   Code   RO          408    i.convertDegMinToDecDeg  aesk_gps_lib.o
    0x08006488   0x08006488   0x000004e4   Code   RO          598    i.createMQTTPackage  main.o
    0x0800696c   0x0800696c   0x00000438   Code   RO          599    i.createXBEEPackage  main.o
    0x08006da4   0x08006da4   0x000000a4   Code   RO         4870    i.create_chain      ff.o
    0x08006e48   0x08006e48   0x00000208   Code   RO         4871    i.create_name       ff.o
    0x08007050   0x08007050   0x00000034   Code   RO         4872    i.dec_lock          ff.o
    0x08007084   0x08007084   0x000000d0   Code   RO         4873    i.dir_find          ff.o
    0x08007154   0x08007154   0x00000102   Code   RO         4874    i.dir_next          ff.o
    0x08007256   0x08007256   0x00000002   PAD
    0x08007258   0x08007258   0x000001e4   Code   RO         4876    i.dir_register      ff.o
    0x0800743c   0x0800743c   0x0000008e   Code   RO         4878    i.dir_sdi           ff.o
    0x080074ca   0x080074ca   0x00000002   PAD
    0x080074cc   0x080074cc   0x00000028   Code   RO         4808    i.disk_initialize   diskio.o
    0x080074f4   0x080074f4   0x0000001c   Code   RO         4809    i.disk_ioctl        diskio.o
    0x08007510   0x08007510   0x0000001c   Code   RO         4810    i.disk_read         diskio.o
    0x0800752c   0x0800752c   0x00000018   Code   RO         4811    i.disk_status       diskio.o
    0x08007544   0x08007544   0x0000001c   Code   RO         4812    i.disk_write        diskio.o
    0x08007560   0x08007560   0x00000028   Code   RO         4879    i.f_close           ff.o
    0x08007588   0x08007588   0x00000058   Code   RO         4886    i.f_mount           ff.o
    0x080075e0   0x080075e0   0x0000021c   Code   RO         4887    i.f_open            ff.o
    0x080077fc   0x080077fc   0x0000008e   Code   RO         4896    i.f_sync            ff.o
    0x0800788a   0x0800788a   0x000001b2   Code   RO         4899    i.f_write           ff.o
    0x08007a3c   0x08007a3c   0x00000038   Code   RO         5291    i.ff_convert        ccsbcs.o
    0x08007a74   0x08007a74   0x00000080   Code   RO         5292    i.ff_wtoupper       ccsbcs.o
    0x08007af4   0x08007af4   0x00000290   Code   RO         4900    i.find_volume       ff.o
    0x08007d84   0x08007d84   0x0000007a   Code   RO         4901    i.follow_path       ff.o
    0x08007dfe   0x08007dfe   0x00000002   PAD
    0x08007e00   0x08007e00   0x00000080   Code   RO         4902    i.gen_numname       ff.o
    0x08007e80   0x08007e80   0x000000e8   Code   RO         4903    i.get_fat           ff.o
    0x08007f68   0x08007f68   0x00000004   Code   RO          940    i.get_fattime       fatfs.o
    0x08007f6c   0x08007f6c   0x0000003c   Code   RO         4905    i.get_ldnumber      ff.o
    0x08007fa8   0x08007fa8   0x00000080   Code   RO         4906    i.inc_lock          ff.o
    0x08008028   0x08008028   0x00000026   Code   RO         4907    i.ld_clust          ff.o
    0x0800804e   0x0800804e   0x00000016   Code   RO         4908    i.ld_dword          ff.o
    0x08008064   0x08008064   0x0000000a   Code   RO         4909    i.ld_word           ff.o
    0x0800806e   0x0800806e   0x00000002   PAD
    0x08008070   0x08008070   0x00000680   Code   RO          600    i.main              main.o
    0x080086f0   0x080086f0   0x00000012   Code   RO         4910    i.mem_cpy           ff.o
    0x08008702   0x08008702   0x00000002   PAD
    0x08008704   0x08008704   0x0000000e   Code   RO         4911    i.mem_set           ff.o
    0x08008712   0x08008712   0x00000032   Code   RO         4912    i.move_window       ff.o
    0x08008744   0x08008744   0x0000003c   Code   RO          409    i.my_getnbr         aesk_gps_lib.o
    0x08008780   0x08008780   0x00000124   Code   RO         4914    i.put_fat           ff.o
    0x080088a4   0x080088a4   0x00000074   Code   RO         4917    i.remove_chain      ff.o
    0x08008918   0x08008918   0x00000028   Code   RO         4918    i.st_clust          ff.o
    0x08008940   0x08008940   0x00000010   Code   RO         4919    i.st_dword          ff.o
    0x08008950   0x08008950   0x00000008   Code   RO         4920    i.st_word           ff.o
    0x08008958   0x08008958   0x0000005c   Code   RO          410    i.stof              aesk_gps_lib.o
    0x080089b4   0x080089b4   0x0000001a   Code   RO         4921    i.sum_sfn           ff.o
    0x080089ce   0x080089ce   0x00000002   PAD
    0x080089d0   0x080089d0   0x00000088   Code   RO         4922    i.sync_fs           ff.o
    0x08008a58   0x08008a58   0x00000052   Code   RO         4923    i.sync_window       ff.o
    0x08008aaa   0x08008aaa   0x00000034   Code   RO         4924    i.validate          ff.o
    0x08008ade   0x08008ade   0x00000012   Code   RO          601    i.vars_to_str       main.o
    0x08008af0   0x08008af0   0x00000028   Code   RO          497    i.writeCString      sim800mqtt.o
    0x08008b18   0x08008b18   0x0000000c   Code   RO          498    i.writeChar         sim800mqtt.o
    0x08008b24   0x08008b24   0x0000001e   Code   RO          499    i.writeInt          sim800mqtt.o
    0x08008b42   0x08008b42   0x00000036   Code   RO          500    i.writeMQTTString   sim800mqtt.o
    0x08008b78   0x08008b78   0x00000014   Data   RO          885    .constdata          sd_diskio.o
    0x08008b8c   0x08008b8c   0x00000008   Data   RO         1980    .constdata          stm32f4xx_hal_dma.o
    0x08008b94   0x08008b94   0x00000010   Data   RO         4772    .constdata          system_stm32f4xx.o
    0x08008ba4   0x08008ba4   0x00000008   Data   RO         4773    .constdata          system_stm32f4xx.o
    0x08008bac   0x08008bac   0x000000aa   Data   RO         4926    .constdata          ff.o
    0x08008c56   0x08008c56   0x000003ae   Data   RO         5293    .constdata          ccsbcs.o
    0x08009004   0x08009004   0x000000cc   Data   RO          605    .conststring        main.o
    0x080090d0   0x080090d0   0x00000020   Data   RO         5687    Region$$Table       anon$$obj.o


    Execution Region RW_IRAM1 (Exec base: 0x20000000, Load base: 0x080090f0, Size: 0x000033b8, Max: 0x00040000, ABSOLUTE)

    Exec Addr    Load Addr    Size         Type   Attr      Idx    E Section Name        Object

    0x20000000   0x080090f0   0x000000ac   Data   RW          606    .data               main.o
    0x200000ac   0x0800919c   0x00000001   Data   RW          886    .data               sd_diskio.o
    0x200000ad   0x0800919d   0x00000005   Data   RW          943    .data               fatfs.o
    0x200000b2   0x080091a2   0x00000002   PAD
    0x200000b4   0x080091a4   0x00000004   Data   RW         1130    .data               stm32f4xx_hal_msp.o
    0x200000b8   0x080091a8   0x0000000c   Data   RW         2431    .data               stm32f4xx_hal.o
    0x200000c4   0x080091b4   0x00000004   Data   RW         4774    .data               system_stm32f4xx.o
    0x200000c8   0x080091b8   0x00000008   Data   RW         4927    .data               ff.o
    0x200000d0   0x080091c0   0x00000004   Data   RW         5668    .data               mc_w.l(errno.o)
    0x200000d4        -       0x00002bf8   Zero   RW          602    .bss                main.o
    0x20002ccc        -       0x00000060   Zero   RW          603    .bss                main.o
    0x20002d2c        -       0x00000060   Zero   RW          604    .bss                main.o
    0x20002d8c        -       0x00000220   Zero   RW         4925    .bss                ff.o
    0x20002fac        -       0x0000000c   Zero   RW         5221    .bss                ff_gen_drv.o
    0x20002fb8        -       0x00000400   Zero   RW            1    STACK               startup_stm32f412rx.o


==============================================================================

Image component sizes


      Code (inc. data)   RO Data    RW Data    ZI Data      Debug   Object Name

       120          0          0          0          0     690860   aesk_can_library.o
       292          0          0          0          0       6928   aesk_data_pack_lib.o
      1052         56          0          0          0       7721   aesk_gps_lib.o
       276         28          0          0          0       7395   bsp_driver_sd.o
       184         22        942          0          0       2351   ccsbcs.o
       148         22          0          0          0       3865   diskio.o
        32         10          0          5          0       1556   fatfs.o
      5760        104        170          8        544      43693   ff.o
        70          6          0          0         12       1699   ff_gen_drv.o
      8060        650        204        172      11448      30732   main.o
       192         14         20          1          0       4400   sd_diskio.o
       824         24          0          0          0      11912   sim800mqtt.o
        36          8        452          0       1024        860   startup_stm32f412rx.o
       180         28          0         12          0       9445   stm32f4xx_hal.o
      1436          6          0          0          0      12976   stm32f4xx_hal_can.o
       198         14          0          0          0      34079   stm32f4xx_hal_cortex.o
       942         16          8          0          0       7249   stm32f4xx_hal_dma.o
       394         30          0          0          0       2436   stm32f4xx_hal_gpio.o
      1108        110          0          4          0       5341   stm32f4xx_hal_msp.o
       472         56          0          0          0       3808   stm32f4xx_hal_rcc.o
      1412         60          0          0          0       3268   stm32f4xx_hal_rcc_ex.o
       916         30          0          0          0       7740   stm32f4xx_hal_rtc.o
      2480         64          0          0          0      15261   stm32f4xx_hal_sd.o
       654         44          0          0          0       6913   stm32f4xx_hal_tim.o
       148         28          0          0          0       2545   stm32f4xx_hal_tim_ex.o
      1448         20          0          0          0      12034   stm32f4xx_hal_uart.o
       152         66          0          0          0       9626   stm32f4xx_it.o
      1558         46          0          0          0      22212   stm32f4xx_ll_sdmmc.o
         0          0          0          0          0        564   syscall.o
        28          6         24          4          0       1199   system_stm32f4xx.o

    ----------------------------------------------------------------------
     30648       1568       1852        208      13028     970668   Object Totals
         0          0         32          0          0          0   (incl. Generated)
        76          0          0          2          0          0   (incl. Padding)

    ----------------------------------------------------------------------

      Code (inc. data)   RO Data    RW Data    ZI Data      Debug   Library Member Name

        32          8          0          0          0        124   dunder.o
       260          6          0          0          0        144   fmod.o
         0          0          0          0          0          0   entry.o
         0          0          0          0          0          0   entry10a.o
         0          0          0          0          0          0   entry11a.o
         8          4          0          0          0          0   entry2.o
         4          0          0          0          0          0   entry5.o
         0          0          0          0          0          0   entry7b.o
         0          0          0          0          0          0   entry8b.o
         8          4          0          0          0          0   entry9a.o
        12          6          0          4          0         68   errno.o
        30          0          0          0          0          0   handlers.o
        36          8          0          0          0         68   init.o
         0          0          0          0          0          0   iusefp.o
        30          0          0          0          0         68   llshl.o
        36          0          0          0          0         68   llsshr.o
        32          0          0          0          0         68   llushr.o
        36          0          0          0          0         68   memcpya.o
        36          0          0          0          0        108   memseta.o
      2312         92          0          0          0        600   printfa.o
        24          0          0          0          0         68   strcat.o
        20          0          0          0          0         68   strchr.o
        14          0          0          0          0         68   strlen.o
        36          0          0          0          0         80   strstr.o
        44          0          0          0          0         80   uidiv.o
        98          0          0          0          0         92   uldiv.o
        48          0          0          0          0         68   cdrcmple.o
        56          0          0          0          0         88   d2f.o
       334          0          0          0          0        148   dadd.o
       222          0          0          0          0        100   ddiv.o
       186          0          0          0          0        176   depilogue.o
        50          0          0          0          0         76   dfixui.o
        48          0          0          0          0         68   dfixul.o
        34          0          0          0          0         76   dflti.o
       228          0          0          0          0         96   dmul.o
       134          0          0          0          0         96   drem.o
        38          0          0          0          0         68   f2d.o
       110          0          0          0          0        168   fepilogue.o

    ----------------------------------------------------------------------
      4604        132          0          4          0       3068   Library Totals
         8          4          0          0          0          0   (incl. Padding)

    ----------------------------------------------------------------------

      Code (inc. data)   RO Data    RW Data    ZI Data      Debug   Library Name

       292         14          0          0          0        268   m_wm.l
      2816        114          0          4          0       1572   mc_w.l
      1488          0          0          0          0       1228   mf_w.l

    ----------------------------------------------------------------------
      4604        132          0          4          0       3068   Library Totals

    ----------------------------------------------------------------------

==============================================================================


      Code (inc. data)   RO Data    RW Data    ZI Data      Debug   

     35252       1700       1852        212      13028     946232   Grand Totals
     35252       1700       1852        212      13028     946232   ELF Image Totals
     35252       1700       1852        212          0          0   ROM Totals

==============================================================================

    Total RO  Size (Code + RO Data)                37104 (  36.23kB)
    Total RW  Size (RW Data + ZI Data)             13240 (  12.93kB)
    Total ROM Size (Code + RO Data + RW Data)      37316 (  36.44kB)

==============================================================================

