Component: ARM Compiler 5.06 update 6 (build 750) Tool: armlink [4d35ed]

==============================================================================

Section Cross References

    startup_stm32f412rx.o(RESET) refers to startup_stm32f412rx.o(STACK) for __initial_sp
    startup_stm32f412rx.o(RESET) refers to startup_stm32f412rx.o(.text) for Reset_Handler
    startup_stm32f412rx.o(RESET) refers to stm32f4xx_it.o(i.NMI_Handler) for NMI_Handler
    startup_stm32f412rx.o(RESET) refers to stm32f4xx_it.o(i.HardFault_Handler) for HardFault_Handler
    startup_stm32f412rx.o(RESET) refers to stm32f4xx_it.o(i.MemManage_Handler) for MemManage_Handler
    startup_stm32f412rx.o(RESET) refers to stm32f4xx_it.o(i.BusFault_Handler) for BusFault_Handler
    startup_stm32f412rx.o(RESET) refers to stm32f4xx_it.o(i.UsageFault_Handler) for UsageFault_Handler
    startup_stm32f412rx.o(RESET) refers to stm32f4xx_it.o(i.SVC_Handler) for SVC_Handler
    startup_stm32f412rx.o(RESET) refers to stm32f4xx_it.o(i.DebugMon_Handler) for DebugMon_Handler
    startup_stm32f412rx.o(RESET) refers to stm32f4xx_it.o(i.PendSV_Handler) for PendSV_Handler
    startup_stm32f412rx.o(RESET) refers to stm32f4xx_it.o(i.SysTick_Handler) for SysTick_Handler
    startup_stm32f412rx.o(RESET) refers to stm32f4xx_it.o(i.DMA1_Stream5_IRQHandler) for DMA1_Stream5_IRQHandler
    startup_stm32f412rx.o(RESET) refers to stm32f4xx_it.o(i.CAN1_RX0_IRQHandler) for CAN1_RX0_IRQHandler
    startup_stm32f412rx.o(RESET) refers to stm32f4xx_it.o(i.CAN1_RX1_IRQHandler) for CAN1_RX1_IRQHandler
    startup_stm32f412rx.o(RESET) refers to stm32f4xx_it.o(i.USART1_IRQHandler) for USART1_IRQHandler
    startup_stm32f412rx.o(RESET) refers to stm32f4xx_it.o(i.USART2_IRQHandler) for USART2_IRQHandler
    startup_stm32f412rx.o(RESET) refers to stm32f4xx_it.o(i.USART3_IRQHandler) for USART3_IRQHandler
    startup_stm32f412rx.o(RESET) refers to stm32f4xx_it.o(i.SDIO_IRQHandler) for SDIO_IRQHandler
    startup_stm32f412rx.o(RESET) refers to stm32f4xx_it.o(i.TIM6_IRQHandler) for TIM6_IRQHandler
    startup_stm32f412rx.o(RESET) refers to stm32f4xx_it.o(i.DMA2_Stream3_IRQHandler) for DMA2_Stream3_IRQHandler
    startup_stm32f412rx.o(RESET) refers to stm32f4xx_it.o(i.CAN2_RX0_IRQHandler) for CAN2_RX0_IRQHandler
    startup_stm32f412rx.o(RESET) refers to stm32f4xx_it.o(i.CAN2_RX1_IRQHandler) for CAN2_RX1_IRQHandler
    startup_stm32f412rx.o(RESET) refers to stm32f4xx_it.o(i.DMA2_Stream6_IRQHandler) for DMA2_Stream6_IRQHandler
    startup_stm32f412rx.o(.text) refers to system_stm32f4xx.o(i.SystemInit) for SystemInit
    startup_stm32f412rx.o(.text) refers to entry.o(.ARM.Collect$$$$00000000) for __main
    aesk_can_library.o(i.AESK_CAN_ExtIDListFilterConfiguration) refers to stm32f4xx_hal_can.o(i.HAL_CAN_ConfigFilter) for HAL_CAN_ConfigFilter
    aesk_can_library.o(i.AESK_CAN_ExtIDMaskFilterConfiguration) refers to stm32f4xx_hal_can.o(i.HAL_CAN_ConfigFilter) for HAL_CAN_ConfigFilter
    aesk_can_library.o(i.AESK_CAN_Init) refers to stm32f4xx_hal_can.o(i.HAL_CAN_ActivateNotification) for HAL_CAN_ActivateNotification
    aesk_can_library.o(i.AESK_CAN_Init) refers to stm32f4xx_hal_can.o(i.HAL_CAN_Start) for HAL_CAN_Start
    aesk_can_library.o(i.AESK_CAN_ReadExtIDMessage) refers to stm32f4xx_hal_can.o(i.HAL_CAN_GetRxMessage) for HAL_CAN_GetRxMessage
    aesk_can_library.o(i.AESK_CAN_ReadStdIDMessage) refers to stm32f4xx_hal_can.o(i.HAL_CAN_GetRxMessage) for HAL_CAN_GetRxMessage
    aesk_can_library.o(i.AESK_CAN_SendExtIDMessage) refers to stm32f4xx_hal_can.o(i.HAL_CAN_AddTxMessage) for HAL_CAN_AddTxMessage
    aesk_can_library.o(i.AESK_CAN_SendStdIDMessage) refers to stm32f4xx_hal_can.o(i.HAL_CAN_AddTxMessage) for HAL_CAN_AddTxMessage
    aesk_can_library.o(i.AESK_CAN_StdIDMaskFilterConfiguration) refers to stm32f4xx_hal_can.o(i.HAL_CAN_ConfigFilter) for HAL_CAN_ConfigFilter
    aesk_can_library.o(i.AESK_CAN_StdtIDListFilterConfiguration) refers to stm32f4xx_hal_can.o(i.HAL_CAN_ConfigFilter) for HAL_CAN_ConfigFilter
    aesk_gps_lib.o(i.AESK_Receive_Interrupt_Control) refers to stm32f4xx_hal_uart.o(i.HAL_UART_Receive_IT) for HAL_UART_Receive_IT
    aesk_gps_lib.o(i.CHECKSUM_Find) refers to strchr.o(.text) for strchr
    aesk_gps_lib.o(i.CHECKSUM_Find) refers to aesk_gps_lib.o(i.Hex2Int) for Hex2Int
    aesk_gps_lib.o(i.GPRMC_Parser) refers to strstr.o(.text) for strstr
    aesk_gps_lib.o(i.GPRMC_Parser) refers to aesk_gps_lib.o(i.NMEA_CheckSum) for NMEA_CheckSum
    aesk_gps_lib.o(i.GPRMC_Parser) refers to aesk_gps_lib.o(i.CHECKSUM_Find) for CHECKSUM_Find
    aesk_gps_lib.o(i.GPRMC_Parser) refers to aesk_gps_lib.o(i.Find_Comma_Address) for Find_Comma_Address
    aesk_gps_lib.o(i.GPRMC_Parser) refers to memcpya.o(.text) for __aeabi_memcpy
    aesk_gps_lib.o(i.GPRMC_Parser) refers to aesk_gps_lib.o(i.my_getnbr) for my_getnbr
    aesk_gps_lib.o(i.GPRMC_Parser) refers to dflti.o(.text) for __aeabi_i2d
    aesk_gps_lib.o(i.GPRMC_Parser) refers to dmul.o(.text) for __aeabi_dmul
[...]
    .bss                                     0x20002e5c   Section      544  ff.o(.bss)
    Files                                    0x20002e5c   Data          32  ff.o(.bss)
    LfnBuf                                   0x20002e7c   Data         512  ff.o(.bss)
    .bss                                     0x2000307c   Section       12  ff_gen_drv.o(.bss)
    STACK                                    0x20003088   Section     1024  startup_stm32f412rx.o(STACK)

    Global Symbols

    Symbol Name                              Value     Ov Type        Size  Object(Section)

    BuildAttributes$$THM_ISAv4$E$P$D$K$B$S$7EM$VFPi3$EXTD16$VFPS$VFMA$PE$A:L22UL41UL21$X:L11$S22US41US21$IEEE1$IW$USESV6$~STKCKD$USESV7$~SHL$OTIME$ROPI$IEEEX$EBA8$MICROLIB$REQ8$PRES8$EABIv2 0x00000000   Number         0  anon$$obj.o ABSOLUTE
    __ARM_use_no_argv                        0x00000000   Number         0  main.o ABSOLUTE
    _printf_a                                0x00000000   Number         0  stubs.o ABSOLUTE
    _printf_c                                0x00000000   Number         0  stubs.o ABSOLUTE
    _printf_charcount                        0x00000000   Number         0  stubs.o ABSOLUTE
    _printf_d                                0x00000000   Number         0  stubs.o ABSOLUTE
    _printf_e                                0x00000000   Number         0  stubs.o ABSOLUTE
    _printf_f                                0x00000000   Number         0  stubs.o ABSOLUTE
    _printf_flags                            0x00000000   Number         0  stubs.o ABSOLUTE
    _printf_fp_dec                           0x00000000   Number         0  stubs.o ABSOLUTE
    _printf_fp_hex                           0x00000000   Number         0  stubs.o ABSOLUTE
    _printf_g                                0x00000000   Number         0  stubs.o ABSOLUTE
    _printf_i                                0x00000000   Number         0  stubs.o ABSOLUTE
    _printf_int_dec                          0x00000000   Number         0  stubs.o ABSOLUTE
    _printf_l                                0x00000000   Number         0  stubs.o ABSOLUTE
    _printf_lc                               0x00000000   Number         0  stubs.o ABSOLUTE
    _printf_ll                               0x00000000   Number         0  stubs.o ABSOLUTE
    _printf_lld                              0x00000000   Number         0  stubs.o ABSOLUTE
    _printf_lli                              0x00000000   Number         0  stubs.o ABSOLUTE
    _printf_llo                              0x00000000   Number         0  stubs.o ABSOLUTE
    _printf_llu                              0x00000000   Number         0  stubs.o ABSOLUTE
    _printf_llx                              0x00000000   Number         0  stubs.o ABSOLUTE
    _printf_longlong_dec                     0x00000000   Number         0  stubs.o ABSOLUTE
    _printf_longlong_hex                     0x00000000   Number         0  stubs.o ABSOLUTE
    _printf_longlong_oct                     0x00000000   Number         0  stubs.o ABSOLUTE
    _printf_ls                               0x00000000   Number         0  stubs.o ABSOLUTE
    _printf_mbtowc                           0x00000000   Number         0  stubs.o ABSOLUTE
    _printf_n                                0x00000000   Number         0  stubs.o ABSOLUTE
    _printf_o                                0x00000000   Number         0  stubs.o ABSOLUTE
    _printf_p                                0x00000000   Number         0  stubs.o ABSOLUTE
    _printf_percent                          0x00000000   Number         0  stubs.o ABSOLUTE
    _printf_pre_padding                      0x00000000   Number         0  stubs.o ABSOLUTE
    _printf_return_value                     0x00000000   Number         0  stubs.o ABSOLUTE
    _printf_s                                0x00000000   Number         0  stubs.o ABSOLUTE
    _printf_sizespec                         0x00000000   Number         0  stubs.o ABSOLUTE
    _printf_str                              0x00000000   Number         0  stubs.o ABSOLUTE
    _printf_truncate_signed                  0x00000000   Number         0  stubs.o ABSOLUTE
    _printf_truncate_unsigned                0x00000000   Number         0  stubs.o ABSOLUTE
    _printf_u                                0x00000000   Number         0  stubs.o ABSOLUTE
    _printf_wc                               0x00000000   Number         0  stubs.o ABSOLUTE
    _printf_wctomb                           0x00000000   Number         0  stubs.o ABSOLUTE
    _printf_widthprec                        0x00000000   Number         0  stubs.o ABSOLUTE
    _printf_x                                0x00000000   Number         0  stubs.o ABSOLUTE
    __cpp_initialize__aeabi_                  - Undefined Weak Reference
    __cxa_finalize                            - Undefined Weak Reference
    __decompress                              - Undefined Weak Reference
    _clock_init                               - Undefined Weak Reference
    _microlib_exit                            - Undefined Weak Reference
    __Vectors_Size                           0x000001c4   Number         0  startup_stm32f412rx.o ABSOLUTE
    __Vectors                                0x08000000   Data           4  startup_stm32f412rx.o(RESET)
    __Vectors_End                            0x080001c4   Data           0  startup_stm32f412rx.o(RESET)
    __main                                   0x080001c5   Thumb Code     0  entry.o(.ARM.Collect$$$$00000000)
    _main_stk                                0x080001c5   Thumb Code     0  entry2.o(.ARM.Collect$$$$00000001)
    _main_scatterload                        0x080001c9   Thumb Code     0  entry5.o(.ARM.Collect$$$$00000004)
    __main_after_scatterload                 0x080001cd   Thumb Code     0  entry5.o(.ARM.Collect$$$$00000004)
    _main_clock                              0x080001cd   Thumb Code     0  entry7b.o(.ARM.Collect$$$$00000008)
    _main_cpp_init                           0x080001cd   Thumb Code     0  entry8b.o(.ARM.Collect$$$$0000000A)
    _main_init                               0x080001cd   Thumb Code     0  entry9a.o(.ARM.Collect$$$$0000000B)
    __rt_final_cpp                           0x080001d5   Thumb Code     0  entry10a.o(.ARM.Collect$$$$0000000D)
    __rt_final_exit                          0x080001d5   Thumb Code     0  entry11a.o(.ARM.Collect$$$$0000000F)
    Reset_Handler                            0x080001d9   Thumb Code     8  startup_stm32f412rx.o(.text)
    ADC_IRQHandler                           0x080001f3   Thumb Code     0  startup_stm32f412rx.o(.text)
    CAN1_SCE_IRQHandler                      0x080001f3   Thumb Code     0  startup_stm32f412rx.o(.text)
    CAN1_TX_IRQHandler                       0x080001f3   Thumb Code     0  startup_stm32f412rx.o(.text)
    CAN2_SCE_IRQHandler                      0x080001f3   Thumb Code     0  startup_stm32f412rx.o(.text)
    CAN2_TX_IRQHandler                       0x080001f3   Thumb Code     0  startup_stm32f412rx.o(.text)
    DFSDM1_FLT0_IRQHandler                   0x080001f3   Thumb Code     0  startup_stm32f412rx.o(.text)
    DFSDM1_FLT1_IRQHandler                   0x080001f3   Thumb Code     0  startup_stm32f412rx.o(.text)
    DMA1_Stream0_IRQHandler                  0x080001f3   Thumb Code     0  startup_stm32f412rx.o(.text)
    DMA1_Stream1_IRQHandler                  0x080001f3   Thumb Code     0  startup_stm32f412rx.o(.text)
    DMA1_Stream2_IRQHandler                  0x080001f3   Thumb Code     0  startup_stm32f412rx.o(.text)
    DMA1_Stream3_IRQHandler                  0x080001f3   Thumb Code     0  startup_stm32f412rx.o(.text)
    DMA1_Stream4_IRQHandler                  0x080001f3   Thumb Code     0  startup_stm32f412rx.o(.text)
    DMA1_Stream6_IRQHandler                  0x080001f3   Thumb Code     0  startup_stm32f412rx.o(.text)
    DMA1_Stream7_IRQHandler                  0x080001f3   Thumb Code     0  startup_stm32f412rx.o(.text)
    DMA2_Stream0_IRQHandler                  0x080001f3   Thumb Code     0  startup_stm32f412rx.o(.text)
    DMA2_Stream1_IRQHandler                  0x080001f3   Thumb Code     0  startup_stm32f412rx.o(.text)
    DMA2_Stream2_IRQHandler                  0x080001f3   Thumb Code     0  startup_stm32f412rx.o(.text)
    DMA2_Stream4_IRQHandler                  0x080001f3   Thumb Code     0  startup_stm32f412rx.o(.text)
    DMA2_Stream5_IRQHandler                  0x080001f3   Thumb Code     0  startup_stm32f412rx.o(.text)
    DMA2_Stream7_IRQHandler                  0x080001f3   Thumb Code     0  startup_stm32f412rx.o(.text)
    EXTI0_IRQHandler                         0x080001f3   Thumb Code     0  startup_stm32f412rx.o(.text)
    EXTI15_10_IRQHandler                     0x080001f3   Thumb Code     0  startup_stm32f412rx.o(.text)
    EXTI1_IRQHandler                         0x080001f3   Thumb Code     0  startup_stm32f412rx.o(.text)
    EXTI2_IRQHandler                         0x080001f3   Thumb Code     0  startup_stm32f412rx.o(.text)
    EXTI3_IRQHandler                         0x080001f3   Thumb Code     0  startup_stm32f412rx.o(.text)
    EXTI4_IRQHandler                         0x080001f3   Thumb Code     0  startup_stm32f412rx.o(.text)
    EXTI9_5_IRQHandler                       0x080001f3   Thumb Code     0  startup_stm32f412rx.o(.text)
    FLASH_IRQHandler                         0x080001f3   Thumb Code     0  startup_stm32f412rx.o(.text)
    FMPI2C1_ER_IRQHandler                    0x080001f3   Thumb Code     0  startup_stm32f412rx.o(.text)
    FMPI2C1_EV_IRQHandler                    0x080001f3   Thumb Code     0  startup_stm32f412rx.o(.text)
    FPU_IRQHandler                           0x080001f3   Thumb Code     0  startup_stm32f412rx.o(.text)
    I2C1_ER_IRQHandler                       0x080001f3   Thumb Code     0  startup_stm32f412rx.o(.text)
    I2C1_EV_IRQHandler                       0x080001f3   Thumb Code     0  startup_stm32f412rx.o(.text)
    I2C2_ER_IRQHandler                       0x080001f3   Thumb Code     0  startup_stm32f412rx.o(.text)
    I2C2_EV_IRQHandler                       0x080001f3   Thumb Code     0  startup_stm32f412rx.o(.text)
    I2C3_ER_IRQHandler                       0x080001f3   Thumb Code     0  startup_stm32f412rx.o(.text)
    I2C3_EV_IRQHandler                       0x080001f3   Thumb Code     0  startup_stm32f412rx.o(.text)
    OTG_FS_IRQHandler                        0x080001f3   Thumb Code     0  startup_stm32f412rx.o(.text)
    OTG_FS_WKUP_IRQHandler                   0x080001f3   Thumb Code     0  startup_stm32f412rx.o(.text)
    PVD_IRQHandler                           0x080001f3   Thumb Code     0  startup_stm32f412rx.o(.text)
    QUADSPI_IRQHandler                       0x080001f3   Thumb Code     0  startup_stm32f412rx.o(.text)
    RCC_IRQHandler                           0x080001f3   Thumb Code     0  startup_stm32f412rx.o(.text)
    RNG_IRQHandler                           0x080001f3   Thumb Code     0  startup_stm32f412rx.o(.text)
    RTC_Alarm_IRQHandler                     0x080001f3   Thumb Code     0  startup_stm32f412rx.o(.text)
    RTC_WKUP_IRQHandler                      0x080001f3   Thumb Code     0  startup_stm32f412rx.o(.text)
    SPI1_IRQHandler                          0x080001f3   Thumb Code     0  startup_stm32f412rx.o(.text)
    SPI2_IRQHandler                          0x080001f3   Thumb Code     0  startup_stm32f412rx.o(.text)
    SPI3_IRQHandler                          0x080001f3   Thumb Code     0  startup_stm32f412rx.o(.text)
    SPI4_IRQHandler                          0x080001f3   Thumb Code     0  startup_stm32f412rx.o(.text)
    SPI5_IRQHandler                          0x080001f3   Thumb Code     0  startup_stm32f412rx.o(.text)
    TAMP_STAMP_IRQHandler                    0x080001f3   Thumb Code     0  startup_stm32f412rx.o(.text)
    TIM1_BRK_TIM9_IRQHandler                 0x080001f3   Thumb Code     0  startup_stm32f412rx.o(.text)
    TIM1_CC_IRQHandler                       0x080001f3   Thumb Code     0  startup_stm32f412rx.o(.text)
    TIM1_TRG_COM_TIM11_IRQHandler            0x080001f3   Thumb Code     0  startup_stm32f412rx.o(.text)
    TIM1_UP_TIM10_IRQHandler                 0x080001f3   Thumb Code     0  startup_stm32f412rx.o(.text)
    TIM2_IRQHandler                          0x080001f3   Thumb Code     0  startup_stm32f412rx.o(.text)
    TIM3_IRQHandler                          0x080001f3   Thumb Code     0  startup_stm32f412rx.o(.text)
    TIM4_IRQHandler                          0x080001f3   Thumb Code     0  startup_stm32f412rx.o(.text)
    TIM5_IRQHandler                          0x080001f3   Thumb Code     0  startup_stm32f412rx.o(.text)
    TIM7_IRQHandler                          0x080001f3   Thumb Code     0  startup_stm32f412rx.o(.text)
    TIM8_BRK_TIM12_IRQHandler                0x080001f3   Thumb Code     0  startup_stm32f412rx.o(.text)
    TIM8_CC_IRQHandler                       0x080001f3   Thumb Code     0  startup_stm32f412rx.o(.text)
    TIM8_TRG_COM_TIM14_IRQHandler            0x080001f3   Thumb Code     0  startup_stm32f412rx.o(.text)
    TIM8_UP_TIM13_IRQHandler                 0x080001f3   Thumb Code     0  startup_stm32f412rx.o(.text)
    USART6_IRQHandler                        0x080001f3   Thumb Code     0  startup_stm32f412rx.o(.text)
    WWDG_IRQHandler                          0x080001f3   Thumb Code     0  startup_stm32f412rx.o(.text)
    __aeabi_uldivmod                         0x080001fd   Thumb Code    98  uldiv.o(.text)
    __aeabi_memcpy                           0x0800025f   Thumb Code    36  memcpya.o(.text)
    __aeabi_memcpy4                          0x0800025f   Thumb Code     0  memcpya.o(.text)
    __aeabi_memcpy8                          0x0800025f   Thumb Code     0  memcpya.o(.text)
    __aeabi_memset                           0x08000283   Thumb Code    14  memseta.o(.text)
    __aeabi_memset4                          0x08000283   Thumb Code     0  memseta.o(.text)
    __aeabi_memset8                          0x08000283   Thumb Code     0  memseta.o(.text)
    __aeabi_memclr                           0x08000291   Thumb Code     4  memseta.o(.text)
    __aeabi_memclr4                          0x08000291   Thumb Code     0  memseta.o(.text)
    __aeabi_memclr8                          0x08000291   Thumb Code     0  memseta.o(.text)
    _memset$wrapper                          0x08000295   Thumb Code    18  memseta.o(.text)
    strcat                                   0x080002a7   Thumb Code    24  strcat.o(.text)
    strstr                                   0x080002bf   Thumb Code    36  strstr.o(.text)
    strchr                                   0x080002e3   Thumb Code    20  strchr.o(.text)
    strlen                                   0x080002f7   Thumb Code    14  strlen.o(.text)
    __aeabi_dadd                             0x08000305   Thumb Code   322  dadd.o(.text)
    __aeabi_dsub                             0x08000447   Thumb Code     6  dadd.o(.text)
    __aeabi_drsub                            0x0800044d   Thumb Code     6  dadd.o(.text)
    __aeabi_dmul                             0x08000453   Thumb Code   228  dmul.o(.text)
    __aeabi_ddiv                             0x08000537   Thumb Code   222  ddiv.o(.text)
    __aeabi_i2d                              0x08000615   Thumb Code    34  dflti.o(.text)
    __aeabi_d2uiz                            0x08000637   Thumb Code    50  dfixui.o(.text)
    __aeabi_f2d                              0x08000669   Thumb Code    38  f2d.o(.text)
    __aeabi_d2f                              0x0800068f   Thumb Code    56  d2f.o(.text)
    __aeabi_uidiv                            0x080006c7   Thumb Code     0  uidiv.o(.text)
    __aeabi_uidivmod                         0x080006c7   Thumb Code    44  uidiv.o(.text)
    __aeabi_llsl                             0x080006f3   Thumb Code    30  llshl.o(.text)
    _ll_shift_l                              0x080006f3   Thumb Code     0  llshl.o(.text)
    __aeabi_llsr                             0x08000711   Thumb Code    32  llushr.o(.text)
    _ll_ushift_r                             0x08000711   Thumb Code     0  llushr.o(.text)
    __aeabi_lasr                             0x08000731   Thumb Code    36  llsshr.o(.text)
    _ll_sshift_r                             0x08000731   Thumb Code     0  llsshr.o(.text)
    __I$use$fp                               0x08000755   Thumb Code     0  iusefp.o(.text)
    _float_round                             0x08000755   Thumb Code    18  fepilogue.o(.text)
    _float_epilogue                          0x08000767   Thumb Code    92  fepilogue.o(.text)
    _double_round                            0x080007c3   Thumb Code    30  depilogue.o(.text)
    _double_epilogue                         0x080007e1   Thumb Code   156  depilogue.o(.text)
    _drem                                    0x0800087d   Thumb Code   134  drem.o(.text)
    __aeabi_d2ulz                            0x08000903   Thumb Code    48  dfixul.o(.text)
    __aeabi_cdrcmple                         0x08000935   Thumb Code    48  cdrcmple.o(.text)
    __scatterload                            0x08000965   Thumb Code    28  init.o(.text)
    __scatterload_rt2                        0x08000965   Thumb Code     0  init.o(.text)
    AESK_CAN_ExtIDMaskFilterConfiguration    0x08000989   Thumb Code    70  aesk_can_library.o(i.AESK_CAN_ExtIDMaskFilterConfiguration)
    AESK_CAN_Init                            0x080009cf   Thumb Code    26  aesk_can_library.o(i.AESK_CAN_Init)
    AESK_CAN_ReadExtIDMessage                0x080009e9   Thumb Code    24  aesk_can_library.o(i.AESK_CAN_ReadExtIDMessage)
    AESK_INT16toFLOAT_LE                     0x08000a01   Thumb Code    54  aesk_data_pack_lib.o(i.AESK_INT16toFLOAT_LE)
    AESK_INT16toUINT8_LE                     0x08000a37   Thumb Code    24  aesk_data_pack_lib.o(i.AESK_INT16toUINT8_LE)
    AESK_INT8toUINT8CODE                     0x08000a4f   Thumb Code    14  aesk_data_pack_lib.o(i.AESK_INT8toUINT8CODE)
    AESK_UINT16toFLOAT_LE                    0x08000a5d   Thumb Code    54  aesk_data_pack_lib.o(i.AESK_UINT16toFLOAT_LE)
    AESK_UINT16toUINT8_LE                    0x08000a93   Thumb Code    24  aesk_data_pack_lib.o(i.AESK_UINT16toUINT8_LE)
    AESK_UINT32toUINT8_LE                    0x08000aab   Thumb Code    40  aesk_data_pack_lib.o(i.AESK_UINT32toUINT8_LE)
    AESK_UINT8toINT8ENCODE                   0x08000ad3   Thumb Code    14  aesk_data_pack_lib.o(i.AESK_UINT8toINT8ENCODE)
    AESK_UINT8toUINT32_LE                    0x08000ae1   Thumb Code    40  aesk_data_pack_lib.o(i.AESK_UINT8toUINT32_LE)
    AESK_UINT8toUINT8CODE                    0x08000b09   Thumb Code    14  aesk_data_pack_lib.o(i.AESK_UINT8toUINT8CODE)
    AESK_UINT8toUINT8ENCODE                  0x08000b17   Thumb Code    14  aesk_data_pack_lib.o(i.AESK_UINT8toUINT8ENCODE)
    BSP_SD_AbortCallback                     0x08000b25   Thumb Code     2  bsp_driver_sd.o(i.BSP_SD_AbortCallback)
    BSP_SD_GetCardInfo                       0x08000b29   Thumb Code     8  bsp_driver_sd.o(i.BSP_SD_GetCardInfo)
    BSP_SD_GetCardState                      0x08000b35   Thumb Code    20  bsp_driver_sd.o(i.BSP_SD_GetCardState)
    BSP_SD_Init                              0x08000b4d   Thumb Code    24  bsp_driver_sd.o(i.BSP_SD_Init)
    BSP_SD_IsDetected                        0x08000b69   Thumb Code    14  bsp_driver_sd.o(i.BSP_SD_IsDetected)
    BSP_SD_ReadBlocks_DMA                    0x08000b79   Thumb Code    76  bsp_driver_sd.o(i.BSP_SD_ReadBlocks_DMA)
    BSP_SD_ReadCpltCallback                  0x08000bcd   Thumb Code     2  bsp_driver_sd.o(i.BSP_SD_ReadCpltCallback)
    BSP_SD_WriteBlocks_DMA                   0x08000bd1   Thumb Code    76  bsp_driver_sd.o(i.BSP_SD_WriteBlocks_DMA)
    BSP_SD_WriteCpltCallback                 0x08000c25   Thumb Code     2  bsp_driver_sd.o(i.BSP_SD_WriteCpltCallback)
    BusFault_Handler                         0x08000c27   Thumb Code     2  stm32f4xx_it.o(i.BusFault_Handler)
    CAN1_RX0_IRQHandler                      0x08000c29   Thumb Code     6  stm32f4xx_it.o(i.CAN1_RX0_IRQHandler)
    CAN1_RX1_IRQHandler                      0x08000c35   Thumb Code     6  stm32f4xx_it.o(i.CAN1_RX1_IRQHandler)
    CAN2_RX0_IRQHandler                      0x08000c41   Thumb Code     6  stm32f4xx_it.o(i.CAN2_RX0_IRQHandler)
    CAN2_RX1_IRQHandler                      0x08000c4d   Thumb Code     6  stm32f4xx_it.o(i.CAN2_RX1_IRQHandler)
    CHECKSUM_Find                            0x08000c59   Thumb Code    38  aesk_gps_lib.o(i.CHECKSUM_Find)
    Can_Error_Control                        0x08000c81   Thumb Code   268  main.o(i.Can_Error_Control)
    DMA1_Stream5_IRQHandler                  0x08000d95   Thumb Code     6  stm32f4xx_it.o(i.DMA1_Stream5_IRQHandler)
    DMA2_Stream3_IRQHandler                  0x08000da1   Thumb Code     6  stm32f4xx_it.o(i.DMA2_Stream3_IRQHandler)
    DMA2_Stream6_IRQHandler                  0x08000dad   Thumb Code     6  stm32f4xx_it.o(i.DMA2_Stream6_IRQHandler)
    DebugMon_Handler                         0x08000e5d   Thumb Code     2  stm32f4xx_it.o(i.DebugMon_Handler)
    Error_Handler                            0x08000e5f   Thumb Code     2  main.o(i.Error_Handler)
    FATFS_LinkDriver                         0x08000e61   Thumb Code     6  ff_gen_drv.o(i.FATFS_LinkDriver)
    FATFS_LinkDriverEx                       0x08000e69   Thumb Code    58  ff_gen_drv.o(i.FATFS_LinkDriverEx)
    Find_Comma_Address                       0x08000ea9   Thumb Code    20  aesk_gps_lib.o(i.Find_Comma_Address)
    GPRMC_Parser                             0x08000ebd   Thumb Code   578  aesk_gps_lib.o(i.GPRMC_Parser)
    GPS_Control                              0x0800111d   Thumb Code    50  aesk_gps_lib.o(i.GPS_Control)
    Gsm_Calibration                          0x08001151   Thumb Code   456  main.o(i.Gsm_Calibration)
    HAL_CAN_ActivateNotification             0x08001431   Thumb Code    36  stm32f4xx_hal_can.o(i.HAL_CAN_ActivateNotification)
    HAL_CAN_ConfigFilter                     0x08001455   Thumb Code   262  stm32f4xx_hal_can.o(i.HAL_CAN_ConfigFilter)
    HAL_CAN_ErrorCallback                    0x08001561   Thumb Code     2  stm32f4xx_hal_can.o(i.HAL_CAN_ErrorCallback)
    HAL_CAN_GetRxMessage                     0x08001563   Thumb Code   232  stm32f4xx_hal_can.o(i.HAL_CAN_GetRxMessage)
    HAL_CAN_IRQHandler                       0x0800164b   Thumb Code   508  stm32f4xx_hal_can.o(i.HAL_CAN_IRQHandler)
    HAL_CAN_Init                             0x08001847   Thumb Code   282  stm32f4xx_hal_can.o(i.HAL_CAN_Init)
    HAL_CAN_MspInit                          0x08001961   Thumb Code   256  stm32f4xx_hal_msp.o(i.HAL_CAN_MspInit)
    HAL_CAN_RxFifo0FullCallback              0x08001a79   Thumb Code     2  stm32f4xx_hal_can.o(i.HAL_CAN_RxFifo0FullCallback)
    HAL_CAN_RxFifo0MsgPendingCallback        0x08001a7d   Thumb Code  1016  main.o(i.HAL_CAN_RxFifo0MsgPendingCallback)
    HAL_CAN_RxFifo1FullCallback              0x08001e75   Thumb Code     2  stm32f4xx_hal_can.o(i.HAL_CAN_RxFifo1FullCallback)
    HAL_CAN_RxFifo1MsgPendingCallback        0x08001e79   Thumb Code  1100  main.o(i.HAL_CAN_RxFifo1MsgPendingCallback)
    HAL_CAN_SleepCallback                    0x080022c9   Thumb Code     2  stm32f4xx_hal_can.o(i.HAL_CAN_SleepCallback)
    HAL_CAN_Start                            0x080022cd   Thumb Code    88  stm32f4xx_hal_can.o(i.HAL_CAN_Start)
    HAL_CAN_TxMailbox0AbortCallback          0x08002325   Thumb Code     2  stm32f4xx_hal_can.o(i.HAL_CAN_TxMailbox0AbortCallback)
    HAL_CAN_TxMailbox0CompleteCallback       0x08002327   Thumb Code     2  stm32f4xx_hal_can.o(i.HAL_CAN_TxMailbox0CompleteCallback)
    HAL_CAN_TxMailbox1AbortCallback          0x08002329   Thumb Code     2  stm32f4xx_hal_can.o(i.HAL_CAN_TxMailbox1AbortCallback)
    HAL_CAN_TxMailbox1CompleteCallback       0x0800232b   Thumb Code     2  stm32f4xx_hal_can.o(i.HAL_CAN_TxMailbox1CompleteCallback)
    HAL_CAN_TxMailbox2AbortCallback          0x0800232d   Thumb Code     2  stm32f4xx_hal_can.o(i.HAL_CAN_TxMailbox2AbortCallback)
    HAL_CAN_TxMailbox2CompleteCallback       0x0800232f   Thumb Code     2  stm32f4xx_hal_can.o(i.HAL_CAN_TxMailbox2CompleteCallback)
    HAL_CAN_WakeUpFromRxMsgCallback          0x08002331   Thumb Code     2  stm32f4xx_hal_can.o(i.HAL_CAN_WakeUpFromRxMsgCallback)
    HAL_DMA_Abort_IT                         0x08002333   Thumb Code    36  stm32f4xx_hal_dma.o(i.HAL_DMA_Abort_IT)
    HAL_DMA_GetError                         0x08002357   Thumb Code     4  stm32f4xx_hal_dma.o(i.HAL_DMA_GetError)
    HAL_DMA_IRQHandler                       0x0800235d   Thumb Code   412  stm32f4xx_hal_dma.o(i.HAL_DMA_IRQHandler)
    HAL_DMA_Init                             0x080024fd   Thumb Code   206  stm32f4xx_hal_dma.o(i.HAL_DMA_Init)
    HAL_DMA_Start_IT                         0x080025d1   Thumb Code   110  stm32f4xx_hal_dma.o(i.HAL_DMA_Start_IT)
    HAL_Delay                                0x08002641   Thumb Code    32  stm32f4xx_hal.o(i.HAL_Delay)
    HAL_GPIO_Init                            0x08002665   Thumb Code   354  stm32f4xx_hal_gpio.o(i.HAL_GPIO_Init)
    HAL_GPIO_WritePin                        0x080027e5   Thumb Code    10  stm32f4xx_hal_gpio.o(i.HAL_GPIO_WritePin)
    HAL_GetTick                              0x080027f1   Thumb Code     6  stm32f4xx_hal.o(i.HAL_GetTick)
    HAL_IncTick                              0x080027fd   Thumb Code    12  stm32f4xx_hal.o(i.HAL_IncTick)
    HAL_Init                                 0x0800280d   Thumb Code    48  stm32f4xx_hal.o(i.HAL_Init)
    HAL_InitTick                             0x08002841   Thumb Code    54  stm32f4xx_hal.o(i.HAL_InitTick)
    HAL_MspInit                              0x08002881   Thumb Code    42  stm32f4xx_hal_msp.o(i.HAL_MspInit)
    HAL_NVIC_EnableIRQ                       0x080028b1   Thumb Code    26  stm32f4xx_hal_cortex.o(i.HAL_NVIC_EnableIRQ)
    HAL_NVIC_SetPriority                     0x080028cd   Thumb Code    60  stm32f4xx_hal_cortex.o(i.HAL_NVIC_SetPriority)
    HAL_NVIC_SetPriorityGrouping             0x0800290d   Thumb Code    26  stm32f4xx_hal_cortex.o(i.HAL_NVIC_SetPriorityGrouping)
    HAL_NVIC_SystemReset                     0x08002931   Thumb Code    26  stm32f4xx_hal_cortex.o(i.HAL_NVIC_SystemReset)
    HAL_RCCEx_PeriphCLKConfig                0x08002955   Thumb Code   574  stm32f4xx_hal_rcc_ex.o(i.HAL_RCCEx_PeriphCLKConfig)
    HAL_RCC_ClockConfig                      0x08002bb5   Thumb Code   288  stm32f4xx_hal_rcc.o(i.HAL_RCC_ClockConfig)
    HAL_RCC_GetPCLK1Freq                     0x08002ce9   Thumb Code    20  stm32f4xx_hal_rcc.o(i.HAL_RCC_GetPCLK1Freq)
    HAL_RCC_GetPCLK2Freq                     0x08002d09   Thumb Code    20  stm32f4xx_hal_rcc.o(i.HAL_RCC_GetPCLK2Freq)
    HAL_RCC_GetSysClockFreq                  0x08002d29   Thumb Code    88  stm32f4xx_hal_rcc.o(i.HAL_RCC_GetSysClockFreq)
    HAL_RCC_OscConfig                        0x08002d8d   Thumb Code   778  stm32f4xx_hal_rcc_ex.o(i.HAL_RCC_OscConfig)
    HAL_RTC_GetDate                          0x080030b1   Thumb Code    62  stm32f4xx_hal_rtc.o(i.HAL_RTC_GetDate)
    HAL_RTC_GetTime                          0x080030f5   Thumb Code    82  stm32f4xx_hal_rtc.o(i.HAL_RTC_GetTime)
    HAL_RTC_Init                             0x0800314d   Thumb Code   166  stm32f4xx_hal_rtc.o(i.HAL_RTC_Init)
    HAL_RTC_MspInit                          0x080031f9   Thumb Code    16  stm32f4xx_hal_msp.o(i.HAL_RTC_MspInit)
    HAL_RTC_SetDate                          0x08003211   Thumb Code   194  stm32f4xx_hal_rtc.o(i.HAL_RTC_SetDate)
    HAL_RTC_SetTime                          0x080032d9   Thumb Code   230  stm32f4xx_hal_rtc.o(i.HAL_RTC_SetTime)
    HAL_RTC_WaitForSynchro                   0x080033c5   Thumb Code    54  stm32f4xx_hal_rtc.o(i.HAL_RTC_WaitForSynchro)
    HAL_SD_AbortCallback                     0x080033fb   Thumb Code     8  bsp_driver_sd.o(i.HAL_SD_AbortCallback)
    HAL_SD_ErrorCallback                     0x08003403   Thumb Code     2  stm32f4xx_hal_sd.o(i.HAL_SD_ErrorCallback)
    HAL_SD_GetCardCSD                        0x08003405   Thumb Code   402  stm32f4xx_hal_sd.o(i.HAL_SD_GetCardCSD)
    HAL_SD_GetCardInfo                       0x0800359d   Thumb Code    36  stm32f4xx_hal_sd.o(i.HAL_SD_GetCardInfo)
    HAL_SD_GetCardState                      0x080035c1   Thumb Code    44  stm32f4xx_hal_sd.o(i.HAL_SD_GetCardState)
    HAL_SD_GetState                          0x080035ed   Thumb Code     6  stm32f4xx_hal_sd.o(i.HAL_SD_GetState)
    HAL_SD_IRQHandler                        0x080035f5   Thumb Code   496  stm32f4xx_hal_sd.o(i.HAL_SD_IRQHandler)
    HAL_SD_Init                              0x080037ed   Thumb Code    54  stm32f4xx_hal_sd.o(i.HAL_SD_Init)
    HAL_SD_InitCard                          0x08003825   Thumb Code    78  stm32f4xx_hal_sd.o(i.HAL_SD_InitCard)
    HAL_SD_MspInit                           0x08003879   Thumb Code   342  stm32f4xx_hal_msp.o(i.HAL_SD_MspInit)
    HAL_SD_ReadBlocks_DMA                    0x080039f1   Thumb Code   286  stm32f4xx_hal_sd.o(i.HAL_SD_ReadBlocks_DMA)
    HAL_SD_RxCpltCallback                    0x08003b21   Thumb Code     8  bsp_driver_sd.o(i.HAL_SD_RxCpltCallback)
    HAL_SD_TxCpltCallback                    0x08003b29   Thumb Code     8  bsp_driver_sd.o(i.HAL_SD_TxCpltCallback)
    HAL_SD_WriteBlocks_DMA                   0x08003b31   Thumb Code   288  stm32f4xx_hal_sd.o(i.HAL_SD_WriteBlocks_DMA)
    HAL_SYSTICK_Config                       0x08003c61   Thumb Code    40  stm32f4xx_hal_cortex.o(i.HAL_SYSTICK_Config)
    HAL_TIMEx_BreakCallback                  0x08003c89   Thumb Code     2  stm32f4xx_hal_tim_ex.o(i.HAL_TIMEx_BreakCallback)
    HAL_TIMEx_CommutCallback                 0x08003c8b   Thumb Code     2  stm32f4xx_hal_tim_ex.o(i.HAL_TIMEx_CommutCallback)
    HAL_TIMEx_MasterConfigSynchronization    0x08003c8d   Thumb Code   116  stm32f4xx_hal_tim_ex.o(i.HAL_TIMEx_MasterConfigSynchronization)
    HAL_TIM_Base_Init                        0x08003d1d   Thumb Code    54  stm32f4xx_hal_tim.o(i.HAL_TIM_Base_Init)
    HAL_TIM_Base_MspInit                     0x08003d55   Thumb Code    50  stm32f4xx_hal_msp.o(i.HAL_TIM_Base_MspInit)
    HAL_TIM_Base_Start_IT                    0x08003d91   Thumb Code    34  stm32f4xx_hal_tim.o(i.HAL_TIM_Base_Start_IT)
    HAL_TIM_IC_CaptureCallback               0x08003db3   Thumb Code     2  stm32f4xx_hal_tim.o(i.HAL_TIM_IC_CaptureCallback)
    HAL_TIM_IRQHandler                       0x08003db5   Thumb Code   358  stm32f4xx_hal_tim.o(i.HAL_TIM_IRQHandler)
    HAL_TIM_OC_DelayElapsedCallback          0x08003f1b   Thumb Code     2  stm32f4xx_hal_tim.o(i.HAL_TIM_OC_DelayElapsedCallback)
    HAL_TIM_PWM_PulseFinishedCallback        0x08003f1d   Thumb Code     2  stm32f4xx_hal_tim.o(i.HAL_TIM_PWM_PulseFinishedCallback)
    HAL_TIM_PeriodElapsedCallback            0x08003f21   Thumb Code    96  main.o(i.HAL_TIM_PeriodElapsedCallback)
    HAL_TIM_TriggerCallback                  0x08003f85   Thumb Code     2  stm32f4xx_hal_tim.o(i.HAL_TIM_TriggerCallback)
    HAL_UART_AbortReceiveCpltCallback        0x08003f87   Thumb Code     2  stm32f4xx_hal_uart.o(i.HAL_UART_AbortReceiveCpltCallback)
    HAL_UART_AbortReceive_IT                 0x08003f89   Thumb Code    88  stm32f4xx_hal_uart.o(i.HAL_UART_AbortReceive_IT)
    HAL_UART_ErrorCallback                   0x08003fe5   Thumb Code     2  stm32f4xx_hal_uart.o(i.HAL_UART_ErrorCallback)
    HAL_UART_IRQHandler                      0x08003fe9   Thumb Code   270  stm32f4xx_hal_uart.o(i.HAL_UART_IRQHandler)
    HAL_UART_Init                            0x080040fd   Thumb Code    98  stm32f4xx_hal_uart.o(i.HAL_UART_Init)
    HAL_UART_MspInit                         0x08004161   Thumb Code   348  stm32f4xx_hal_msp.o(i.HAL_UART_MspInit)
    HAL_UART_Receive_DMA                     0x080042e1   Thumb Code   138  stm32f4xx_hal_uart.o(i.HAL_UART_Receive_DMA)
    HAL_UART_Receive_IT                      0x08004379   Thumb Code    82  stm32f4xx_hal_uart.o(i.HAL_UART_Receive_IT)
    HAL_UART_RxCpltCallback                  0x080043cd   Thumb Code   312  main.o(i.HAL_UART_RxCpltCallback)
    HAL_UART_RxHalfCpltCallback              0x0800451d   Thumb Code     2  stm32f4xx_hal_uart.o(i.HAL_UART_RxHalfCpltCallback)
    HAL_UART_Transmit                        0x0800451f   Thumb Code   186  stm32f4xx_hal_uart.o(i.HAL_UART_Transmit)
    HAL_UART_TxCpltCallback                  0x080045d9   Thumb Code     2  stm32f4xx_hal_uart.o(i.HAL_UART_TxCpltCallback)
    HardFault_Handler                        0x080045db   Thumb Code     6  stm32f4xx_it.o(i.HardFault_Handler)
    Hex2Int                                  0x080045e1   Thumb Code    42  aesk_gps_lib.o(i.Hex2Int)
    MQTTPacket_encode                        0x0800460d   Thumb Code    42  sim800mqtt.o(i.MQTTPacket_encode)
    MQTTPacket_len                           0x08004639   Thumb Code    34  sim800mqtt.o(i.MQTTPacket_len)
    MQTTSerialize_connect                    0x08004661   Thumb Code   258  sim800mqtt.o(i.MQTTSerialize_connect)
    MQTTSerialize_connectLength              0x08004775   Thumb Code   118  sim800mqtt.o(i.MQTTSerialize_connectLength)
    MQTTSerialize_publish                    0x080047eb   Thumb Code   134  sim800mqtt.o(i.MQTTSerialize_publish)
    MQTTSerialize_publishLength              0x08004871   Thumb Code    30  sim800mqtt.o(i.MQTTSerialize_publishLength)
    MQTTstrlen                               0x0800488f   Thumb Code    14  sim800mqtt.o(i.MQTTstrlen)
    MX_FATFS_Init                            0x08004961   Thumb Code    18  fatfs.o(i.MX_FATFS_Init)
    MemManage_Handler                        0x08004aa1   Thumb Code     2  stm32f4xx_it.o(i.MemManage_Handler)
    NMEA_CheckSum                            0x08004aa5   Thumb Code    30  aesk_gps_lib.o(i.NMEA_CheckSum)
    NMI_Handler                              0x08004ac3   Thumb Code     2  stm32f4xx_it.o(i.NMI_Handler)
    PendSV_Handler                           0x08004ac5   Thumb Code     2  stm32f4xx_it.o(i.PendSV_Handler)
    RTC_Bcd2ToByte                           0x08004ac7   Thumb Code    18  stm32f4xx_hal_rtc.o(i.RTC_Bcd2ToByte)
    RTC_ByteToBcd2                           0x08004ad9   Thumb Code    22  stm32f4xx_hal_rtc.o(i.RTC_ByteToBcd2)
    RTC_EnterInitMode                        0x08004af1   Thumb Code    58  stm32f4xx_hal_rtc.o(i.RTC_EnterInitMode)
    RTC_Set_Time_Date                        0x08004b2d   Thumb Code    46  main.o(i.RTC_Set_Time_Date)
    SDIO_ConfigData                          0x08004b69   Thumb Code    36  stm32f4xx_ll_sdmmc.o(i.SDIO_ConfigData)
    SDIO_GetPowerState                       0x08004b8d   Thumb Code     8  stm32f4xx_ll_sdmmc.o(i.SDIO_GetPowerState)
    SDIO_GetResponse                         0x08004b95   Thumb Code     6  stm32f4xx_ll_sdmmc.o(i.SDIO_GetResponse)
    SDIO_IRQHandler                          0x08004b9d   Thumb Code     6  stm32f4xx_it.o(i.SDIO_IRQHandler)
    SDIO_Init                                0x08004ba9   Thumb Code    36  stm32f4xx_ll_sdmmc.o(i.SDIO_Init)
    SDIO_PowerState_ON                       0x08004bcd   Thumb Code    16  stm32f4xx_ll_sdmmc.o(i.SDIO_PowerState_ON)
    SDIO_ReadFIFO                            0x08004bdd   Thumb Code     6  stm32f4xx_ll_sdmmc.o(i.SDIO_ReadFIFO)
    SDIO_SendCommand                         0x08004be3   Thumb Code    32  stm32f4xx_ll_sdmmc.o(i.SDIO_SendCommand)
    SDIO_WriteFIFO                           0x08004c03   Thumb Code    10  stm32f4xx_ll_sdmmc.o(i.SDIO_WriteFIFO)
    SDMMC_CmdAppCommand                      0x08004c0d   Thumb Code    50  stm32f4xx_ll_sdmmc.o(i.SDMMC_CmdAppCommand)
    SDMMC_CmdAppOperCommand                  0x08004c41   Thumb Code    48  stm32f4xx_ll_sdmmc.o(i.SDMMC_CmdAppOperCommand)
    SDMMC_CmdBlockLength                     0x08004c75   Thumb Code    50  stm32f4xx_ll_sdmmc.o(i.SDMMC_CmdBlockLength)
    SDMMC_CmdGoIdleState                     0x08004ca9   Thumb Code    74  stm32f4xx_ll_sdmmc.o(i.SDMMC_CmdGoIdleState)
    SDMMC_CmdOperCond                        0x08004cf9   Thumb Code   112  stm32f4xx_ll_sdmmc.o(i.SDMMC_CmdOperCond)
    SDMMC_CmdReadMultiBlock                  0x08004d6d   Thumb Code    50  stm32f4xx_ll_sdmmc.o(i.SDMMC_CmdReadMultiBlock)
    SDMMC_CmdReadSingleBlock                 0x08004d9f   Thumb Code    50  stm32f4xx_ll_sdmmc.o(i.SDMMC_CmdReadSingleBlock)
    SDMMC_CmdSelDesel                        0x08004dd1   Thumb Code    50  stm32f4xx_ll_sdmmc.o(i.SDMMC_CmdSelDesel)
    SDMMC_CmdSendCID                         0x08004e03   Thumb Code    44  stm32f4xx_ll_sdmmc.o(i.SDMMC_CmdSendCID)
    SDMMC_CmdSendCSD                         0x08004e2f   Thumb Code    44  stm32f4xx_ll_sdmmc.o(i.SDMMC_CmdSendCSD)
    SDMMC_CmdSendStatus                      0x08004e5b   Thumb Code    50  stm32f4xx_ll_sdmmc.o(i.SDMMC_CmdSendStatus)
    SDMMC_CmdSetRelAdd                       0x08004e8d   Thumb Code    48  stm32f4xx_ll_sdmmc.o(i.SDMMC_CmdSetRelAdd)
    SDMMC_CmdStopTransfer                    0x08004ebd   Thumb Code    46  stm32f4xx_ll_sdmmc.o(i.SDMMC_CmdStopTransfer)
    SDMMC_CmdWriteMultiBlock                 0x08004ef1   Thumb Code    50  stm32f4xx_ll_sdmmc.o(i.SDMMC_CmdWriteMultiBlock)
    SDMMC_CmdWriteSingleBlock                0x08004f23   Thumb Code    50  stm32f4xx_ll_sdmmc.o(i.SDMMC_CmdWriteSingleBlock)
    SD_initialize                            0x08005491   Thumb Code    28  sd_diskio.o(i.SD_initialize)
    SD_ioctl                                 0x080054b1   Thumb Code    76  sd_diskio.o(i.SD_ioctl)
    SD_read                                  0x08005501   Thumb Code    22  sd_diskio.o(i.SD_read)
    SD_status                                0x08005517   Thumb Code     4  sd_diskio.o(i.SD_status)
    SD_write                                 0x0800551b   Thumb Code    22  sd_diskio.o(i.SD_write)
    SVC_Handler                              0x08005531   Thumb Code     2  stm32f4xx_it.o(i.SVC_Handler)
    SendATCommand                            0x08005533   Thumb Code    34  sim800mqtt.o(i.SendATCommand)
    SysTick_Handler                          0x08005555   Thumb Code     4  stm32f4xx_it.o(i.SysTick_Handler)
    SystemClock_Config                       0x08005559   Thumb Code   154  main.o(i.SystemClock_Config)
    SystemInit                               0x080055fd   Thumb Code    22  system_stm32f4xx.o(i.SystemInit)
    TIM6_IRQHandler                          0x08005619   Thumb Code     6  stm32f4xx_it.o(i.TIM6_IRQHandler)
    TIM_Base_SetConfig                       0x08005625   Thumb Code   156  stm32f4xx_hal_tim.o(i.TIM_Base_SetConfig)
    USART1_IRQHandler                        0x08005a55   Thumb Code     6  stm32f4xx_it.o(i.USART1_IRQHandler)
    USART2_IRQHandler                        0x08005a61   Thumb Code     6  stm32f4xx_it.o(i.USART2_IRQHandler)
    USART3_IRQHandler                        0x08005a6d   Thumb Code     6  stm32f4xx_it.o(i.USART3_IRQHandler)
    UsageFault_Handler                       0x08005a79   Thumb Code     2  stm32f4xx_it.o(i.UsageFault_Handler)
    __0sprintf                               0x08005a7d   Thumb Code    34  printfa.o(i.__0sprintf)
    __1sprintf                               0x08005a7d   Thumb Code     0  printfa.o(i.__0sprintf)
    __2sprintf                               0x08005a7d   Thumb Code     0  printfa.o(i.__0sprintf)
    __c89sprintf                             0x08005a7d   Thumb Code     0  printfa.o(i.__0sprintf)
    sprintf                                  0x08005a7d   Thumb Code     0  printfa.o(i.__0sprintf)
    __0vsprintf                              0x08005aa5   Thumb Code    30  printfa.o(i.__0vsprintf)
    __1vsprintf                              0x08005aa5   Thumb Code     0  printfa.o(i.__0vsprintf)
    __2vsprintf                              0x08005aa5   Thumb Code     0  printfa.o(i.__0vsprintf)
    __c89vsprintf                            0x08005aa5   Thumb Code     0  printfa.o(i.__0vsprintf)
    vsprintf                                 0x08005aa5   Thumb Code     0  printfa.o(i.__0vsprintf)
    __hardfp_fmod                            0x08005ae9   Thumb Code   254  fmod.o(i.__hardfp_fmod)
    __mathlib_dbl_invalid                    0x08005bf1   Thumb Code    24  dunder.o(i.__mathlib_dbl_invalid)
    __scatterload_copy                       0x08005c11   Thumb Code    14  handlers.o(i.__scatterload_copy)
    __scatterload_null                       0x08005c1f   Thumb Code     2  handlers.o(i.__scatterload_null)
    __scatterload_zeroinit                   0x08005c21   Thumb Code    14  handlers.o(i.__scatterload_zeroinit)
    __set_errno                              0x08005c31   Thumb Code     6  errno.o(i.__set_errno)
    aeskCRCCalculator                        0x080064f9   Thumb Code    44  main.o(i.aeskCRCCalculator)
    convertDegMinToDecDeg                    0x080066e1   Thumb Code    92  aesk_gps_lib.o(i.convertDegMinToDecDeg)
    createMQTTPackage                        0x08006751   Thumb Code  1332  main.o(i.createMQTTPackage)
    createXBEEPackage                        0x08006c89   Thumb Code  1080  main.o(i.createXBEEPackage)
    disk_initialize                          0x080077e9   Thumb Code    36  diskio.o(i.disk_initialize)
    disk_ioctl                               0x08007811   Thumb Code    24  diskio.o(i.disk_ioctl)
    disk_read                                0x0800782d   Thumb Code    24  diskio.o(i.disk_read)
    disk_status                              0x08007849   Thumb Code    18  diskio.o(i.disk_status)
    disk_write                               0x08007861   Thumb Code    24  diskio.o(i.disk_write)
    f_close                                  0x0800787d   Thumb Code    40  ff.o(i.f_close)
    f_mount                                  0x080078a5   Thumb Code    84  ff.o(i.f_mount)
    f_open                                   0x080078fd   Thumb Code   534  ff.o(i.f_open)
    f_sync                                   0x08007b19   Thumb Code   142  ff.o(i.f_sync)
    f_write                                  0x08007ba7   Thumb Code   434  ff.o(i.f_write)
    ff_convert                               0x08007d59   Thumb Code    52  ccsbcs.o(i.ff_convert)
    ff_wtoupper                              0x08007d91   Thumb Code   120  ccsbcs.o(i.ff_wtoupper)
    get_fattime                              0x08008285   Thumb Code     4  fatfs.o(i.get_fattime)
    main                                     0x0800838d   Thumb Code  1310  main.o(i.main)
    my_getnbr                                0x08008939   Thumb Code    60  aesk_gps_lib.o(i.my_getnbr)
    stof                                     0x08008b4d   Thumb Code    86  aesk_gps_lib.o(i.stof)
    vars_to_str                              0x08008cd3   Thumb Code    18  main.o(i.vars_to_str)
    writeCString                             0x08008ce5   Thumb Code    40  sim800mqtt.o(i.writeCString)
    writeChar                                0x08008d0d   Thumb Code    12  sim800mqtt.o(i.writeChar)
    writeInt                                 0x08008d19   Thumb Code    30  sim800mqtt.o(i.writeInt)
    writeMQTTString                          0x08008d37   Thumb Code    54  sim800mqtt.o(i.writeMQTTString)
    SD_Driver                                0x08008d6c   Data          20  sd_diskio.o(.constdata)
    AHBPrescTable                            0x08008d88   Data          16  system_stm32f4xx.o(.constdata)
    APBPrescTable                            0x08008d98   Data           8  system_stm32f4xx.o(.constdata)
    Region$$Table$$Base                      0x08009290   Number         0  anon$$obj.o(Region$$Table)
    Region$$Table$$Limit                     0x080092b0   Number         0  anon$$obj.o(Region$$Table)
    time_task                                0x20000002   Data           2  main.o(.data)
    SetTime                                  0x20000004   Data           4  main.o(.data)
    SetDate                                  0x20000008   Data           4  main.o(.data)
    rtcdate                                  0x2000004c   Data           4  main.o(.data)
    sDate                                    0x20000050   Data           4  main.o(.data)
    connectData                              0x20000054   Data          88  main.o(.data)
    retSD                                    0x200000ad   Data           1  fatfs.o(.data)
    SDPath                                   0x200000ae   Data           4  fatfs.o(.data)
    uwTickFreq                               0x200000b8   Data           1  stm32f4xx_hal.o(.data)
    uwTickPrio                               0x200000bc   Data           4  stm32f4xx_hal.o(.data)
    uwTick                                   0x200000c0   Data           4  stm32f4xx_hal.o(.data)
    SystemCoreClock                          0x200000c4   Data           4  system_stm32f4xx.o(.data)
    topicString                              0x200000d4   Data          12  main.o(.bss)
    hcan1                                    0x200000e0   Data          40  main.o(.bss)
    hcan2                                    0x20000108   Data          40  main.o(.bss)
    hrtc                                     0x20000130   Data          32  main.o(.bss)
    hsd                                      0x20000150   Data         132  main.o(.bss)
    htim6                                    0x200001d4   Data          64  main.o(.bss)
    huart1                                   0x20000214   Data          64  main.o(.bss)
    huart2                                   0x20000254   Data          64  main.o(.bss)
    huart3                                   0x20000294   Data          64  main.o(.bss)
    aesk_can                                 0x200002d4   Data         144  main.o(.bss)
    xbee_data                                0x20000364   Data         206  main.o(.bss)
    gsm_data                                 0x20000434   Data         580  main.o(.bss)
    hydradata                                0x20000678   Data         208  main.o(.bss)
    sd_card_data                             0x20000748   Data        9312  main.o(.bss)
    gps_data                                 0x20002ba8   Data         364  main.o(.bss)
    rtctime                                  0x20002d14   Data          20  main.o(.bss)
    sTime                                    0x20002d28   Data          20  main.o(.bss)
    hdma_sdio_rx                             0x20002d3c   Data          96  main.o(.bss)
    hdma_sdio_tx                             0x20002d9c   Data          96  main.o(.bss)
    hdma_usart2_rx                           0x20002dfc   Data          96  main.o(.bss)
    disk                                     0x2000307c   Data          12  ff_gen_drv.o(.bss)
    __initial_sp                             0x20003488   Data           0  startup_stm32f412rx.o(STACK)



==============================================================================

Memory Map of the image

  Image Entry point : 0x080001c5

  Load Region LR_IROM1 (Base: 0x08000000, Size: 0x00009384, Max: 0x00080000, ABSOLUTE)

    Execution Region ER_IROM1 (Exec base: 0x08000000, Load base: 0x08000000, Size: 0x000092b0, Max: 0x00080000, ABSOLUTE)

    Exec Addr    Load Addr    Size         Type   Attr      Idx    E Section Name        Object

    0x08000000   0x08000000   0x000001c4   Data   RO            3    RESET               startup_stm32f412rx.o
    0x080001c4   0x080001c4   0x00000000   Code   RO         5344  * .ARM.Collect$$$$00000000  mc_w.l(entry.o)
    0x080001c4   0x080001c4   0x00000004   Code   RO         5652    .ARM.Collect$$$$00000001  mc_w.l(entry2.o)
    0x080001c8   0x080001c8   0x00000004   Code   RO         5655    .ARM.Collect$$$$00000004  mc_w.l(entry5.o)
    0x080001cc   0x080001cc   0x00000000   Code   RO         5657    .ARM.Collect$$$$00000008  mc_w.l(entry7b.o)
    0x080001cc   0x080001cc   0x00000000   Code   RO         5659    .ARM.Collect$$$$0000000A  mc_w.l(entry8b.o)
    0x080001cc   0x080001cc   0x00000008   Code   RO         5660    .ARM.Collect$$$$0000000B  mc_w.l(entry9a.o)
    0x080001d4   0x080001d4   0x00000000   Code   RO         5662    .ARM.Collect$$$$0000000D  mc_w.l(entry10a.o)
    0x080001d4   0x080001d4   0x00000000   Code   RO         5664    .ARM.Collect$$$$0000000F  mc_w.l(entry11a.o)
    0x080001d4   0x080001d4   0x00000004   Code   RO         5653    .ARM.Collect$$$$00002712  mc_w.l(entry2.o)
    0x080001d8   0x080001d8   0x00000024   Code   RO            4    .text               startup_stm32f412rx.o
    0x080001fc   0x080001fc   0x00000062   Code   RO         5347    .text               mc_w.l(uldiv.o)
    0x0800025e   0x0800025e   0x00000024   Code   RO         5349    .text               mc_w.l(memcpya.o)
    0x08000282   0x08000282   0x00000024   Code   RO         5351    .text               mc_w.l(memseta.o)
    0x080002a6   0x080002a6   0x00000018   Code   RO         5353    .text               mc_w.l(strcat.o)
    0x080002be   0x080002be   0x00000024   Code   RO         5355    .text               mc_w.l(strstr.o)
    0x080002e2   0x080002e2   0x00000014   Code   RO         5357    .text               mc_w.l(strchr.o)
    0x080002f6   0x080002f6   0x0000000e   Code   RO         5359    .text               mc_w.l(strlen.o)
    0x08000304   0x08000304   0x0000014e   Code   RO         5624    .text               mf_w.l(dadd.o)
    0x08000452   0x08000452   0x000000e4   Code   RO         5626    .text               mf_w.l(dmul.o)
    0x08000536   0x08000536   0x000000de   Code   RO         5628    .text               mf_w.l(ddiv.o)
    0x08000614   0x08000614   0x00000022   Code   RO         5630    .text               mf_w.l(dflti.o)
    0x08000636   0x08000636   0x00000032   Code   RO         5632    .text               mf_w.l(dfixui.o)
    0x08000668   0x08000668   0x00000026   Code   RO         5634    .text               mf_w.l(f2d.o)
    0x0800068e   0x0800068e   0x00000038   Code   RO         5636    .text               mf_w.l(d2f.o)
    0x080006c6   0x080006c6   0x0000002c   Code   RO         5669    .text               mc_w.l(uidiv.o)
    0x080006f2   0x080006f2   0x0000001e   Code   RO         5671    .text               mc_w.l(llshl.o)
    0x08000710   0x08000710   0x00000020   Code   RO         5673    .text               mc_w.l(llushr.o)
    0x08000730   0x08000730   0x00000024   Code   RO         5675    .text               mc_w.l(llsshr.o)
    0x08000754   0x08000754   0x00000000   Code   RO         5684    .text               mc_w.l(iusefp.o)
    0x08000754   0x08000754   0x0000006e   Code   RO         5685    .text               mf_w.l(fepilogue.o)
    0x080007c2   0x080007c2   0x000000ba   Code   RO         5687    .text               mf_w.l(depilogue.o)
    0x0800087c   0x0800087c   0x00000086   Code   RO         5689    .text               mf_w.l(drem.o)
    0x08000902   0x08000902   0x00000030   Code   RO         5691    .text               mf_w.l(dfixul.o)
    0x08000932   0x08000932   0x00000002   PAD
    0x08000934   0x08000934   0x00000030   Code   RO         5693    .text               mf_w.l(cdrcmple.o)
    0x08000964   0x08000964   0x00000024   Code   RO         5695    .text               mc_w.l(init.o)
    0x08000988   0x08000988   0x00000046   Code   RO           14    i.AESK_CAN_ExtIDMaskFilterConfiguration  aesk_can_library.o
    0x080009ce   0x080009ce   0x0000001a   Code   RO           15    i.AESK_CAN_Init     aesk_can_library.o
    0x080009e8   0x080009e8   0x00000018   Code   RO           16    i.AESK_CAN_ReadExtIDMessage  aesk_can_library.o
    0x08000a00   0x08000a00   0x00000036   Code   RO          202    i.AESK_INT16toFLOAT_LE  aesk_data_pack_lib.o
    0x08000a36   0x08000a36   0x00000018   Code   RO          204    i.AESK_INT16toUINT8_LE  aesk_data_pack_lib.o
    0x08000a4e   0x08000a4e   0x0000000e   Code   RO          207    i.AESK_INT8toUINT8CODE  aesk_data_pack_lib.o
    0x08000a5c   0x08000a5c   0x00000036   Code   RO          209    i.AESK_UINT16toFLOAT_LE  aesk_data_pack_lib.o
    0x08000a92   0x08000a92   0x00000018   Code   RO          211    i.AESK_UINT16toUINT8_LE  aesk_data_pack_lib.o
    0x08000aaa   0x08000aaa   0x00000028   Code   RO          213    i.AESK_UINT32toUINT8_LE  aesk_data_pack_lib.o
    0x08000ad2   0x08000ad2   0x0000000e   Code   RO          222    i.AESK_UINT8toINT8ENCODE  aesk_data_pack_lib.o
    0x08000ae0   0x08000ae0   0x00000028   Code   RO          226    i.AESK_UINT8toUINT32_LE  aesk_data_pack_lib.o
    0x08000b08   0x08000b08   0x0000000e   Code   RO          227    i.AESK_UINT8toUINT8CODE  aesk_data_pack_lib.o
    0x08000b16   0x08000b16   0x0000000e   Code   RO          228    i.AESK_UINT8toUINT8ENCODE  aesk_data_pack_lib.o
    0x08000b24   0x08000b24   0x00000002   Code   RO          764    i.BSP_SD_AbortCallback  bsp_driver_sd.o
    0x08000b26   0x08000b26   0x00000002   PAD
    0x08000b28   0x08000b28   0x0000000c   Code   RO          767    i.BSP_SD_GetCardInfo  bsp_driver_sd.o
    0x08000b34   0x08000b34   0x00000018   Code   RO          768    i.BSP_SD_GetCardState  bsp_driver_sd.o
    0x08000b4c   0x08000b4c   0x0000001c   Code   RO          770    i.BSP_SD_Init       bsp_driver_sd.o
    0x08000b68   0x08000b68   0x0000000e   Code   RO          771    i.BSP_SD_IsDetected  bsp_driver_sd.o
    0x08000b76   0x08000b76   0x00000002   PAD
    0x08000b78   0x08000b78   0x00000054   Code   RO          773    i.BSP_SD_ReadBlocks_DMA  bsp_driver_sd.o
    0x08000bcc   0x08000bcc   0x00000002   Code   RO          774    i.BSP_SD_ReadCpltCallback  bsp_driver_sd.o
    0x08000bce   0x08000bce   0x00000002   PAD
    0x08000bd0   0x08000bd0   0x00000054   Code   RO          776    i.BSP_SD_WriteBlocks_DMA  bsp_driver_sd.o
    0x08000c24   0x08000c24   0x00000002   Code   RO          777    i.BSP_SD_WriteCpltCallback  bsp_driver_sd.o
    0x08000c26   0x08000c26   0x00000002   Code   RO          983    i.BusFault_Handler  stm32f4xx_it.o
    0x08000c28   0x08000c28   0x0000000c   Code   RO          984    i.CAN1_RX0_IRQHandler  stm32f4xx_it.o
    0x08000c34   0x08000c34   0x0000000c   Code   RO          985    i.CAN1_RX1_IRQHandler  stm32f4xx_it.o
    0x08000c40   0x08000c40   0x0000000c   Code   RO          986    i.CAN2_RX0_IRQHandler  stm32f4xx_it.o
    0x08000c4c   0x08000c4c   0x0000000c   Code   RO          987    i.CAN2_RX1_IRQHandler  stm32f4xx_it.o
    0x08000c58   0x08000c58   0x00000026   Code   RO          402    i.CHECKSUM_Find     aesk_gps_lib.o
    0x08000c7e   0x08000c7e   0x00000002   PAD
    0x08000c80   0x08000c80   0x00000114   Code   RO          584    i.Can_Error_Control  main.o
    0x08000d94   0x08000d94   0x0000000c   Code   RO          988    i.DMA1_Stream5_IRQHandler  stm32f4xx_it.o
    0x08000da0   0x08000da0   0x0000000c   Code   RO          989    i.DMA2_Stream3_IRQHandler  stm32f4xx_it.o
    0x08000dac   0x08000dac   0x0000000c   Code   RO          990    i.DMA2_Stream6_IRQHandler  stm32f4xx_it.o
    0x08000db8   0x08000db8   0x00000028   Code   RO         1977    i.DMA_CalcBaseAndBitshift  stm32f4xx_hal_dma.o
    0x08000de0   0x08000de0   0x00000054   Code   RO         1978    i.DMA_CheckFifoParam  stm32f4xx_hal_dma.o
    0x08000e34   0x08000e34   0x00000028   Code   RO         1979    i.DMA_SetConfig     stm32f4xx_hal_dma.o
    0x08000e5c   0x08000e5c   0x00000002   Code   RO          991    i.DebugMon_Handler  stm32f4xx_it.o
    0x08000e5e   0x08000e5e   0x00000002   Code   RO          585    i.Error_Handler     main.o
    0x08000e60   0x08000e60   0x00000006   Code   RO         5229    i.FATFS_LinkDriver  ff_gen_drv.o
    0x08000e66   0x08000e66   0x00000002   PAD
    0x08000e68   0x08000e68   0x00000040   Code   RO         5230    i.FATFS_LinkDriverEx  ff_gen_drv.o
    0x08000ea8   0x08000ea8   0x00000014   Code   RO          403    i.Find_Comma_Address  aesk_gps_lib.o
    0x08000ebc   0x08000ebc   0x00000260   Code   RO          404    i.GPRMC_Parser      aesk_gps_lib.o
    0x0800111c   0x0800111c   0x00000032   Code   RO          405    i.GPS_Control       aesk_gps_lib.o
    0x0800114e   0x0800114e   0x00000002   PAD
    0x08001150   0x08001150   0x000002e0   Code   RO          586    i.Gsm_Calibration   main.o
    0x08001430   0x08001430   0x00000024   Code   RO         1219    i.HAL_CAN_ActivateNotification  stm32f4xx_hal_can.o
    0x08001454   0x08001454   0x0000010c   Code   RO         1221    i.HAL_CAN_ConfigFilter  stm32f4xx_hal_can.o
    0x08001560   0x08001560   0x00000002   Code   RO         1224    i.HAL_CAN_ErrorCallback  stm32f4xx_hal_can.o
    0x08001562   0x08001562   0x000000e8   Code   RO         1227    i.HAL_CAN_GetRxMessage  stm32f4xx_hal_can.o
    0x0800164a   0x0800164a   0x000001fc   Code   RO         1231    i.HAL_CAN_IRQHandler  stm32f4xx_hal_can.o
    0x08001846   0x08001846   0x0000011a   Code   RO         1232    i.HAL_CAN_Init      stm32f4xx_hal_can.o
    0x08001960   0x08001960   0x00000118   Code   RO         1132    i.HAL_CAN_MspInit   stm32f4xx_hal_msp.o
    0x08001a78   0x08001a78   0x00000002   Code   RO         1239    i.HAL_CAN_RxFifo0FullCallback  stm32f4xx_hal_can.o
    0x08001a7a   0x08001a7a   0x00000002   PAD
    0x08001a7c   0x08001a7c   0x000003f8   Code   RO          587    i.HAL_CAN_RxFifo0MsgPendingCallback  main.o
    0x08001e74   0x08001e74   0x00000002   Code   RO         1241    i.HAL_CAN_RxFifo1FullCallback  stm32f4xx_hal_can.o
    0x08001e76   0x08001e76   0x00000002   PAD
    0x08001e78   0x08001e78   0x00000450   Code   RO          588    i.HAL_CAN_RxFifo1MsgPendingCallback  main.o
    0x080022c8   0x080022c8   0x00000002   Code   RO         1243    i.HAL_CAN_SleepCallback  stm32f4xx_hal_can.o
    0x080022ca   0x080022ca   0x00000002   PAD
    0x080022cc   0x080022cc   0x00000058   Code   RO         1244    i.HAL_CAN_Start     stm32f4xx_hal_can.o
    0x08002324   0x08002324   0x00000002   Code   RO         1246    i.HAL_CAN_TxMailbox0AbortCallback  stm32f4xx_hal_can.o
    0x08002326   0x08002326   0x00000002   Code   RO         1247    i.HAL_CAN_TxMailbox0CompleteCallback  stm32f4xx_hal_can.o
    0x08002328   0x08002328   0x00000002   Code   RO         1248    i.HAL_CAN_TxMailbox1AbortCallback  stm32f4xx_hal_can.o
    0x0800232a   0x0800232a   0x00000002   Code   RO         1249    i.HAL_CAN_TxMailbox1CompleteCallback  stm32f4xx_hal_can.o
    0x0800232c   0x0800232c   0x00000002   Code   RO         1250    i.HAL_CAN_TxMailbox2AbortCallback  stm32f4xx_hal_can.o
    0x0800232e   0x0800232e   0x00000002   Code   RO         1251    i.HAL_CAN_TxMailbox2CompleteCallback  stm32f4xx_hal_can.o
    0x08002330   0x08002330   0x00000002   Code   RO         1253    i.HAL_CAN_WakeUpFromRxMsgCallback  stm32f4xx_hal_can.o
    0x08002332   0x08002332   0x00000024   Code   RO         1981    i.HAL_DMA_Abort_IT  stm32f4xx_hal_dma.o
    0x08002356   0x08002356   0x00000004   Code   RO         1983    i.HAL_DMA_GetError  stm32f4xx_hal_dma.o
    0x0800235a   0x0800235a   0x00000002   PAD
    0x0800235c   0x0800235c   0x000001a0   Code   RO         1985    i.HAL_DMA_IRQHandler  stm32f4xx_hal_dma.o
    0x080024fc   0x080024fc   0x000000d4   Code   RO         1986    i.HAL_DMA_Init      stm32f4xx_hal_dma.o
    0x080025d0   0x080025d0   0x0000006e   Code   RO         1990    i.HAL_DMA_Start_IT  stm32f4xx_hal_dma.o
    0x0800263e   0x0800263e   0x00000002   PAD
    0x08002640   0x08002640   0x00000024   Code   RO         2423    i.HAL_Delay         stm32f4xx_hal.o
    0x08002664   0x08002664   0x00000180   Code   RO         1873    i.HAL_GPIO_Init     stm32f4xx_hal_gpio.o
    0x080027e4   0x080027e4   0x0000000a   Code   RO         1877    i.HAL_GPIO_WritePin  stm32f4xx_hal_gpio.o
    0x080027ee   0x080027ee   0x00000002   PAD
    0x080027f0   0x080027f0   0x0000000c   Code   RO         2429    i.HAL_GetTick       stm32f4xx_hal.o
    0x080027fc   0x080027fc   0x00000010   Code   RO         2435    i.HAL_IncTick       stm32f4xx_hal.o
    0x0800280c   0x0800280c   0x00000034   Code   RO         2436    i.HAL_Init          stm32f4xx_hal.o
    0x08002840   0x08002840   0x00000040   Code   RO         2437    i.HAL_InitTick      stm32f4xx_hal.o
    0x08002880   0x08002880   0x00000030   Code   RO         1133    i.HAL_MspInit       stm32f4xx_hal_msp.o
    0x080028b0   0x080028b0   0x0000001a   Code   RO         2286    i.HAL_NVIC_EnableIRQ  stm32f4xx_hal_cortex.o
    0x080028ca   0x080028ca   0x00000002   PAD
    0x080028cc   0x080028cc   0x00000040   Code   RO         2292    i.HAL_NVIC_SetPriority  stm32f4xx_hal_cortex.o
    0x0800290c   0x0800290c   0x00000024   Code   RO         2293    i.HAL_NVIC_SetPriorityGrouping  stm32f4xx_hal_cortex.o
    0x08002930   0x08002930   0x00000024   Code   RO         2294    i.HAL_NVIC_SystemReset  stm32f4xx_hal_cortex.o
    0x08002954   0x08002954   0x00000260   Code   RO         1558    i.HAL_RCCEx_PeriphCLKConfig  stm32f4xx_hal_rcc_ex.o
    0x08002bb4   0x08002bb4   0x00000134   Code   RO         1453    i.HAL_RCC_ClockConfig  stm32f4xx_hal_rcc.o
    0x08002ce8   0x08002ce8   0x00000020   Code   RO         1460    i.HAL_RCC_GetPCLK1Freq  stm32f4xx_hal_rcc.o
    0x08002d08   0x08002d08   0x00000020   Code   RO         1461    i.HAL_RCC_GetPCLK2Freq  stm32f4xx_hal_rcc.o
    0x08002d28   0x08002d28   0x00000064   Code   RO         1462    i.HAL_RCC_GetSysClockFreq  stm32f4xx_hal_rcc.o
    0x08002d8c   0x08002d8c   0x00000324   Code   RO         1562    i.HAL_RCC_OscConfig  stm32f4xx_hal_rcc_ex.o
    0x080030b0   0x080030b0   0x00000044   Code   RO         2679    i.HAL_RTC_GetDate   stm32f4xx_hal_rtc.o
    0x080030f4   0x080030f4   0x00000058   Code   RO         2681    i.HAL_RTC_GetTime   stm32f4xx_hal_rtc.o
    0x0800314c   0x0800314c   0x000000ac   Code   RO         2682    i.HAL_RTC_Init      stm32f4xx_hal_rtc.o
    0x080031f8   0x080031f8   0x00000018   Code   RO         1135    i.HAL_RTC_MspInit   stm32f4xx_hal_msp.o
    0x08003210   0x08003210   0x000000c8   Code   RO         2688    i.HAL_RTC_SetDate   stm32f4xx_hal_rtc.o
    0x080032d8   0x080032d8   0x000000ec   Code   RO         2689    i.HAL_RTC_SetTime   stm32f4xx_hal_rtc.o
    0x080033c4   0x080033c4   0x00000036   Code   RO         2690    i.HAL_RTC_WaitForSynchro  stm32f4xx_hal_rtc.o
    0x080033fa   0x080033fa   0x00000008   Code   RO          778    i.HAL_SD_AbortCallback  bsp_driver_sd.o
    0x08003402   0x08003402   0x00000002   Code   RO         3309    i.HAL_SD_ErrorCallback  stm32f4xx_hal_sd.o
    0x08003404   0x08003404   0x00000198   Code   RO         3311    i.HAL_SD_GetCardCSD  stm32f4xx_hal_sd.o
    0x0800359c   0x0800359c   0x00000024   Code   RO         3312    i.HAL_SD_GetCardInfo  stm32f4xx_hal_sd.o
    0x080035c0   0x080035c0   0x0000002c   Code   RO         3313    i.HAL_SD_GetCardState  stm32f4xx_hal_sd.o
    0x080035ec   0x080035ec   0x00000006   Code   RO         3316    i.HAL_SD_GetState   stm32f4xx_hal_sd.o
    0x080035f2   0x080035f2   0x00000002   PAD
    0x080035f4   0x080035f4   0x000001f8   Code   RO         3317    i.HAL_SD_IRQHandler  stm32f4xx_hal_sd.o
    0x080037ec   0x080037ec   0x00000036   Code   RO         3318    i.HAL_SD_Init       stm32f4xx_hal_sd.o
    0x08003822   0x08003822   0x00000002   PAD
    0x08003824   0x08003824   0x00000054   Code   RO         3319    i.HAL_SD_InitCard   stm32f4xx_hal_sd.o
    0x08003878   0x08003878   0x00000178   Code   RO         1137    i.HAL_SD_MspInit    stm32f4xx_hal_msp.o
    0x080039f0   0x080039f0   0x00000130   Code   RO         3323    i.HAL_SD_ReadBlocks_DMA  stm32f4xx_hal_sd.o
    0x08003b20   0x08003b20   0x00000008   Code   RO          779    i.HAL_SD_RxCpltCallback  bsp_driver_sd.o
    0x08003b28   0x08003b28   0x00000008   Code   RO          780    i.HAL_SD_TxCpltCallback  bsp_driver_sd.o
    0x08003b30   0x08003b30   0x00000130   Code   RO         3328    i.HAL_SD_WriteBlocks_DMA  stm32f4xx_hal_sd.o
    0x08003c60   0x08003c60   0x00000028   Code   RO         2297    i.HAL_SYSTICK_Config  stm32f4xx_hal_cortex.o
    0x08003c88   0x08003c88   0x00000002   Code   RO         4205    i.HAL_TIMEx_BreakCallback  stm32f4xx_hal_tim_ex.o
    0x08003c8a   0x08003c8a   0x00000002   Code   RO         4206    i.HAL_TIMEx_CommutCallback  stm32f4xx_hal_tim_ex.o
    0x08003c8c   0x08003c8c   0x00000090   Code   RO         4223    i.HAL_TIMEx_MasterConfigSynchronization  stm32f4xx_hal_tim_ex.o
    0x08003d1c   0x08003d1c   0x00000036   Code   RO         3530    i.HAL_TIM_Base_Init  stm32f4xx_hal_tim.o
    0x08003d52   0x08003d52   0x00000002   PAD
    0x08003d54   0x08003d54   0x0000003c   Code   RO         1139    i.HAL_TIM_Base_MspInit  stm32f4xx_hal_msp.o
    0x08003d90   0x08003d90   0x00000022   Code   RO         3535    i.HAL_TIM_Base_Start_IT  stm32f4xx_hal_tim.o
    0x08003db2   0x08003db2   0x00000002   Code   RO         3559    i.HAL_TIM_IC_CaptureCallback  stm32f4xx_hal_tim.o
    0x08003db4   0x08003db4   0x00000166   Code   RO         3573    i.HAL_TIM_IRQHandler  stm32f4xx_hal_tim.o
    0x08003f1a   0x08003f1a   0x00000002   Code   RO         3576    i.HAL_TIM_OC_DelayElapsedCallback  stm32f4xx_hal_tim.o
    0x08003f1c   0x08003f1c   0x00000002   Code   RO         3603    i.HAL_TIM_PWM_PulseFinishedCallback  stm32f4xx_hal_tim.o
    0x08003f1e   0x08003f1e   0x00000002   PAD
    0x08003f20   0x08003f20   0x00000064   Code   RO          589    i.HAL_TIM_PeriodElapsedCallback  main.o
    0x08003f84   0x08003f84   0x00000002   Code   RO         3616    i.HAL_TIM_TriggerCallback  stm32f4xx_hal_tim.o
    0x08003f86   0x08003f86   0x00000002   Code   RO         4467    i.HAL_UART_AbortReceiveCpltCallback  stm32f4xx_hal_uart.o
    0x08003f88   0x08003f88   0x0000005c   Code   RO         4468    i.HAL_UART_AbortReceive_IT  stm32f4xx_hal_uart.o
    0x08003fe4   0x08003fe4   0x00000002   Code   RO         4477    i.HAL_UART_ErrorCallback  stm32f4xx_hal_uart.o
    0x08003fe6   0x08003fe6   0x00000002   PAD
    0x08003fe8   0x08003fe8   0x00000114   Code   RO         4480    i.HAL_UART_IRQHandler  stm32f4xx_hal_uart.o
    0x080040fc   0x080040fc   0x00000062   Code   RO         4481    i.HAL_UART_Init     stm32f4xx_hal_uart.o
    0x0800415e   0x0800415e   0x00000002   PAD
    0x08004160   0x08004160   0x00000180   Code   RO         1141    i.HAL_UART_MspInit  stm32f4xx_hal_msp.o
    0x080042e0   0x080042e0   0x00000098   Code   RO         4485    i.HAL_UART_Receive_DMA  stm32f4xx_hal_uart.o
    0x08004378   0x08004378   0x00000052   Code   RO         4486    i.HAL_UART_Receive_IT  stm32f4xx_hal_uart.o
    0x080043ca   0x080043ca   0x00000002   PAD
    0x080043cc   0x080043cc   0x00000150   Code   RO          590    i.HAL_UART_RxCpltCallback  main.o
    0x0800451c   0x0800451c   0x00000002   Code   RO         4488    i.HAL_UART_RxHalfCpltCallback  stm32f4xx_hal_uart.o
    0x0800451e   0x0800451e   0x000000ba   Code   RO         4489    i.HAL_UART_Transmit  stm32f4xx_hal_uart.o
    0x080045d8   0x080045d8   0x00000002   Code   RO         4492    i.HAL_UART_TxCpltCallback  stm32f4xx_hal_uart.o
    0x080045da   0x080045da   0x00000006   Code   RO          992    i.HardFault_Handler  stm32f4xx_it.o
    0x080045e0   0x080045e0   0x0000002a   Code   RO          406    i.Hex2Int           aesk_gps_lib.o
    0x0800460a   0x0800460a   0x00000002   PAD
    0x0800460c   0x0800460c   0x0000002a   Code   RO          489    i.MQTTPacket_encode  sim800mqtt.o
    0x08004636   0x08004636   0x00000002   PAD
    0x08004638   0x08004638   0x00000028   Code   RO          490    i.MQTTPacket_len    sim800mqtt.o
    0x08004660   0x08004660   0x00000114   Code   RO          491    i.MQTTSerialize_connect  sim800mqtt.o
    0x08004774   0x08004774   0x00000076   Code   RO          492    i.MQTTSerialize_connectLength  sim800mqtt.o
    0x080047ea   0x080047ea   0x00000086   Code   RO          493    i.MQTTSerialize_publish  sim800mqtt.o
    0x08004870   0x08004870   0x0000001e   Code   RO          494    i.MQTTSerialize_publishLength  sim800mqtt.o
    0x0800488e   0x0800488e   0x0000000e   Code   RO          495    i.MQTTstrlen        sim800mqtt.o
    0x0800489c   0x0800489c   0x00000034   Code   RO          591    i.MX_CAN1_Init      main.o
    0x080048d0   0x080048d0   0x00000034   Code   RO          592    i.MX_CAN2_Init      main.o
    0x08004904   0x08004904   0x0000005c   Code   RO          593    i.MX_DMA_Init       main.o
    0x08004960   0x08004960   0x0000001c   Code   RO          945    i.MX_FATFS_Init     fatfs.o
    0x0800497c   0x0800497c   0x00000100   Code   RO          594    i.MX_GPIO_Init      main.o
    0x08004a7c   0x08004a7c   0x00000024   Code   RO          595    i.MX_RTC_Init       main.o
    0x08004aa0   0x08004aa0   0x00000002   Code   RO          993    i.MemManage_Handler  stm32f4xx_it.o
    0x08004aa2   0x08004aa2   0x00000002   PAD
    0x08004aa4   0x08004aa4   0x0000001e   Code   RO          407    i.NMEA_CheckSum     aesk_gps_lib.o
    0x08004ac2   0x08004ac2   0x00000002   Code   RO          994    i.NMI_Handler       stm32f4xx_it.o
    0x08004ac4   0x08004ac4   0x00000002   Code   RO          995    i.PendSV_Handler    stm32f4xx_it.o
    0x08004ac6   0x08004ac6   0x00000012   Code   RO         2691    i.RTC_Bcd2ToByte    stm32f4xx_hal_rtc.o
    0x08004ad8   0x08004ad8   0x00000016   Code   RO         2692    i.RTC_ByteToBcd2    stm32f4xx_hal_rtc.o
    0x08004aee   0x08004aee   0x00000002   PAD
    0x08004af0   0x08004af0   0x0000003a   Code   RO         2693    i.RTC_EnterInitMode  stm32f4xx_hal_rtc.o
    0x08004b2a   0x08004b2a   0x00000002   PAD
    0x08004b2c   0x08004b2c   0x0000003c   Code   RO          596    i.RTC_Set_Time_Date  main.o
    0x08004b68   0x08004b68   0x00000024   Code   RO         3039    i.SDIO_ConfigData   stm32f4xx_ll_sdmmc.o
    0x08004b8c   0x08004b8c   0x00000008   Code   RO         3043    i.SDIO_GetPowerState  stm32f4xx_ll_sdmmc.o
    0x08004b94   0x08004b94   0x00000006   Code   RO         3044    i.SDIO_GetResponse  stm32f4xx_ll_sdmmc.o
    0x08004b9a   0x08004b9a   0x00000002   PAD
    0x08004b9c   0x08004b9c   0x0000000c   Code   RO          996    i.SDIO_IRQHandler   stm32f4xx_it.o
    0x08004ba8   0x08004ba8   0x00000024   Code   RO         3045    i.SDIO_Init         stm32f4xx_ll_sdmmc.o
    0x08004bcc   0x08004bcc   0x00000010   Code   RO         3047    i.SDIO_PowerState_ON  stm32f4xx_ll_sdmmc.o
    0x08004bdc   0x08004bdc   0x00000006   Code   RO         3048    i.SDIO_ReadFIFO     stm32f4xx_ll_sdmmc.o
    0x08004be2   0x08004be2   0x00000020   Code   RO         3049    i.SDIO_SendCommand  stm32f4xx_ll_sdmmc.o
    0x08004c02   0x08004c02   0x0000000a   Code   RO         3051    i.SDIO_WriteFIFO    stm32f4xx_ll_sdmmc.o
    0x08004c0c   0x08004c0c   0x00000032   Code   RO         3052    i.SDMMC_CmdAppCommand  stm32f4xx_ll_sdmmc.o
    0x08004c3e   0x08004c3e   0x00000002   PAD
    0x08004c40   0x08004c40   0x00000034   Code   RO         3053    i.SDMMC_CmdAppOperCommand  stm32f4xx_ll_sdmmc.o
    0x08004c74   0x08004c74   0x00000032   Code   RO         3054    i.SDMMC_CmdBlockLength  stm32f4xx_ll_sdmmc.o
    0x08004ca6   0x08004ca6   0x00000002   PAD
    0x08004ca8   0x08004ca8   0x00000050   Code   RO         3059    i.SDMMC_CmdGoIdleState  stm32f4xx_ll_sdmmc.o
    0x08004cf8   0x08004cf8   0x00000074   Code   RO         3061    i.SDMMC_CmdOperCond  stm32f4xx_ll_sdmmc.o
    0x08004d6c   0x08004d6c   0x00000032   Code   RO         3062    i.SDMMC_CmdReadMultiBlock  stm32f4xx_ll_sdmmc.o
    0x08004d9e   0x08004d9e   0x00000032   Code   RO         3063    i.SDMMC_CmdReadSingleBlock  stm32f4xx_ll_sdmmc.o
    0x08004dd0   0x08004dd0   0x00000032   Code   RO         3066    i.SDMMC_CmdSelDesel  stm32f4xx_ll_sdmmc.o
    0x08004e02   0x08004e02   0x0000002c   Code   RO         3067    i.SDMMC_CmdSendCID  stm32f4xx_ll_sdmmc.o
    0x08004e2e   0x08004e2e   0x0000002c   Code   RO         3068    i.SDMMC_CmdSendCSD  stm32f4xx_ll_sdmmc.o
    0x08004e5a   0x08004e5a   0x00000032   Code   RO         3070    i.SDMMC_CmdSendStatus  stm32f4xx_ll_sdmmc.o
    0x08004e8c   0x08004e8c   0x00000030   Code   RO         3071    i.SDMMC_CmdSetRelAdd  stm32f4xx_ll_sdmmc.o
    0x08004ebc   0x08004ebc   0x00000034   Code   RO         3073    i.SDMMC_CmdStopTransfer  stm32f4xx_ll_sdmmc.o
    0x08004ef0   0x08004ef0   0x00000032   Code   RO         3075    i.SDMMC_CmdWriteMultiBlock  stm32f4xx_ll_sdmmc.o
    0x08004f22   0x08004f22   0x00000032   Code   RO         3076    i.SDMMC_CmdWriteSingleBlock  stm32f4xx_ll_sdmmc.o
    0x08004f54   0x08004f54   0x00000120   Code   RO         3077    i.SDMMC_GetCmdResp1  stm32f4xx_ll_sdmmc.o
    0x08005074   0x08005074   0x00000050   Code   RO         3078    i.SDMMC_GetCmdResp2  stm32f4xx_ll_sdmmc.o
    0x080050c4   0x080050c4   0x00000044   Code   RO         3079    i.SDMMC_GetCmdResp3  stm32f4xx_ll_sdmmc.o
    0x08005108   0x08005108   0x00000088   Code   RO         3080    i.SDMMC_GetCmdResp6  stm32f4xx_ll_sdmmc.o
    0x08005190   0x08005190   0x00000020   Code   RO          885    i.SD_CheckStatus    sd_diskio.o
    0x080051b0   0x080051b0   0x00000064   Code   RO         3330    i.SD_DMAError       stm32f4xx_hal_sd.o
    0x08005214   0x08005214   0x00000042   Code   RO         3331    i.SD_DMAReceiveCplt  stm32f4xx_hal_sd.o
    0x08005256   0x08005256   0x00000044   Code   RO         3332    i.SD_DMARxAbort     stm32f4xx_hal_sd.o
    0x0800529a   0x0800529a   0x0000000e   Code   RO         3333    i.SD_DMATransmitCplt  stm32f4xx_hal_sd.o
    0x080052a8   0x080052a8   0x00000044   Code   RO         3334    i.SD_DMATxAbort     stm32f4xx_hal_sd.o
    0x080052ec   0x080052ec   0x000000ee   Code   RO         3336    i.SD_InitCard       stm32f4xx_hal_sd.o
    0x080053da   0x080053da   0x00000002   PAD
    0x080053dc   0x080053dc   0x000000b4   Code   RO         3337    i.SD_PowerON        stm32f4xx_hal_sd.o
    0x08005490   0x08005490   0x00000020   Code   RO          886    i.SD_initialize     sd_diskio.o
    0x080054b0   0x080054b0   0x00000050   Code   RO          887    i.SD_ioctl          sd_diskio.o
    0x08005500   0x08005500   0x00000016   Code   RO          888    i.SD_read           sd_diskio.o
    0x08005516   0x08005516   0x00000004   Code   RO          889    i.SD_status         sd_diskio.o
    0x0800551a   0x0800551a   0x00000016   Code   RO          890    i.SD_write          sd_diskio.o
    0x08005530   0x08005530   0x00000002   Code   RO          997    i.SVC_Handler       stm32f4xx_it.o
    0x08005532   0x08005532   0x00000022   Code   RO          496    i.SendATCommand     sim800mqtt.o
    0x08005554   0x08005554   0x00000004   Code   RO          998    i.SysTick_Handler   stm32f4xx_it.o
    0x08005558   0x08005558   0x000000a4   Code   RO          597    i.SystemClock_Config  main.o
    0x080055fc   0x080055fc   0x0000001c   Code   RO         4783    i.SystemInit        system_stm32f4xx.o
    0x08005618   0x08005618   0x0000000c   Code   RO          999    i.TIM6_IRQHandler   stm32f4xx_it.o
    0x08005624   0x08005624   0x000000c8   Code   RO         3618    i.TIM_Base_SetConfig  stm32f4xx_hal_tim.o
    0x080056ec   0x080056ec   0x00000010   Code   RO         4494    i.UART_DMAAbortOnError  stm32f4xx_hal_uart.o
    0x080056fc   0x080056fc   0x0000004a   Code   RO         4495    i.UART_DMAError     stm32f4xx_hal_uart.o
    0x08005746   0x08005746   0x0000003c   Code   RO         4496    i.UART_DMAReceiveCplt  stm32f4xx_hal_uart.o
    0x08005782   0x08005782   0x0000000a   Code   RO         4498    i.UART_DMARxHalfCplt  stm32f4xx_hal_uart.o
    0x0800578c   0x0800578c   0x00000014   Code   RO         4499    i.UART_DMARxOnlyAbortCallback  stm32f4xx_hal_uart.o
    0x080057a0   0x080057a0   0x0000001c   Code   RO         4504    i.UART_EndRxTransfer  stm32f4xx_hal_uart.o
    0x080057bc   0x080057bc   0x00000012   Code   RO         4505    i.UART_EndTxTransfer  stm32f4xx_hal_uart.o
    0x080057ce   0x080057ce   0x00000096   Code   RO         4506    i.UART_Receive_IT   stm32f4xx_hal_uart.o
    0x08005864   0x08005864   0x00000128   Code   RO         4507    i.UART_SetConfig    stm32f4xx_hal_uart.o
    0x0800598c   0x0800598c   0x00000062   Code   RO         4508    i.UART_Transmit_IT  stm32f4xx_hal_uart.o
    0x080059ee   0x080059ee   0x00000064   Code   RO         4509    i.UART_WaitOnFlagUntilTimeout  stm32f4xx_hal_uart.o
    0x08005a52   0x08005a52   0x00000002   PAD
    0x08005a54   0x08005a54   0x0000000c   Code   RO         1000    i.USART1_IRQHandler  stm32f4xx_it.o
    0x08005a60   0x08005a60   0x0000000c   Code   RO         1001    i.USART2_IRQHandler  stm32f4xx_it.o
    0x08005a6c   0x08005a6c   0x0000000c   Code   RO         1002    i.USART3_IRQHandler  stm32f4xx_it.o
    0x08005a78   0x08005a78   0x00000002   Code   RO         1003    i.UsageFault_Handler  stm32f4xx_it.o
    0x08005a7a   0x08005a7a   0x00000002   PAD
    0x08005a7c   0x08005a7c   0x00000028   Code   RO         5598    i.__0sprintf        mc_w.l(printfa.o)
    0x08005aa4   0x08005aa4   0x00000024   Code   RO         5602    i.__0vsprintf       mc_w.l(printfa.o)
    0x08005ac8   0x08005ac8   0x00000020   Code   RO         2299    i.__NVIC_SetPriority  stm32f4xx_hal_cortex.o
    0x08005ae8   0x08005ae8   0x00000104   Code   RO         5332    i.__hardfp_fmod     m_wm.l(fmod.o)
    0x08005bec   0x08005bec   0x00000004   PAD
    0x08005bf0   0x08005bf0   0x00000020   Code   RO         5641    i.__mathlib_dbl_invalid  m_wm.l(dunder.o)
    0x08005c10   0x08005c10   0x0000000e   Code   RO         5701    i.__scatterload_copy  mc_w.l(handlers.o)
    0x08005c1e   0x08005c1e   0x00000002   Code   RO         5702    i.__scatterload_null  mc_w.l(handlers.o)
    0x08005c20   0x08005c20   0x0000000e   Code   RO         5703    i.__scatterload_zeroinit  mc_w.l(handlers.o)
    0x08005c2e   0x08005c2e   0x00000002   PAD
    0x08005c30   0x08005c30   0x0000000c   Code   RO         5679    i.__set_errno       mc_w.l(errno.o)
    0x08005c3c   0x08005c3c   0x00000184   Code   RO         5603    i._fp_digits        mc_w.l(printfa.o)
    0x08005dc0   0x08005dc0   0x000006dc   Code   RO         5604    i._printf_core      mc_w.l(printfa.o)
    0x0800649c   0x0800649c   0x00000024   Code   RO         5605    i._printf_post_padding  mc_w.l(printfa.o)
    0x080064c0   0x080064c0   0x0000002e   Code   RO         5606    i._printf_pre_padding  mc_w.l(printfa.o)
    0x080064ee   0x080064ee   0x0000000a   Code   RO         5608    i._sputc            mc_w.l(printfa.o)
    0x080064f8   0x080064f8   0x0000002c   Code   RO          598    i.aeskCRCCalculator  main.o
    0x08006524   0x08006524   0x00000070   Code   RO         4875    i.check_fs          ff.o
    0x08006594   0x08006594   0x00000010   Code   RO         4876    i.chk_chr           ff.o
    0x080065a4   0x080065a4   0x0000005c   Code   RO         4877    i.chk_lock          ff.o
    0x08006600   0x08006600   0x00000020   Code   RO         4878    i.clear_lock        ff.o
    0x08006620   0x08006620   0x00000026   Code   RO         4879    i.clmt_clust        ff.o
    0x08006646   0x08006646   0x00000018   Code   RO         4880    i.clust2sect        ff.o
    0x0800665e   0x0800665e   0x00000002   PAD
    0x08006660   0x08006660   0x00000080   Code   RO         4881    i.cmp_lfn           ff.o
    0x080066e0   0x080066e0   0x00000070   Code   RO          408    i.convertDegMinToDecDeg  aesk_gps_lib.o
    0x08006750   0x08006750   0x00000538   Code   RO          599    i.createMQTTPackage  main.o
    0x08006c88   0x08006c88   0x00000438   Code   RO          600    i.createXBEEPackage  main.o
    0x080070c0   0x080070c0   0x000000a4   Code   RO         4882    i.create_chain      ff.o
    0x08007164   0x08007164   0x00000208   Code   RO         4883    i.create_name       ff.o
    0x0800736c   0x0800736c   0x00000034   Code   RO         4884    i.dec_lock          ff.o
    0x080073a0   0x080073a0   0x000000d0   Code   RO         4885    i.dir_find          ff.o
    0x08007470   0x08007470   0x00000102   Code   RO         4886    i.dir_next          ff.o
    0x08007572   0x08007572   0x00000002   PAD
    0x08007574   0x08007574   0x000001e4   Code   RO         4888    i.dir_register      ff.o
    0x08007758   0x08007758   0x0000008e   Code   RO         4890    i.dir_sdi           ff.o
    0x080077e6   0x080077e6   0x00000002   PAD
    0x080077e8   0x080077e8   0x00000028   Code   RO         4820    i.disk_initialize   diskio.o
    0x08007810   0x08007810   0x0000001c   Code   RO         4821    i.disk_ioctl        diskio.o
    0x0800782c   0x0800782c   0x0000001c   Code   RO         4822    i.disk_read         diskio.o
    0x08007848   0x08007848   0x00000018   Code   RO         4823    i.disk_status       diskio.o
    0x08007860   0x08007860   0x0000001c   Code   RO         4824    i.disk_write        diskio.o
    0x0800787c   0x0800787c   0x00000028   Code   RO         4891    i.f_close           ff.o
    0x080078a4   0x080078a4   0x00000058   Code   RO         4898    i.f_mount           ff.o
    0x080078fc   0x080078fc   0x0000021c   Code   RO         4899    i.f_open            ff.o
    0x08007b18   0x08007b18   0x0000008e   Code   RO         4908    i.f_sync            ff.o
    0x08007ba6   0x08007ba6   0x000001b2   Code   RO         4911    i.f_write           ff.o
    0x08007d58   0x08007d58   0x00000038   Code   RO         5303    i.ff_convert        ccsbcs.o
    0x08007d90   0x08007d90   0x00000080   Code   RO         5304    i.ff_wtoupper       ccsbcs.o
    0x08007e10   0x08007e10   0x00000290   Code   RO         4912    i.find_volume       ff.o
    0x080080a0   0x080080a0   0x0000007a   Code   RO         4913    i.follow_path       ff.o
    0x0800811a   0x0800811a   0x00000002   PAD
    0x0800811c   0x0800811c   0x00000080   Code   RO         4914    i.gen_numname       ff.o
    0x0800819c   0x0800819c   0x000000e8   Code   RO         4915    i.get_fat           ff.o
    0x08008284   0x08008284   0x00000004   Code   RO          946    i.get_fattime       fatfs.o
    0x08008288   0x08008288   0x0000003c   Code   RO         4917    i.get_ldnumber      ff.o
    0x080082c4   0x080082c4   0x00000080   Code   RO         4918    i.inc_lock          ff.o
    0x08008344   0x08008344   0x00000026   Code   RO         4919    i.ld_clust          ff.o
    0x0800836a   0x0800836a   0x00000016   Code   RO         4920    i.ld_dword          ff.o
    0x08008380   0x08008380   0x0000000a   Code   RO         4921    i.ld_word           ff.o
    0x0800838a   0x0800838a   0x00000002   PAD
    0x0800838c   0x0800838c   0x00000558   Code   RO          601    i.main              main.o
    0x080088e4   0x080088e4   0x00000012   Code   RO         4922    i.mem_cpy           ff.o
    0x080088f6   0x080088f6   0x00000002   PAD
    0x080088f8   0x080088f8   0x0000000e   Code   RO         4923    i.mem_set           ff.o
    0x08008906   0x08008906   0x00000032   Code   RO         4924    i.move_window       ff.o
    0x08008938   0x08008938   0x0000003c   Code   RO          409    i.my_getnbr         aesk_gps_lib.o
    0x08008974   0x08008974   0x00000124   Code   RO         4926    i.put_fat           ff.o
    0x08008a98   0x08008a98   0x00000074   Code   RO         4929    i.remove_chain      ff.o
    0x08008b0c   0x08008b0c   0x00000028   Code   RO         4930    i.st_clust          ff.o
    0x08008b34   0x08008b34   0x00000010   Code   RO         4931    i.st_dword          ff.o
    0x08008b44   0x08008b44   0x00000008   Code   RO         4932    i.st_word           ff.o
    0x08008b4c   0x08008b4c   0x0000005c   Code   RO          410    i.stof              aesk_gps_lib.o
    0x08008ba8   0x08008ba8   0x0000001a   Code   RO         4933    i.sum_sfn           ff.o
    0x08008bc2   0x08008bc2   0x00000002   PAD
    0x08008bc4   0x08008bc4   0x00000088   Code   RO         4934    i.sync_fs           ff.o
    0x08008c4c   0x08008c4c   0x00000052   Code   RO         4935    i.sync_window       ff.o
    0x08008c9e   0x08008c9e   0x00000034   Code   RO         4936    i.validate          ff.o
    0x08008cd2   0x08008cd2   0x00000012   Code   RO          602    i.vars_to_str       main.o
    0x08008ce4   0x08008ce4   0x00000028   Code   RO          497    i.writeCString      sim800mqtt.o
    0x08008d0c   0x08008d0c   0x0000000c   Code   RO          498    i.writeChar         sim800mqtt.o
    0x08008d18   0x08008d18   0x0000001e   Code   RO          499    i.writeInt          sim800mqtt.o
    0x08008d36   0x08008d36   0x00000036   Code   RO          500    i.writeMQTTString   sim800mqtt.o
    0x08008d6c   0x08008d6c   0x00000014   Data   RO          891    .constdata          sd_diskio.o
    0x08008d80   0x08008d80   0x00000008   Data   RO         1992    .constdata          stm32f4xx_hal_dma.o
    0x08008d88   0x08008d88   0x00000010   Data   RO         4784    .constdata          system_stm32f4xx.o
    0x08008d98   0x08008d98   0x00000008   Data   RO         4785    .constdata          system_stm32f4xx.o
    0x08008da0   0x08008da0   0x000000aa   Data   RO         4938    .constdata          ff.o
    0x08008e4a   0x08008e4a   0x000003ae   Data   RO         5305    .constdata          ccsbcs.o
    0x080091f8   0x080091f8   0x00000097   Data   RO          607    .conststring        main.o
    0x0800928f   0x0800928f   0x00000001   PAD
    0x08009290   0x08009290   0x00000020   Data   RO         5699    Region$$Table       anon$$obj.o


    Execution Region RW_IRAM1 (Exec base: 0x20000000, Load base: 0x080092b0, Size: 0x00003488, Max: 0x00040000, ABSOLUTE)

    Exec Addr    Load Addr    Size         Type   Attr      Idx    E Section Name        Object

    0x20000000   0x080092b0   0x000000ac   Data   RW          608    .data               main.o
    0x200000ac   0x0800935c   0x00000001   Data   RW          892    .data               sd_diskio.o
    0x200000ad   0x0800935d   0x00000005   Data   RW          949    .data               fatfs.o
    0x200000b2   0x08009362   0x00000002   PAD
    0x200000b4   0x08009364   0x00000004   Data   RW         1142    .data               stm32f4xx_hal_msp.o
    0x200000b8   0x08009368   0x0000000c   Data   RW         2443    .data               stm32f4xx_hal.o
    0x200000c4   0x08009374   0x00000004   Data   RW         4786    .data               system_stm32f4xx.o
    0x200000c8   0x08009378   0x00000008   Data   RW         4939    .data               ff.o
    0x200000d0   0x08009380   0x00000004   Data   RW         5680    .data               mc_w.l(errno.o)
    0x200000d4        -       0x00002c68   Zero   RW          603    .bss                main.o
    0x20002d3c        -       0x00000060   Zero   RW          604    .bss                main.o
    0x20002d9c        -       0x00000060   Zero   RW          605    .bss                main.o
    0x20002dfc        -       0x00000060   Zero   RW          606    .bss                main.o
    0x20002e5c        -       0x00000220   Zero   RW         4937    .bss                ff.o
    0x2000307c        -       0x0000000c   Zero   RW         5233    .bss                ff_gen_drv.o
    0x20003088        -       0x00000400   Zero   RW            1    STACK               startup_stm32f412rx.o


==============================================================================

Image component sizes


      Code (inc. data)   RO Data    RW Data    ZI Data      Debug   Object Name

       120          0          0          0          0     690860   aesk_can_library.o
       292          0          0          0          0       6928   aesk_data_pack_lib.o
      1052         56          0          0          0       7721   aesk_gps_lib.o
       276         28          0          0          0       7395   bsp_driver_sd.o
       184         22        942          0          0       2351   ccsbcs.o
       148         22          0          0          0       3865   diskio.o
        32         10          0          5          0       1556   fatfs.o
      5760        104        170          8        544      43693   ff.o
        70          6          0          0         12       1699   ff_gen_drv.o
      8128        620        151        172      11656      31719   main.o
       192         14         20          1          0       4400   sd_diskio.o
       824         24          0          0          0      11912   sim800mqtt.o
        36          8        452          0       1024        860   startup_stm32f412rx.o
       180         28          0         12          0       9445   stm32f4xx_hal.o
      1436          6          0          0          0      12976   stm32f4xx_hal_can.o
       234         24          0          0          0      34714   stm32f4xx_hal_cortex.o
       942         16          8          0          0       7249   stm32f4xx_hal_dma.o
       394         30          0          0          0       2436   stm32f4xx_hal_gpio.o
      1172        118          0          4          0       5448   stm32f4xx_hal_msp.o
       472         56          0          0          0       3808   stm32f4xx_hal_rcc.o
      1412         60          0          0          0       3268   stm32f4xx_hal_rcc_ex.o
       916         30          0          0          0       7740   stm32f4xx_hal_rtc.o
      2480         64          0          0          0      15261   stm32f4xx_hal_sd.o
       654         44          0          0          0       6913   stm32f4xx_hal_tim.o
       148         28          0          0          0       2545   stm32f4xx_hal_tim_ex.o
      1764         34          0          0          0      16007   stm32f4xx_hal_uart.o
       168         72          0          0          0      10124   stm32f4xx_it.o
      1558         46          0          0          0      22212   stm32f4xx_ll_sdmmc.o
         0          0          0          0          0        564   syscall.o
        28          6         24          4          0       1199   system_stm32f4xx.o

    ----------------------------------------------------------------------
     31148       1576       1800        208      13236     976868   Object Totals
         0          0         32          0          0          0   (incl. Generated)
        76          0          1          2          0          0   (incl. Padding)

    ----------------------------------------------------------------------

      Code (inc. data)   RO Data    RW Data    ZI Data      Debug   Library Member Name

        32          8          0          0          0        124   dunder.o
       260          6          0          0          0        144   fmod.o
         0          0          0          0          0          0   entry.o
         0          0          0          0          0          0   entry10a.o
         0          0          0          0          0          0   entry11a.o
         8          4          0          0          0          0   entry2.o
         4          0          0          0          0          0   entry5.o
         0          0          0          0          0          0   entry7b.o
         0          0          0          0          0          0   entry8b.o
         8          4          0          0          0          0   entry9a.o
        12          6          0          4          0         68   errno.o
        30          0          0          0          0          0   handlers.o
        36          8          0          0          0         68   init.o
         0          0          0          0          0          0   iusefp.o
        30          0          0          0          0         68   llshl.o
        36          0          0          0          0         68   llsshr.o
        32          0          0          0          0         68   llushr.o
        36          0          0          0          0         68   memcpya.o
        36          0          0          0          0        108   memseta.o
      2312         92          0          0          0        600   printfa.o
        24          0          0          0          0         68   strcat.o
        20          0          0          0          0         68   strchr.o
        14          0          0          0          0         68   strlen.o
        36          0          0          0          0         80   strstr.o
        44          0          0          0          0         80   uidiv.o
        98          0          0          0          0         92   uldiv.o
        48          0          0          0          0         68   cdrcmple.o
        56          0          0          0          0         88   d2f.o
       334          0          0          0          0        148   dadd.o
       222          0          0          0          0        100   ddiv.o
       186          0          0          0          0        176   depilogue.o
        50          0          0          0          0         76   dfixui.o
        48          0          0          0          0         68   dfixul.o
        34          0          0          0          0         76   dflti.o
       228          0          0          0          0         96   dmul.o
       134          0          0          0          0         96   drem.o
        38          0          0          0          0         68   f2d.o
       110          0          0          0          0        168   fepilogue.o

    ----------------------------------------------------------------------
      4604        132          0          4          0       3068   Library Totals
         8          4          0          0          0          0   (incl. Padding)

    ----------------------------------------------------------------------

      Code (inc. data)   RO Data    RW Data    ZI Data      Debug   Library Name

       292         14          0          0          0        268   m_wm.l
      2816        114          0          4          0       1572   mc_w.l
      1488          0          0          0          0       1228   mf_w.l

    ----------------------------------------------------------------------
      4604        132          0          4          0       3068   Library Totals

    ----------------------------------------------------------------------

==============================================================================


      Code (inc. data)   RO Data    RW Data    ZI Data      Debug   

     35752       1708       1800        212      13236     951532   Grand Totals
     35752       1708       1800        212      13236     951532   ELF Image Totals
     35752       1708       1800        212          0          0   ROM Totals

==============================================================================

    Total RO  Size (Code + RO Data)                37552 (  36.67kB)
    Total RW  Size (RW Data + ZI Data)             13448 (  13.13kB)
    Total ROM Size (Code + RO Data + RW Data)      37764 (  36.88kB)

==============================================================================

