main.c:123:5:main	480	static
main.c:297:6:SystemClock_Config	152	static
main.c:352:13:MX_CAN1_Init	8	static
main.c:389:13:MX_CAN2_Init	8	static
main.c:426:13:MX_RTC_Init	8	static
main.c:460:13:MX_SDIO_SD_Init	4	static
main.c:488:13:MX_TIM6_Init	16	static
main.c:526:13:MX_USART1_UART_Init	8	static
main.c:559:13:MX_USART2_UART_Init	8	static
main.c:592:13:MX_USART3_UART_Init	8	static
main.c:623:13:MX_DMA_Init	16	static
main.c:648:13:MX_GPIO_Init	48	static
main.c:705:6:HAL_TIM_PeriodElapsedCallback	16	static
main.c:740:6:HAL_UART_RxCpltCallback	16	static
main.c:851:6:Solver	24	static
main.c:856:6:Gsm_Calibration	320	static
main.c:1009:6:createMQTTPackage	88	static
main.c:1431:6:RTC_Set_Time_Date	8	static
main.c:1445:6:vars_to_str	28	static
main.c:1453:6:createXBEEPackage	88	static
main.c:1540:10:aeskCRCCalculator	24	static
main.c:1552:6:Can_Error_Control	4	static
main.c:1640:6:Error_Handler	4	static
