main.c:120:5:main	480	static
main.c:289:6:SystemClock_Config	152	static
main.c:344:13:MX_CAN1_Init	8	static
main.c:381:13:MX_CAN2_Init	8	static
main.c:418:13:MX_RTC_Init	8	static
main.c:452:13:MX_SDIO_SD_Init	4	static
main.c:480:13:MX_TIM6_Init	16	static
main.c:518:13:MX_USART1_UART_Init	8	static
main.c:551:13:MX_USART2_UART_Init	8	static
main.c:584:13:MX_USART3_UART_Init	8	static
main.c:615:13:MX_DMA_Init	16	static
main.c:640:13:MX_GPIO_Init	48	static
main.c:697:6:HAL_TIM_PeriodElapsedCallback	16	static
main.c:732:6:HAL_UART_RxCpltCallback	16	static
main.c:844:6:Gsm_Calibration	320	static
main.c:997:6:createMQTTPackage	88	static
main.c:1105:6:HAL_CAN_RxFifo0MsgPendingCallback	48	static
main.c:1256:6:HAL_CAN_RxFifo1MsgPendingCallback	48	static
main.c:1419:6:RTC_Set_Time_Date	8	static
main.c:1433:6:vars_to_str	28	static
main.c:1441:6:createXBEEPackage	88	static
main.c:1528:10:aeskCRCCalculator	24	static
main.c:1540:6:Can_Error_Control	4	static
main.c:1628:6:Error_Handler	4	static
